Archive member included to satisfy reference by file (symbol)

c:/scratchdir/nios2eds/bin/gnu/h-x86_64-mingw32/bin/../lib/gcc/nios2-elf/5.3.0/mno-hw-mul\libgcc.a(lib2-divmod.o)
                              obj/default/camera_test.o (__udivsi3)
c:/scratchdir/nios2eds/bin/gnu/h-x86_64-mingw32/bin/../lib/gcc/nios2-elf/5.3.0/../../../../../H-x86_64-mingw32/nios2-elf/lib/mno-hw-mul\libc.a(lib_a-fclose.o)
                              obj/default/camera_test.o (fclose)
c:/scratchdir/nios2eds/bin/gnu/h-x86_64-mingw32/bin/../lib/gcc/nios2-elf/5.3.0/../../../../../H-x86_64-mingw32/nios2-elf/lib/mno-hw-mul\libc.a(lib_a-fflush.o)
                              c:/scratchdir/nios2eds/bin/gnu/h-x86_64-mingw32/bin/../lib/gcc/nios2-elf/5.3.0/../../../../../H-x86_64-mingw32/nios2-elf/lib/mno-hw-mul\libc.a(lib_a-fclose.o) (__sflush_r)
c:/scratchdir/nios2eds/bin/gnu/h-x86_64-mingw32/bin/../lib/gcc/nios2-elf/5.3.0/../../../../../H-x86_64-mingw32/nios2-elf/lib/mno-hw-mul\libc.a(lib_a-findfp.o)
                              c:/scratchdir/nios2eds/bin/gnu/h-x86_64-mingw32/bin/../lib/gcc/nios2-elf/5.3.0/../../../../../H-x86_64-mingw32/nios2-elf/lib/mno-hw-mul\libc.a(lib_a-fclose.o) (__sinit)
c:/scratchdir/nios2eds/bin/gnu/h-x86_64-mingw32/bin/../lib/gcc/nios2-elf/5.3.0/../../../../../H-x86_64-mingw32/nios2-elf/lib/mno-hw-mul\libc.a(lib_a-freer.o)
                              c:/scratchdir/nios2eds/bin/gnu/h-x86_64-mingw32/bin/../lib/gcc/nios2-elf/5.3.0/../../../../../H-x86_64-mingw32/nios2-elf/lib/mno-hw-mul\libc.a(lib_a-fclose.o) (_free_r)
c:/scratchdir/nios2eds/bin/gnu/h-x86_64-mingw32/bin/../lib/gcc/nios2-elf/5.3.0/../../../../../H-x86_64-mingw32/nios2-elf/lib/mno-hw-mul\libc.a(lib_a-fwalk.o)
                              c:/scratchdir/nios2eds/bin/gnu/h-x86_64-mingw32/bin/../lib/gcc/nios2-elf/5.3.0/../../../../../H-x86_64-mingw32/nios2-elf/lib/mno-hw-mul\libc.a(lib_a-findfp.o) (_fwalk)
c:/scratchdir/nios2eds/bin/gnu/h-x86_64-mingw32/bin/../lib/gcc/nios2-elf/5.3.0/../../../../../H-x86_64-mingw32/nios2-elf/lib/mno-hw-mul\libc.a(lib_a-impure.o)
                              c:/scratchdir/nios2eds/bin/gnu/h-x86_64-mingw32/bin/../lib/gcc/nios2-elf/5.3.0/../../../../../H-x86_64-mingw32/nios2-elf/lib/mno-hw-mul\libc.a(lib_a-fflush.o) (_global_impure_ptr)
c:/scratchdir/nios2eds/bin/gnu/h-x86_64-mingw32/bin/../lib/gcc/nios2-elf/5.3.0/../../../../../H-x86_64-mingw32/nios2-elf/lib/mno-hw-mul\libc.a(lib_a-mallocr.o)
                              c:/scratchdir/nios2eds/bin/gnu/h-x86_64-mingw32/bin/../lib/gcc/nios2-elf/5.3.0/../../../../../H-x86_64-mingw32/nios2-elf/lib/mno-hw-mul\libc.a(lib_a-findfp.o) (_malloc_r)
c:/scratchdir/nios2eds/bin/gnu/h-x86_64-mingw32/bin/../lib/gcc/nios2-elf/5.3.0/../../../../../H-x86_64-mingw32/nios2-elf/lib/mno-hw-mul\libc.a(lib_a-memset.o)
                              c:/scratchdir/nios2eds/bin/gnu/h-x86_64-mingw32/bin/../lib/gcc/nios2-elf/5.3.0/../../../../../H-x86_64-mingw32/nios2-elf/lib/mno-hw-mul\libc.a(lib_a-findfp.o) (memset)
c:/scratchdir/nios2eds/bin/gnu/h-x86_64-mingw32/bin/../lib/gcc/nios2-elf/5.3.0/../../../../../H-x86_64-mingw32/nios2-elf/lib/mno-hw-mul\libc.a(lib_a-printf.o)
                              obj/default/camera_test.o (printf)
c:/scratchdir/nios2eds/bin/gnu/h-x86_64-mingw32/bin/../lib/gcc/nios2-elf/5.3.0/../../../../../H-x86_64-mingw32/nios2-elf/lib/mno-hw-mul\libc.a(lib_a-putchar.o)
                              obj/default/camera_test.o (putchar)
c:/scratchdir/nios2eds/bin/gnu/h-x86_64-mingw32/bin/../lib/gcc/nios2-elf/5.3.0/../../../../../H-x86_64-mingw32/nios2-elf/lib/mno-hw-mul\libc.a(lib_a-puts.o)
                              obj/default/camera_test.o (puts)
c:/scratchdir/nios2eds/bin/gnu/h-x86_64-mingw32/bin/../lib/gcc/nios2-elf/5.3.0/../../../../../H-x86_64-mingw32/nios2-elf/lib/mno-hw-mul\libc.a(lib_a-sbrkr.o)
                              c:/scratchdir/nios2eds/bin/gnu/h-x86_64-mingw32/bin/../lib/gcc/nios2-elf/5.3.0/../../../../../H-x86_64-mingw32/nios2-elf/lib/mno-hw-mul\libc.a(lib_a-freer.o) (_sbrk_r)
c:/scratchdir/nios2eds/bin/gnu/h-x86_64-mingw32/bin/../lib/gcc/nios2-elf/5.3.0/../../../../../H-x86_64-mingw32/nios2-elf/lib/mno-hw-mul\libc.a(lib_a-stdio.o)
                              c:/scratchdir/nios2eds/bin/gnu/h-x86_64-mingw32/bin/../lib/gcc/nios2-elf/5.3.0/../../../../../H-x86_64-mingw32/nios2-elf/lib/mno-hw-mul\libc.a(lib_a-findfp.o) (__sread)
c:/scratchdir/nios2eds/bin/gnu/h-x86_64-mingw32/bin/../lib/gcc/nios2-elf/5.3.0/../../../../../H-x86_64-mingw32/nios2-elf/lib/mno-hw-mul\libc.a(lib_a-strlen.o)
                              c:/scratchdir/nios2eds/bin/gnu/h-x86_64-mingw32/bin/../lib/gcc/nios2-elf/5.3.0/../../../../../H-x86_64-mingw32/nios2-elf/lib/mno-hw-mul\libc.a(lib_a-puts.o) (strlen)
c:/scratchdir/nios2eds/bin/gnu/h-x86_64-mingw32/bin/../lib/gcc/nios2-elf/5.3.0/../../../../../H-x86_64-mingw32/nios2-elf/lib/mno-hw-mul\libc.a(lib_a-vfprintf.o)
[...]
Memory Configuration

Name             Origin             Length             Attributes
sdram_controller_0 0x0000000000800000 0x0000000000800000
onchip_memory2_0_BEFORE_EXCEPTION 0x0000000001004000 0x0000000000000020
onchip_memory2_0 0x0000000001004020 0x0000000000003fe0
reset            0x0000000001009000 0x0000000000000020
epcs_flash_controller_0 0x0000000001009020 0x00000000000007e0
*default*        0x0000000000000000 0xffffffffffffffff

Linker script and memory map

LOAD ../WAT_TEST_bsp//obj/HAL/src/crt0.o
LOAD obj/default/camera_test.o
LOAD obj/default/motor_test.o
LOAD obj/default/wat_main_test.o
LOAD obj/default/wifi_test.o
LOAD c:/scratchdir/nios2eds/bin/gnu/h-x86_64-mingw32/bin/../lib/gcc/nios2-elf/5.3.0/../../../../../H-x86_64-mingw32/nios2-elf/lib/mno-hw-mul\libstdc++.a
LOAD c:/scratchdir/nios2eds/bin/gnu/h-x86_64-mingw32/bin/../lib/gcc/nios2-elf/5.3.0/../../../../../H-x86_64-mingw32/nios2-elf/lib/mno-hw-mul\libm.a
LOAD c:/scratchdir/nios2eds/bin/gnu/h-x86_64-mingw32/bin/../lib/gcc/nios2-elf/5.3.0/mno-hw-mul\libgcc.a
START GROUP
LOAD c:/scratchdir/nios2eds/bin/gnu/h-x86_64-mingw32/bin/../lib/gcc/nios2-elf/5.3.0/../../../../../H-x86_64-mingw32/nios2-elf/lib/mno-hw-mul\libc.a
LOAD c:/scratchdir/nios2eds/bin/gnu/h-x86_64-mingw32/bin/../lib/gcc/nios2-elf/5.3.0/mno-hw-mul\libgcc.a
LOAD ../WAT_TEST_bsp/\libucosii_bsp.a
LOAD c:/scratchdir/nios2eds/bin/gnu/h-x86_64-mingw32/bin/../lib/gcc/nios2-elf/5.3.0/../../../../../H-x86_64-mingw32/nios2-elf/lib/mno-hw-mul\libm.a
END GROUP
LOAD c:/scratchdir/nios2eds/bin/gnu/h-x86_64-mingw32/bin/../lib/gcc/nios2-elf/5.3.0/mno-hw-mul\libgcc.a
                0x0000000000800000                __alt_mem_sdram_controller_0 = 0x800000
                0x0000000001004000                __alt_mem_onchip_memory2_0 = 0x1004000
                0x0000000001009000                __alt_mem_epcs_flash_controller_0 = 0x1009000

.entry          0x0000000001009000        0x0
 *(.entry)
 .entry         0x0000000001009000        0x0 ../WAT_TEST_bsp//obj/HAL/src/crt0.o
                0x0000000001009000                __reset

.exceptions     0x0000000001004020      0x210
                [!provide]                        PROVIDE (__ram_exceptions_start, ABSOLUTE (.))
                0x0000000001004020                . = ALIGN (0x20)
 *(.irq)
 *(.exceptions.entry.label)
 .exceptions.entry.label
                0x0000000001004020        0x0 ../WAT_TEST_bsp/\libucosii_bsp.a(alt_irq_entry.o)
                0x0000000001004020                alt_irq_entry
 .exceptions.entry.label
                0x0000000001004020        0x0 ../WAT_TEST_bsp/\libucosii_bsp.a(alt_exception_entry.o)
                0x0000000001004020                alt_exception
 *(.exceptions.entry.user)
 *(.exceptions.entry.ecc_fatal)
 *(.exceptions.entry)
 .exceptions.entry
                0x0000000001004020       0x54 ../WAT_TEST_bsp/\libucosii_bsp.a(alt_exception_entry.o)
 *(.exceptions.irqtest.user)
 *(.exceptions.irqtest)
 .exceptions.irqtest
                0x0000000001004074       0x10 ../WAT_TEST_bsp/\libucosii_bsp.a(alt_irq_entry.o)
 *(.exceptions.irqhandler.user)
 *(.exceptions.irqhandler)
 .exceptions.irqhandler
                0x0000000001004084        0x4 ../WAT_TEST_bsp/\libucosii_bsp.a(alt_irq_entry.o)
 *(.exceptions.irqreturn.user)
 *(.exceptions.irqreturn)
 .exceptions.irqreturn
                0x0000000001004088        0x4 ../WAT_TEST_bsp/\libucosii_bsp.a(alt_irq_entry.o)
 *(.exceptions.notirq.label)
 .exceptions.notirq.label
                0x000000000100408c        0x0 ../WAT_TEST_bsp/\libucosii_bsp.a(alt_irq_entry.o)
 *(.exceptions.notirq.user)
 *(.exceptions.notirq)
 .exceptions.notirq
                0x000000000100408c        0x8 ../WAT_TEST_bsp/\libucosii_bsp.a(alt_exception_entry.o)
 *(.exceptions.soft.user)
 *(.exceptions.soft)
 *(.exceptions.unknown.user)
 *(.exceptions.unknown)
 .exceptions.unknown
                0x0000000001004094       0x14 ../WAT_TEST_bsp/\libucosii_bsp.a(alt_exception_entry.o)
 *(.exceptions.exit.label)
 .exceptions.exit.label
                0x00000000010040a8        0x0 ../WAT_TEST_bsp/\libucosii_bsp.a(alt_irq_entry.o)
 .exceptions.exit.label
                0x00000000010040a8        0x0 ../WAT_TEST_bsp/\libucosii_bsp.a(alt_exception_entry.o)
 *(.exceptions.exit.user)
 *(.exceptions.exit)
 .exceptions.exit
                0x00000000010040a8       0x54 ../WAT_TEST_bsp/\libucosii_bsp.a(alt_exception_entry.o)
 *(.exceptions)
 .exceptions    0x00000000010040fc       0xd4 ../WAT_TEST_bsp/\libucosii_bsp.a(alt_irq_handler.o)
                0x00000000010040fc                alt_irq_handler
 .exceptions    0x00000000010041d0       0x60 ../WAT_TEST_bsp/\libucosii_bsp.a(alt_instruction_exception_entry.o)
                0x00000000010041d0                alt_instruction_exception_entry
                [!provide]                        PROVIDE (__ram_exceptions_end, ABSOLUTE (.))
                [!provide]                        PROVIDE (__flash_exceptions_start, LOADADDR (.exceptions))

.text           0x0000000000800000    0x1baac
                [!provide]                        PROVIDE (stext, ABSOLUTE (.))
 *(.interp)
 *(.hash)
 *(.dynsym)
 *(.dynstr)
 *(.gnu.version)
 *(.gnu.version_d)
 *(.gnu.version_r)
 *(.rel.init)
 *(.rela.init)
 *(.rel.text .rel.text.* .rel.gnu.linkonce.t.*)
 *(.rela.text .rela.text.* .rela.gnu.linkonce.t.*)
 *(.rel.fini)
 *(.rela.fini)
 *(.rel.rodata .rel.rodata.* .rel.gnu.linkonce.r.*)
 *(.rela.rodata .rela.rodata.* .rela.gnu.linkonce.r.*)
 *(.rel.data .rel.data.* .rel.gnu.linkonce.d.*)
 *(.rela.data .rela.data.* .rela.gnu.linkonce.d.*)
 *(.rel.tdata .rel.tdata.* .rel.gnu.linkonce.td.*)
 *(.rela.tdata .rela.tdata.* .rela.gnu.linkonce.td.*)
 *(.rel.tbss .rel.tbss.* .rel.gnu.linkonce.tb.*)
 *(.rela.tbss .rela.tbss.* .rela.gnu.linkonce.tb.*)
 *(.rel.ctors)
 *(.rela.ctors)
 *(.rel.dtors)
 *(.rela.dtors)
 *(.rel.got)
 *(.rela.got)
 *(.rel.sdata .rel.sdata.* .rel.gnu.linkonce.s.*)
 *(.rela.sdata .rela.sdata.* .rela.gnu.linkonce.s.*)
 *(.rel.sbss .rel.sbss.* .rel.gnu.linkonce.sb.*)
 *(.rela.sbss .rela.sbss.* .rela.gnu.linkonce.sb.*)
 *(.rel.sdata2 .rel.sdata2.* .rel.gnu.linkonce.s2.*)
 *(.rela.sdata2 .rela.sdata2.* .rela.gnu.linkonce.s2.*)
 *(.rel.sbss2 .rel.sbss2.* .rel.gnu.linkonce.sb2.*)
 *(.rela.sbss2 .rela.sbss2.* .rela.gnu.linkonce.sb2.*)
 *(.rel.bss .rel.bss.* .rel.gnu.linkonce.b.*)
 *(.rela.bss .rela.bss.* .rela.gnu.linkonce.b.*)
 *(.rel.plt)
 *(.rela.plt)
 *(.rel.dyn)
 *(.init)
 *(.plt)
 *(.text .stub .text.* .gnu.linkonce.t.*)
 .text          0x0000000000800000       0x38 ../WAT_TEST_bsp//obj/HAL/src/crt0.o
                0x0000000000800000                _start
 .text          0x0000000000800038      0xd78 obj/default/camera_test.o
                0x0000000000800038                camera_test
                0x0000000000800b08                cam_send_command
                0x0000000000800ccc                cam_uart_interrupt
                0x0000000000800d5c                button_interrupt
 .text          0x0000000000800db0       0x80 obj/default/motor_test.o
                0x0000000000800db0                motor_test
                0x0000000000800ddc                sensor_interrupt
 .text          0x0000000000800e30      0x1a4 obj/default/wat_main_test.o
                0x0000000000800e30                main
 .text          0x0000000000800fd4      0x1b4 obj/default/wifi_test.o
                0x0000000000800fd4                wifi_test
                0x0000000000801034                wifi_uart_interrupt
                0x00000000008010a0                motorCommand
 .text          0x0000000000801188      0x1b4 c:/scratchdir/nios2eds/bin/gnu/h-x86_64-mingw32/bin/../lib/gcc/nios2-elf/5.3.0/mno-hw-mul\libgcc.a(lib2-divmod.o)
                0x0000000000801188                __divsi3
                0x000000000080120c                __modsi3
                0x0000000000801280                __udivsi3
                0x00000000008012e4                __umodsi3
 .text          0x000000000080133c        0x0 c:/scratchdir/nios2eds/bin/gnu/h-x86_64-mingw32/bin/../lib/gcc/nios2-elf/5.3.0/../../../../../H-x86_64-mingw32/nios2-elf/lib/mno-hw-mul\libc.a(lib_a-fclose.o)
 .text._fclose_r
                0x000000000080133c       0xf0 c:/scratchdir/nios2eds/bin/gnu/h-x86_64-mingw32/bin/../lib/gcc/nios2-elf/5.3.0/../../../../../H-x86_64-mingw32/nios2-elf/lib/mno-hw-mul\libc.a(lib_a-fclose.o)
                0x000000000080133c                _fclose_r
 .text.fclose   0x000000000080142c       0x14 c:/scratchdir/nios2eds/bin/gnu/h-x86_64-mingw32/bin/../lib/gcc/nios2-elf/5.3.0/../../../../../H-x86_64-mingw32/nios2-elf/lib/mno-hw-mul\libc.a(lib_a-fclose.o)
                0x000000000080142c                fclose
 .text          0x0000000000801440        0x0 c:/scratchdir/nios2eds/bin/gnu/h-x86_64-mingw32/bin/../lib/gcc/nios2-elf/5.3.0/../../../../../H-x86_64-mingw32/nios2-elf/lib/mno-hw-mul\libc.a(lib_a-fflush.o)
 .text.__sflush_r
                0x0000000000801440      0x21c c:/scratchdir/nios2eds/bin/gnu/h-x86_64-mingw32/bin/../lib/gcc/nios2-elf/5.3.0/../../../../../H-x86_64-mingw32/nios2-elf/lib/mno-hw-mul\libc.a(lib_a-fflush.o)
                0x0000000000801440                __sflush_r
 .text._fflush_r
                0x000000000080165c       0x5c c:/scratchdir/nios2eds/bin/gnu/h-x86_64-mingw32/bin/../lib/gcc/nios2-elf/5.3.0/../../../../../H-x86_64-mingw32/nios2-elf/lib/mno-hw-mul\libc.a(lib_a-fflush.o)
                0x000000000080165c                _fflush_r
 .text.fflush   0x00000000008016b8       0x30 c:/scratchdir/nios2eds/bin/gnu/h-x86_64-mingw32/bin/../lib/gcc/nios2-elf/5.3.0/../../../../../H-x86_64-mingw32/nios2-elf/lib/mno-hw-mul\libc.a(lib_a-fflush.o)
                0x00000000008016b8                fflush
 .text          0x00000000008016e8        0x0 c:/scratchdir/nios2eds/bin/gnu/h-x86_64-mingw32/bin/../lib/gcc/nios2-elf/5.3.0/../../../../../H-x86_64-mingw32/nios2-elf/lib/mno-hw-mul\libc.a(lib_a-findfp.o)
 .text.__fp_unlock
                0x00000000008016e8        0x8 c:/scratchdir/nios2eds/bin/gnu/h-x86_64-mingw32/bin/../lib/gcc/nios2-elf/5.3.0/../../../../../H-x86_64-mingw32/nios2-elf/lib/mno-hw-mul\libc.a(lib_a-findfp.o)
 .text._cleanup_r
                0x00000000008016f0        0xc c:/scratchdir/nios2eds/bin/gnu/h-x86_64-mingw32/bin/../lib/gcc/nios2-elf/5.3.0/../../../../../H-x86_64-mingw32/nios2-elf/lib/mno-hw-mul\libc.a(lib_a-findfp.o)
                0x00000000008016f0                _cleanup_r
 .text.__sinit.part.1
                0x00000000008016fc      0x19c c:/scratchdir/nios2eds/bin/gnu/h-x86_64-mingw32/bin/../lib/gcc/nios2-elf/5.3.0/../../../../../H-x86_64-mingw32/nios2-elf/lib/mno-hw-mul\libc.a(lib_a-findfp.o)
 .text.__fp_lock
                0x0000000000801898        0x8 c:/scratchdir/nios2eds/bin/gnu/h-x86_64-mingw32/bin/../lib/gcc/nios2-elf/5.3.0/../../../../../H-x86_64-mingw32/nios2-elf/lib/mno-hw-mul\libc.a(lib_a-findfp.o)
 .text.__sfmoreglue
                0x00000000008018a0       0x78 c:/scratchdir/nios2eds/bin/gnu/h-x86_64-mingw32/bin/../lib/gcc/nios2-elf/5.3.0/../../../../../H-x86_64-mingw32/nios2-elf/lib/mno-hw-mul\libc.a(lib_a-findfp.o)
                0x00000000008018a0                __sfmoreglue
 .text.__sfp    0x0000000000801918      0x118 c:/scratchdir/nios2eds/bin/gnu/h-x86_64-mingw32/bin/../lib/gcc/nios2-elf/5.3.0/../../../../../H-x86_64-mingw32/nios2-elf/lib/mno-hw-mul\libc.a(lib_a-findfp.o)
                0x0000000000801918                __sfp
 .text._cleanup
                0x0000000000801a30       0x18 c:/scratchdir/nios2eds/bin/gnu/h-x86_64-mingw32/bin/../lib/gcc/nios2-elf/5.3.0/../../../../../H-x86_64-mingw32/nios2-elf/lib/mno-hw-mul\libc.a(lib_a-findfp.o)
                0x0000000000801a30                _cleanup
 .text.__sinit  0x0000000000801a48       0x10 c:/scratchdir/nios2eds/bin/gnu/h-x86_64-mingw32/bin/../lib/gcc/nios2-elf/5.3.0/../../../../../H-x86_64-mingw32/nios2-elf/lib/mno-hw-mul\libc.a(lib_a-findfp.o)
                0x0000000000801a48                __sinit
 .text.__sfp_lock_acquire
                0x0000000000801a58        0x4 c:/scratchdir/nios2eds/bin/gnu/h-x86_64-mingw32/bin/../lib/gcc/nios2-elf/5.3.0/../../../../../H-x86_64-mingw32/nios2-elf/lib/mno-hw-mul\libc.a(lib_a-findfp.o)
                0x0000000000801a58                __sfp_lock_acquire
 .text.__sfp_lock_release
                0x0000000000801a5c        0x4 c:/scratchdir/nios2eds/bin/gnu/h-x86_64-mingw32/bin/../lib/gcc/nios2-elf/5.3.0/../../../../../H-x86_64-mingw32/nios2-elf/lib/mno-hw-mul\libc.a(lib_a-findfp.o)
                0x0000000000801a5c                __sfp_lock_release
 .text.__sinit_lock_acquire
                0x0000000000801a60        0x4 c:/scratchdir/nios2eds/bin/gnu/h-x86_64-mingw32/bin/../lib/gcc/nios2-elf/5.3.0/../../../../../H-x86_64-mingw32/nios2-elf/lib/mno-hw-mul\libc.a(lib_a-findfp.o)
                0x0000000000801a60                __sinit_lock_acquire
 .text.__sinit_lock_release
                0x0000000000801a64        0x4 c:/scratchdir/nios2eds/bin/gnu/h-x86_64-mingw32/bin/../lib/gcc/nios2-elf/5.3.0/../../../../../H-x86_64-mingw32/nios2-elf/lib/mno-hw-mul\libc.a(lib_a-findfp.o)
                0x0000000000801a64                __sinit_lock_release
 .text.__fp_lock_all
                0x0000000000801a68       0x18 c:/scratchdir/nios2eds/bin/gnu/h-x86_64-mingw32/bin/../lib/gcc/nios2-elf/5.3.0/../../../../../H-x86_64-mingw32/nios2-elf/lib/mno-hw-mul\libc.a(lib_a-findfp.o)
                0x0000000000801a68                __fp_lock_all
 .text.__fp_unlock_all
                0x0000000000801a80       0x18 c:/scratchdir/nios2eds/bin/gnu/h-x86_64-mingw32/bin/../lib/gcc/nios2-elf/5.3.0/../../../../../H-x86_64-mingw32/nios2-elf/lib/mno-hw-mul\libc.a(lib_a-findfp.o)
                0x0000000000801a80                __fp_unlock_all
 .text          0x0000000000801a98        0x0 c:/scratchdir/nios2eds/bin/gnu/h-x86_64-mingw32/bin/../lib/gcc/nios2-elf/5.3.0/../../../../../H-x86_64-mingw32/nios2-elf/lib/mno-hw-mul\libc.a(lib_a-freer.o)
 .text._malloc_trim_r
                0x0000000000801a98      0x124 c:/scratchdir/nios2eds/bin/gnu/h-x86_64-mingw32/bin/../lib/gcc/nios2-elf/5.3.0/../../../../../H-x86_64-mingw32/nios2-elf/lib/mno-hw-mul\libc.a(lib_a-freer.o)
                0x0000000000801a98                _malloc_trim_r
 .text._free_r  0x0000000000801bbc      0x310 c:/scratchdir/nios2eds/bin/gnu/h-x86_64-mingw32/bin/../lib/gcc/nios2-elf/5.3.0/../../../../../H-x86_64-mingw32/nios2-elf/lib/mno-hw-mul\libc.a(lib_a-freer.o)
                0x0000000000801bbc                _free_r
 .text          0x0000000000801ecc        0x0 c:/scratchdir/nios2eds/bin/gnu/h-x86_64-mingw32/bin/../lib/gcc/nios2-elf/5.3.0/../../../../../H-x86_64-mingw32/nios2-elf/lib/mno-hw-mul\libc.a(lib_a-fwalk.o)
 .text._fwalk   0x0000000000801ecc       0xc4 c:/scratchdir/nios2eds/bin/gnu/h-x86_64-mingw32/bin/../lib/gcc/nios2-elf/5.3.0/../../../../../H-x86_64-mingw32/nios2-elf/lib/mno-hw-mul\libc.a(lib_a-fwalk.o)
                0x0000000000801ecc                _fwalk
 .text._fwalk_reent
                0x0000000000801f90       0xc4 c:/scratchdir/nios2eds/bin/gnu/h-x86_64-mingw32/bin/../lib/gcc/nios2-elf/5.3.0/../../../../../H-x86_64-mingw32/nios2-elf/lib/mno-hw-mul\libc.a(lib_a-fwalk.o)
                0x0000000000801f90                _fwalk_reent
 .text          0x0000000000802054        0x0 c:/scratchdir/nios2eds/bin/gnu/h-x86_64-mingw32/bin/../lib/gcc/nios2-elf/5.3.0/../../../../../H-x86_64-mingw32/nios2-elf/lib/mno-hw-mul\libc.a(lib_a-impure.o)
 .text          0x0000000000802054        0x0 c:/scratchdir/nios2eds/bin/gnu/h-x86_64-mingw32/bin/../lib/gcc/nios2-elf/5.3.0/../../../../../H-x86_64-mingw32/nios2-elf/lib/mno-hw-mul\libc.a(lib_a-mallocr.o)
 .text._malloc_r
                0x0000000000802054      0x80c c:/scratchdir/nios2eds/bin/gnu/h-x86_64-mingw32/bin/../lib/gcc/nios2-elf/5.3.0/../../../../../H-x86_64-mingw32/nios2-elf/lib/mno-hw-mul\libc.a(lib_a-mallocr.o)
                0x0000000000802054                _malloc_r
 .text          0x0000000000802860        0x0 c:/scratchdir/nios2eds/bin/gnu/h-x86_64-mingw32/bin/../lib/gcc/nios2-elf/5.3.0/../../../../../H-x86_64-mingw32/nios2-elf/lib/mno-hw-mul\libc.a(lib_a-memset.o)
 .text.memset   0x0000000000802860      0x128 c:/scratchdir/nios2eds/bin/gnu/h-x86_64-mingw32/bin/../lib/gcc/nios2-elf/5.3.0/../../../../../H-x86_64-mingw32/nios2-elf/lib/mno-hw-mul\libc.a(lib_a-memset.o)
                0x0000000000802860                memset
 .text          0x0000000000802988        0x0 c:/scratchdir/nios2eds/bin/gnu/h-x86_64-mingw32/bin/../lib/gcc/nios2-elf/5.3.0/../../../../../H-x86_64-mingw32/nios2-elf/lib/mno-hw-mul\libc.a(lib_a-printf.o)
 .text._printf_r
                0x0000000000802988       0x30 c:/scratchdir/nios2eds/bin/gnu/h-x86_64-mingw32/bin/../lib/gcc/nios2-elf/5.3.0/../../../../../H-x86_64-mingw32/nios2-elf/lib/mno-hw-mul\libc.a(lib_a-printf.o)
                0x0000000000802988                _printf_r
 .text.printf   0x00000000008029b8       0x3c c:/scratchdir/nios2eds/bin/gnu/h-x86_64-mingw32/bin/../lib/gcc/nios2-elf/5.3.0/../../../../../H-x86_64-mingw32/nios2-elf/lib/mno-hw-mul\libc.a(lib_a-printf.o)
                0x00000000008029b8                printf
 .text          0x00000000008029f4        0x0 c:/scratchdir/nios2eds/bin/gnu/h-x86_64-mingw32/bin/../lib/gcc/nios2-elf/5.3.0/../../../../../H-x86_64-mingw32/nios2-elf/lib/mno-hw-mul\libc.a(lib_a-putchar.o)
 .text._putchar_r
                0x00000000008029f4        0x8 c:/scratchdir/nios2eds/bin/gnu/h-x86_64-mingw32/bin/../lib/gcc/nios2-elf/5.3.0/../../../../../H-x86_64-mingw32/nios2-elf/lib/mno-hw-mul\libc.a(lib_a-putchar.o)
                0x00000000008029f4                _putchar_r
 .text.putchar  0x00000000008029fc       0x18 c:/scratchdir/nios2eds/bin/gnu/h-x86_64-mingw32/bin/../lib/gcc/nios2-elf/5.3.0/../../../../../H-x86_64-mingw32/nios2-elf/lib/mno-hw-mul\libc.a(lib_a-putchar.o)
                0x00000000008029fc                putchar
 .text          0x0000000000802a14        0x0 c:/scratchdir/nios2eds/bin/gnu/h-x86_64-mingw32/bin/../lib/gcc/nios2-elf/5.3.0/../../../../../H-x86_64-mingw32/nios2-elf/lib/mno-hw-mul\libc.a(lib_a-puts.o)
 .text._puts_r  0x0000000000802a14       0xc0 c:/scratchdir/nios2eds/bin/gnu/h-x86_64-mingw32/bin/../lib/gcc/nios2-elf/5.3.0/../../../../../H-x86_64-mingw32/nios2-elf/lib/mno-hw-mul\libc.a(lib_a-puts.o)
                0x0000000000802a14                _puts_r
 .text.puts     0x0000000000802ad4       0x14 c:/scratchdir/nios2eds/bin/gnu/h-x86_64-mingw32/bin/../lib/gcc/nios2-elf/5.3.0/../../../../../H-x86_64-mingw32/nios2-elf/lib/mno-hw-mul\libc.a(lib_a-puts.o)
                0x0000000000802ad4                puts
 .text          0x0000000000802ae8        0x0 c:/scratchdir/nios2eds/bin/gnu/h-x86_64-mingw32/bin/../lib/gcc/nios2-elf/5.3.0/../../../../../H-x86_64-mingw32/nios2-elf/lib/mno-hw-mul\libc.a(lib_a-sbrkr.o)
 .text._sbrk_r  0x0000000000802ae8       0x54 c:/scratchdir/nios2eds/bin/gnu/h-x86_64-mingw32/bin/../lib/gcc/nios2-elf/5.3.0/../../../../../H-x86_64-mingw32/nios2-elf/lib/mno-hw-mul\libc.a(lib_a-sbrkr.o)
                0x0000000000802ae8                _sbrk_r
 .text          0x0000000000802b3c        0x0 c:/scratchdir/nios2eds/bin/gnu/h-x86_64-mingw32/bin/../lib/gcc/nios2-elf/5.3.0/../../../../../H-x86_64-mingw32/nios2-elf/lib/mno-hw-mul\libc.a(lib_a-stdio.o)
 .text.__sread  0x0000000000802b3c       0x54 c:/scratchdir/nios2eds/bin/gnu/h-x86_64-mingw32/bin/../lib/gcc/nios2-elf/5.3.0/../../../../../H-x86_64-mingw32/nios2-elf/lib/mno-hw-mul\libc.a(lib_a-stdio.o)
                0x0000000000802b3c                __sread
 .text.__seofread
                0x0000000000802b90        0x8 c:/scratchdir/nios2eds/bin/gnu/h-x86_64-mingw32/bin/../lib/gcc/nios2-elf/5.3.0/../../../../../H-x86_64-mingw32/nios2-elf/lib/mno-hw-mul\libc.a(lib_a-stdio.o)
                0x0000000000802b90                __seofread
 .text.__swrite
                0x0000000000802b98       0x7c c:/scratchdir/nios2eds/bin/gnu/h-x86_64-mingw32/bin/../lib/gcc/nios2-elf/5.3.0/../../../../../H-x86_64-mingw32/nios2-elf/lib/mno-hw-mul\libc.a(lib_a-stdio.o)
                0x0000000000802b98                __swrite
 .text.__sseek  0x0000000000802c14       0x5c c:/scratchdir/nios2eds/bin/gnu/h-x86_64-mingw32/bin/../lib/gcc/nios2-elf/5.3.0/../../../../../H-x86_64-mingw32/nios2-elf/lib/mno-hw-mul\libc.a(lib_a-stdio.o)
                0x0000000000802c14                __sseek
 .text.__sclose
                0x0000000000802c70        0x8 c:/scratchdir/nios2eds/bin/gnu/h-x86_64-mingw32/bin/../lib/gcc/nios2-elf/5.3.0/../../../../../H-x86_64-mingw32/nios2-elf/lib/mno-hw-mul\libc.a(lib_a-stdio.o)
                0x0000000000802c70                __sclose
 .text          0x0000000000802c78        0x0 c:/scratchdir/nios2eds/bin/gnu/h-x86_64-mingw32/bin/../lib/gcc/nios2-elf/5.3.0/../../../../../H-x86_64-mingw32/nios2-elf/lib/mno-hw-mul\libc.a(lib_a-strlen.o)
 .text.strlen   0x0000000000802c78       0x98 c:/scratchdir/nios2eds/bin/gnu/h-x86_64-mingw32/bin/../lib/gcc/nios2-elf/5.3.0/../../../../../H-x86_64-mingw32/nios2-elf/lib/mno-hw-mul\libc.a(lib_a-strlen.o)
                0x0000000000802c78                strlen
 .text          0x0000000000802d10        0x0 c:/scratchdir/nios2eds/bin/gnu/h-x86_64-mingw32/bin/../lib/gcc/nios2-elf/5.3.0/../../../../../H-x86_64-mingw32/nios2-elf/lib/mno-hw-mul\libc.a(lib_a-vfprintf.o)
 .text.___vfprintf_internal_r
                0x0000000000802d10     0x22dc c:/scratchdir/nios2eds/bin/gnu/h-x86_64-mingw32/bin/../lib/gcc/nios2-elf/5.3.0/../../../../../H-x86_64-mingw32/nios2-elf/lib/mno-hw-mul\libc.a(lib_a-vfprintf.o)
                0x0000000000802d10                ___vfprintf_internal_r
 .text.__vfprintf_internal
                0x0000000000804fec       0x1c c:/scratchdir/nios2eds/bin/gnu/h-x86_64-mingw32/bin/../lib/gcc/nios2-elf/5.3.0/../../../../../H-x86_64-mingw32/nios2-elf/lib/mno-hw-mul\libc.a(lib_a-vfprintf.o)
                0x0000000000804fec                __vfprintf_internal
 .text.__sbprintf
                0x0000000000805008       0xbc c:/scratchdir/nios2eds/bin/gnu/h-x86_64-mingw32/bin/../lib/gcc/nios2-elf/5.3.0/../../../../../H-x86_64-mingw32/nios2-elf/lib/mno-hw-mul\libc.a(lib_a-vfprintf.o)
 .text          0x00000000008050c4        0x0 c:/scratchdir/nios2eds/bin/gnu/h-x86_64-mingw32/bin/../lib/gcc/nios2-elf/5.3.0/../../../../../H-x86_64-mingw32/nios2-elf/lib/mno-hw-mul\libc.a(lib_a-writer.o)
 .text._write_r
                0x00000000008050c4       0x60 c:/scratchdir/nios2eds/bin/gnu/h-x86_64-mingw32/bin/../lib/gcc/nios2-elf/5.3.0/../../../../../H-x86_64-mingw32/nios2-elf/lib/mno-hw-mul\libc.a(lib_a-writer.o)
                0x00000000008050c4                _write_r
 .text          0x0000000000805124        0x0 c:/scratchdir/nios2eds/bin/gnu/h-x86_64-mingw32/bin/../lib/gcc/nios2-elf/5.3.0/../../../../../H-x86_64-mingw32/nios2-elf/lib/mno-hw-mul\libc.a(lib_a-wsetup.o)
 .text.__swsetup_r
                0x0000000000805124      0x154 c:/scratchdir/nios2eds/bin/gnu/h-x86_64-mingw32/bin/../lib/gcc/nios2-elf/5.3.0/../../../../../H-x86_64-mingw32/nios2-elf/lib/mno-hw-mul\libc.a(lib_a-wsetup.o)
                0x0000000000805124                __swsetup_r
 .text          0x0000000000805278        0x0 c:/scratchdir/nios2eds/bin/gnu/h-x86_64-mingw32/bin/../lib/gcc/nios2-elf/5.3.0/../../../../../H-x86_64-mingw32/nios2-elf/lib/mno-hw-mul\libc.a(closer.o)
 .text._close_r
                0x0000000000805278       0x54 c:/scratchdir/nios2eds/bin/gnu/h-x86_64-mingw32/bin/../lib/gcc/nios2-elf/5.3.0/../../../../../H-x86_64-mingw32/nios2-elf/lib/mno-hw-mul\libc.a(closer.o)
                0x0000000000805278                _close_r
 .text          0x00000000008052cc        0x0 c:/scratchdir/nios2eds/bin/gnu/h-x86_64-mingw32/bin/../lib/gcc/nios2-elf/5.3.0/../../../../../H-x86_64-mingw32/nios2-elf/lib/mno-hw-mul\libc.a(lib_a-dtoa.o)
 .text.quorem   0x00000000008052cc      0x228 c:/scratchdir/nios2eds/bin/gnu/h-x86_64-mingw32/bin/../lib/gcc/nios2-elf/5.3.0/../../../../../H-x86_64-mingw32/nios2-elf/lib/mno-hw-mul\libc.a(lib_a-dtoa.o)
 .text._dtoa_r  0x00000000008054f4     0x1688 c:/scratchdir/nios2eds/bin/gnu/h-x86_64-mingw32/bin/../lib/gcc/nios2-elf/5.3.0/../../../../../H-x86_64-mingw32/nios2-elf/lib/mno-hw-mul\libc.a(lib_a-dtoa.o)
                0x00000000008054f4                _dtoa_r
 .text          0x0000000000806b7c        0x0 c:/scratchdir/nios2eds/bin/gnu/h-x86_64-mingw32/bin/../lib/gcc/nios2-elf/5.3.0/../../../../../H-x86_64-mingw32/nios2-elf/lib/mno-hw-mul\libc.a(lib_a-fvwrite.o)
 .text.__sfvwrite_r
                0x0000000000806b7c      0x4c8 c:/scratchdir/nios2eds/bin/gnu/h-x86_64-mingw32/bin/../lib/gcc/nios2-elf/5.3.0/../../../../../H-x86_64-mingw32/nios2-elf/lib/mno-hw-mul\libc.a(lib_a-fvwrite.o)
                0x0000000000806b7c                __sfvwrite_r
 .text          0x0000000000807044        0x0 c:/scratchdir/nios2eds/bin/gnu/h-x86_64-mingw32/bin/../lib/gcc/nios2-elf/5.3.0/../../../../../H-x86_64-mingw32/nios2-elf/lib/mno-hw-mul\libc.a(lib_a-int_errno.o)
 .text          0x0000000000807044        0x0 c:/scratchdir/nios2eds/bin/gnu/h-x86_64-mingw32/bin/../lib/gcc/nios2-elf/5.3.0/../../../../../H-x86_64-mingw32/nios2-elf/lib/mno-hw-mul\libc.a(lib_a-locale.o)
 .text._setlocale_r
                0x0000000000807044       0x7c c:/scratchdir/nios2eds/bin/gnu/h-x86_64-mingw32/bin/../lib/gcc/nios2-elf/5.3.0/../../../../../H-x86_64-mingw32/nios2-elf/lib/mno-hw-mul\libc.a(lib_a-locale.o)
                0x0000000000807044                _setlocale_r
 .text.__locale_charset
                0x00000000008070c0        0xc c:/scratchdir/nios2eds/bin/gnu/h-x86_64-mingw32/bin/../lib/gcc/nios2-elf/5.3.0/../../../../../H-x86_64-mingw32/nios2-elf/lib/mno-hw-mul\libc.a(lib_a-locale.o)
                0x00000000008070c0                __locale_charset
 .text.__locale_mb_cur_max
                0x00000000008070cc       0x10 c:/scratchdir/nios2eds/bin/gnu/h-x86_64-mingw32/bin/../lib/gcc/nios2-elf/5.3.0/../../../../../H-x86_64-mingw32/nios2-elf/lib/mno-hw-mul\libc.a(lib_a-locale.o)
                0x00000000008070cc                __locale_mb_cur_max
 .text.__locale_msgcharset
                0x00000000008070dc        0xc c:/scratchdir/nios2eds/bin/gnu/h-x86_64-mingw32/bin/../lib/gcc/nios2-elf/5.3.0/../../../../../H-x86_64-mingw32/nios2-elf/lib/mno-hw-mul\libc.a(lib_a-locale.o)
                0x00000000008070dc                __locale_msgcharset
 .text.__locale_cjk_lang
                0x00000000008070e8        0x8 c:/scratchdir/nios2eds/bin/gnu/h-x86_64-mingw32/bin/../lib/gcc/nios2-elf/5.3.0/../../../../../H-x86_64-mingw32/nios2-elf/lib/mno-hw-mul\libc.a(lib_a-locale.o)
                0x00000000008070e8                __locale_cjk_lang
 .text._localeconv_r
                0x00000000008070f0        0xc c:/scratchdir/nios2eds/bin/gnu/h-x86_64-mingw32/bin/../lib/gcc/nios2-elf/5.3.0/../../../../../H-x86_64-mingw32/nios2-elf/lib/mno-hw-mul\libc.a(lib_a-locale.o)
                0x00000000008070f0                _localeconv_r
 .text.setlocale
                0x00000000008070fc       0x18 c:/scratchdir/nios2eds/bin/gnu/h-x86_64-mingw32/bin/../lib/gcc/nios2-elf/5.3.0/../../../../../H-x86_64-mingw32/nios2-elf/lib/mno-hw-mul\libc.a(lib_a-locale.o)
                0x00000000008070fc                setlocale
 .text.localeconv
                0x0000000000807114        0xc c:/scratchdir/nios2eds/bin/gnu/h-x86_64-mingw32/bin/../lib/gcc/nios2-elf/5.3.0/../../../../../H-x86_64-mingw32/nios2-elf/lib/mno-hw-mul\libc.a(lib_a-locale.o)
                0x0000000000807114                localeconv
 .text          0x0000000000807120        0x0 c:/scratchdir/nios2eds/bin/gnu/h-x86_64-mingw32/bin/../lib/gcc/nios2-elf/5.3.0/../../../../../H-x86_64-mingw32/nios2-elf/lib/mno-hw-mul\libc.a(lib_a-lseekr.o)
 .text._lseek_r
                0x0000000000807120       0x60 c:/scratchdir/nios2eds/bin/gnu/h-x86_64-mingw32/bin/../lib/gcc/nios2-elf/5.3.0/../../../../../H-x86_64-mingw32/nios2-elf/lib/mno-hw-mul\libc.a(lib_a-lseekr.o)
                0x0000000000807120                _lseek_r
 .text          0x0000000000807180        0x0 c:/scratchdir/nios2eds/bin/gnu/h-x86_64-mingw32/bin/../lib/gcc/nios2-elf/5.3.0/../../../../../H-x86_64-mingw32/nios2-elf/lib/mno-hw-mul\libc.a(lib_a-makebuf.o)
 .text.__smakebuf_r
                0x0000000000807180      0x1bc c:/scratchdir/nios2eds/bin/gnu/h-x86_64-mingw32/bin/../lib/gcc/nios2-elf/5.3.0/../../../../../H-x86_64-mingw32/nios2-elf/lib/mno-hw-mul\libc.a(lib_a-makebuf.o)
                0x0000000000807180                __smakebuf_r
 .text          0x000000000080733c        0x0 c:/scratchdir/nios2eds/bin/gnu/h-x86_64-mingw32/bin/../lib/gcc/nios2-elf/5.3.0/../../../../../H-x86_64-mingw32/nios2-elf/lib/mno-hw-mul\libc.a(lib_a-memchr.o)
 .text.memchr   0x000000000080733c       0xe4 c:/scratchdir/nios2eds/bin/gnu/h-x86_64-mingw32/bin/../lib/gcc/nios2-elf/5.3.0/../../../../../H-x86_64-mingw32/nios2-elf/lib/mno-hw-mul\libc.a(lib_a-memchr.o)
                0x000000000080733c                memchr
 .text          0x0000000000807420        0x0 c:/scratchdir/nios2eds/bin/gnu/h-x86_64-mingw32/bin/../lib/gcc/nios2-elf/5.3.0/../../../../../H-x86_64-mingw32/nios2-elf/lib/mno-hw-mul\libc.a(lib_a-memcpy.o)
 .text.memcpy   0x0000000000807420      0x148 c:/scratchdir/nios2eds/bin/gnu/h-x86_64-mingw32/bin/../lib/gcc/nios2-elf/5.3.0/../../../../../H-x86_64-mingw32/nios2-elf/lib/mno-hw-mul\libc.a(lib_a-memcpy.o)
                0x0000000000807420                memcpy
 .text          0x0000000000807568        0x0 c:/scratchdir/nios2eds/bin/gnu/h-x86_64-mingw32/bin/../lib/gcc/nios2-elf/5.3.0/../../../../../H-x86_64-mingw32/nios2-elf/lib/mno-hw-mul\libc.a(lib_a-memmove.o)
 .text.memmove  0x0000000000807568      0x15c c:/scratchdir/nios2eds/bin/gnu/h-x86_64-mingw32/bin/../lib/gcc/nios2-elf/5.3.0/../../../../../H-x86_64-mingw32/nios2-elf/lib/mno-hw-mul\libc.a(lib_a-memmove.o)
                0x0000000000807568                memmove
 .text          0x00000000008076c4        0x0 c:/scratchdir/nios2eds/bin/gnu/h-x86_64-mingw32/bin/../lib/gcc/nios2-elf/5.3.0/../../../../../H-x86_64-mingw32/nios2-elf/lib/mno-hw-mul\libc.a(lib_a-mprec.o)
 .text._Balloc  0x00000000008076c4       0xa8 c:/scratchdir/nios2eds/bin/gnu/h-x86_64-mingw32/bin/../lib/gcc/nios2-elf/5.3.0/../../../../../H-x86_64-mingw32/nios2-elf/lib/mno-hw-mul\libc.a(lib_a-mprec.o)
                0x00000000008076c4                _Balloc
 .text._Bfree   0x000000000080776c       0x28 c:/scratchdir/nios2eds/bin/gnu/h-x86_64-mingw32/bin/../lib/gcc/nios2-elf/5.3.0/../../../../../H-x86_64-mingw32/nios2-elf/lib/mno-hw-mul\libc.a(lib_a-mprec.o)
                0x000000000080776c                _Bfree
 .text.__multadd
                0x0000000000807794      0x148 c:/scratchdir/nios2eds/bin/gnu/h-x86_64-mingw32/bin/../lib/gcc/nios2-elf/5.3.0/../../../../../H-x86_64-mingw32/nios2-elf/lib/mno-hw-mul\libc.a(lib_a-mprec.o)
                0x0000000000807794                __multadd
 .text.__s2b    0x00000000008078dc      0x104 c:/scratchdir/nios2eds/bin/gnu/h-x86_64-mingw32/bin/../lib/gcc/nios2-elf/5.3.0/../../../../../H-x86_64-mingw32/nios2-elf/lib/mno-hw-mul\libc.a(lib_a-mprec.o)
                0x00000000008078dc                __s2b
 .text.__hi0bits
                0x00000000008079e0       0x68 c:/scratchdir/nios2eds/bin/gnu/h-x86_64-mingw32/bin/../lib/gcc/nios2-elf/5.3.0/../../../../../H-x86_64-mingw32/nios2-elf/lib/mno-hw-mul\libc.a(lib_a-mprec.o)
                0x00000000008079e0                __hi0bits
 .text.__lo0bits
                0x0000000000807a48       0xb0 c:/scratchdir/nios2eds/bin/gnu/h-x86_64-mingw32/bin/../lib/gcc/nios2-elf/5.3.0/../../../../../H-x86_64-mingw32/nios2-elf/lib/mno-hw-mul\libc.a(lib_a-mprec.o)
                0x0000000000807a48                __lo0bits
 .text.__i2b    0x0000000000807af8       0x3c c:/scratchdir/nios2eds/bin/gnu/h-x86_64-mingw32/bin/../lib/gcc/nios2-elf/5.3.0/../../../../../H-x86_64-mingw32/nios2-elf/lib/mno-hw-mul\libc.a(lib_a-mprec.o)
                0x0000000000807af8                __i2b
 .text.__multiply
                0x0000000000807b34      0x28c c:/scratchdir/nios2eds/bin/gnu/h-x86_64-mingw32/bin/../lib/gcc/nios2-elf/5.3.0/../../../../../H-x86_64-mingw32/nios2-elf/lib/mno-hw-mul\libc.a(lib_a-mprec.o)
                0x0000000000807b34                __multiply
 .text.__pow5mult
                0x0000000000807dc0      0x140 c:/scratchdir/nios2eds/bin/gnu/h-x86_64-mingw32/bin/../lib/gcc/nios2-elf/5.3.0/../../../../../H-x86_64-mingw32/nios2-elf/lib/mno-hw-mul\libc.a(lib_a-mprec.o)
                0x0000000000807dc0                __pow5mult
 .text.__lshift
                0x0000000000807f00      0x148 c:/scratchdir/nios2eds/bin/gnu/h-x86_64-mingw32/bin/../lib/gcc/nios2-elf/5.3.0/../../../../../H-x86_64-mingw32/nios2-elf/lib/mno-hw-mul\libc.a(lib_a-mprec.o)
                0x0000000000807f00                __lshift
 .text.__mcmp   0x0000000000808048       0x60 c:/scratchdir/nios2eds/bin/gnu/h-x86_64-mingw32/bin/../lib/gcc/nios2-elf/5.3.0/../../../../../H-x86_64-mingw32/nios2-elf/lib/mno-hw-mul\libc.a(lib_a-mprec.o)
                0x0000000000808048                __mcmp
 .text.__mdiff  0x00000000008080a8      0x1fc c:/scratchdir/nios2eds/bin/gnu/h-x86_64-mingw32/bin/../lib/gcc/nios2-elf/5.3.0/../../../../../H-x86_64-mingw32/nios2-elf/lib/mno-hw-mul\libc.a(lib_a-mprec.o)
                0x00000000008080a8                __mdiff
 .text.__ulp    0x00000000008082a4       0x64 c:/scratchdir/nios2eds/bin/gnu/h-x86_64-mingw32/bin/../lib/gcc/nios2-elf/5.3.0/../../../../../H-x86_64-mingw32/nios2-elf/lib/mno-hw-mul\libc.a(lib_a-mprec.o)
                0x00000000008082a4                __ulp
 .text.__b2d    0x0000000000808308      0x10c c:/scratchdir/nios2eds/bin/gnu/h-x86_64-mingw32/bin/../lib/gcc/nios2-elf/5.3.0/../../../../../H-x86_64-mingw32/nios2-elf/lib/mno-hw-mul\libc.a(lib_a-mprec.o)
                0x0000000000808308                __b2d
 .text.__d2b    0x0000000000808414      0x14c c:/scratchdir/nios2eds/bin/gnu/h-x86_64-mingw32/bin/../lib/gcc/nios2-elf/5.3.0/../../../../../H-x86_64-mingw32/nios2-elf/lib/mno-hw-mul\libc.a(lib_a-mprec.o)
                0x0000000000808414                __d2b
 .text.__ratio  0x0000000000808560       0xa4 c:/scratchdir/nios2eds/bin/gnu/h-x86_64-mingw32/bin/../lib/gcc/nios2-elf/5.3.0/../../../../../H-x86_64-mingw32/nios2-elf/lib/mno-hw-mul\libc.a(lib_a-mprec.o)
                0x0000000000808560                __ratio
 .text._mprec_log10
                0x0000000000808604       0x74 c:/scratchdir/nios2eds/bin/gnu/h-x86_64-mingw32/bin/../lib/gcc/nios2-elf/5.3.0/../../../../../H-x86_64-mingw32/nios2-elf/lib/mno-hw-mul\libc.a(lib_a-mprec.o)
                0x0000000000808604                _mprec_log10
 .text.__copybits
                0x0000000000808678       0x78 c:/scratchdir/nios2eds/bin/gnu/h-x86_64-mingw32/bin/../lib/gcc/nios2-elf/5.3.0/../../../../../H-x86_64-mingw32/nios2-elf/lib/mno-hw-mul\libc.a(lib_a-mprec.o)
                0x0000000000808678                __copybits
 .text.__any_on
                0x00000000008086f0       0x8c c:/scratchdir/nios2eds/bin/gnu/h-x86_64-mingw32/bin/../lib/gcc/nios2-elf/5.3.0/../../../../../H-x86_64-mingw32/nios2-elf/lib/mno-hw-mul\libc.a(lib_a-mprec.o)
                0x00000000008086f0                __any_on
 .text          0x000000000080877c        0x0 c:/scratchdir/nios2eds/bin/gnu/h-x86_64-mingw32/bin/../lib/gcc/nios2-elf/5.3.0/../../../../../H-x86_64-mingw32/nios2-elf/lib/mno-hw-mul\libc.a(lib_a-putc.o)
 .text._putc_r  0x000000000080877c       0xa0 c:/scratchdir/nios2eds/bin/gnu/h-x86_64-mingw32/bin/../lib/gcc/nios2-elf/5.3.0/../../../../../H-x86_64-mingw32/nios2-elf/lib/mno-hw-mul\libc.a(lib_a-putc.o)
                0x000000000080877c                _putc_r
 .text.putc     0x000000000080881c       0xc8 c:/scratchdir/nios2eds/bin/gnu/h-x86_64-mingw32/bin/../lib/gcc/nios2-elf/5.3.0/../../../../../H-x86_64-mingw32/nios2-elf/lib/mno-hw-mul\libc.a(lib_a-putc.o)
                0x000000000080881c                putc
 .text          0x00000000008088e4        0x0 c:/scratchdir/nios2eds/bin/gnu/h-x86_64-mingw32/bin/../lib/gcc/nios2-elf/5.3.0/../../../../../H-x86_64-mingw32/nios2-elf/lib/mno-hw-mul\libc.a(lib_a-readr.o)
 .text._read_r  0x00000000008088e4       0x60 c:/scratchdir/nios2eds/bin/gnu/h-x86_64-mingw32/bin/../lib/gcc/nios2-elf/5.3.0/../../../../../H-x86_64-mingw32/nios2-elf/lib/mno-hw-mul\libc.a(lib_a-readr.o)
                0x00000000008088e4                _read_r
 .text          0x0000000000808944        0x0 c:/scratchdir/nios2eds/bin/gnu/h-x86_64-mingw32/bin/../lib/gcc/nios2-elf/5.3.0/../../../../../H-x86_64-mingw32/nios2-elf/lib/mno-hw-mul\libc.a(lib_a-reallocr.o)
 .text._realloc_r
                0x0000000000808944      0x564 c:/scratchdir/nios2eds/bin/gnu/h-x86_64-mingw32/bin/../lib/gcc/nios2-elf/5.3.0/../../../../../H-x86_64-mingw32/nios2-elf/lib/mno-hw-mul\libc.a(lib_a-reallocr.o)
                0x0000000000808944                _realloc_r
 .text          0x0000000000808ea8        0x0 c:/scratchdir/nios2eds/bin/gnu/h-x86_64-mingw32/bin/../lib/gcc/nios2-elf/5.3.0/../../../../../H-x86_64-mingw32/nios2-elf/lib/mno-hw-mul\libc.a(lib_a-s_fpclassify.o)
 .text.__fpclassifyd
                0x0000000000808ea8       0x74 c:/scratchdir/nios2eds/bin/gnu/h-x86_64-mingw32/bin/../lib/gcc/nios2-elf/5.3.0/../../../../../H-x86_64-mingw32/nios2-elf/lib/mno-hw-mul\libc.a(lib_a-s_fpclassify.o)
                0x0000000000808ea8                __fpclassifyd
 .text          0x0000000000808f1c        0x0 c:/scratchdir/nios2eds/bin/gnu/h-x86_64-mingw32/bin/../lib/gcc/nios2-elf/5.3.0/../../../../../H-x86_64-mingw32/nios2-elf/lib/mno-hw-mul\libc.a(lib_a-strcmp.o)
 .text.strcmp   0x0000000000808f1c       0xdc c:/scratchdir/nios2eds/bin/gnu/h-x86_64-mingw32/bin/../lib/gcc/nios2-elf/5.3.0/../../../../../H-x86_64-mingw32/nios2-elf/lib/mno-hw-mul\libc.a(lib_a-strcmp.o)
                0x0000000000808f1c                strcmp
 .text          0x0000000000808ff8        0x0 c:/scratchdir/nios2eds/bin/gnu/h-x86_64-mingw32/bin/../lib/gcc/nios2-elf/5.3.0/../../../../../H-x86_64-mingw32/nios2-elf/lib/mno-hw-mul\libc.a(lib_a-vfiprintf.o)
 .text.__sprint_r.part.0
                0x0000000000808ff8       0xfc c:/scratchdir/nios2eds/bin/gnu/h-x86_64-mingw32/bin/../lib/gcc/nios2-elf/5.3.0/../../../../../H-x86_64-mingw32/nios2-elf/lib/mno-hw-mul\libc.a(lib_a-vfiprintf.o)
 .text.__sprint_r
                0x00000000008090f4       0x18 c:/scratchdir/nios2eds/bin/gnu/h-x86_64-mingw32/bin/../lib/gcc/nios2-elf/5.3.0/../../../../../H-x86_64-mingw32/nios2-elf/lib/mno-hw-mul\libc.a(lib_a-vfiprintf.o)
                0x00000000008090f4                __sprint_r
 .text.___vfiprintf_internal_r
                0x000000000080910c     0x150c c:/scratchdir/nios2eds/bin/gnu/h-x86_64-mingw32/bin/../lib/gcc/nios2-elf/5.3.0/../../../../../H-x86_64-mingw32/nios2-elf/lib/mno-hw-mul\libc.a(lib_a-vfiprintf.o)
                0x000000000080910c                ___vfiprintf_internal_r
 .text.__vfiprintf_internal
                0x000000000080a618       0x1c c:/scratchdir/nios2eds/bin/gnu/h-x86_64-mingw32/bin/../lib/gcc/nios2-elf/5.3.0/../../../../../H-x86_64-mingw32/nios2-elf/lib/mno-hw-mul\libc.a(lib_a-vfiprintf.o)
                0x000000000080a618                __vfiprintf_internal
 .text.__sbprintf
                0x000000000080a634       0xbc c:/scratchdir/nios2eds/bin/gnu/h-x86_64-mingw32/bin/../lib/gcc/nios2-elf/5.3.0/../../../../../H-x86_64-mingw32/nios2-elf/lib/mno-hw-mul\libc.a(lib_a-vfiprintf.o)
 .text          0x000000000080a6f0        0x0 c:/scratchdir/nios2eds/bin/gnu/h-x86_64-mingw32/bin/../lib/gcc/nios2-elf/5.3.0/../../../../../H-x86_64-mingw32/nios2-elf/lib/mno-hw-mul\libc.a(lib_a-wbuf.o)
 .text.__swbuf_r
                0x000000000080a6f0      0x140 c:/scratchdir/nios2eds/bin/gnu/h-x86_64-mingw32/bin/../lib/gcc/nios2-elf/5.3.0/../../../../../H-x86_64-mingw32/nios2-elf/lib/mno-hw-mul\libc.a(lib_a-wbuf.o)
                0x000000000080a6f0                __swbuf_r
 .text.__swbuf  0x000000000080a830       0x18 c:/scratchdir/nios2eds/bin/gnu/h-x86_64-mingw32/bin/../lib/gcc/nios2-elf/5.3.0/../../../../../H-x86_64-mingw32/nios2-elf/lib/mno-hw-mul\libc.a(lib_a-wbuf.o)
                0x000000000080a830                __swbuf
 .text          0x000000000080a848        0x0 c:/scratchdir/nios2eds/bin/gnu/h-x86_64-mingw32/bin/../lib/gcc/nios2-elf/5.3.0/../../../../../H-x86_64-mingw32/nios2-elf/lib/mno-hw-mul\libc.a(lib_a-callocr.o)
 .text._calloc_r
                0x000000000080a848       0xdc c:/scratchdir/nios2eds/bin/gnu/h-x86_64-mingw32/bin/../lib/gcc/nios2-elf/5.3.0/../../../../../H-x86_64-mingw32/nios2-elf/lib/mno-hw-mul\libc.a(lib_a-callocr.o)
                0x000000000080a848                _calloc_r
 .text          0x000000000080a924        0x0 c:/scratchdir/nios2eds/bin/gnu/h-x86_64-mingw32/bin/../lib/gcc/nios2-elf/5.3.0/../../../../../H-x86_64-mingw32/nios2-elf/lib/mno-hw-mul\libc.a(lib_a-fputwc.o)
 .text.__fputwc
                0x000000000080a924      0x164 c:/scratchdir/nios2eds/bin/gnu/h-x86_64-mingw32/bin/../lib/gcc/nios2-elf/5.3.0/../../../../../H-x86_64-mingw32/nios2-elf/lib/mno-hw-mul\libc.a(lib_a-fputwc.o)
                0x000000000080a924                __fputwc
 .text._fputwc_r
                0x000000000080aa88       0x24 c:/scratchdir/nios2eds/bin/gnu/h-x86_64-mingw32/bin/../lib/gcc/nios2-elf/5.3.0/../../../../../H-x86_64-mingw32/nios2-elf/lib/mno-hw-mul\libc.a(lib_a-fputwc.o)
                0x000000000080aa88                _fputwc_r
 .text.fputwc   0x000000000080aaac       0x80 c:/scratchdir/nios2eds/bin/gnu/h-x86_64-mingw32/bin/../lib/gcc/nios2-elf/5.3.0/../../../../../H-x86_64-mingw32/nios2-elf/lib/mno-hw-mul\libc.a(lib_a-fputwc.o)
                0x000000000080aaac                fputwc
 .text          0x000000000080ab2c        0x0 c:/scratchdir/nios2eds/bin/gnu/h-x86_64-mingw32/bin/../lib/gcc/nios2-elf/5.3.0/../../../../../H-x86_64-mingw32/nios2-elf/lib/mno-hw-mul\libc.a(lib_a-fstatr.o)
 .text._fstat_r
                0x000000000080ab2c       0x5c c:/scratchdir/nios2eds/bin/gnu/h-x86_64-mingw32/bin/../lib/gcc/nios2-elf/5.3.0/../../../../../H-x86_64-mingw32/nios2-elf/lib/mno-hw-mul\libc.a(lib_a-fstatr.o)
                0x000000000080ab2c                _fstat_r
 .text          0x000000000080ab88        0x0 c:/scratchdir/nios2eds/bin/gnu/h-x86_64-mingw32/bin/../lib/gcc/nios2-elf/5.3.0/../../../../../H-x86_64-mingw32/nios2-elf/lib/mno-hw-mul\libc.a(lib_a-isattyr.o)
 .text._isatty_r
                0x000000000080ab88       0x54 c:/scratchdir/nios2eds/bin/gnu/h-x86_64-mingw32/bin/../lib/gcc/nios2-elf/5.3.0/../../../../../H-x86_64-mingw32/nios2-elf/lib/mno-hw-mul\libc.a(lib_a-isattyr.o)
                0x000000000080ab88                _isatty_r
 .text          0x000000000080abdc        0x0 c:/scratchdir/nios2eds/bin/gnu/h-x86_64-mingw32/bin/../lib/gcc/nios2-elf/5.3.0/../../../../../H-x86_64-mingw32/nios2-elf/lib/mno-hw-mul\libc.a(lib_a-wcrtomb.o)
 .text._wcrtomb_r
                0x000000000080abdc       0x9c c:/scratchdir/nios2eds/bin/gnu/h-x86_64-mingw32/bin/../lib/gcc/nios2-elf/5.3.0/../../../../../H-x86_64-mingw32/nios2-elf/lib/mno-hw-mul\libc.a(lib_a-wcrtomb.o)
                0x000000000080abdc                _wcrtomb_r
 .text.wcrtomb  0x000000000080ac78       0xc0 c:/scratchdir/nios2eds/bin/gnu/h-x86_64-mingw32/bin/../lib/gcc/nios2-elf/5.3.0/../../../../../H-x86_64-mingw32/nios2-elf/lib/mno-hw-mul\libc.a(lib_a-wcrtomb.o)
                0x000000000080ac78                wcrtomb
 .text          0x000000000080ad38        0x0 c:/scratchdir/nios2eds/bin/gnu/h-x86_64-mingw32/bin/../lib/gcc/nios2-elf/5.3.0/../../../../../H-x86_64-mingw32/nios2-elf/lib/mno-hw-mul\libc.a(lib_a-wctomb_r.o)
 .text.__ascii_wctomb
                0x000000000080ad38       0x30 c:/scratchdir/nios2eds/bin/gnu/h-x86_64-mingw32/bin/../lib/gcc/nios2-elf/5.3.0/../../../../../H-x86_64-mingw32/nios2-elf/lib/mno-hw-mul\libc.a(lib_a-wctomb_r.o)
                0x000000000080ad38                __ascii_wctomb
 .text._wctomb_r
                0x000000000080ad68       0x5c c:/scratchdir/nios2eds/bin/gnu/h-x86_64-mingw32/bin/../lib/gcc/nios2-elf/5.3.0/../../../../../H-x86_64-mingw32/nios2-elf/lib/mno-hw-mul\libc.a(lib_a-wctomb_r.o)
                0x000000000080ad68                _wctomb_r
 .text          0x000000000080adc4      0x5fc c:/scratchdir/nios2eds/bin/gnu/h-x86_64-mingw32/bin/../lib/gcc/nios2-elf/5.3.0/mno-hw-mul\libgcc.a(_udivdi3.o)
                0x000000000080adc4                __udivdi3
 .text          0x000000000080b3c0      0x5c4 c:/scratchdir/nios2eds/bin/gnu/h-x86_64-mingw32/bin/../lib/gcc/nios2-elf/5.3.0/mno-hw-mul\libgcc.a(_umoddi3.o)
                0x000000000080b3c0                __umoddi3
 .text          0x000000000080b984       0x28 c:/scratchdir/nios2eds/bin/gnu/h-x86_64-mingw32/bin/../lib/gcc/nios2-elf/5.3.0/mno-hw-mul\libgcc.a(lib2-mul.o)
                0x000000000080b984                __mulsi3
 .text          0x000000000080b9ac      0x8ac c:/scratchdir/nios2eds/bin/gnu/h-x86_64-mingw32/bin/../lib/gcc/nios2-elf/5.3.0/mno-hw-mul\libgcc.a(adddf3.o)
                0x000000000080b9ac                __adddf3
 .text          0x000000000080c258      0x9d0 c:/scratchdir/nios2eds/bin/gnu/h-x86_64-mingw32/bin/../lib/gcc/nios2-elf/5.3.0/mno-hw-mul\libgcc.a(divdf3.o)
                0x000000000080c258                __divdf3
 .text          0x000000000080cc28       0x88 c:/scratchdir/nios2eds/bin/gnu/h-x86_64-mingw32/bin/../lib/gcc/nios2-elf/5.3.0/mno-hw-mul\libgcc.a(eqdf2.o)
                0x000000000080cc28                __nedf2
                0x000000000080cc28                __eqdf2
 .text          0x000000000080ccb0       0xdc c:/scratchdir/nios2eds/bin/gnu/h-x86_64-mingw32/bin/../lib/gcc/nios2-elf/5.3.0/mno-hw-mul\libgcc.a(gedf2.o)
                0x000000000080ccb0                __gedf2
                0x000000000080ccb0                __gtdf2
 .text          0x000000000080cd8c       0xf4 c:/scratchdir/nios2eds/bin/gnu/h-x86_64-mingw32/bin/../lib/gcc/nios2-elf/5.3.0/mno-hw-mul\libgcc.a(ledf2.o)
                0x000000000080cd8c                __ledf2
                0x000000000080cd8c                __ltdf2
 .text          0x000000000080ce80      0x86c c:/scratchdir/nios2eds/bin/gnu/h-x86_64-mingw32/bin/../lib/gcc/nios2-elf/5.3.0/mno-hw-mul\libgcc.a(muldf3.o)
                0x000000000080ce80                __muldf3
 .text          0x000000000080d6ec      0x8fc c:/scratchdir/nios2eds/bin/gnu/h-x86_64-mingw32/bin/../lib/gcc/nios2-elf/5.3.0/mno-hw-mul\libgcc.a(subdf3.o)
                0x000000000080d6ec                __subdf3
 .text          0x000000000080dfe8       0x80 c:/scratchdir/nios2eds/bin/gnu/h-x86_64-mingw32/bin/../lib/gcc/nios2-elf/5.3.0/mno-hw-mul\libgcc.a(fixdfsi.o)
                0x000000000080dfe8                __fixdfsi
 .text          0x000000000080e068       0xdc c:/scratchdir/nios2eds/bin/gnu/h-x86_64-mingw32/bin/../lib/gcc/nios2-elf/5.3.0/mno-hw-mul\libgcc.a(floatsidf.o)
                0x000000000080e068                __floatsidf
 .text          0x000000000080e144       0xa8 c:/scratchdir/nios2eds/bin/gnu/h-x86_64-mingw32/bin/../lib/gcc/nios2-elf/5.3.0/mno-hw-mul\libgcc.a(floatunsidf.o)
                0x000000000080e144                __floatunsidf
 .text          0x000000000080e1ec        0x0 c:/scratchdir/nios2eds/bin/gnu/h-x86_64-mingw32/bin/../lib/gcc/nios2-elf/5.3.0/mno-hw-mul\libgcc.a(_clz.o)
 .text          0x000000000080e1ec       0x64 c:/scratchdir/nios2eds/bin/gnu/h-x86_64-mingw32/bin/../lib/gcc/nios2-elf/5.3.0/mno-hw-mul\libgcc.a(_clzsi2.o)
                0x000000000080e1ec                __clzsi2
 .text          0x000000000080e250      0x114 ../WAT_TEST_bsp/\libucosii_bsp.a(alt_close.o)
                0x000000000080e28c                close
 .text          0x000000000080e364       0x2c ../WAT_TEST_bsp/\libucosii_bsp.a(alt_dev.o)
 .text          0x000000000080e390        0x0 ../WAT_TEST_bsp/\libucosii_bsp.a(alt_errno.o)
 .text          0x000000000080e390       0xf4 ../WAT_TEST_bsp/\libucosii_bsp.a(alt_fstat.o)
                0x000000000080e3cc                fstat
 .text          0x000000000080e484      0x1b0 ../WAT_TEST_bsp/\libucosii_bsp.a(alt_iic.o)
                0x000000000080e484                alt_ic_isr_register
                0x000000000080e4d4                alt_ic_irq_enable
                0x000000000080e55c                alt_ic_irq_disable
                0x000000000080e5e8                alt_ic_irq_enabled
 .text          0x000000000080e634       0xf0 ../WAT_TEST_bsp/\libucosii_bsp.a(alt_iic_isr_register.o)
                0x000000000080e634                alt_iic_isr_register
 .text          0x000000000080e724        0x0 ../WAT_TEST_bsp/\libucosii_bsp.a(alt_irq_entry.o)
 .text          0x000000000080e724        0x0 ../WAT_TEST_bsp/\libucosii_bsp.a(alt_irq_handler.o)
 .text          0x000000000080e724        0x0 ../WAT_TEST_bsp/\libucosii_bsp.a(alt_irq_vars.o)
 .text          0x000000000080e724       0xe8 ../WAT_TEST_bsp/\libucosii_bsp.a(alt_isatty.o)
                0x000000000080e760                isatty
 .text          0x000000000080e80c      0x118 ../WAT_TEST_bsp/\libucosii_bsp.a(alt_lseek.o)
                0x000000000080e848                lseek
 .text          0x000000000080e924       0xbc ../WAT_TEST_bsp/\libucosii_bsp.a(alt_main.o)
                0x000000000080e924                alt_main
 .text          0x000000000080e9e0      0x140 ../WAT_TEST_bsp/\libucosii_bsp.a(alt_read.o)
                0x000000000080ea1c                read
 .text          0x000000000080eb20       0x84 ../WAT_TEST_bsp/\libucosii_bsp.a(alt_release_fd.o)
                0x000000000080eb20                alt_release_fd
 .text          0x000000000080eba4       0xb0 ../WAT_TEST_bsp/\libucosii_bsp.a(alt_sbrk.o)
                0x000000000080eba4                sbrk
 .text          0x000000000080ec54      0x13c ../WAT_TEST_bsp/\libucosii_bsp.a(alt_write.o)
                0x000000000080ec90                write
 .text          0x000000000080ed90      0x124 ../WAT_TEST_bsp/\libucosii_bsp.a(alt_env_lock.o)
                0x000000000080ed90                __env_lock
                0x000000000080ee54                __env_unlock
 .text          0x000000000080eeb4      0x1ec ../WAT_TEST_bsp/\libucosii_bsp.a(alt_malloc_lock.o)
                0x000000000080eeb4                __malloc_lock
                0x000000000080efd4                __malloc_unlock
 .text          0x000000000080f0a0     0x2014 ../WAT_TEST_bsp/\libucosii_bsp.a(os_core.o)
                0x000000000080f0a0                OSEventNameGet
                0x000000000080f1c0                OSEventNameSet
                0x000000000080f300                OSEventPendMulti
                0x000000000080f910                OSInit
                0x000000000080f968                OSIntEnter
                0x000000000080f9b4                OSIntExit
                0x000000000080faac                OSSchedLock
                0x000000000080fb38                OSSchedUnlock
                0x000000000080fc14                OSStart
                0x000000000080fc84                OSStatInit
                0x000000000080fd34                OSTimeTick
                0x000000000080ff54                OSVersion
                0x000000000080ff74                OS_Dummy
                0x000000000080ff94                OS_EventTaskRdy
                0x000000000081012c                OS_EventTaskWait
                0x000000000081023c                OS_EventTaskWaitMulti
                0x000000000081038c                OS_EventTaskRemove
                0x0000000000810444                OS_EventTaskRemoveMulti
                0x0000000000810544                OS_EventWaitListInit
                0x0000000000810924                OS_MemClr
                0x0000000000810978                OS_MemCopy
                0x00000000008109e0                OS_Sched
                0x0000000000810b24                OS_StrCopy
                0x0000000000810b98                OS_StrLen
                0x0000000000810bec                OS_TaskIdle
                0x0000000000810c48                OS_TaskStat
                0x0000000000810d14                OS_TaskStatStkChk
                0x0000000000810de0                OS_TCBInit
 .text          0x00000000008110b4      0x190 ../WAT_TEST_bsp/\libucosii_bsp.a(os_dbg.o)
                0x00000000008110b4                OSDebugInit
 .text          0x0000000000811244     0x1714 ../WAT_TEST_bsp/\libucosii_bsp.a(os_flag.o)
                0x0000000000811244                OSFlagAccept
                0x000000000081154c                OSFlagCreate
                0x0000000000811654                OSFlagDel
                0x000000000081189c                OSFlagNameGet
                0x00000000008119c4                OSFlagNameSet
                0x0000000000811b10                OSFlagPend
                0x00000000008120c8                OSFlagPendGetFlagsRdy
                0x0000000000812128                OSFlagPost
                0x00000000008124bc                OSFlagQuery
                0x00000000008126e0                OS_FlagInit
                0x00000000008128b4                OS_FlagUnlink
 .text          0x0000000000812958      0x760 ../WAT_TEST_bsp/\libucosii_bsp.a(os_mem.o)
                0x0000000000812958                OSMemCreate
                0x0000000000812b2c                OSMemGet
                0x0000000000812c1c                OSMemNameGet
                0x0000000000812d0c                OSMemNameSet
                0x0000000000812e20                OSMemPut
                0x0000000000812ef8                OSMemQuery
                0x0000000000812fe0                OS_MemInit
 .text          0x00000000008130b8     0x1104 ../WAT_TEST_bsp/\libucosii_bsp.a(os_q.o)
                0x00000000008130b8                OSQAccept
                0x00000000008131f8                OSQCreate
                0x00000000008133a4                OSQDel
                0x0000000000813624                OSQFlush
                0x00000000008136dc                OSQPend
                0x0000000000813968                OSQPendAbort
                0x0000000000813ad4                OSQPost
                0x0000000000813c3c                OSQPostFront
                0x0000000000813dac                OSQPostOpt
                0x0000000000813fb8                OSQQuery
                0x0000000000814114                OS_QInit
 .text          0x00000000008141bc      0xa60 ../WAT_TEST_bsp/\libucosii_bsp.a(os_sem.o)
                0x00000000008141bc                OSSemAccept
                0x000000000081426c                OSSemCreate
                0x0000000000814344                OSSemDel
                0x0000000000814584                OSSemPend
                0x0000000000814790                OSSemPendAbort
                0x00000000008148fc                OSSemPost
                0x0000000000814a0c                OSSemQuery
                0x0000000000814b1c                OSSemSet
 .text          0x0000000000814c1c     0x176c ../WAT_TEST_bsp/\libucosii_bsp.a(os_task.o)
                0x0000000000814c1c                OSTaskChangePrio
                0x000000000081510c                OSTaskCreate
                0x00000000008152b8                OSTaskCreateExt
                0x000000000081549c                OSTaskDel
                0x00000000008157e0                OSTaskDelReq
                0x0000000000815930                OSTaskNameGet
                0x0000000000815ac8                OSTaskNameSet
                0x0000000000815c7c                OSTaskResume
                0x0000000000815e50                OSTaskStkChk
                0x0000000000816010                OSTaskSuspend
                0x00000000008161f4                OSTaskQuery
                0x0000000000816318                OS_TaskStkClr
 .text          0x0000000000816388      0x510 ../WAT_TEST_bsp/\libucosii_bsp.a(os_time.o)
                0x0000000000816388                OSTimeDly
                0x000000000081648c                OSTimeDlyHMSM
                0x0000000000816608                OSTimeDlyResume
                0x00000000008167dc                OSTimeGet
                0x0000000000816838                OSTimeSet
 .text          0x0000000000816898      0x128 ../WAT_TEST_bsp/\libucosii_bsp.a(alt_sys_init.o)
                0x00000000008168cc                alt_irq_init
                0x0000000000816904                alt_sys_init
 .text          0x00000000008169c0      0xafc ../WAT_TEST_bsp/\libucosii_bsp.a(altera_avalon_epcs_flash_controller.o)
                0x00000000008169f4                alt_epcs_flash_init
                0x0000000000816f2c                alt_epcs_flash_write
                0x000000000081718c                alt_epcs_flash_get_info
                0x00000000008172ac                alt_epcs_flash_erase_block
                0x0000000000817324                alt_epcs_flash_write_block
                0x0000000000817424                alt_epcs_flash_read
 .text          0x00000000008174bc      0x164 ../WAT_TEST_bsp/\libucosii_bsp.a(altera_avalon_jtag_uart_fd.o)
                0x00000000008174bc                altera_avalon_jtag_uart_read_fd
                0x000000000081751c                altera_avalon_jtag_uart_write_fd
                0x000000000081757c                altera_avalon_jtag_uart_close_fd
                0x00000000008175cc                altera_avalon_jtag_uart_ioctl_fd
 .text          0x0000000000817620      0x558 ../WAT_TEST_bsp/\libucosii_bsp.a(altera_avalon_jtag_uart_init.o)
                0x0000000000817620                altera_avalon_jtag_uart_init
                0x0000000000817b10                altera_avalon_jtag_uart_close
 .text          0x0000000000817b78       0xf0 ../WAT_TEST_bsp/\libucosii_bsp.a(altera_avalon_jtag_uart_ioctl.o)
                0x0000000000817b78                altera_avalon_jtag_uart_ioctl
 .text          0x0000000000817c68      0x2bc ../WAT_TEST_bsp/\libucosii_bsp.a(altera_avalon_jtag_uart_read.o)
                0x0000000000817c68                altera_avalon_jtag_uart_read
 .text          0x0000000000817f24      0x2c4 ../WAT_TEST_bsp/\libucosii_bsp.a(altera_avalon_jtag_uart_write.o)
                0x0000000000817f24                altera_avalon_jtag_uart_write
 .text          0x00000000008181e8       0xf4 ../WAT_TEST_bsp/\libucosii_bsp.a(altera_avalon_timer_sc.o)
                0x0000000000818260                alt_avalon_timer_sc_init
 .text          0x00000000008182dc      0x110 ../WAT_TEST_bsp/\libucosii_bsp.a(altera_avalon_uart_fd.o)
                0x00000000008182dc                altera_avalon_uart_read_fd
                0x000000000081833c                altera_avalon_uart_write_fd
                0x000000000081839c                altera_avalon_uart_close_fd
 .text          0x00000000008183ec      0x52c ../WAT_TEST_bsp/\libucosii_bsp.a(altera_avalon_uart_init.o)
                0x00000000008183ec                altera_avalon_uart_init
                0x00000000008188c4                altera_avalon_uart_close
 .text          0x0000000000818918      0x2a4 ../WAT_TEST_bsp/\libucosii_bsp.a(altera_avalon_uart_read.o)
                0x0000000000818954                altera_avalon_uart_read
 .text          0x0000000000818bbc      0x274 ../WAT_TEST_bsp/\libucosii_bsp.a(altera_avalon_uart_write.o)
                0x0000000000818bf8                altera_avalon_uart_write
 .text          0x0000000000818e30      0x484 ../WAT_TEST_bsp/\libucosii_bsp.a(altera_hostfs.o)
                0x0000000000818e30                alt_hostfs_open
                0x0000000000818f4c                alt_hostfs_close
                0x0000000000818f90                alt_hostfs_read
                0x0000000000818ffc                alt_hostfs_write
                0x0000000000819068                alt_hostfs_seek
                0x00000000008190d0                alt_hostfs_fstat
 .text          0x00000000008192b4      0x63c ../WAT_TEST_bsp/\libucosii_bsp.a(epcs_commands.o)
                0x00000000008192b4                epcs_read_status_register
                0x0000000000819384                epcs_sector_erase
                0x0000000000819480                epcs_read_buffer
                0x0000000000819574                epcs_write_enable
                0x00000000008195c8                epcs_write_status_register
                0x0000000000819634                epcs_write_buffer
                0x0000000000819750                epcs_read_electronic_signature
                0x00000000008197b8                epcs_read_device_id
                0x0000000000819838                epcs_enter_4_bytes_mode
                0x0000000000819894                epcs_exit_4_bytes_mode
 .text          0x00000000008198f0      0x9e8 ../WAT_TEST_bsp/\libucosii_bsp.a(fifoed_avalon_uart.o)
                0x000000000081992c                fifoed_avalon_uart_read
                0x0000000000819b88                fifoed_avalon_uart_write
                0x000000000081a178                fifoed_avalon_uart_init
 .text          0x000000000081a2d8      0x210 ../WAT_TEST_bsp/\libucosii_bsp.a(fifoed_avalon_uart_fd.o)
                0x000000000081a2d8                fifoed_avalon_uart_classic_read
                0x000000000081a320                fifoed_avalon_uart_classic_write
                0x000000000081a368                fifoed_avalon_uart_read_fd
                0x000000000081a3c8                fifoed_avalon_uart_write_fd
                0x000000000081a428                fifoed_avalon_uart_classic_read_fd
                0x000000000081a488                fifoed_avalon_uart_classic_write_fd
 .text          0x000000000081a4e8      0x12c ../WAT_TEST_bsp/\libucosii_bsp.a(alt_alarm_start.o)
                0x000000000081a4e8                alt_alarm_start
 .text          0x000000000081a614       0xe0 ../WAT_TEST_bsp/\libucosii_bsp.a(alt_dev_llist_insert.o)
                0x000000000081a650                alt_dev_llist_insert
 .text          0x000000000081a6f4       0x60 ../WAT_TEST_bsp/\libucosii_bsp.a(alt_do_ctors.o)
                0x000000000081a6f4                _do_ctors
 .text          0x000000000081a754       0x60 ../WAT_TEST_bsp/\libucosii_bsp.a(alt_do_dtors.o)
                0x000000000081a754                _do_dtors
 .text          0x000000000081a7b4        0x0 ../WAT_TEST_bsp/\libucosii_bsp.a(alt_exception_entry.o)
 .text          0x000000000081a7b4       0xbc ../WAT_TEST_bsp/\libucosii_bsp.a(alt_flash_dev.o)
                0x000000000081a7b4                alt_flash_open_dev
                0x000000000081a81c                alt_flash_close_dev
 .text          0x000000000081a870       0x80 ../WAT_TEST_bsp/\libucosii_bsp.a(alt_fs_reg.o)
                0x000000000081a870                alt_fs_reg
 .text          0x000000000081a8f0       0x9c ../WAT_TEST_bsp/\libucosii_bsp.a(alt_instruction_exception_entry.o)
                0x000000000081a8f0                alt_exception_cause_generated_bad_addr
 .text          0x000000000081a98c      0x160 ../WAT_TEST_bsp/\libucosii_bsp.a(alt_io_redirect.o)
                0x000000000081aa70                alt_io_redirect
 .text          0x000000000081aaec      0x284 ../WAT_TEST_bsp/\libucosii_bsp.a(alt_open.o)
                0x000000000081ac14                open
 .text          0x000000000081ad70      0x1a4 ../WAT_TEST_bsp/\libucosii_bsp.a(alt_tick.o)
                0x000000000081ad70                alt_alarm_stop
                0x000000000081ae0c                alt_tick
 .text          0x000000000081af14       0x24 ../WAT_TEST_bsp/\libucosii_bsp.a(altera_nios2_gen2_irq.o)
                0x000000000081af14                altera_nios2_gen2_irq_init
 .text          0x000000000081af38       0xd0 ../WAT_TEST_bsp/\libucosii_bsp.a(os_cpu_a.o)
                0x000000000081af38                OSCtxSw
                0x000000000081af38                OSIntCtxSw
                0x000000000081afc4                OSStartHighRdy
                0x000000000081afe4                OSStartTsk
 .text          0x000000000081b008      0x288 ../WAT_TEST_bsp/\libucosii_bsp.a(os_cpu_c.o)
                0x000000000081b008                OSTaskStkInit
                0x000000000081b164                OSTaskCreateHook
                0x000000000081b188                OSTaskDelHook
                0x000000000081b1ac                OSTaskSwHook
                0x000000000081b1cc                OSTaskStatHook
                0x000000000081b1ec                OSTimeTickHook
                0x000000000081b20c                OSInitHookBegin
                0x000000000081b22c                OSInitHookEnd
                0x000000000081b24c                OSTaskIdleHook
                0x000000000081b26c                OSTCBInitHook
 .text          0x000000000081b290      0x1fc ../WAT_TEST_bsp/\libucosii_bsp.a(altera_avalon_spi.o)
                0x000000000081b290                alt_avalon_spi_command
 .text          0x000000000081b48c       0x90 ../WAT_TEST_bsp/\libucosii_bsp.a(alt_find_dev.o)
                0x000000000081b48c                alt_find_dev
 .text          0x000000000081b51c      0x108 ../WAT_TEST_bsp/\libucosii_bsp.a(alt_find_file.o)
                0x000000000081b51c                alt_find_file
 .text          0x000000000081b624       0xf4 ../WAT_TEST_bsp/\libucosii_bsp.a(alt_get_fd.o)
                0x000000000081b624                alt_get_fd
 .text          0x000000000081b718        0x0 c:/scratchdir/nios2eds/bin/gnu/h-x86_64-mingw32/bin/../lib/gcc/nios2-elf/5.3.0/../../../../../H-x86_64-mingw32/nios2-elf/lib/mno-hw-mul\libc.a(lib_a-atexit.o)
 .text.atexit   0x000000000081b718       0x14 c:/scratchdir/nios2eds/bin/gnu/h-x86_64-mingw32/bin/../lib/gcc/nios2-elf/5.3.0/../../../../../H-x86_64-mingw32/nios2-elf/lib/mno-hw-mul\libc.a(lib_a-atexit.o)
                0x000000000081b718                atexit
 .text          0x000000000081b72c        0x0 c:/scratchdir/nios2eds/bin/gnu/h-x86_64-mingw32/bin/../lib/gcc/nios2-elf/5.3.0/../../../../../H-x86_64-mingw32/nios2-elf/lib/mno-hw-mul\libc.a(lib_a-exit.o)
 .text.exit     0x000000000081b72c       0x38 c:/scratchdir/nios2eds/bin/gnu/h-x86_64-mingw32/bin/../lib/gcc/nios2-elf/5.3.0/../../../../../H-x86_64-mingw32/nios2-elf/lib/mno-hw-mul\libc.a(lib_a-exit.o)
                0x000000000081b72c                exit
 .text          0x000000000081b764        0x0 c:/scratchdir/nios2eds/bin/gnu/h-x86_64-mingw32/bin/../lib/gcc/nios2-elf/5.3.0/../../../../../H-x86_64-mingw32/nios2-elf/lib/mno-hw-mul\libc.a(lib_a-memcmp.o)
 .text.memcmp   0x000000000081b764       0x7c c:/scratchdir/nios2eds/bin/gnu/h-x86_64-mingw32/bin/../lib/gcc/nios2-elf/5.3.0/../../../../../H-x86_64-mingw32/nios2-elf/lib/mno-hw-mul\libc.a(lib_a-memcmp.o)
                0x000000000081b764                memcmp
 .text          0x000000000081b7e0        0x0 c:/scratchdir/nios2eds/bin/gnu/h-x86_64-mingw32/bin/../lib/gcc/nios2-elf/5.3.0/../../../../../H-x86_64-mingw32/nios2-elf/lib/mno-hw-mul\libc.a(lib_a-__atexit.o)
 .text.__register_exitproc
                0x000000000081b7e0      0x118 c:/scratchdir/nios2eds/bin/gnu/h-x86_64-mingw32/bin/../lib/gcc/nios2-elf/5.3.0/../../../../../H-x86_64-mingw32/nios2-elf/lib/mno-hw-mul\libc.a(lib_a-__atexit.o)
                0x000000000081b7e0                __register_exitproc
 .text          0x000000000081b8f8        0x0 c:/scratchdir/nios2eds/bin/gnu/h-x86_64-mingw32/bin/../lib/gcc/nios2-elf/5.3.0/../../../../../H-x86_64-mingw32/nios2-elf/lib/mno-hw-mul\libc.a(lib_a-__call_atexit.o)
 .text.__call_exitprocs
                0x000000000081b8f8      0x180 c:/scratchdir/nios2eds/bin/gnu/h-x86_64-mingw32/bin/../lib/gcc/nios2-elf/5.3.0/../../../../../H-x86_64-mingw32/nios2-elf/lib/mno-hw-mul\libc.a(lib_a-__call_atexit.o)
                0x000000000081b8f8                __call_exitprocs
 .text          0x000000000081ba78       0x34 ../WAT_TEST_bsp/\libucosii_bsp.a(alt_exit.o)
                0x000000000081ba78                _exit
 *(.gnu.warning.*)
 *(.fini)
                [!provide]                        PROVIDE (__etext, ABSOLUTE (.))
                [!provide]                        PROVIDE (_etext, ABSOLUTE (.))
                [!provide]                        PROVIDE (etext, ABSOLUTE (.))
 *(.eh_frame_hdr)
                0x000000000081baac                . = ALIGN (0x4)
                [!provide]                        PROVIDE (__preinit_array_start, ABSOLUTE (.))
 *(.preinit_array)
                [!provide]                        PROVIDE (__preinit_array_end, ABSOLUTE (.))
                [!provide]                        PROVIDE (__init_array_start, ABSOLUTE (.))
 *(.init_array)
                [!provide]                        PROVIDE (__init_array_end, ABSOLUTE (.))
                [!provide]                        PROVIDE (__fini_array_start, ABSOLUTE (.))
 *(.fini_array)
                [!provide]                        PROVIDE (__fini_array_end, ABSOLUTE (.))
 *(.eh_frame)
 *(.gcc_except_table .gcc_except_table.*)
 *(.dynamic)
                0x000000000081baac                PROVIDE (__CTOR_LIST__, ABSOLUTE (.))
 *(.ctors)
 *(SORT(.ctors.*))
                0x000000000081baac                PROVIDE (__CTOR_END__, ABSOLUTE (.))
                0x000000000081baac                PROVIDE (__DTOR_LIST__, ABSOLUTE (.))
 *(.dtors)
 *(SORT(.dtors.*))
                0x000000000081baac                PROVIDE (__DTOR_END__, ABSOLUTE (.))
 *(.jcr)
                0x000000000081baac                . = ALIGN (0x4)

.rodata         0x000000000081baac      0x7f4
                [!provide]                        PROVIDE (__ram_rodata_start, ABSOLUTE (.))
                0x000000000081baac                . = ALIGN (0x4)
 *(.rodata .rodata.* .gnu.linkonce.r.*)
 .rodata        0x000000000081baac      0x29f obj/default/camera_test.o
 *fill*         0x000000000081bd4b        0x1 
 .rodata        0x000000000081bd4c        0x7 obj/default/motor_test.o
 *fill*         0x000000000081bd53        0x1 
 .rodata        0x000000000081bd54       0xb0 obj/default/wat_main_test.o
 .rodata        0x000000000081be04       0x29 obj/default/wifi_test.o
 *fill*         0x000000000081be2d        0x3 
 .rodata.str1.4
                0x000000000081be30        0x2 c:/scratchdir/nios2eds/bin/gnu/h-x86_64-mingw32/bin/../lib/gcc/nios2-elf/5.3.0/../../../../../H-x86_64-mingw32/nios2-elf/lib/mno-hw-mul\libc.a(lib_a-impure.o)
 *fill*         0x000000000081be32        0x2 
 .rodata.str1.4
                0x000000000081be34        0x2 c:/scratchdir/nios2eds/bin/gnu/h-x86_64-mingw32/bin/../lib/gcc/nios2-elf/5.3.0/../../../../../H-x86_64-mingw32/nios2-elf/lib/mno-hw-mul\libc.a(lib_a-puts.o)
 *fill*         0x000000000081be36        0x2 
 .rodata.str1.4
                0x000000000081be38       0x42 c:/scratchdir/nios2eds/bin/gnu/h-x86_64-mingw32/bin/../lib/gcc/nios2-elf/5.3.0/../../../../../H-x86_64-mingw32/nios2-elf/lib/mno-hw-mul\libc.a(lib_a-vfprintf.o)
 .rodata.zeroes.4404
                0x000000000081be7a       0x10 c:/scratchdir/nios2eds/bin/gnu/h-x86_64-mingw32/bin/../lib/gcc/nios2-elf/5.3.0/../../../../../H-x86_64-mingw32/nios2-elf/lib/mno-hw-mul\libc.a(lib_a-vfprintf.o)
 .rodata.blanks.4403
                0x000000000081be8a       0x10 c:/scratchdir/nios2eds/bin/gnu/h-x86_64-mingw32/bin/../lib/gcc/nios2-elf/5.3.0/../../../../../H-x86_64-mingw32/nios2-elf/lib/mno-hw-mul\libc.a(lib_a-vfprintf.o)
 *fill*         0x000000000081be9a        0x2 
 .rodata.str1.4
                0x000000000081be9c       0x10 c:/scratchdir/nios2eds/bin/gnu/h-x86_64-mingw32/bin/../lib/gcc/nios2-elf/5.3.0/../../../../../H-x86_64-mingw32/nios2-elf/lib/mno-hw-mul\libc.a(lib_a-dtoa.o)
                                         0x12 (size before relaxing)
 .rodata.str1.4
                0x000000000081beac        0xc c:/scratchdir/nios2eds/bin/gnu/h-x86_64-mingw32/bin/../lib/gcc/nios2-elf/5.3.0/../../../../../H-x86_64-mingw32/nios2-elf/lib/mno-hw-mul\libc.a(lib_a-locale.o)
                                         0x12 (size before relaxing)
 .rodata.p05.2768
                0x000000000081beb8        0xc c:/scratchdir/nios2eds/bin/gnu/h-x86_64-mingw32/bin/../lib/gcc/nios2-elf/5.3.0/../../../../../H-x86_64-mingw32/nios2-elf/lib/mno-hw-mul\libc.a(lib_a-mprec.o)
 .rodata.__mprec_tinytens
                0x000000000081bec4       0x28 c:/scratchdir/nios2eds/bin/gnu/h-x86_64-mingw32/bin/../lib/gcc/nios2-elf/5.3.0/../../../../../H-x86_64-mingw32/nios2-elf/lib/mno-hw-mul\libc.a(lib_a-mprec.o)
                0x000000000081bec4                __mprec_tinytens
 .rodata.__mprec_bigtens
                0x000000000081beec       0x28 c:/scratchdir/nios2eds/bin/gnu/h-x86_64-mingw32/bin/../lib/gcc/nios2-elf/5.3.0/../../../../../H-x86_64-mingw32/nios2-elf/lib/mno-hw-mul\libc.a(lib_a-mprec.o)
                0x000000000081beec                __mprec_bigtens
 .rodata.__mprec_tens
                0x000000000081bf14       0xc8 c:/scratchdir/nios2eds/bin/gnu/h-x86_64-mingw32/bin/../lib/gcc/nios2-elf/5.3.0/../../../../../H-x86_64-mingw32/nios2-elf/lib/mno-hw-mul\libc.a(lib_a-mprec.o)
                0x000000000081bf14                __mprec_tens
 .rodata.str1.4
                0x000000000081bfdc       0x2f c:/scratchdir/nios2eds/bin/gnu/h-x86_64-mingw32/bin/../lib/gcc/nios2-elf/5.3.0/../../../../../H-x86_64-mingw32/nios2-elf/lib/mno-hw-mul\libc.a(lib_a-vfiprintf.o)
 .rodata.zeroes.4349
                0x000000000081bfdc       0x10 c:/scratchdir/nios2eds/bin/gnu/h-x86_64-mingw32/bin/../lib/gcc/nios2-elf/5.3.0/../../../../../H-x86_64-mingw32/nios2-elf/lib/mno-hw-mul\libc.a(lib_a-vfiprintf.o)
 .rodata.blanks.4348
                0x000000000081bfec       0x10 c:/scratchdir/nios2eds/bin/gnu/h-x86_64-mingw32/bin/../lib/gcc/nios2-elf/5.3.0/../../../../../H-x86_64-mingw32/nios2-elf/lib/mno-hw-mul\libc.a(lib_a-vfiprintf.o)
 .rodata        0x000000000081bffc      0x100 c:/scratchdir/nios2eds/bin/gnu/h-x86_64-mingw32/bin/../lib/gcc/nios2-elf/5.3.0/mno-hw-mul\libgcc.a(_clz.o)
                0x000000000081bffc                __clz_tab
 .rodata        0x000000000081c0fc        0xa ../WAT_TEST_bsp/\libucosii_bsp.a(alt_dev.o)
 *fill*         0x000000000081c106        0x2 
 .rodata        0x000000000081c108       0x11 ../WAT_TEST_bsp/\libucosii_bsp.a(alt_main.o)
 *fill*         0x000000000081c119        0x3 
 .rodata        0x000000000081c11c      0x11e ../WAT_TEST_bsp/\libucosii_bsp.a(os_core.o)
                0x000000000081c11c                OSUnMapTbl
 *fill*         0x000000000081c23a        0x2 
 .rodata        0x000000000081c23c       0x5e ../WAT_TEST_bsp/\libucosii_bsp.a(alt_sys_init.o)
 *fill*         0x000000000081c29a        0x2 
 .rodata        0x000000000081c29c        0x2 ../WAT_TEST_bsp/\libucosii_bsp.a(os_cpu_c.o)
 *(.rodata1)
                0x000000000081c2a0                . = ALIGN (0x4)
 *fill*         0x000000000081c29e        0x2 
                [!provide]                        PROVIDE (__ram_rodata_end, ABSOLUTE (.))
                [!provide]                        PROVIDE (__flash_rodata_start, LOADADDR (.rodata))

.rwdata         0x000000000081c2a0     0x1f18
                [!provide]                        PROVIDE (__ram_rwdata_start, ABSOLUTE (.))
                0x000000000081c2a0                . = ALIGN (0x4)
 *(.got.plt)
 *(.got)
 *(.data1)
 *(.data .data.* .gnu.linkonce.d.*)
 .data          0x000000000081c2a0        0x0 ../WAT_TEST_bsp//obj/HAL/src/crt0.o
 .data          0x000000000081c2a0        0x0 obj/default/camera_test.o
 .data          0x000000000081c2a0        0x0 obj/default/motor_test.o
 .data          0x000000000081c2a0        0x0 obj/default/wat_main_test.o
 .data          0x000000000081c2a0        0x0 obj/default/wifi_test.o
 .data          0x000000000081c2a0        0x0 c:/scratchdir/nios2eds/bin/gnu/h-x86_64-mingw32/bin/../lib/gcc/nios2-elf/5.3.0/mno-hw-mul\libgcc.a(lib2-divmod.o)
 .data          0x000000000081c2a0        0x0 c:/scratchdir/nios2eds/bin/gnu/h-x86_64-mingw32/bin/../lib/gcc/nios2-elf/5.3.0/../../../../../H-x86_64-mingw32/nios2-elf/lib/mno-hw-mul\libc.a(lib_a-fclose.o)
 .data          0x000000000081c2a0        0x0 c:/scratchdir/nios2eds/bin/gnu/h-x86_64-mingw32/bin/../lib/gcc/nios2-elf/5.3.0/../../../../../H-x86_64-mingw32/nios2-elf/lib/mno-hw-mul\libc.a(lib_a-fflush.o)
 .data          0x000000000081c2a0        0x0 c:/scratchdir/nios2eds/bin/gnu/h-x86_64-mingw32/bin/../lib/gcc/nios2-elf/5.3.0/../../../../../H-x86_64-mingw32/nios2-elf/lib/mno-hw-mul\libc.a(lib_a-findfp.o)
 .data          0x000000000081c2a0        0x0 c:/scratchdir/nios2eds/bin/gnu/h-x86_64-mingw32/bin/../lib/gcc/nios2-elf/5.3.0/../../../../../H-x86_64-mingw32/nios2-elf/lib/mno-hw-mul\libc.a(lib_a-freer.o)
 .data          0x000000000081c2a0        0x0 c:/scratchdir/nios2eds/bin/gnu/h-x86_64-mingw32/bin/../lib/gcc/nios2-elf/5.3.0/../../../../../H-x86_64-mingw32/nios2-elf/lib/mno-hw-mul\libc.a(lib_a-fwalk.o)
 .data          0x000000000081c2a0        0x0 c:/scratchdir/nios2eds/bin/gnu/h-x86_64-mingw32/bin/../lib/gcc/nios2-elf/5.3.0/../../../../../H-x86_64-mingw32/nios2-elf/lib/mno-hw-mul\libc.a(lib_a-impure.o)
 .data.impure_data
                0x000000000081c2a0      0x424 c:/scratchdir/nios2eds/bin/gnu/h-x86_64-mingw32/bin/../lib/gcc/nios2-elf/5.3.0/../../../../../H-x86_64-mingw32/nios2-elf/lib/mno-hw-mul\libc.a(lib_a-impure.o)
 .data          0x000000000081c6c4        0x0 c:/scratchdir/nios2eds/bin/gnu/h-x86_64-mingw32/bin/../lib/gcc/nios2-elf/5.3.0/../../../../../H-x86_64-mingw32/nios2-elf/lib/mno-hw-mul\libc.a(lib_a-mallocr.o)
 .data.__malloc_av_
                0x000000000081c6c4      0x408 c:/scratchdir/nios2eds/bin/gnu/h-x86_64-mingw32/bin/../lib/gcc/nios2-elf/5.3.0/../../../../../H-x86_64-mingw32/nios2-elf/lib/mno-hw-mul\libc.a(lib_a-mallocr.o)
                0x000000000081c6c4                __malloc_av_
 .data          0x000000000081cacc        0x0 c:/scratchdir/nios2eds/bin/gnu/h-x86_64-mingw32/bin/../lib/gcc/nios2-elf/5.3.0/../../../../../H-x86_64-mingw32/nios2-elf/lib/mno-hw-mul\libc.a(lib_a-memset.o)
 .data          0x000000000081cacc        0x0 c:/scratchdir/nios2eds/bin/gnu/h-x86_64-mingw32/bin/../lib/gcc/nios2-elf/5.3.0/../../../../../H-x86_64-mingw32/nios2-elf/lib/mno-hw-mul\libc.a(lib_a-printf.o)
 .data          0x000000000081cacc        0x0 c:/scratchdir/nios2eds/bin/gnu/h-x86_64-mingw32/bin/../lib/gcc/nios2-elf/5.3.0/../../../../../H-x86_64-mingw32/nios2-elf/lib/mno-hw-mul\libc.a(lib_a-putchar.o)
 .data          0x000000000081cacc        0x0 c:/scratchdir/nios2eds/bin/gnu/h-x86_64-mingw32/bin/../lib/gcc/nios2-elf/5.3.0/../../../../../H-x86_64-mingw32/nios2-elf/lib/mno-hw-mul\libc.a(lib_a-puts.o)
 .data          0x000000000081cacc        0x0 c:/scratchdir/nios2eds/bin/gnu/h-x86_64-mingw32/bin/../lib/gcc/nios2-elf/5.3.0/../../../../../H-x86_64-mingw32/nios2-elf/lib/mno-hw-mul\libc.a(lib_a-sbrkr.o)
 .data          0x000000000081cacc        0x0 c:/scratchdir/nios2eds/bin/gnu/h-x86_64-mingw32/bin/../lib/gcc/nios2-elf/5.3.0/../../../../../H-x86_64-mingw32/nios2-elf/lib/mno-hw-mul\libc.a(lib_a-stdio.o)
 .data          0x000000000081cacc        0x0 c:/scratchdir/nios2eds/bin/gnu/h-x86_64-mingw32/bin/../lib/gcc/nios2-elf/5.3.0/../../../../../H-x86_64-mingw32/nios2-elf/lib/mno-hw-mul\libc.a(lib_a-strlen.o)
 .data          0x000000000081cacc        0x0 c:/scratchdir/nios2eds/bin/gnu/h-x86_64-mingw32/bin/../lib/gcc/nios2-elf/5.3.0/../../../../../H-x86_64-mingw32/nios2-elf/lib/mno-hw-mul\libc.a(lib_a-vfprintf.o)
 .data          0x000000000081cacc        0x0 c:/scratchdir/nios2eds/bin/gnu/h-x86_64-mingw32/bin/../lib/gcc/nios2-elf/5.3.0/../../../../../H-x86_64-mingw32/nios2-elf/lib/mno-hw-mul\libc.a(lib_a-writer.o)
 .data          0x000000000081cacc        0x0 c:/scratchdir/nios2eds/bin/gnu/h-x86_64-mingw32/bin/../lib/gcc/nios2-elf/5.3.0/../../../../../H-x86_64-mingw32/nios2-elf/lib/mno-hw-mul\libc.a(lib_a-wsetup.o)
 .data          0x000000000081cacc        0x0 c:/scratchdir/nios2eds/bin/gnu/h-x86_64-mingw32/bin/../lib/gcc/nios2-elf/5.3.0/../../../../../H-x86_64-mingw32/nios2-elf/lib/mno-hw-mul\libc.a(closer.o)
 .data          0x000000000081cacc        0x0 c:/scratchdir/nios2eds/bin/gnu/h-x86_64-mingw32/bin/../lib/gcc/nios2-elf/5.3.0/../../../../../H-x86_64-mingw32/nios2-elf/lib/mno-hw-mul\libc.a(lib_a-dtoa.o)
 .data          0x000000000081cacc        0x0 c:/scratchdir/nios2eds/bin/gnu/h-x86_64-mingw32/bin/../lib/gcc/nios2-elf/5.3.0/../../../../../H-x86_64-mingw32/nios2-elf/lib/mno-hw-mul\libc.a(lib_a-fvwrite.o)
 .data          0x000000000081cacc        0x0 c:/scratchdir/nios2eds/bin/gnu/h-x86_64-mingw32/bin/../lib/gcc/nios2-elf/5.3.0/../../../../../H-x86_64-mingw32/nios2-elf/lib/mno-hw-mul\libc.a(lib_a-int_errno.o)
 .data          0x000000000081cacc        0x0 c:/scratchdir/nios2eds/bin/gnu/h-x86_64-mingw32/bin/../lib/gcc/nios2-elf/5.3.0/../../../../../H-x86_64-mingw32/nios2-elf/lib/mno-hw-mul\libc.a(lib_a-locale.o)
 .data.lc_message_charset
                0x000000000081cacc       0x20 c:/scratchdir/nios2eds/bin/gnu/h-x86_64-mingw32/bin/../lib/gcc/nios2-elf/5.3.0/../../../../../H-x86_64-mingw32/nios2-elf/lib/mno-hw-mul\libc.a(lib_a-locale.o)
 .data.lc_ctype_charset
                0x000000000081caec       0x20 c:/scratchdir/nios2eds/bin/gnu/h-x86_64-mingw32/bin/../lib/gcc/nios2-elf/5.3.0/../../../../../H-x86_64-mingw32/nios2-elf/lib/mno-hw-mul\libc.a(lib_a-locale.o)
 .data.lconv    0x000000000081cb0c       0x38 c:/scratchdir/nios2eds/bin/gnu/h-x86_64-mingw32/bin/../lib/gcc/nios2-elf/5.3.0/../../../../../H-x86_64-mingw32/nios2-elf/lib/mno-hw-mul\libc.a(lib_a-locale.o)
 .data          0x000000000081cb44        0x0 c:/scratchdir/nios2eds/bin/gnu/h-x86_64-mingw32/bin/../lib/gcc/nios2-elf/5.3.0/../../../../../H-x86_64-mingw32/nios2-elf/lib/mno-hw-mul\libc.a(lib_a-lseekr.o)
 .data          0x000000000081cb44        0x0 c:/scratchdir/nios2eds/bin/gnu/h-x86_64-mingw32/bin/../lib/gcc/nios2-elf/5.3.0/../../../../../H-x86_64-mingw32/nios2-elf/lib/mno-hw-mul\libc.a(lib_a-makebuf.o)
 .data          0x000000000081cb44        0x0 c:/scratchdir/nios2eds/bin/gnu/h-x86_64-mingw32/bin/../lib/gcc/nios2-elf/5.3.0/../../../../../H-x86_64-mingw32/nios2-elf/lib/mno-hw-mul\libc.a(lib_a-memchr.o)
 .data          0x000000000081cb44        0x0 c:/scratchdir/nios2eds/bin/gnu/h-x86_64-mingw32/bin/../lib/gcc/nios2-elf/5.3.0/../../../../../H-x86_64-mingw32/nios2-elf/lib/mno-hw-mul\libc.a(lib_a-memcpy.o)
 .data          0x000000000081cb44        0x0 c:/scratchdir/nios2eds/bin/gnu/h-x86_64-mingw32/bin/../lib/gcc/nios2-elf/5.3.0/../../../../../H-x86_64-mingw32/nios2-elf/lib/mno-hw-mul\libc.a(lib_a-memmove.o)
 .data          0x000000000081cb44        0x0 c:/scratchdir/nios2eds/bin/gnu/h-x86_64-mingw32/bin/../lib/gcc/nios2-elf/5.3.0/../../../../../H-x86_64-mingw32/nios2-elf/lib/mno-hw-mul\libc.a(lib_a-mprec.o)
 .data          0x000000000081cb44        0x0 c:/scratchdir/nios2eds/bin/gnu/h-x86_64-mingw32/bin/../lib/gcc/nios2-elf/5.3.0/../../../../../H-x86_64-mingw32/nios2-elf/lib/mno-hw-mul\libc.a(lib_a-putc.o)
 .data          0x000000000081cb44        0x0 c:/scratchdir/nios2eds/bin/gnu/h-x86_64-mingw32/bin/../lib/gcc/nios2-elf/5.3.0/../../../../../H-x86_64-mingw32/nios2-elf/lib/mno-hw-mul\libc.a(lib_a-readr.o)
 .data          0x000000000081cb44        0x0 c:/scratchdir/nios2eds/bin/gnu/h-x86_64-mingw32/bin/../lib/gcc/nios2-elf/5.3.0/../../../../../H-x86_64-mingw32/nios2-elf/lib/mno-hw-mul\libc.a(lib_a-reallocr.o)
 .data          0x000000000081cb44        0x0 c:/scratchdir/nios2eds/bin/gnu/h-x86_64-mingw32/bin/../lib/gcc/nios2-elf/5.3.0/../../../../../H-x86_64-mingw32/nios2-elf/lib/mno-hw-mul\libc.a(lib_a-s_fpclassify.o)
 .data          0x000000000081cb44        0x0 c:/scratchdir/nios2eds/bin/gnu/h-x86_64-mingw32/bin/../lib/gcc/nios2-elf/5.3.0/../../../../../H-x86_64-mingw32/nios2-elf/lib/mno-hw-mul\libc.a(lib_a-strcmp.o)
 .data          0x000000000081cb44        0x0 c:/scratchdir/nios2eds/bin/gnu/h-x86_64-mingw32/bin/../lib/gcc/nios2-elf/5.3.0/../../../../../H-x86_64-mingw32/nios2-elf/lib/mno-hw-mul\libc.a(lib_a-vfiprintf.o)
 .data          0x000000000081cb44        0x0 c:/scratchdir/nios2eds/bin/gnu/h-x86_64-mingw32/bin/../lib/gcc/nios2-elf/5.3.0/../../../../../H-x86_64-mingw32/nios2-elf/lib/mno-hw-mul\libc.a(lib_a-wbuf.o)
 .data          0x000000000081cb44        0x0 c:/scratchdir/nios2eds/bin/gnu/h-x86_64-mingw32/bin/../lib/gcc/nios2-elf/5.3.0/../../../../../H-x86_64-mingw32/nios2-elf/lib/mno-hw-mul\libc.a(lib_a-callocr.o)
 .data          0x000000000081cb44        0x0 c:/scratchdir/nios2eds/bin/gnu/h-x86_64-mingw32/bin/../lib/gcc/nios2-elf/5.3.0/../../../../../H-x86_64-mingw32/nios2-elf/lib/mno-hw-mul\libc.a(lib_a-fputwc.o)
 .data          0x000000000081cb44        0x0 c:/scratchdir/nios2eds/bin/gnu/h-x86_64-mingw32/bin/../lib/gcc/nios2-elf/5.3.0/../../../../../H-x86_64-mingw32/nios2-elf/lib/mno-hw-mul\libc.a(lib_a-fstatr.o)
 .data          0x000000000081cb44        0x0 c:/scratchdir/nios2eds/bin/gnu/h-x86_64-mingw32/bin/../lib/gcc/nios2-elf/5.3.0/../../../../../H-x86_64-mingw32/nios2-elf/lib/mno-hw-mul\libc.a(lib_a-isattyr.o)
 .data          0x000000000081cb44        0x0 c:/scratchdir/nios2eds/bin/gnu/h-x86_64-mingw32/bin/../lib/gcc/nios2-elf/5.3.0/../../../../../H-x86_64-mingw32/nios2-elf/lib/mno-hw-mul\libc.a(lib_a-wcrtomb.o)
 .data          0x000000000081cb44        0x0 c:/scratchdir/nios2eds/bin/gnu/h-x86_64-mingw32/bin/../lib/gcc/nios2-elf/5.3.0/../../../../../H-x86_64-mingw32/nios2-elf/lib/mno-hw-mul\libc.a(lib_a-wctomb_r.o)
 .data          0x000000000081cb44        0x0 c:/scratchdir/nios2eds/bin/gnu/h-x86_64-mingw32/bin/../lib/gcc/nios2-elf/5.3.0/mno-hw-mul\libgcc.a(_udivdi3.o)
 .data          0x000000000081cb44        0x0 c:/scratchdir/nios2eds/bin/gnu/h-x86_64-mingw32/bin/../lib/gcc/nios2-elf/5.3.0/mno-hw-mul\libgcc.a(_umoddi3.o)
 .data          0x000000000081cb44        0x0 c:/scratchdir/nios2eds/bin/gnu/h-x86_64-mingw32/bin/../lib/gcc/nios2-elf/5.3.0/mno-hw-mul\libgcc.a(lib2-mul.o)
 .data          0x000000000081cb44        0x0 c:/scratchdir/nios2eds/bin/gnu/h-x86_64-mingw32/bin/../lib/gcc/nios2-elf/5.3.0/mno-hw-mul\libgcc.a(adddf3.o)
 .data          0x000000000081cb44        0x0 c:/scratchdir/nios2eds/bin/gnu/h-x86_64-mingw32/bin/../lib/gcc/nios2-elf/5.3.0/mno-hw-mul\libgcc.a(divdf3.o)
 .data          0x000000000081cb44        0x0 c:/scratchdir/nios2eds/bin/gnu/h-x86_64-mingw32/bin/../lib/gcc/nios2-elf/5.3.0/mno-hw-mul\libgcc.a(eqdf2.o)
 .data          0x000000000081cb44        0x0 c:/scratchdir/nios2eds/bin/gnu/h-x86_64-mingw32/bin/../lib/gcc/nios2-elf/5.3.0/mno-hw-mul\libgcc.a(gedf2.o)
 .data          0x000000000081cb44        0x0 c:/scratchdir/nios2eds/bin/gnu/h-x86_64-mingw32/bin/../lib/gcc/nios2-elf/5.3.0/mno-hw-mul\libgcc.a(ledf2.o)
 .data          0x000000000081cb44        0x0 c:/scratchdir/nios2eds/bin/gnu/h-x86_64-mingw32/bin/../lib/gcc/nios2-elf/5.3.0/mno-hw-mul\libgcc.a(muldf3.o)
 .data          0x000000000081cb44        0x0 c:/scratchdir/nios2eds/bin/gnu/h-x86_64-mingw32/bin/../lib/gcc/nios2-elf/5.3.0/mno-hw-mul\libgcc.a(subdf3.o)
 .data          0x000000000081cb44        0x0 c:/scratchdir/nios2eds/bin/gnu/h-x86_64-mingw32/bin/../lib/gcc/nios2-elf/5.3.0/mno-hw-mul\libgcc.a(fixdfsi.o)
 .data          0x000000000081cb44        0x0 c:/scratchdir/nios2eds/bin/gnu/h-x86_64-mingw32/bin/../lib/gcc/nios2-elf/5.3.0/mno-hw-mul\libgcc.a(floatsidf.o)
 .data          0x000000000081cb44        0x0 c:/scratchdir/nios2eds/bin/gnu/h-x86_64-mingw32/bin/../lib/gcc/nios2-elf/5.3.0/mno-hw-mul\libgcc.a(floatunsidf.o)
 .data          0x000000000081cb44        0x0 c:/scratchdir/nios2eds/bin/gnu/h-x86_64-mingw32/bin/../lib/gcc/nios2-elf/5.3.0/mno-hw-mul\libgcc.a(_clz.o)
 .data          0x000000000081cb44        0x0 c:/scratchdir/nios2eds/bin/gnu/h-x86_64-mingw32/bin/../lib/gcc/nios2-elf/5.3.0/mno-hw-mul\libgcc.a(_clzsi2.o)
 .data          0x000000000081cb44        0x0 ../WAT_TEST_bsp/\libucosii_bsp.a(alt_close.o)
 .data          0x000000000081cb44      0x1a8 ../WAT_TEST_bsp/\libucosii_bsp.a(alt_dev.o)
                0x000000000081cb44                alt_dev_null
                0x000000000081cb6c                alt_fd_list
 .data          0x000000000081ccec        0x0 ../WAT_TEST_bsp/\libucosii_bsp.a(alt_errno.o)
 .data          0x000000000081ccec        0x0 ../WAT_TEST_bsp/\libucosii_bsp.a(alt_fstat.o)
 .data          0x000000000081ccec        0x0 ../WAT_TEST_bsp/\libucosii_bsp.a(alt_iic.o)
 .data          0x000000000081ccec        0x0 ../WAT_TEST_bsp/\libucosii_bsp.a(alt_iic_isr_register.o)
 .data          0x000000000081ccec        0x0 ../WAT_TEST_bsp/\libucosii_bsp.a(alt_irq_entry.o)
 .data          0x000000000081ccec        0x0 ../WAT_TEST_bsp/\libucosii_bsp.a(alt_irq_handler.o)
 .data          0x000000000081ccec        0x0 ../WAT_TEST_bsp/\libucosii_bsp.a(alt_irq_vars.o)
 .data          0x000000000081ccec        0x0 ../WAT_TEST_bsp/\libucosii_bsp.a(alt_isatty.o)
 .data          0x000000000081ccec        0x0 ../WAT_TEST_bsp/\libucosii_bsp.a(alt_lseek.o)
 .data          0x000000000081ccec        0x0 ../WAT_TEST_bsp/\libucosii_bsp.a(alt_main.o)
 .data          0x000000000081ccec        0x0 ../WAT_TEST_bsp/\libucosii_bsp.a(alt_read.o)
 .data          0x000000000081ccec        0x0 ../WAT_TEST_bsp/\libucosii_bsp.a(alt_release_fd.o)
 .data          0x000000000081ccec        0x0 ../WAT_TEST_bsp/\libucosii_bsp.a(alt_sbrk.o)
 .data          0x000000000081ccec        0x0 ../WAT_TEST_bsp/\libucosii_bsp.a(alt_write.o)
 .data          0x000000000081ccec        0x0 ../WAT_TEST_bsp/\libucosii_bsp.a(alt_env_lock.o)
 .data          0x000000000081ccec        0x0 ../WAT_TEST_bsp/\libucosii_bsp.a(alt_malloc_lock.o)
 .data          0x000000000081ccec        0x0 ../WAT_TEST_bsp/\libucosii_bsp.a(os_core.o)
 .data          0x000000000081ccec        0x0 ../WAT_TEST_bsp/\libucosii_bsp.a(os_dbg.o)
 .data          0x000000000081ccec        0x0 ../WAT_TEST_bsp/\libucosii_bsp.a(os_flag.o)
 .data          0x000000000081ccec        0x0 ../WAT_TEST_bsp/\libucosii_bsp.a(os_mem.o)
 .data          0x000000000081ccec        0x0 ../WAT_TEST_bsp/\libucosii_bsp.a(os_q.o)
 .data          0x000000000081ccec        0x0 ../WAT_TEST_bsp/\libucosii_bsp.a(os_sem.o)
 .data          0x000000000081ccec        0x0 ../WAT_TEST_bsp/\libucosii_bsp.a(os_task.o)
 .data          0x000000000081ccec        0x0 ../WAT_TEST_bsp/\libucosii_bsp.a(os_time.o)
 .data          0x000000000081ccec     0x1300 ../WAT_TEST_bsp/\libucosii_bsp.a(alt_sys_init.o)
                0x000000000081df1c                cam_uart
 .data          0x000000000081dfec        0x0 ../WAT_TEST_bsp/\libucosii_bsp.a(altera_avalon_epcs_flash_controller.o)
 .data          0x000000000081dfec        0x0 ../WAT_TEST_bsp/\libucosii_bsp.a(altera_avalon_jtag_uart_fd.o)
 .data          0x000000000081dfec        0x0 ../WAT_TEST_bsp/\libucosii_bsp.a(altera_avalon_jtag_uart_init.o)
 .data          0x000000000081dfec        0x0 ../WAT_TEST_bsp/\libucosii_bsp.a(altera_avalon_jtag_uart_ioctl.o)
 .data          0x000000000081dfec        0x0 ../WAT_TEST_bsp/\libucosii_bsp.a(altera_avalon_jtag_uart_read.o)
 .data          0x000000000081dfec        0x0 ../WAT_TEST_bsp/\libucosii_bsp.a(altera_avalon_jtag_uart_write.o)
 .data          0x000000000081dfec        0x0 ../WAT_TEST_bsp/\libucosii_bsp.a(altera_avalon_timer_sc.o)
 .data          0x000000000081dfec        0x0 ../WAT_TEST_bsp/\libucosii_bsp.a(altera_avalon_uart_fd.o)
 .data          0x000000000081dfec        0x0 ../WAT_TEST_bsp/\libucosii_bsp.a(altera_avalon_uart_init.o)
 .data          0x000000000081dfec        0x0 ../WAT_TEST_bsp/\libucosii_bsp.a(altera_avalon_uart_read.o)
 .data          0x000000000081dfec        0x0 ../WAT_TEST_bsp/\libucosii_bsp.a(altera_avalon_uart_write.o)
 .data          0x000000000081dfec        0x0 ../WAT_TEST_bsp/\libucosii_bsp.a(altera_hostfs.o)
 .data          0x000000000081dfec        0x0 ../WAT_TEST_bsp/\libucosii_bsp.a(epcs_commands.o)
 .data          0x000000000081dfec        0x0 ../WAT_TEST_bsp/\libucosii_bsp.a(fifoed_avalon_uart.o)
 .data          0x000000000081dfec        0x0 ../WAT_TEST_bsp/\libucosii_bsp.a(fifoed_avalon_uart_fd.o)
 .data          0x000000000081dfec        0x0 ../WAT_TEST_bsp/\libucosii_bsp.a(alt_alarm_start.o)
 .data          0x000000000081dfec        0x0 ../WAT_TEST_bsp/\libucosii_bsp.a(alt_dev_llist_insert.o)
 .data          0x000000000081dfec        0x0 ../WAT_TEST_bsp/\libucosii_bsp.a(alt_do_ctors.o)
 .data          0x000000000081dfec        0x0 ../WAT_TEST_bsp/\libucosii_bsp.a(alt_do_dtors.o)
 .data          0x000000000081dfec        0x0 ../WAT_TEST_bsp/\libucosii_bsp.a(alt_exception_entry.o)
 .data          0x000000000081dfec        0x0 ../WAT_TEST_bsp/\libucosii_bsp.a(alt_flash_dev.o)
 .data          0x000000000081dfec        0x0 ../WAT_TEST_bsp/\libucosii_bsp.a(alt_fs_reg.o)
 .data          0x000000000081dfec        0x0 ../WAT_TEST_bsp/\libucosii_bsp.a(alt_instruction_exception_entry.o)
 .data          0x000000000081dfec        0x0 ../WAT_TEST_bsp/\libucosii_bsp.a(alt_io_redirect.o)
 .data          0x000000000081dfec        0x0 ../WAT_TEST_bsp/\libucosii_bsp.a(alt_open.o)
 .data          0x000000000081dfec        0x0 ../WAT_TEST_bsp/\libucosii_bsp.a(alt_tick.o)
 .data          0x000000000081dfec        0x0 ../WAT_TEST_bsp/\libucosii_bsp.a(altera_nios2_gen2_irq.o)
 .data          0x000000000081dfec        0x0 ../WAT_TEST_bsp/\libucosii_bsp.a(os_cpu_a.o)
 .data          0x000000000081dfec        0x0 ../WAT_TEST_bsp/\libucosii_bsp.a(os_cpu_c.o)
 .data          0x000000000081dfec        0x0 ../WAT_TEST_bsp/\libucosii_bsp.a(altera_avalon_spi.o)
 .data          0x000000000081dfec        0x0 ../WAT_TEST_bsp/\libucosii_bsp.a(alt_find_dev.o)
 .data          0x000000000081dfec        0x0 ../WAT_TEST_bsp/\libucosii_bsp.a(alt_find_file.o)
 .data          0x000000000081dfec        0x0 ../WAT_TEST_bsp/\libucosii_bsp.a(alt_get_fd.o)
 .data          0x000000000081dfec        0x0 c:/scratchdir/nios2eds/bin/gnu/h-x86_64-mingw32/bin/../lib/gcc/nios2-elf/5.3.0/../../../../../H-x86_64-mingw32/nios2-elf/lib/mno-hw-mul\libc.a(lib_a-atexit.o)
 .data          0x000000000081dfec        0x0 c:/scratchdir/nios2eds/bin/gnu/h-x86_64-mingw32/bin/../lib/gcc/nios2-elf/5.3.0/../../../../../H-x86_64-mingw32/nios2-elf/lib/mno-hw-mul\libc.a(lib_a-exit.o)
 .data          0x000000000081dfec        0x0 c:/scratchdir/nios2eds/bin/gnu/h-x86_64-mingw32/bin/../lib/gcc/nios2-elf/5.3.0/../../../../../H-x86_64-mingw32/nios2-elf/lib/mno-hw-mul\libc.a(lib_a-memcmp.o)
 .data          0x000000000081dfec        0x0 c:/scratchdir/nios2eds/bin/gnu/h-x86_64-mingw32/bin/../lib/gcc/nios2-elf/5.3.0/../../../../../H-x86_64-mingw32/nios2-elf/lib/mno-hw-mul\libc.a(lib_a-__atexit.o)
 .data          0x000000000081dfec        0x0 c:/scratchdir/nios2eds/bin/gnu/h-x86_64-mingw32/bin/../lib/gcc/nios2-elf/5.3.0/../../../../../H-x86_64-mingw32/nios2-elf/lib/mno-hw-mul\libc.a(lib_a-__call_atexit.o)