Archive member included to satisfy reference by file (symbol)

../WAT_TEST_bsp/\libucosii_bsp.a(alt_main.o)
                              ../WAT_TEST_bsp//obj/HAL/src/crt0.o (alt_main)
../WAT_TEST_bsp/\libucosii_bsp.a(alt_env_lock.o)
                              ../WAT_TEST_bsp/\libucosii_bsp.a(alt_main.o) (alt_envsem)
../WAT_TEST_bsp/\libucosii_bsp.a(alt_malloc_lock.o)
                              ../WAT_TEST_bsp/\libucosii_bsp.a(alt_main.o) (alt_heapsem)
../WAT_TEST_bsp/\libucosii_bsp.a(os_core.o)
                              ../WAT_TEST_bsp/\libucosii_bsp.a(alt_malloc_lock.o) (OSRunning)
../WAT_TEST_bsp/\libucosii_bsp.a(os_dbg.o)
                              ../WAT_TEST_bsp/\libucosii_bsp.a(os_core.o) (OSDebugInit)
../WAT_TEST_bsp/\libucosii_bsp.a(os_flag.o)
                              ../WAT_TEST_bsp/\libucosii_bsp.a(os_core.o) (OS_FlagInit)
../WAT_TEST_bsp/\libucosii_bsp.a(os_mem.o)
                              ../WAT_TEST_bsp/\libucosii_bsp.a(os_core.o) (OS_MemInit)
../WAT_TEST_bsp/\libucosii_bsp.a(os_q.o)
                              ../WAT_TEST_bsp/\libucosii_bsp.a(os_core.o) (OS_QInit)
../WAT_TEST_bsp/\libucosii_bsp.a(os_sem.o)
                              ../WAT_TEST_bsp/\libucosii_bsp.a(alt_main.o) (OSSemCreate)
../WAT_TEST_bsp/\libucosii_bsp.a(os_task.o)
                              obj/default/wat_test.o (OSTaskCreateExt)
../WAT_TEST_bsp/\libucosii_bsp.a(os_time.o)
                              ../WAT_TEST_bsp/\libucosii_bsp.a(os_core.o) (OSTimeDly)
../WAT_TEST_bsp/\libucosii_bsp.a(alt_sys_init.o)
                              ../WAT_TEST_bsp/\libucosii_bsp.a(alt_main.o) (alt_irq_init)
../WAT_TEST_bsp/\libucosii_bsp.a(altera_avalon_epcs_flash_controller.o)
                              ../WAT_TEST_bsp/\libucosii_bsp.a(alt_sys_init.o) (alt_epcs_flash_init)
../WAT_TEST_bsp/\libucosii_bsp.a(altera_avalon_jtag_uart_fd.o)
                              ../WAT_TEST_bsp/\libucosii_bsp.a(alt_sys_init.o) (altera_avalon_jtag_uart_read_fd)
../WAT_TEST_bsp/\libucosii_bsp.a(altera_avalon_jtag_uart_init.o)
                              ../WAT_TEST_bsp/\libucosii_bsp.a(alt_sys_init.o) (altera_avalon_jtag_uart_init)
../WAT_TEST_bsp/\libucosii_bsp.a(altera_avalon_jtag_uart_ioctl.o)
                              ../WAT_TEST_bsp/\libucosii_bsp.a(altera_avalon_jtag_uart_fd.o) (altera_avalon_jtag_uart_ioctl)
../WAT_TEST_bsp/\libucosii_bsp.a(altera_avalon_jtag_uart_read.o)
                              ../WAT_TEST_bsp/\libucosii_bsp.a(altera_avalon_jtag_uart_fd.o) (altera_avalon_jtag_uart_read)
../WAT_TEST_bsp/\libucosii_bsp.a(altera_avalon_jtag_uart_write.o)
                              ../WAT_TEST_bsp/\libucosii_bsp.a(altera_avalon_jtag_uart_fd.o) (altera_avalon_jtag_uart_write)
../WAT_TEST_bsp/\libucosii_bsp.a(altera_avalon_timer_sc.o)
                              ../WAT_TEST_bsp/\libucosii_bsp.a(alt_sys_init.o) (alt_avalon_timer_sc_init)
../WAT_TEST_bsp/\libucosii_bsp.a(altera_avalon_uart_fd.o)
                              ../WAT_TEST_bsp/\libucosii_bsp.a(alt_sys_init.o) (altera_avalon_uart_read_fd)
../WAT_TEST_bsp/\libucosii_bsp.a(altera_avalon_uart_init.o)
                              ../WAT_TEST_bsp/\libucosii_bsp.a(alt_sys_init.o) (altera_avalon_uart_init)
../WAT_TEST_bsp/\libucosii_bsp.a(altera_avalon_uart_read.o)
                              ../WAT_TEST_bsp/\libucosii_bsp.a(altera_avalon_uart_fd.o) (altera_avalon_uart_read)
../WAT_TEST_bsp/\libucosii_bsp.a(altera_avalon_uart_write.o)
                              ../WAT_TEST_bsp/\libucosii_bsp.a(altera_avalon_uart_fd.o) (altera_avalon_uart_write)
../WAT_TEST_bsp/\libucosii_bsp.a(epcs_commands.o)
                              ../WAT_TEST_bsp/\libucosii_bsp.a(altera_avalon_epcs_flash_controller.o) (epcs_sector_erase)
../WAT_TEST_bsp/\libucosii_bsp.a(alt_alarm_start.o)
                              ../WAT_TEST_bsp/\libucosii_bsp.a(altera_avalon_jtag_uart_init.o) (alt_alarm_start)
../WAT_TEST_bsp/\libucosii_bsp.a(alt_close.o)
                              ../WAT_TEST_bsp/\libucosii_bsp.a(alt_main.o) (close)
../WAT_TEST_bsp/\libucosii_bsp.a(alt_dev.o)
                              ../WAT_TEST_bsp/\libucosii_bsp.a(alt_sys_init.o) (alt_dev_list)
../WAT_TEST_bsp/\libucosii_bsp.a(alt_dev_llist_insert.o)
                              ../WAT_TEST_bsp/\libucosii_bsp.a(alt_sys_init.o) (alt_dev_llist_insert)
../WAT_TEST_bsp/\libucosii_bsp.a(alt_do_ctors.o)
                              ../WAT_TEST_bsp/\libucosii_bsp.a(alt_main.o) (_do_ctors)
../WAT_TEST_bsp/\libucosii_bsp.a(alt_do_dtors.o)
                              ../WAT_TEST_bsp/\libucosii_bsp.a(alt_main.o) (_do_dtors)
../WAT_TEST_bsp/\libucosii_bsp.a(alt_errno.o)
                              ../WAT_TEST_bsp/\libucosii_bsp.a(altera_avalon_uart_read.o) (alt_errno)
../WAT_TEST_bsp/\libucosii_bsp.a(alt_flash_dev.o)
                              ../WAT_TEST_bsp/\libucosii_bsp.a(altera_avalon_epcs_flash_controller.o) (alt_flash_dev_list)
../WAT_TEST_bsp/\libucosii_bsp.a(alt_iic.o)
[...]
Memory Configuration

Name             Origin             Length             Attributes
sdram_controller_0 0x0000000000800000 0x0000000000800000
onchip_memory2_0_BEFORE_EXCEPTION 0x0000000001004000 0x0000000000000020
onchip_memory2_0 0x0000000001004020 0x0000000000003fe0
reset            0x0000000001009000 0x0000000000000020
epcs_flash_controller_0 0x0000000001009020 0x00000000000007e0
*default*        0x0000000000000000 0xffffffffffffffff

Linker script and memory map

LOAD ../WAT_TEST_bsp//obj/HAL/src/crt0.o
LOAD obj/default/wat_test.o
LOAD c:/intelfpga_lite/16.1/nios2eds/bin/gnu/h-x86_64-mingw32/bin/../lib/gcc/nios2-elf/5.3.0/../../../../../H-x86_64-mingw32/nios2-elf/lib/mno-hw-mul\libstdc++.a
LOAD c:/intelfpga_lite/16.1/nios2eds/bin/gnu/h-x86_64-mingw32/bin/../lib/gcc/nios2-elf/5.3.0/../../../../../H-x86_64-mingw32/nios2-elf/lib/mno-hw-mul\libm.a
LOAD c:/intelfpga_lite/16.1/nios2eds/bin/gnu/h-x86_64-mingw32/bin/../lib/gcc/nios2-elf/5.3.0/mno-hw-mul\libgcc.a
START GROUP
LOAD c:/intelfpga_lite/16.1/nios2eds/bin/gnu/h-x86_64-mingw32/bin/../lib/gcc/nios2-elf/5.3.0/../../../../../H-x86_64-mingw32/nios2-elf/lib/mno-hw-mul\libc.a
LOAD c:/intelfpga_lite/16.1/nios2eds/bin/gnu/h-x86_64-mingw32/bin/../lib/gcc/nios2-elf/5.3.0/mno-hw-mul\libgcc.a
LOAD ../WAT_TEST_bsp/\libucosii_bsp.a
LOAD c:/intelfpga_lite/16.1/nios2eds/bin/gnu/h-x86_64-mingw32/bin/../lib/gcc/nios2-elf/5.3.0/../../../../../H-x86_64-mingw32/nios2-elf/lib/mno-hw-mul\libm.a
END GROUP
LOAD c:/intelfpga_lite/16.1/nios2eds/bin/gnu/h-x86_64-mingw32/bin/../lib/gcc/nios2-elf/5.3.0/mno-hw-mul\libgcc.a
                0x0000000000800000                __alt_mem_sdram_controller_0 = 0x800000
                0x0000000001004000                __alt_mem_onchip_memory2_0 = 0x1004000
                0x0000000001009000                __alt_mem_epcs_flash_controller_0 = 0x1009000

.entry          0x0000000001009000        0x0
 *(.entry)
 .entry         0x0000000001009000        0x0 ../WAT_TEST_bsp//obj/HAL/src/crt0.o
                0x0000000001009000                __reset

.exceptions     0x0000000001004020      0x210
                [!provide]                        PROVIDE (__ram_exceptions_start, ABSOLUTE (.))
                0x0000000001004020                . = ALIGN (0x20)
 *(.irq)
 *(.exceptions.entry.label)
 .exceptions.entry.label
                0x0000000001004020        0x0 ../WAT_TEST_bsp/\libucosii_bsp.a(alt_irq_entry.o)
                0x0000000001004020                alt_irq_entry
 .exceptions.entry.label
                0x0000000001004020        0x0 ../WAT_TEST_bsp/\libucosii_bsp.a(alt_exception_entry.o)
                0x0000000001004020                alt_exception
 *(.exceptions.entry.user)
 *(.exceptions.entry.ecc_fatal)
 *(.exceptions.entry)
 .exceptions.entry
                0x0000000001004020       0x54 ../WAT_TEST_bsp/\libucosii_bsp.a(alt_exception_entry.o)
 *(.exceptions.irqtest.user)
 *(.exceptions.irqtest)
 .exceptions.irqtest
                0x0000000001004074       0x10 ../WAT_TEST_bsp/\libucosii_bsp.a(alt_irq_entry.o)
 *(.exceptions.irqhandler.user)
 *(.exceptions.irqhandler)
 .exceptions.irqhandler
                0x0000000001004084        0x4 ../WAT_TEST_bsp/\libucosii_bsp.a(alt_irq_entry.o)
 *(.exceptions.irqreturn.user)
 *(.exceptions.irqreturn)
 .exceptions.irqreturn
                0x0000000001004088        0x4 ../WAT_TEST_bsp/\libucosii_bsp.a(alt_irq_entry.o)
 *(.exceptions.notirq.label)
 .exceptions.notirq.label
                0x000000000100408c        0x0 ../WAT_TEST_bsp/\libucosii_bsp.a(alt_irq_entry.o)
 *(.exceptions.notirq.user)
 *(.exceptions.notirq)
 .exceptions.notirq
                0x000000000100408c        0x8 ../WAT_TEST_bsp/\libucosii_bsp.a(alt_exception_entry.o)
 *(.exceptions.soft.user)
 *(.exceptions.soft)
 *(.exceptions.unknown.user)
 *(.exceptions.unknown)
 .exceptions.unknown
                0x0000000001004094       0x14 ../WAT_TEST_bsp/\libucosii_bsp.a(alt_exception_entry.o)
 *(.exceptions.exit.label)
 .exceptions.exit.label
                0x00000000010040a8        0x0 ../WAT_TEST_bsp/\libucosii_bsp.a(alt_irq_entry.o)
 .exceptions.exit.label
                0x00000000010040a8        0x0 ../WAT_TEST_bsp/\libucosii_bsp.a(alt_exception_entry.o)
 *(.exceptions.exit.user)
 *(.exceptions.exit)
 .exceptions.exit
                0x00000000010040a8       0x54 ../WAT_TEST_bsp/\libucosii_bsp.a(alt_exception_entry.o)
 *(.exceptions)
 .exceptions    0x00000000010040fc       0xd4 ../WAT_TEST_bsp/\libucosii_bsp.a(alt_irq_handler.o)
                0x00000000010040fc                alt_irq_handler
 .exceptions    0x00000000010041d0       0x60 ../WAT_TEST_bsp/\libucosii_bsp.a(alt_instruction_exception_entry.o)
                0x00000000010041d0                alt_instruction_exception_entry
                [!provide]                        PROVIDE (__ram_exceptions_end, ABSOLUTE (.))
                [!provide]                        PROVIDE (__flash_exceptions_start, LOADADDR (.exceptions))

.text           0x0000000000800000     0xc778
                [!provide]                        PROVIDE (stext, ABSOLUTE (.))
 *(.interp)
 *(.hash)
 *(.dynsym)
 *(.dynstr)
 *(.gnu.version)
 *(.gnu.version_d)
 *(.gnu.version_r)
 *(.rel.init)
 *(.rela.init)
 *(.rel.text .rel.text.* .rel.gnu.linkonce.t.*)
 *(.rela.text .rela.text.* .rela.gnu.linkonce.t.*)
 *(.rel.fini)
 *(.rela.fini)
 *(.rel.rodata .rel.rodata.* .rel.gnu.linkonce.r.*)
 *(.rela.rodata .rela.rodata.* .rela.gnu.linkonce.r.*)
 *(.rel.data .rel.data.* .rel.gnu.linkonce.d.*)
 *(.rela.data .rela.data.* .rela.gnu.linkonce.d.*)
 *(.rel.tdata .rel.tdata.* .rel.gnu.linkonce.td.*)
 *(.rela.tdata .rela.tdata.* .rela.gnu.linkonce.td.*)
 *(.rel.tbss .rel.tbss.* .rel.gnu.linkonce.tb.*)
 *(.rela.tbss .rela.tbss.* .rela.gnu.linkonce.tb.*)
 *(.rel.ctors)
 *(.rela.ctors)
 *(.rel.dtors)
 *(.rela.dtors)
 *(.rel.got)
 *(.rela.got)
 *(.rel.sdata .rel.sdata.* .rel.gnu.linkonce.s.*)
 *(.rela.sdata .rela.sdata.* .rela.gnu.linkonce.s.*)
 *(.rel.sbss .rel.sbss.* .rel.gnu.linkonce.sb.*)
 *(.rela.sbss .rela.sbss.* .rela.gnu.linkonce.sb.*)
 *(.rel.sdata2 .rel.sdata2.* .rel.gnu.linkonce.s2.*)
 *(.rela.sdata2 .rela.sdata2.* .rela.gnu.linkonce.s2.*)
 *(.rel.sbss2 .rel.sbss2.* .rel.gnu.linkonce.sb2.*)
 *(.rela.sbss2 .rela.sbss2.* .rela.gnu.linkonce.sb2.*)
 *(.rel.bss .rel.bss.* .rel.gnu.linkonce.b.*)
 *(.rela.bss .rela.bss.* .rela.gnu.linkonce.b.*)
 *(.rel.plt)
 *(.rela.plt)
 *(.rel.dyn)
 *(.init)
 *(.plt)
 *(.text .stub .text.* .gnu.linkonce.t.*)
 .text          0x0000000000800000       0x38 ../WAT_TEST_bsp//obj/HAL/src/crt0.o
                0x0000000000800000                _start
 .text          0x0000000000800038      0x128 obj/default/wat_test.o
                0x0000000000800038                motor_test
                0x000000000080004c                camera_test
                0x0000000000800060                wifi_test
                0x0000000000800074                main
 .text          0x0000000000800160       0xbc ../WAT_TEST_bsp/\libucosii_bsp.a(alt_main.o)
                0x0000000000800160                alt_main
 .text          0x000000000080021c      0x124 ../WAT_TEST_bsp/\libucosii_bsp.a(alt_env_lock.o)
                0x000000000080021c                __env_lock
                0x00000000008002e0                __env_unlock
 .text          0x0000000000800340      0x1ec ../WAT_TEST_bsp/\libucosii_bsp.a(alt_malloc_lock.o)
                0x0000000000800340                __malloc_lock
                0x0000000000800460                __malloc_unlock
 .text          0x000000000080052c     0x2014 ../WAT_TEST_bsp/\libucosii_bsp.a(os_core.o)
                0x000000000080052c                OSEventNameGet
                0x000000000080064c                OSEventNameSet
                0x000000000080078c                OSEventPendMulti
                0x0000000000800d9c                OSInit
                0x0000000000800df4                OSIntEnter
                0x0000000000800e40                OSIntExit
                0x0000000000800f38                OSSchedLock
                0x0000000000800fc4                OSSchedUnlock
                0x00000000008010a0                OSStart
                0x0000000000801110                OSStatInit
                0x00000000008011c0                OSTimeTick
                0x00000000008013e0                OSVersion
                0x0000000000801400                OS_Dummy
                0x0000000000801420                OS_EventTaskRdy
                0x00000000008015b8                OS_EventTaskWait
                0x00000000008016c8                OS_EventTaskWaitMulti
                0x0000000000801818                OS_EventTaskRemove
                0x00000000008018d0                OS_EventTaskRemoveMulti
                0x00000000008019d0                OS_EventWaitListInit
                0x0000000000801db0                OS_MemClr
                0x0000000000801e04                OS_MemCopy
                0x0000000000801e6c                OS_Sched
                0x0000000000801fb0                OS_StrCopy
                0x0000000000802024                OS_StrLen
                0x0000000000802078                OS_TaskIdle
                0x00000000008020d4                OS_TaskStat
                0x00000000008021a0                OS_TaskStatStkChk
                0x000000000080226c                OS_TCBInit
 .text          0x0000000000802540      0x190 ../WAT_TEST_bsp/\libucosii_bsp.a(os_dbg.o)
                0x0000000000802540                OSDebugInit
 .text          0x00000000008026d0     0x1714 ../WAT_TEST_bsp/\libucosii_bsp.a(os_flag.o)
                0x00000000008026d0                OSFlagAccept
                0x00000000008029d8                OSFlagCreate
                0x0000000000802ae0                OSFlagDel
                0x0000000000802d28                OSFlagNameGet
                0x0000000000802e50                OSFlagNameSet
                0x0000000000802f9c                OSFlagPend
                0x0000000000803554                OSFlagPendGetFlagsRdy
                0x00000000008035b4                OSFlagPost
                0x0000000000803948                OSFlagQuery
                0x0000000000803b6c                OS_FlagInit
                0x0000000000803d40                OS_FlagUnlink
 .text          0x0000000000803de4      0x760 ../WAT_TEST_bsp/\libucosii_bsp.a(os_mem.o)
                0x0000000000803de4                OSMemCreate
                0x0000000000803fb8                OSMemGet
                0x00000000008040a8                OSMemNameGet
                0x0000000000804198                OSMemNameSet
                0x00000000008042ac                OSMemPut
                0x0000000000804384                OSMemQuery
                0x000000000080446c                OS_MemInit
 .text          0x0000000000804544     0x1104 ../WAT_TEST_bsp/\libucosii_bsp.a(os_q.o)
                0x0000000000804544                OSQAccept
                0x0000000000804684                OSQCreate
                0x0000000000804830                OSQDel
                0x0000000000804ab0                OSQFlush
                0x0000000000804b68                OSQPend
                0x0000000000804df4                OSQPendAbort
                0x0000000000804f60                OSQPost
                0x00000000008050c8                OSQPostFront
                0x0000000000805238                OSQPostOpt
                0x0000000000805444                OSQQuery
                0x00000000008055a0                OS_QInit
 .text          0x0000000000805648      0xa60 ../WAT_TEST_bsp/\libucosii_bsp.a(os_sem.o)
                0x0000000000805648                OSSemAccept
                0x00000000008056f8                OSSemCreate
                0x00000000008057d0                OSSemDel
                0x0000000000805a10                OSSemPend
                0x0000000000805c1c                OSSemPendAbort
                0x0000000000805d88                OSSemPost
                0x0000000000805e98                OSSemQuery
                0x0000000000805fa8                OSSemSet
 .text          0x00000000008060a8     0x176c ../WAT_TEST_bsp/\libucosii_bsp.a(os_task.o)
                0x00000000008060a8                OSTaskChangePrio
                0x0000000000806598                OSTaskCreate
                0x0000000000806744                OSTaskCreateExt
                0x0000000000806928                OSTaskDel
                0x0000000000806c6c                OSTaskDelReq
                0x0000000000806dbc                OSTaskNameGet
                0x0000000000806f54                OSTaskNameSet
                0x0000000000807108                OSTaskResume
                0x00000000008072dc                OSTaskStkChk
                0x000000000080749c                OSTaskSuspend
                0x0000000000807680                OSTaskQuery
                0x00000000008077a4                OS_TaskStkClr
 .text          0x0000000000807814      0x510 ../WAT_TEST_bsp/\libucosii_bsp.a(os_time.o)
                0x0000000000807814                OSTimeDly
                0x0000000000807918                OSTimeDlyHMSM
                0x0000000000807a94                OSTimeDlyResume
                0x0000000000807c68                OSTimeGet
                0x0000000000807cc4                OSTimeSet
 .text          0x0000000000807d24      0x11c ../WAT_TEST_bsp/\libucosii_bsp.a(alt_sys_init.o)
                0x0000000000807d58                alt_irq_init
                0x0000000000807d90                alt_sys_init
 .text          0x0000000000807e40      0xafc ../WAT_TEST_bsp/\libucosii_bsp.a(altera_avalon_epcs_flash_controller.o)
                0x0000000000807e74                alt_epcs_flash_init
                0x00000000008083ac                alt_epcs_flash_write
                0x000000000080860c                alt_epcs_flash_get_info
                0x000000000080872c                alt_epcs_flash_erase_block
                0x00000000008087a4                alt_epcs_flash_write_block
                0x00000000008088a4                alt_epcs_flash_read
 .text          0x000000000080893c      0x164 ../WAT_TEST_bsp/\libucosii_bsp.a(altera_avalon_jtag_uart_fd.o)
                0x000000000080893c                altera_avalon_jtag_uart_read_fd
                0x000000000080899c                altera_avalon_jtag_uart_write_fd
                0x00000000008089fc                altera_avalon_jtag_uart_close_fd
                0x0000000000808a4c                altera_avalon_jtag_uart_ioctl_fd
 .text          0x0000000000808aa0      0x558 ../WAT_TEST_bsp/\libucosii_bsp.a(altera_avalon_jtag_uart_init.o)
                0x0000000000808aa0                altera_avalon_jtag_uart_init
                0x0000000000808f90                altera_avalon_jtag_uart_close
 .text          0x0000000000808ff8       0xf0 ../WAT_TEST_bsp/\libucosii_bsp.a(altera_avalon_jtag_uart_ioctl.o)
                0x0000000000808ff8                altera_avalon_jtag_uart_ioctl
 .text          0x00000000008090e8      0x2bc ../WAT_TEST_bsp/\libucosii_bsp.a(altera_avalon_jtag_uart_read.o)
                0x00000000008090e8                altera_avalon_jtag_uart_read
 .text          0x00000000008093a4      0x2c4 ../WAT_TEST_bsp/\libucosii_bsp.a(altera_avalon_jtag_uart_write.o)
                0x00000000008093a4                altera_avalon_jtag_uart_write
 .text          0x0000000000809668       0xf4 ../WAT_TEST_bsp/\libucosii_bsp.a(altera_avalon_timer_sc.o)
                0x00000000008096e0                alt_avalon_timer_sc_init
 .text          0x000000000080975c      0x110 ../WAT_TEST_bsp/\libucosii_bsp.a(altera_avalon_uart_fd.o)
                0x000000000080975c                altera_avalon_uart_read_fd
                0x00000000008097bc                altera_avalon_uart_write_fd
                0x000000000080981c                altera_avalon_uart_close_fd
 .text          0x000000000080986c      0x52c ../WAT_TEST_bsp/\libucosii_bsp.a(altera_avalon_uart_init.o)
                0x000000000080986c                altera_avalon_uart_init
                0x0000000000809d44                altera_avalon_uart_close
 .text          0x0000000000809d98      0x2a4 ../WAT_TEST_bsp/\libucosii_bsp.a(altera_avalon_uart_read.o)
                0x0000000000809dd4                altera_avalon_uart_read
 .text          0x000000000080a03c      0x274 ../WAT_TEST_bsp/\libucosii_bsp.a(altera_avalon_uart_write.o)
                0x000000000080a078                altera_avalon_uart_write
 .text          0x000000000080a2b0      0x63c ../WAT_TEST_bsp/\libucosii_bsp.a(epcs_commands.o)
                0x000000000080a2b0                epcs_read_status_register
                0x000000000080a380                epcs_sector_erase
                0x000000000080a47c                epcs_read_buffer
                0x000000000080a570                epcs_write_enable
                0x000000000080a5c4                epcs_write_status_register
                0x000000000080a630                epcs_write_buffer
                0x000000000080a74c                epcs_read_electronic_signature
                0x000000000080a7b4                epcs_read_device_id
                0x000000000080a834                epcs_enter_4_bytes_mode
                0x000000000080a890                epcs_exit_4_bytes_mode
 .text          0x000000000080a8ec      0x12c ../WAT_TEST_bsp/\libucosii_bsp.a(alt_alarm_start.o)
                0x000000000080a8ec                alt_alarm_start
 .text          0x000000000080aa18      0x114 ../WAT_TEST_bsp/\libucosii_bsp.a(alt_close.o)
                0x000000000080aa54                close
 .text          0x000000000080ab2c       0x2c ../WAT_TEST_bsp/\libucosii_bsp.a(alt_dev.o)
 .text          0x000000000080ab58       0xe0 ../WAT_TEST_bsp/\libucosii_bsp.a(alt_dev_llist_insert.o)
                0x000000000080ab94                alt_dev_llist_insert
 .text          0x000000000080ac38       0x60 ../WAT_TEST_bsp/\libucosii_bsp.a(alt_do_ctors.o)
                0x000000000080ac38                _do_ctors
 .text          0x000000000080ac98       0x60 ../WAT_TEST_bsp/\libucosii_bsp.a(alt_do_dtors.o)
                0x000000000080ac98                _do_dtors
 .text          0x000000000080acf8        0x0 ../WAT_TEST_bsp/\libucosii_bsp.a(alt_errno.o)
 .text          0x000000000080acf8       0xbc ../WAT_TEST_bsp/\libucosii_bsp.a(alt_flash_dev.o)
                0x000000000080acf8                alt_flash_open_dev
                0x000000000080ad60                alt_flash_close_dev
 .text          0x000000000080adb4      0x1b0 ../WAT_TEST_bsp/\libucosii_bsp.a(alt_iic.o)
                0x000000000080adb4                alt_ic_isr_register
                0x000000000080ae04                alt_ic_irq_enable
                0x000000000080ae8c                alt_ic_irq_disable
                0x000000000080af18                alt_ic_irq_enabled
 .text          0x000000000080af64       0xf0 ../WAT_TEST_bsp/\libucosii_bsp.a(alt_iic_isr_register.o)
                0x000000000080af64                alt_iic_isr_register
 .text          0x000000000080b054      0x160 ../WAT_TEST_bsp/\libucosii_bsp.a(alt_io_redirect.o)
                0x000000000080b138                alt_io_redirect
 .text          0x000000000080b1b4        0x0 ../WAT_TEST_bsp/\libucosii_bsp.a(alt_irq_entry.o)
 .text          0x000000000080b1b4        0x0 ../WAT_TEST_bsp/\libucosii_bsp.a(alt_irq_handler.o)
 .text          0x000000000080b1b4        0x0 ../WAT_TEST_bsp/\libucosii_bsp.a(alt_irq_vars.o)
 .text          0x000000000080b1b4      0x284 ../WAT_TEST_bsp/\libucosii_bsp.a(alt_open.o)
                0x000000000080b2dc                open
 .text          0x000000000080b438       0x84 ../WAT_TEST_bsp/\libucosii_bsp.a(alt_release_fd.o)
                0x000000000080b438                alt_release_fd
 .text          0x000000000080b4bc      0x1a4 ../WAT_TEST_bsp/\libucosii_bsp.a(alt_tick.o)
                0x000000000080b4bc                alt_alarm_stop
                0x000000000080b558                alt_tick
 .text          0x000000000080b660       0x24 ../WAT_TEST_bsp/\libucosii_bsp.a(altera_nios2_gen2_irq.o)
                0x000000000080b660                altera_nios2_gen2_irq_init
 .text          0x000000000080b684       0xd0 ../WAT_TEST_bsp/\libucosii_bsp.a(os_cpu_a.o)
                0x000000000080b684                OSCtxSw
                0x000000000080b684                OSIntCtxSw
                0x000000000080b710                OSStartHighRdy
                0x000000000080b730                OSStartTsk
 .text          0x000000000080b754      0x288 ../WAT_TEST_bsp/\libucosii_bsp.a(os_cpu_c.o)
                0x000000000080b754                OSTaskStkInit
                0x000000000080b8b0                OSTaskCreateHook
                0x000000000080b8d4                OSTaskDelHook
                0x000000000080b8f8                OSTaskSwHook
                0x000000000080b918                OSTaskStatHook
                0x000000000080b938                OSTimeTickHook
                0x000000000080b958                OSInitHookBegin
                0x000000000080b978                OSInitHookEnd
                0x000000000080b998                OSTaskIdleHook
                0x000000000080b9b8                OSTCBInitHook
 .text          0x000000000080b9dc      0x1fc ../WAT_TEST_bsp/\libucosii_bsp.a(altera_avalon_spi.o)
                0x000000000080b9dc                alt_avalon_spi_command
 .text          0x000000000080bbd8        0x0 ../WAT_TEST_bsp/\libucosii_bsp.a(alt_exception_entry.o)
 .text          0x000000000080bbd8       0x90 ../WAT_TEST_bsp/\libucosii_bsp.a(alt_find_dev.o)
                0x000000000080bbd8                alt_find_dev
 .text          0x000000000080bc68      0x108 ../WAT_TEST_bsp/\libucosii_bsp.a(alt_find_file.o)
                0x000000000080bc68                alt_find_file
 .text          0x000000000080bd70       0xf4 ../WAT_TEST_bsp/\libucosii_bsp.a(alt_get_fd.o)
                0x000000000080bd70                alt_get_fd
 .text          0x000000000080be64       0x9c ../WAT_TEST_bsp/\libucosii_bsp.a(alt_instruction_exception_entry.o)
                0x000000000080be64                alt_exception_cause_generated_bad_addr
 .text          0x000000000080bf00        0x0 c:/intelfpga_lite/16.1/nios2eds/bin/gnu/h-x86_64-mingw32/bin/../lib/gcc/nios2-elf/5.3.0/../../../../../H-x86_64-mingw32/nios2-elf/lib/mno-hw-mul\libc.a(lib_a-atexit.o)
 .text.atexit   0x000000000080bf00       0x14 c:/intelfpga_lite/16.1/nios2eds/bin/gnu/h-x86_64-mingw32/bin/../lib/gcc/nios2-elf/5.3.0/../../../../../H-x86_64-mingw32/nios2-elf/lib/mno-hw-mul\libc.a(lib_a-atexit.o)
                0x000000000080bf00                atexit
 .text          0x000000000080bf14        0x0 c:/intelfpga_lite/16.1/nios2eds/bin/gnu/h-x86_64-mingw32/bin/../lib/gcc/nios2-elf/5.3.0/../../../../../H-x86_64-mingw32/nios2-elf/lib/mno-hw-mul\libc.a(lib_a-exit.o)
 .text.exit     0x000000000080bf14       0x38 c:/intelfpga_lite/16.1/nios2eds/bin/gnu/h-x86_64-mingw32/bin/../lib/gcc/nios2-elf/5.3.0/../../../../../H-x86_64-mingw32/nios2-elf/lib/mno-hw-mul\libc.a(lib_a-exit.o)
                0x000000000080bf14                exit
 .text          0x000000000080bf4c        0x0 c:/intelfpga_lite/16.1/nios2eds/bin/gnu/h-x86_64-mingw32/bin/../lib/gcc/nios2-elf/5.3.0/../../../../../H-x86_64-mingw32/nios2-elf/lib/mno-hw-mul\libc.a(lib_a-impure.o)
 .text          0x000000000080bf4c        0x0 c:/intelfpga_lite/16.1/nios2eds/bin/gnu/h-x86_64-mingw32/bin/../lib/gcc/nios2-elf/5.3.0/../../../../../H-x86_64-mingw32/nios2-elf/lib/mno-hw-mul\libc.a(lib_a-int_errno.o)
 .text          0x000000000080bf4c        0x0 c:/intelfpga_lite/16.1/nios2eds/bin/gnu/h-x86_64-mingw32/bin/../lib/gcc/nios2-elf/5.3.0/../../../../../H-x86_64-mingw32/nios2-elf/lib/mno-hw-mul\libc.a(lib_a-memcmp.o)
 .text.memcmp   0x000000000080bf4c       0x7c c:/intelfpga_lite/16.1/nios2eds/bin/gnu/h-x86_64-mingw32/bin/../lib/gcc/nios2-elf/5.3.0/../../../../../H-x86_64-mingw32/nios2-elf/lib/mno-hw-mul\libc.a(lib_a-memcmp.o)
                0x000000000080bf4c                memcmp
 .text          0x000000000080bfc8        0x0 c:/intelfpga_lite/16.1/nios2eds/bin/gnu/h-x86_64-mingw32/bin/../lib/gcc/nios2-elf/5.3.0/../../../../../H-x86_64-mingw32/nios2-elf/lib/mno-hw-mul\libc.a(lib_a-memcpy.o)
 .text.memcpy   0x000000000080bfc8      0x148 c:/intelfpga_lite/16.1/nios2eds/bin/gnu/h-x86_64-mingw32/bin/../lib/gcc/nios2-elf/5.3.0/../../../../../H-x86_64-mingw32/nios2-elf/lib/mno-hw-mul\libc.a(lib_a-memcpy.o)
                0x000000000080bfc8                memcpy
 .text          0x000000000080c110        0x0 c:/intelfpga_lite/16.1/nios2eds/bin/gnu/h-x86_64-mingw32/bin/../lib/gcc/nios2-elf/5.3.0/../../../../../H-x86_64-mingw32/nios2-elf/lib/mno-hw-mul\libc.a(lib_a-memset.o)
 .text.memset   0x000000000080c110      0x128 c:/intelfpga_lite/16.1/nios2eds/bin/gnu/h-x86_64-mingw32/bin/../lib/gcc/nios2-elf/5.3.0/../../../../../H-x86_64-mingw32/nios2-elf/lib/mno-hw-mul\libc.a(lib_a-memset.o)
                0x000000000080c110                memset
 .text          0x000000000080c238        0x0 c:/intelfpga_lite/16.1/nios2eds/bin/gnu/h-x86_64-mingw32/bin/../lib/gcc/nios2-elf/5.3.0/../../../../../H-x86_64-mingw32/nios2-elf/lib/mno-hw-mul\libc.a(lib_a-strlen.o)
 .text.strlen   0x000000000080c238       0x98 c:/intelfpga_lite/16.1/nios2eds/bin/gnu/h-x86_64-mingw32/bin/../lib/gcc/nios2-elf/5.3.0/../../../../../H-x86_64-mingw32/nios2-elf/lib/mno-hw-mul\libc.a(lib_a-strlen.o)
                0x000000000080c238                strlen
 .text          0x000000000080c2d0        0x0 c:/intelfpga_lite/16.1/nios2eds/bin/gnu/h-x86_64-mingw32/bin/../lib/gcc/nios2-elf/5.3.0/../../../../../H-x86_64-mingw32/nios2-elf/lib/mno-hw-mul\libc.a(lib_a-__atexit.o)
 .text.__register_exitproc
                0x000000000080c2d0      0x118 c:/intelfpga_lite/16.1/nios2eds/bin/gnu/h-x86_64-mingw32/bin/../lib/gcc/nios2-elf/5.3.0/../../../../../H-x86_64-mingw32/nios2-elf/lib/mno-hw-mul\libc.a(lib_a-__atexit.o)
                0x000000000080c2d0                __register_exitproc
 .text          0x000000000080c3e8        0x0 c:/intelfpga_lite/16.1/nios2eds/bin/gnu/h-x86_64-mingw32/bin/../lib/gcc/nios2-elf/5.3.0/../../../../../H-x86_64-mingw32/nios2-elf/lib/mno-hw-mul\libc.a(lib_a-__call_atexit.o)
 .text.__call_exitprocs
                0x000000000080c3e8      0x180 c:/intelfpga_lite/16.1/nios2eds/bin/gnu/h-x86_64-mingw32/bin/../lib/gcc/nios2-elf/5.3.0/../../../../../H-x86_64-mingw32/nios2-elf/lib/mno-hw-mul\libc.a(lib_a-__call_atexit.o)
                0x000000000080c3e8                __call_exitprocs
 .text          0x000000000080c568      0x1b4 c:/intelfpga_lite/16.1/nios2eds/bin/gnu/h-x86_64-mingw32/bin/../lib/gcc/nios2-elf/5.3.0/mno-hw-mul\libgcc.a(lib2-divmod.o)
                0x000000000080c568                __divsi3
                0x000000000080c5ec                __modsi3
                0x000000000080c660                __udivsi3
                0x000000000080c6c4                __umodsi3
 .text          0x000000000080c71c       0x28 c:/intelfpga_lite/16.1/nios2eds/bin/gnu/h-x86_64-mingw32/bin/../lib/gcc/nios2-elf/5.3.0/mno-hw-mul\libgcc.a(lib2-mul.o)
                0x000000000080c71c                __mulsi3
 .text          0x000000000080c744       0x34 ../WAT_TEST_bsp/\libucosii_bsp.a(alt_exit.o)
                0x000000000080c744                _exit
 *(.gnu.warning.*)
 *(.fini)
                [!provide]                        PROVIDE (__etext, ABSOLUTE (.))
                [!provide]                        PROVIDE (_etext, ABSOLUTE (.))
                [!provide]                        PROVIDE (etext, ABSOLUTE (.))
 *(.eh_frame_hdr)
                0x000000000080c778                . = ALIGN (0x4)
                [!provide]                        PROVIDE (__preinit_array_start, ABSOLUTE (.))
 *(.preinit_array)
                [!provide]                        PROVIDE (__preinit_array_end, ABSOLUTE (.))
                [!provide]                        PROVIDE (__init_array_start, ABSOLUTE (.))
 *(.init_array)
                [!provide]                        PROVIDE (__init_array_end, ABSOLUTE (.))
                [!provide]                        PROVIDE (__fini_array_start, ABSOLUTE (.))
 *(.fini_array)
                [!provide]                        PROVIDE (__fini_array_end, ABSOLUTE (.))
 *(.eh_frame)
 *(.gcc_except_table .gcc_except_table.*)
 *(.dynamic)
                0x000000000080c778                PROVIDE (__CTOR_LIST__, ABSOLUTE (.))
 *(.ctors)
 *(SORT(.ctors.*))
                0x000000000080c778                PROVIDE (__CTOR_END__, ABSOLUTE (.))
                0x000000000080c778                PROVIDE (__DTOR_LIST__, ABSOLUTE (.))
 *(.dtors)
 *(SORT(.dtors.*))
                0x000000000080c778                PROVIDE (__DTOR_END__, ABSOLUTE (.))
 *(.jcr)
                0x000000000080c778                . = ALIGN (0x4)

.rodata         0x000000000080c778      0x19c
                [!provide]                        PROVIDE (__ram_rodata_start, ABSOLUTE (.))
                0x000000000080c778                . = ALIGN (0x4)
 *(.rodata .rodata.* .gnu.linkonce.r.*)
 .rodata        0x000000000080c778       0x11 ../WAT_TEST_bsp/\libucosii_bsp.a(alt_main.o)
 *fill*         0x000000000080c789        0x3 
 .rodata        0x000000000080c78c      0x11e ../WAT_TEST_bsp/\libucosii_bsp.a(os_core.o)
                0x000000000080c78c                OSUnMapTbl
 *fill*         0x000000000080c8aa        0x2 
 .rodata        0x000000000080c8ac       0x53 ../WAT_TEST_bsp/\libucosii_bsp.a(alt_sys_init.o)
 *fill*         0x000000000080c8ff        0x1 
 .rodata        0x000000000080c900        0xa ../WAT_TEST_bsp/\libucosii_bsp.a(alt_dev.o)
 *fill*         0x000000000080c90a        0x2 
 .rodata        0x000000000080c90c        0x2 ../WAT_TEST_bsp/\libucosii_bsp.a(os_cpu_c.o)
 *fill*         0x000000000080c90e        0x2 
 .rodata.str1.4
                0x000000000080c910        0x4 c:/intelfpga_lite/16.1/nios2eds/bin/gnu/h-x86_64-mingw32/bin/../lib/gcc/nios2-elf/5.3.0/../../../../../H-x86_64-mingw32/nios2-elf/lib/mno-hw-mul\libc.a(lib_a-impure.o)
                                          0x2 (size before relaxing)
 *(.rodata1)
                0x000000000080c914                . = ALIGN (0x4)
                [!provide]                        PROVIDE (__ram_rodata_end, ABSOLUTE (.))
                [!provide]                        PROVIDE (__flash_rodata_start, LOADADDR (.rodata))

.rwdata         0x000000000080c914     0x1954
                [!provide]                        PROVIDE (__ram_rwdata_start, ABSOLUTE (.))
                0x000000000080c914                . = ALIGN (0x4)
 *(.got.plt)
 *(.got)
 *(.data1)
 *(.data .data.* .gnu.linkonce.d.*)
 .data          0x000000000080c914        0x0 ../WAT_TEST_bsp//obj/HAL/src/crt0.o
 .data          0x000000000080c914        0x0 obj/default/wat_test.o
 .data          0x000000000080c914        0x0 ../WAT_TEST_bsp/\libucosii_bsp.a(alt_main.o)
 .data          0x000000000080c914        0x0 ../WAT_TEST_bsp/\libucosii_bsp.a(alt_env_lock.o)
 .data          0x000000000080c914        0x0 ../WAT_TEST_bsp/\libucosii_bsp.a(alt_malloc_lock.o)
 .data          0x000000000080c914        0x0 ../WAT_TEST_bsp/\libucosii_bsp.a(os_core.o)
 .data          0x000000000080c914        0x0 ../WAT_TEST_bsp/\libucosii_bsp.a(os_dbg.o)
 .data          0x000000000080c914        0x0 ../WAT_TEST_bsp/\libucosii_bsp.a(os_flag.o)
 .data          0x000000000080c914        0x0 ../WAT_TEST_bsp/\libucosii_bsp.a(os_mem.o)
 .data          0x000000000080c914        0x0 ../WAT_TEST_bsp/\libucosii_bsp.a(os_q.o)
 .data          0x000000000080c914        0x0 ../WAT_TEST_bsp/\libucosii_bsp.a(os_sem.o)
 .data          0x000000000080c914        0x0 ../WAT_TEST_bsp/\libucosii_bsp.a(os_task.o)
 .data          0x000000000080c914        0x0 ../WAT_TEST_bsp/\libucosii_bsp.a(os_time.o)
 .data          0x000000000080c914     0x12d8 ../WAT_TEST_bsp/\libucosii_bsp.a(alt_sys_init.o)
 .data          0x000000000080dbec        0x0 ../WAT_TEST_bsp/\libucosii_bsp.a(altera_avalon_epcs_flash_controller.o)
 .data          0x000000000080dbec        0x0 ../WAT_TEST_bsp/\libucosii_bsp.a(altera_avalon_jtag_uart_fd.o)
 .data          0x000000000080dbec        0x0 ../WAT_TEST_bsp/\libucosii_bsp.a(altera_avalon_jtag_uart_init.o)
 .data          0x000000000080dbec        0x0 ../WAT_TEST_bsp/\libucosii_bsp.a(altera_avalon_jtag_uart_ioctl.o)
 .data          0x000000000080dbec        0x0 ../WAT_TEST_bsp/\libucosii_bsp.a(altera_avalon_jtag_uart_read.o)
 .data          0x000000000080dbec        0x0 ../WAT_TEST_bsp/\libucosii_bsp.a(altera_avalon_jtag_uart_write.o)
 .data          0x000000000080dbec        0x0 ../WAT_TEST_bsp/\libucosii_bsp.a(altera_avalon_timer_sc.o)
 .data          0x000000000080dbec        0x0 ../WAT_TEST_bsp/\libucosii_bsp.a(altera_avalon_uart_fd.o)
 .data          0x000000000080dbec        0x0 ../WAT_TEST_bsp/\libucosii_bsp.a(altera_avalon_uart_init.o)
 .data          0x000000000080dbec        0x0 ../WAT_TEST_bsp/\libucosii_bsp.a(altera_avalon_uart_read.o)
 .data          0x000000000080dbec        0x0 ../WAT_TEST_bsp/\libucosii_bsp.a(altera_avalon_uart_write.o)
 .data          0x000000000080dbec        0x0 ../WAT_TEST_bsp/\libucosii_bsp.a(epcs_commands.o)
 .data          0x000000000080dbec        0x0 ../WAT_TEST_bsp/\libucosii_bsp.a(alt_alarm_start.o)
 .data          0x000000000080dbec        0x0 ../WAT_TEST_bsp/\libucosii_bsp.a(alt_close.o)
 .data          0x000000000080dbec      0x1a8 ../WAT_TEST_bsp/\libucosii_bsp.a(alt_dev.o)
                0x000000000080dbec                alt_dev_null
                0x000000000080dc14                alt_fd_list
 .data          0x000000000080dd94        0x0 ../WAT_TEST_bsp/\libucosii_bsp.a(alt_dev_llist_insert.o)
 .data          0x000000000080dd94        0x0 ../WAT_TEST_bsp/\libucosii_bsp.a(alt_do_ctors.o)
 .data          0x000000000080dd94        0x0 ../WAT_TEST_bsp/\libucosii_bsp.a(alt_do_dtors.o)
 .data          0x000000000080dd94        0x0 ../WAT_TEST_bsp/\libucosii_bsp.a(alt_errno.o)
 .data          0x000000000080dd94        0x0 ../WAT_TEST_bsp/\libucosii_bsp.a(alt_flash_dev.o)
 .data          0x000000000080dd94        0x0 ../WAT_TEST_bsp/\libucosii_bsp.a(alt_iic.o)
 .data          0x000000000080dd94        0x0 ../WAT_TEST_bsp/\libucosii_bsp.a(alt_iic_isr_register.o)
 .data          0x000000000080dd94        0x0 ../WAT_TEST_bsp/\libucosii_bsp.a(alt_io_redirect.o)
 .data          0x000000000080dd94        0x0 ../WAT_TEST_bsp/\libucosii_bsp.a(alt_irq_entry.o)
 .data          0x000000000080dd94        0x0 ../WAT_TEST_bsp/\libucosii_bsp.a(alt_irq_handler.o)
 .data          0x000000000080dd94        0x0 ../WAT_TEST_bsp/\libucosii_bsp.a(alt_irq_vars.o)
 .data          0x000000000080dd94        0x0 ../WAT_TEST_bsp/\libucosii_bsp.a(alt_open.o)
 .data          0x000000000080dd94        0x0 ../WAT_TEST_bsp/\libucosii_bsp.a(alt_release_fd.o)
 .data          0x000000000080dd94        0x0 ../WAT_TEST_bsp/\libucosii_bsp.a(alt_tick.o)
 .data          0x000000000080dd94        0x0 ../WAT_TEST_bsp/\libucosii_bsp.a(altera_nios2_gen2_irq.o)
 .data          0x000000000080dd94        0x0 ../WAT_TEST_bsp/\libucosii_bsp.a(os_cpu_a.o)
 .data          0x000000000080dd94        0x0 ../WAT_TEST_bsp/\libucosii_bsp.a(os_cpu_c.o)
 .data          0x000000000080dd94        0x0 ../WAT_TEST_bsp/\libucosii_bsp.a(altera_avalon_spi.o)
 .data          0x000000000080dd94        0x0 ../WAT_TEST_bsp/\libucosii_bsp.a(alt_exception_entry.o)
 .data          0x000000000080dd94        0x0 ../WAT_TEST_bsp/\libucosii_bsp.a(alt_find_dev.o)
 .data          0x000000000080dd94        0x0 ../WAT_TEST_bsp/\libucosii_bsp.a(alt_find_file.o)
 .data          0x000000000080dd94        0x0 ../WAT_TEST_bsp/\libucosii_bsp.a(alt_get_fd.o)
 .data          0x000000000080dd94        0x0 ../WAT_TEST_bsp/\libucosii_bsp.a(alt_instruction_exception_entry.o)
 .data          0x000000000080dd94        0x0 c:/intelfpga_lite/16.1/nios2eds/bin/gnu/h-x86_64-mingw32/bin/../lib/gcc/nios2-elf/5.3.0/../../../../../H-x86_64-mingw32/nios2-elf/lib/mno-hw-mul\libc.a(lib_a-atexit.o)
 .data          0x000000000080dd94        0x0 c:/intelfpga_lite/16.1/nios2eds/bin/gnu/h-x86_64-mingw32/bin/../lib/gcc/nios2-elf/5.3.0/../../../../../H-x86_64-mingw32/nios2-elf/lib/mno-hw-mul\libc.a(lib_a-exit.o)
 .data          0x000000000080dd94        0x0 c:/intelfpga_lite/16.1/nios2eds/bin/gnu/h-x86_64-mingw32/bin/../lib/gcc/nios2-elf/5.3.0/../../../../../H-x86_64-mingw32/nios2-elf/lib/mno-hw-mul\libc.a(lib_a-impure.o)
 .data.impure_data
                0x000000000080dd94      0x424 c:/intelfpga_lite/16.1/nios2eds/bin/gnu/h-x86_64-mingw32/bin/../lib/gcc/nios2-elf/5.3.0/../../../../../H-x86_64-mingw32/nios2-elf/lib/mno-hw-mul\libc.a(lib_a-impure.o)
 .data          0x000000000080e1b8        0x0 c:/intelfpga_lite/16.1/nios2eds/bin/gnu/h-x86_64-mingw32/bin/../lib/gcc/nios2-elf/5.3.0/../../../../../H-x86_64-mingw32/nios2-elf/lib/mno-hw-mul\libc.a(lib_a-int_errno.o)
 .data          0x000000000080e1b8        0x0 c:/intelfpga_lite/16.1/nios2eds/bin/gnu/h-x86_64-mingw32/bin/../lib/gcc/nios2-elf/5.3.0/../../../../../H-x86_64-mingw32/nios2-elf/lib/mno-hw-mul\libc.a(lib_a-memcmp.o)
 .data          0x000000000080e1b8        0x0 c:/intelfpga_lite/16.1/nios2eds/bin/gnu/h-x86_64-mingw32/bin/../lib/gcc/nios2-elf/5.3.0/../../../../../H-x86_64-mingw32/nios2-elf/lib/mno-hw-mul\libc.a(lib_a-memcpy.o)
 .data          0x000000000080e1b8        0x0 c:/intelfpga_lite/16.1/nios2eds/bin/gnu/h-x86_64-mingw32/bin/../lib/gcc/nios2-elf/5.3.0/../../../../../H-x86_64-mingw32/nios2-elf/lib/mno-hw-mul\libc.a(lib_a-memset.o)
 .data          0x000000000080e1b8        0x0 c:/intelfpga_lite/16.1/nios2eds/bin/gnu/h-x86_64-mingw32/bin/../lib/gcc/nios2-elf/5.3.0/../../../../../H-x86_64-mingw32/nios2-elf/lib/mno-hw-mul\libc.a(lib_a-strlen.o)
 .data          0x000000000080e1b8        0x0 c:/intelfpga_lite/16.1/nios2eds/bin/gnu/h-x86_64-mingw32/bin/../lib/gcc/nios2-elf/5.3.0/../../../../../H-x86_64-mingw32/nios2-elf/lib/mno-hw-mul\libc.a(lib_a-__atexit.o)
 .data          0x000000000080e1b8        0x0 c:/intelfpga_lite/16.1/nios2eds/bin/gnu/h-x86_64-mingw32/bin/../lib/gcc/nios2-elf/5.3.0/../../../../../H-x86_64-mingw32/nios2-elf/lib/mno-hw-mul\libc.a(lib_a-__call_atexit.o)
 .data          0x000000000080e1b8        0x0 c:/intelfpga_lite/16.1/nios2eds/bin/gnu/h-x86_64-mingw32/bin/../lib/gcc/nios2-elf/5.3.0/mno-hw-mul\libgcc.a(lib2-divmod.o)
 .data          0x000000000080e1b8        0x0 c:/intelfpga_lite/16.1/nios2eds/bin/gnu/h-x86_64-mingw32/bin/../lib/gcc/nios2-elf/5.3.0/mno-hw-mul\libgcc.a(lib2-mul.o)
 .data          0x000000000080e1b8        0x0 ../WAT_TEST_bsp/\libucosii_bsp.a(alt_exit.o)
                0x00000000008161b8                _gp = ABSOLUTE ((. + 0x8000))
                [!provide]                        PROVIDE (gp, _gp)
 *(.rwdata .rwdata.*)
 *(.sdata .sdata.* .gnu.linkonce.s.*)
 .sdata         0x000000000080e1b8        0x4 ../WAT_TEST_bsp/\libucosii_bsp.a(alt_env_lock.o)
 .sdata         0x000000000080e1bc        0x4 ../WAT_TEST_bsp/\libucosii_bsp.a(alt_malloc_lock.o)
 .sdata         0x000000000080e1c0       0x72 ../WAT_TEST_bsp/\libucosii_bsp.a(os_dbg.o)
                0x000000000080e1c0                OSDebugEn
                0x000000000080e1c4                OSEndiannessTest
                0x000000000080e1c8                OSEventEn
                0x000000000080e1ca                OSEventMax
                0x000000000080e1cc                OSEventNameSize
                0x000000000080e1ce                OSEventSize
                0x000000000080e1d0                OSEventTblSize
                0x000000000080e1d2                OSEventMultiEn
                0x000000000080e1d4                OSFlagEn
                0x000000000080e1d6                OSFlagGrpSize
                0x000000000080e1d8                OSFlagNodeSize
                0x000000000080e1da                OSFlagWidth
                0x000000000080e1dc                OSFlagMax
                0x000000000080e1de                OSFlagNameSize
                0x000000000080e1e0                OSLowestPrio
                0x000000000080e1e2                OSMboxEn
                0x000000000080e1e4                OSMemEn
                0x000000000080e1e6                OSMemMax
                0x000000000080e1e8                OSMemNameSize
                0x000000000080e1ea                OSMemSize
                0x000000000080e1ec                OSMemTblSize
                0x000000000080e1ee                OSMutexEn
                0x000000000080e1f0                OSPtrSize
                0x000000000080e1f2                OSQEn
                0x000000000080e1f4                OSQMax
                0x000000000080e1f6                OSQSize
                0x000000000080e1f8                OSRdyTblSize
                0x000000000080e1fa                OSSemEn
                0x000000000080e1fc                OSStkWidth
                0x000000000080e1fe                OSTaskCreateEn
                0x000000000080e200                OSTaskCreateExtEn
                0x000000000080e202                OSTaskDelEn
                0x000000000080e204                OSTaskIdleStkSize
                0x000000000080e206                OSTaskProfileEn
                0x000000000080e208                OSTaskMax
                0x000000000080e20a                OSTaskNameSize
                0x000000000080e20c                OSTaskStatEn
                0x000000000080e20e                OSTaskStatStkSize
                0x000000000080e210                OSTaskStatStkChkEn
                0x000000000080e212                OSTaskSwHookEn
                0x000000000080e214                OSTCBPrioTblMax
                0x000000000080e216                OSTCBSize
                0x000000000080e218                OSTicksPerSec
                0x000000000080e21a                OSTimeTickHookEn
                0x000000000080e21c                OSVersionNbr
                0x000000000080e21e                OSTmrEn
                0x000000000080e220                OSTmrCfgMax
                0x000000000080e222                OSTmrCfgNameSize
                0x000000000080e224                OSTmrCfgWheelSize
                0x000000000080e226                OSTmrCfgTicksPerSec
                0x000000000080e228                OSTmrSize
                0x000000000080e22a                OSTmrTblSize
                0x000000000080e22c                OSTmrWheelSize
                0x000000000080e22e                OSTmrWheelTblSize
                0x000000000080e230                OSDataSize
 *fill*         0x000000000080e232        0x2 
 .sdata         0x000000000080e234       0x14 ../WAT_TEST_bsp/\libucosii_bsp.a(alt_dev.o)
                0x000000000080e234                alt_fs_list
                0x000000000080e23c                alt_dev_list
                0x000000000080e244                alt_max_fd
 .sdata         0x000000000080e248        0x4 ../WAT_TEST_bsp/\libucosii_bsp.a(alt_errno.o)
                0x000000000080e248                alt_errno
 .sdata         0x000000000080e24c        0x8 ../WAT_TEST_bsp/\libucosii_bsp.a(alt_flash_dev.o)
                0x000000000080e24c                alt_flash_dev_list
 .sdata         0x000000000080e254        0x4 ../WAT_TEST_bsp/\libucosii_bsp.a(alt_irq_vars.o)
                0x000000000080e254                alt_priority_mask
 .sdata         0x000000000080e258        0x8 ../WAT_TEST_bsp/\libucosii_bsp.a(alt_tick.o)
                0x000000000080e258                alt_alarm_list
 .sdata._global_impure_ptr
                0x000000000080e260        0x4 c:/intelfpga_lite/16.1/nios2eds/bin/gnu/h-x86_64-mingw32/bin/../lib/gcc/nios2-elf/5.3.0/../../../../../H-x86_64-mingw32/nios2-elf/lib/mno-hw-mul\libc.a(lib_a-impure.o)
                0x000000000080e260                _global_impure_ptr
 .sdata._impure_ptr
                0x000000000080e264        0x4 c:/intelfpga_lite/16.1/nios2eds/bin/gnu/h-x86_64-mingw32/bin/../lib/gcc/nios2-elf/5.3.0/../../../../../H-x86_64-mingw32/nios2-elf/lib/mno-hw-mul\libc.a(lib_a-impure.o)
                0x000000000080e264                _impure_ptr
 *(.sdata2 .sdata2.* .gnu.linkonce.s2.*)
                0x000000000080e268                . = ALIGN (0x4)
                0x000000000080e268                _edata = ABSOLUTE (.)
                [!provide]                        PROVIDE (edata, ABSOLUTE (.))
                [!provide]                        PROVIDE (__ram_rwdata_end, ABSOLUTE (.))
                [!provide]                        PROVIDE (__flash_rwdata_start, LOADADDR (.rwdata))

.bss            0x000000000080e268     0x93a8
                0x000000000080e268                __bss_start = ABSOLUTE (.)
                [!provide]                        PROVIDE (__sbss_start, ABSOLUTE (.))
                [!provide]                        PROVIDE (___sbss_start, ABSOLUTE (.))
 *(.dynsbss)
 *(.sbss .sbss.* .gnu.linkonce.sb.*)
 .sbss          0x000000000080e268        0xc ../WAT_TEST_bsp/\libucosii_bsp.a(alt_main.o)
                0x000000000080e268                alt_argc
                0x000000000080e26c                alt_argv
                0x000000000080e270                alt_envp
 .sbss          0x000000000080e274        0x4 ../WAT_TEST_bsp/\libucosii_bsp.a(alt_env_lock.o)
 .sbss          0x000000000080e278        0x4 ../WAT_TEST_bsp/\libucosii_bsp.a(alt_env_lock.o)
                0x000000000080e278                alt_envsem
 .sbss          0x000000000080e27c        0x8 ../WAT_TEST_bsp/\libucosii_bsp.a(alt_malloc_lock.o)
                0x000000000080e280                alt_heapsem
 .sbss          0x000000000080e284       0x50 ../WAT_TEST_bsp/\libucosii_bsp.a(os_core.o)
                0x000000000080e284                OSLockNesting
                0x000000000080e285                OSRunning
                0x000000000080e288                OSIdleCtr
                0x000000000080e28c                OSPrioHighRdy
                0x000000000080e28d                OSPrioCur
                0x000000000080e290                OSTCBList
                0x000000000080e294                OSTickStepState
                0x000000000080e298                OSCtxSwCtr
                0x000000000080e29c                OSIdleCtrMax
                0x000000000080e2a0                OSTCBFreeList
                0x000000000080e2a4                OSCPUUsage
                0x000000000080e2a5                OSTaskCtr
                0x000000000080e2a8                OSMemFreeList
                0x000000000080e2ac                OSTCBHighRdy
                0x000000000080e2b0                OSQFreeList
                0x000000000080e2b4                OSRdyGrp
                0x000000000080e2b5                OSRdyTbl
                0x000000000080e2b8                OSEventFreeList
                0x000000000080e2bc                OSIntNesting
                0x000000000080e2c0                OSTCBCur
                0x000000000080e2c4                OSTime
                0x000000000080e2c8                OSFlagFreeList
                0x000000000080e2cc                OSStatRdy
                0x000000000080e2d0                OSIdleCtrRun
 .sbss          0x000000000080e2d4        0x4 ../WAT_TEST_bsp/\libucosii_bsp.a(alt_dev.o)
                0x000000000080e2d4                alt_fd_list_lock
 .sbss          0x000000000080e2d8        0x4 ../WAT_TEST_bsp/\libucosii_bsp.a(alt_irq_vars.o)
                0x000000000080e2d8                alt_irq_active
 .sbss          0x000000000080e2dc        0x8 ../WAT_TEST_bsp/\libucosii_bsp.a(alt_tick.o)
                0x000000000080e2dc                _alt_tick_rate
                0x000000000080e2e0                _alt_nticks
 .sbss          0x000000000080e2e4        0x4 ../WAT_TEST_bsp/\libucosii_bsp.a(alt_instruction_exception_entry.o)
                0x000000000080e2e4                alt_instruction_exception_handler
 .sbss          0x000000000080e2e8        0x4 c:/intelfpga_lite/16.1/nios2eds/bin/gnu/h-x86_64-mingw32/bin/../lib/gcc/nios2-elf/5.3.0/../../../../../H-x86_64-mingw32/nios2-elf/lib/mno-hw-mul\libc.a(lib_a-int_errno.o)
                0x000000000080e2e8                errno
 *(.sbss2 .sbss2.* .gnu.linkonce.sb2.*)
 *(.scommon)
                [!provide]                        PROVIDE (__sbss_end, ABSOLUTE (.))
                [!provide]                        PROVIDE (___sbss_end, ABSOLUTE (.))
 *(.dynbss)
 *(.bss .bss.* .gnu.linkonce.b.*)
 .bss           0x000000000080e2ec        0x0 ../WAT_TEST_bsp//obj/HAL/src/crt0.o
 .bss           0x000000000080e2ec        0x0 obj/default/wat_test.o
 .bss           0x000000000080e2ec        0x0 ../WAT_TEST_bsp/\libucosii_bsp.a(alt_main.o)
 .bss           0x000000000080e2ec        0x0 ../WAT_TEST_bsp/\libucosii_bsp.a(alt_env_lock.o)
 .bss           0x000000000080e2ec        0x0 ../WAT_TEST_bsp/\libucosii_bsp.a(alt_malloc_lock.o)
 .bss           0x000000000080e2ec        0x0 ../WAT_TEST_bsp/\libucosii_bsp.a(os_core.o)
 .bss           0x000000000080e2ec        0x0 ../WAT_TEST_bsp/\libucosii_bsp.a(os_dbg.o)
 .bss           0x000000000080e2ec        0x0 ../WAT_TEST_bsp/\libucosii_bsp.a(os_flag.o)
 .bss           0x000000000080e2ec        0x0 ../WAT_TEST_bsp/\libucosii_bsp.a(os_mem.o)
 .bss           0x000000000080e2ec        0x0 ../WAT_TEST_bsp/\libucosii_bsp.a(os_q.o)
 .bss           0x000000000080e2ec        0x0 ../WAT_TEST_bsp/\libucosii_bsp.a(os_sem.o)
 .bss           0x000000000080e2ec        0x0 ../WAT_TEST_bsp/\libucosii_bsp.a(os_task.o)
 .bss           0x000000000080e2ec        0x0 ../WAT_TEST_bsp/\libucosii_bsp.a(os_time.o)
 .bss           0x000000000080e2ec        0x0 ../WAT_TEST_bsp/\libucosii_bsp.a(alt_sys_init.o)
 .bss           0x000000000080e2ec        0x0 ../WAT_TEST_bsp/\libucosii_bsp.a(altera_avalon_epcs_flash_controller.o)
 .bss           0x000000000080e2ec        0x0 ../WAT_TEST_bsp/\libucosii_bsp.a(altera_avalon_jtag_uart_fd.o)
 .bss           0x000000000080e2ec        0x0 ../WAT_TEST_bsp/\libucosii_bsp.a(altera_avalon_jtag_uart_init.o)
 .bss           0x000000000080e2ec        0x0 ../WAT_TEST_bsp/\libucosii_bsp.a(altera_avalon_jtag_uart_ioctl.o)
 .bss           0x000000000080e2ec        0x0 ../WAT_TEST_bsp/\libucosii_bsp.a(altera_avalon_jtag_uart_read.o)
 .bss           0x000000000080e2ec        0x0 ../WAT_TEST_bsp/\libucosii_bsp.a(altera_avalon_jtag_uart_write.o)
 .bss           0x000000000080e2ec        0x0 ../WAT_TEST_bsp/\libucosii_bsp.a(altera_avalon_timer_sc.o)
 .bss           0x000000000080e2ec        0x0 ../WAT_TEST_bsp/\libucosii_bsp.a(altera_avalon_uart_fd.o)
 .bss           0x000000000080e2ec        0x0 ../WAT_TEST_bsp/\libucosii_bsp.a(altera_avalon_uart_init.o)
 .bss           0x000000000080e2ec        0x0 ../WAT_TEST_bsp/\libucosii_bsp.a(altera_avalon_uart_read.o)
 .bss           0x000000000080e2ec        0x0 ../WAT_TEST_bsp/\libucosii_bsp.a(altera_avalon_uart_write.o)
 .bss           0x000000000080e2ec        0x0 ../WAT_TEST_bsp/\libucosii_bsp.a(epcs_commands.o)
 .bss           0x000000000080e2ec        0x0 ../WAT_TEST_bsp/\libucosii_bsp.a(alt_alarm_start.o)
 .bss           0x000000000080e2ec        0x0 ../WAT_TEST_bsp/\libucosii_bsp.a(alt_close.o)
 .bss           0x000000000080e2ec        0x0 ../WAT_TEST_bsp/\libucosii_bsp.a(alt_dev.o)
 .bss           0x000000000080e2ec        0x0 ../WAT_TEST_bsp/\libucosii_bsp.a(alt_dev_llist_insert.o)
 .bss           0x000000000080e2ec        0x0 ../WAT_TEST_bsp/\libucosii_bsp.a(alt_do_ctors.o)
 .bss           0x000000000080e2ec        0x0 ../WAT_TEST_bsp/\libucosii_bsp.a(alt_do_dtors.o)
 .bss           0x000000000080e2ec        0x0 ../WAT_TEST_bsp/\libucosii_bsp.a(alt_errno.o)
 .bss           0x000000000080e2ec        0x0 ../WAT_TEST_bsp/\libucosii_bsp.a(alt_flash_dev.o)
 .bss           0x000000000080e2ec        0x0 ../WAT_TEST_bsp/\libucosii_bsp.a(alt_iic.o)
 .bss           0x000000000080e2ec        0x0 ../WAT_TEST_bsp/\libucosii_bsp.a(alt_iic_isr_register.o)
 .bss           0x000000000080e2ec        0x0 ../WAT_TEST_bsp/\libucosii_bsp.a(alt_io_redirect.o)
 .bss           0x000000000080e2ec        0x0 ../WAT_TEST_bsp/\libucosii_bsp.a(alt_irq_entry.o)
 .bss           0x000000000080e2ec        0x0 ../WAT_TEST_bsp/\libucosii_bsp.a(alt_irq_handler.o)
 .bss           0x000000000080e2ec        0x0 ../WAT_TEST_bsp/\libucosii_bsp.a(alt_irq_vars.o)
 .bss           0x000000000080e2ec        0x0 ../WAT_TEST_bsp/\libucosii_bsp.a(alt_open.o)
 .bss           0x000000000080e2ec        0x0 ../WAT_TEST_bsp/\libucosii_bsp.a(alt_release_fd.o)
 .bss           0x000000000080e2ec        0x0 ../WAT_TEST_bsp/\libucosii_bsp.a(alt_tick.o)
 .bss           0x000000000080e2ec        0x0 ../WAT_TEST_bsp/\libucosii_bsp.a(altera_nios2_gen2_irq.o)
 .bss           0x000000000080e2ec        0x0 ../WAT_TEST_bsp/\libucosii_bsp.a(os_cpu_a.o)
 .bss           0x000000000080e2ec        0x0 ../WAT_TEST_bsp/\libucosii_bsp.a(os_cpu_c.o)
 .bss           0x000000000080e2ec        0x0 ../WAT_TEST_bsp/\libucosii_bsp.a(altera_avalon_spi.o)
 .bss           0x000000000080e2ec        0x0 ../WAT_TEST_bsp/\libucosii_bsp.a(alt_exception_entry.o)
 .bss           0x000000000080e2ec        0x0 ../WAT_TEST_bsp/\libucosii_bsp.a(alt_find_dev.o)
 .bss           0x000000000080e2ec        0x0 ../WAT_TEST_bsp/\libucosii_bsp.a(alt_find_file.o)
 .bss           0x000000000080e2ec        0x0 ../WAT_TEST_bsp/\libucosii_bsp.a(alt_get_fd.o)
 .bss           0x000000000080e2ec        0x0 ../WAT_TEST_bsp/\libucosii_bsp.a(alt_instruction_exception_entry.o)
 .bss           0x000000000080e2ec        0x0 c:/intelfpga_lite/16.1/nios2eds/bin/gnu/h-x86_64-mingw32/bin/../lib/gcc/nios2-elf/5.3.0/../../../../../H-x86_64-mingw32/nios2-elf/lib/mno-hw-mul\libc.a(lib_a-atexit.o)
 .bss           0x000000000080e2ec        0x0 c:/intelfpga_lite/16.1/nios2eds/bin/gnu/h-x86_64-mingw32/bin/../lib/gcc/nios2-elf/5.3.0/../../../../../H-x86_64-mingw32/nios2-elf/lib/mno-hw-mul\libc.a(lib_a-exit.o)
 .bss           0x000000000080e2ec        0x0 c:/intelfpga_lite/16.1/nios2eds/bin/gnu/h-x86_64-mingw32/bin/../lib/gcc/nios2-elf/5.3.0/../../../../../H-x86_64-mingw32/nios2-elf/lib/mno-hw-mul\libc.a(lib_a-impure.o)
 .bss           0x000000000080e2ec        0x0 c:/intelfpga_lite/16.1/nios2eds/bin/gnu/h-x86_64-mingw32/bin/../lib/gcc/nios2-elf/5.3.0/../../../../../H-x86_64-mingw32/nios2-elf/lib/mno-hw-mul\libc.a(lib_a-int_errno.o)
 .bss           0x000000000080e2ec        0x0 c:/intelfpga_lite/16.1/nios2eds/bin/gnu/h-x86_64-mingw32/bin/../lib/gcc/nios2-elf/5.3.0/../../../../../H-x86_64-mingw32/nios2-elf/lib/mno-hw-mul\libc.a(lib_a-memcmp.o)
 .bss           0x000000000080e2ec        0x0 c:/intelfpga_lite/16.1/nios2eds/bin/gnu/h-x86_64-mingw32/bin/../lib/gcc/nios2-elf/5.3.0/../../../../../H-x86_64-mingw32/nios2-elf/lib/mno-hw-mul\libc.a(lib_a-memcpy.o)
 .bss           0x000000000080e2ec        0x0 c:/intelfpga_lite/16.1/nios2eds/bin/gnu/h-x86_64-mingw32/bin/../lib/gcc/nios2-elf/5.3.0/../../../../../H-x86_64-mingw32/nios2-elf/lib/mno-hw-mul\libc.a(lib_a-memset.o)
 .bss           0x000000000080e2ec        0x0 c:/intelfpga_lite/16.1/nios2eds/bin/gnu/h-x86_64-mingw32/bin/../lib/gcc/nios2-elf/5.3.0/../../../../../H-x86_64-mingw32/nios2-elf/lib/mno-hw-mul\libc.a(lib_a-strlen.o)
 .bss           0x000000000080e2ec        0x0 c:/intelfpga_lite/16.1/nios2eds/bin/gnu/h-x86_64-mingw32/bin/../lib/gcc/nios2-elf/5.3.0/../../../../../H-x86_64-mingw32/nios2-elf/lib/mno-hw-mul\libc.a(lib_a-__atexit.o)
 .bss           0x000000000080e2ec        0x0 c:/intelfpga_lite/16.1/nios2eds/bin/gnu/h-x86_64-mingw32/bin/../lib/gcc/nios2-elf/5.3.0/../../../../../H-x86_64-mingw32/nios2-elf/lib/mno-hw-mul\libc.a(lib_a-__call_atexit.o)
 .bss           0x000000000080e2ec        0x0 c:/intelfpga_lite/16.1/nios2eds/bin/gnu/h-x86_64-mingw32/bin/../lib/gcc/nios2-elf/5.3.0/mno-hw-mul\libgcc.a(lib2-divmod.o)
 .bss           0x000000000080e2ec        0x0 c:/intelfpga_lite/16.1/nios2eds/bin/gnu/h-x86_64-mingw32/bin/../lib/gcc/nios2-elf/5.3.0/mno-hw-mul\libgcc.a(lib2-mul.o)
 .bss           0x000000000080e2ec        0x0 ../WAT_TEST_bsp/\libucosii_bsp.a(alt_exit.o)
 *(COMMON)
 COMMON         0x000000000080e2ec     0x6000 obj/default/wat_test.o
                0x000000000080e2ec                motor_test_stk
                0x00000000008102ec                wifi_test_stk
                0x00000000008122ec                camera_test_stk
 COMMON         0x00000000008142ec     0x3224 ../WAT_TEST_bsp/\libucosii_bsp.a(os_core.o)
                0x00000000008142ec                OSFlagTbl
                0x000000000081465c                OSMemTbl
                0x000000000081528c                OSTaskStatStk
                0x0000000000815a8c                OSQTbl
                0x0000000000815c6c                OSTaskIdleStk
                0x000000000081646c                OSEventTbl
                0x0000000000816fac                OSTCBTbl
                0x00000000008174bc                OSTCBPrioTbl
 COMMON         0x0000000000817510      0x100 ../WAT_TEST_bsp/\libucosii_bsp.a(alt_irq_handler.o)
                0x0000000000817510                alt_irq
                0x0000000000817610                . = ALIGN (0x4)
                0x0000000000817610                __bss_end = ABSOLUTE (.)

.sdram_controller_0
                0x0000000000817610        0x0
                [!provide]                        PROVIDE (_alt_partition_sdram_controller_0_start, ABSOLUTE (.))
 *(.sdram_controller_0 .sdram_controller_0. sdram_controller_0.*)
                0x0000000000817610                . = ALIGN (0x4)
                [!provide]                        PROVIDE (_alt_partition_sdram_controller_0_end, ABSOLUTE (.))
                0x0000000000817610                _end = ABSOLUTE (.)
                0x0000000000817610                end = ABSOLUTE (.)
                0x0000000000817610                __alt_stack_base = ABSOLUTE (.)
                [!provide]                        PROVIDE (_alt_partition_sdram_controller_0_load_addr, LOADADDR (.sdram_controller_0))

.onchip_memory2_0
                0x0000000001004230        0x0
                [!provide]                        PROVIDE (_alt_partition_onchip_memory2_0_start, ABSOLUTE (.))
 *(.onchip_memory2_0 .onchip_memory2_0. onchip_memory2_0.*)
                0x0000000001004230                . = ALIGN (0x4)
                [!provide]                        PROVIDE (_alt_partition_onchip_memory2_0_end, ABSOLUTE (.))
                [!provide]                        PROVIDE (_alt_partition_onchip_memory2_0_load_addr, LOADADDR (.onchip_memory2_0))

.epcs_flash_controller_0
                0x0000000001009020        0x0
                [!provide]                        PROVIDE (_alt_partition_epcs_flash_controller_0_start, ABSOLUTE (.))
 *(.epcs_flash_controller_0 .epcs_flash_controller_0. epcs_flash_controller_0.*)
                0x0000000001009020                . = ALIGN (0x4)
                [!provide]                        PROVIDE (_alt_partition_epcs_flash_controller_0_end, ABSOLUTE (.))
                [!provide]                        PROVIDE (_alt_partition_epcs_flash_controller_0_load_addr, LOADADDR (.epcs_flash_controller_0))

.stab
 *(.stab)

.stabstr
 *(.stabstr)

.stab.excl
 *(.stab.excl)

.stab.exclstr
 *(.stab.exclstr)

.stab.index
 *(.stab.index)

.stab.indexstr
 *(.stab.indexstr)

.comment        0x0000000000000000       0x23
 *(.comment)
 .comment       0x0000000000000000       0x23 obj/default/wat_test.o
                                         0x24 (size before relaxing)
 .comment       0x0000000000000023       0x24 ../WAT_TEST_bsp/\libucosii_bsp.a(alt_main.o)
 .comment       0x0000000000000023       0x24 ../WAT_TEST_bsp/\libucosii_bsp.a(alt_env_lock.o)
 .comment       0x0000000000000023       0x24 ../WAT_TEST_bsp/\libucosii_bsp.a(alt_malloc_lock.o)
 .comment       0x0000000000000023       0x24 ../WAT_TEST_bsp/\libucosii_bsp.a(os_core.o)
 .comment       0x0000000000000023       0x24 ../WAT_TEST_bsp/\libucosii_bsp.a(os_dbg.o)
 .comment       0x0000000000000023       0x24 ../WAT_TEST_bsp/\libucosii_bsp.a(os_flag.o)
 .comment       0x0000000000000023       0x24 ../WAT_TEST_bsp/\libucosii_bsp.a(os_mem.o)
 .comment       0x0000000000000023       0x24 ../WAT_TEST_bsp/\libucosii_bsp.a(os_q.o)
 .comment       0x0000000000000023       0x24 ../WAT_TEST_bsp/\libucosii_bsp.a(os_sem.o)
 .comment       0x0000000000000023       0x24 ../WAT_TEST_bsp/\libucosii_bsp.a(os_task.o)
 .comment       0x0000000000000023       0x24 ../WAT_TEST_bsp/\libucosii_bsp.a(os_time.o)
 .comment       0x0000000000000023       0x24 ../WAT_TEST_bsp/\libucosii_bsp.a(alt_sys_init.o)
 .comment       0x0000000000000023       0x24 ../WAT_TEST_bsp/\libucosii_bsp.a(altera_avalon_epcs_flash_controller.o)
 .comment       0x0000000000000023       0x24 ../WAT_TEST_bsp/\libucosii_bsp.a(altera_avalon_jtag_uart_fd.o)
 .comment       0x0000000000000023       0x24 ../WAT_TEST_bsp/\libucosii_bsp.a(altera_avalon_jtag_uart_init.o)
 .comment       0x0000000000000023       0x24 ../WAT_TEST_bsp/\libucosii_bsp.a(altera_avalon_jtag_uart_ioctl.o)
 .comment       0x0000000000000023       0x24 ../WAT_TEST_bsp/\libucosii_bsp.a(altera_avalon_jtag_uart_read.o)
 .comment       0x0000000000000023       0x24 ../WAT_TEST_bsp/\libucosii_bsp.a(altera_avalon_jtag_uart_write.o)
 .comment       0x0000000000000023       0x24 ../WAT_TEST_bsp/\libucosii_bsp.a(altera_avalon_timer_sc.o)
 .comment       0x0000000000000023       0x24 ../WAT_TEST_bsp/\libucosii_bsp.a(altera_avalon_uart_fd.o)
 .comment       0x0000000000000023       0x24 ../WAT_TEST_bsp/\libucosii_bsp.a(altera_avalon_uart_init.o)
 .comment       0x0000000000000023       0x24 ../WAT_TEST_bsp/\libucosii_bsp.a(altera_avalon_uart_read.o)
 .comment       0x0000000000000023       0x24 ../WAT_TEST_bsp/\libucosii_bsp.a(altera_avalon_uart_write.o)
 .comment       0x0000000000000023       0x24 ../WAT_TEST_bsp/\libucosii_bsp.a(epcs_commands.o)
 .comment       0x0000000000000023       0x24 ../WAT_TEST_bsp/\libucosii_bsp.a(alt_alarm_start.o)
 .comment       0x0000000000000023       0x24 ../WAT_TEST_bsp/\libucosii_bsp.a(alt_close.o)
 .comment       0x0000000000000023       0x24 ../WAT_TEST_bsp/\libucosii_bsp.a(alt_dev.o)
 .comment       0x0000000000000023       0x24 ../WAT_TEST_bsp/\libucosii_bsp.a(alt_dev_llist_insert.o)
 .comment       0x0000000000000023       0x24 ../WAT_TEST_bsp/\libucosii_bsp.a(alt_do_ctors.o)
 .comment       0x0000000000000023       0x24 ../WAT_TEST_bsp/\libucosii_bsp.a(alt_do_dtors.o)
 .comment       0x0000000000000023       0x24 ../WAT_TEST_bsp/\libucosii_bsp.a(alt_errno.o)
 .comment       0x0000000000000023       0x24 ../WAT_TEST_bsp/\libucosii_bsp.a(alt_flash_dev.o)
 .comment       0x0000000000000023       0x24 ../WAT_TEST_bsp/\libucosii_bsp.a(alt_iic.o)
 .comment       0x0000000000000023       0x24 ../WAT_TEST_bsp/\libucosii_bsp.a(alt_iic_isr_register.o)
 .comment       0x0000000000000023       0x24 ../WAT_TEST_bsp/\libucosii_bsp.a(alt_io_redirect.o)
 .comment       0x0000000000000023       0x24 ../WAT_TEST_bsp/\libucosii_bsp.a(alt_irq_handler.o)
 .comment       0x0000000000000023       0x24 ../WAT_TEST_bsp/\libucosii_bsp.a(alt_irq_vars.o)
 .comment       0x0000000000000023       0x24 ../WAT_TEST_bsp/\libucosii_bsp.a(alt_open.o)
 .comment       0x0000000000000023       0x24 ../WAT_TEST_bsp/\libucosii_bsp.a(alt_release_fd.o)
 .comment       0x0000000000000023       0x24 ../WAT_TEST_bsp/\libucosii_bsp.a(alt_tick.o)
 .comment       0x0000000000000023       0x24 ../WAT_TEST_bsp/\libucosii_bsp.a(altera_nios2_gen2_irq.o)
 .comment       0x0000000000000023       0x24 ../WAT_TEST_bsp/\libucosii_bsp.a(os_cpu_c.o)
 .comment       0x0000000000000023       0x24 ../WAT_TEST_bsp/\libucosii_bsp.a(altera_avalon_spi.o)
 .comment       0x0000000000000023       0x24 ../WAT_TEST_bsp/\libucosii_bsp.a(alt_find_dev.o)
 .comment       0x0000000000000023       0x24 ../WAT_TEST_bsp/\libucosii_bsp.a(alt_find_file.o)
 .comment       0x0000000000000023       0x24 ../WAT_TEST_bsp/\libucosii_bsp.a(alt_get_fd.o)
 .comment       0x0000000000000023       0x24 ../WAT_TEST_bsp/\libucosii_bsp.a(alt_instruction_exception_entry.o)
 .comment       0x0000000000000023       0x24 c:/intelfpga_lite/16.1/nios2eds/bin/gnu/h-x86_64-mingw32/bin/../lib/gcc/nios2-elf/5.3.0/../../../../../H-x86_64-mingw32/nios2-elf/lib/mno-hw-mul\libc.a(lib_a-atexit.o)
 .comment       0x0000000000000023       0x24 c:/intelfpga_lite/16.1/nios2eds/bin/gnu/h-x86_64-mingw32/bin/../lib/gcc/nios2-elf/5.3.0/../../../../../H-x86_64-mingw32/nios2-elf/lib/mno-hw-mul\libc.a(lib_a-exit.o)
 .comment       0x0000000000000023       0x24 c:/intelfpga_lite/16.1/nios2eds/bin/gnu/h-x86_64-mingw32/bin/../lib/gcc/nios2-elf/5.3.0/../../../../../H-x86_64-mingw32/nios2-elf/lib/mno-hw-mul\libc.a(lib_a-impure.o)
 .comment       0x0000000000000023       0x24 c:/intelfpga_lite/16.1/nios2eds/bin/gnu/h-x86_64-mingw32/bin/../lib/gcc/nios2-elf/5.3.0/../../../../../H-x86_64-mingw32/nios2-elf/lib/mno-hw-mul\libc.a(lib_a-int_errno.o)
 .comment       0x0000000000000023       0x24 c:/intelfpga_lite/16.1/nios2eds/bin/gnu/h-x86_64-mingw32/bin/../lib/gcc/nios2-elf/5.3.0/../../../../../H-x86_64-mingw32/nios2-elf/lib/mno-hw-mul\libc.a(lib_a-memcmp.o)
 .comment       0x0000000000000023       0x24 c:/intelfpga_lite/16.1/nios2eds/bin/gnu/h-x86_64-mingw32/bin/../lib/gcc/nios2-elf/5.3.0/../../../../../H-x86_64-mingw32/nios2-elf/lib/mno-hw-mul\libc.a(lib_a-memcpy.o)
 .comment       0x0000000000000023       0x24 c:/intelfpga_lite/16.1/nios2eds/bin/gnu/h-x86_64-mingw32/bin/../lib/gcc/nios2-elf/5.3.0/../../../../../H-x86_64-mingw32/nios2-elf/lib/mno-hw-mul\libc.a(lib_a-memset.o)
 .comment       0x0000000000000023       0x24 c:/intelfpga_lite/16.1/nios2eds/bin/gnu/h-x86_64-mingw32/bin/../lib/gcc/nios2-elf/5.3.0/../../../../../H-x86_64-mingw32/nios2-elf/lib/mno-hw-mul\libc.a(lib_a-strlen.o)
 .comment       0x0000000000000023       0x24 c:/intelfpga_lite/16.1/nios2eds/bin/gnu/h-x86_64-mingw32/bin/../lib/gcc/nios2-elf/5.3.0/../../../../../H-x86_64-mingw32/nios2-elf/lib/mno-hw-mul\libc.a(lib_a-__atexit.o)
 .comment       0x0000000000000023       0x24 c:/intelfpga_lite/16.1/nios2eds/bin/gnu/h-x86_64-mingw32/bin/../lib/gcc/nios2-elf/5.3.0/../../../../../H-x86_64-mingw32/nios2-elf/lib/mno-hw-mul\libc.a(lib_a-__call_atexit.o)
 .comment       0x0000000000000023       0x24 c:/intelfpga_lite/16.1/nios2eds/bin/gnu/h-x86_64-mingw32/bin/../lib/gcc/nios2-elf/5.3.0/mno-hw-mul\libgcc.a(lib2-divmod.o)
 .comment       0x0000000000000023       0x24 c:/intelfpga_lite/16.1/nios2eds/bin/gnu/h-x86_64-mingw32/bin/../lib/gcc/nios2-elf/5.3.0/mno-hw-mul\libgcc.a(lib2-mul.o)
 .comment       0x0000000000000023       0x24 ../WAT_TEST_bsp/\libucosii_bsp.a(alt_exit.o)

.debug
 *(.debug)

.line
 *(.line)

.debug_srcinfo
 *(.debug_srcinfo)

.debug_sfnames
 *(.debug_sfnames)

.debug_aranges  0x0000000000000000      0x830
 *(.debug_aranges)
 .debug_aranges
                0x0000000000000000       0x20 ../WAT_TEST_bsp//obj/HAL/src/crt0.o
 .debug_aranges
                0x0000000000000020       0x20 obj/default/wat_test.o
 .debug_aranges
                0x0000000000000040       0x20 ../WAT_TEST_bsp/\libucosii_bsp.a(alt_main.o)
 .debug_aranges
                0x0000000000000060       0x20 ../WAT_TEST_bsp/\libucosii_bsp.a(alt_env_lock.o)
 .debug_aranges
                0x0000000000000080       0x20 ../WAT_TEST_bsp/\libucosii_bsp.a(alt_malloc_lock.o)
 .debug_aranges
                0x00000000000000a0       0x20 ../WAT_TEST_bsp/\libucosii_bsp.a(os_core.o)
 .debug_aranges
                0x00000000000000c0       0x20 ../WAT_TEST_bsp/\libucosii_bsp.a(os_dbg.o)
 .debug_aranges
                0x00000000000000e0       0x20 ../WAT_TEST_bsp/\libucosii_bsp.a(os_flag.o)
 .debug_aranges
                0x0000000000000100       0x20 ../WAT_TEST_bsp/\libucosii_bsp.a(os_mem.o)
 .debug_aranges
                0x0000000000000120       0x20 ../WAT_TEST_bsp/\libucosii_bsp.a(os_q.o)
 .debug_aranges
                0x0000000000000140       0x20 ../WAT_TEST_bsp/\libucosii_bsp.a(os_sem.o)
 .debug_aranges
                0x0000000000000160       0x20 ../WAT_TEST_bsp/\libucosii_bsp.a(os_task.o)
 .debug_aranges
                0x0000000000000180       0x20 ../WAT_TEST_bsp/\libucosii_bsp.a(os_time.o)
 .debug_aranges
                0x00000000000001a0       0x20 ../WAT_TEST_bsp/\libucosii_bsp.a(alt_sys_init.o)
 .debug_aranges
                0x00000000000001c0       0x20 ../WAT_TEST_bsp/\libucosii_bsp.a(altera_avalon_epcs_flash_controller.o)
 .debug_aranges
                0x00000000000001e0       0x20 ../WAT_TEST_bsp/\libucosii_bsp.a(altera_avalon_jtag_uart_fd.o)
 .debug_aranges
                0x0000000000000200       0x20 ../WAT_TEST_bsp/\libucosii_bsp.a(altera_avalon_jtag_uart_init.o)
 .debug_aranges
                0x0000000000000220       0x20 ../WAT_TEST_bsp/\libucosii_bsp.a(altera_avalon_jtag_uart_ioctl.o)
 .debug_aranges
                0x0000000000000240       0x20 ../WAT_TEST_bsp/\libucosii_bsp.a(altera_avalon_jtag_uart_read.o)
 .debug_aranges
                0x0000000000000260       0x20 ../WAT_TEST_bsp/\libucosii_bsp.a(altera_avalon_jtag_uart_write.o)
 .debug_aranges
                0x0000000000000280       0x20 ../WAT_TEST_bsp/\libucosii_bsp.a(altera_avalon_timer_sc.o)
 .debug_aranges
                0x00000000000002a0       0x20 ../WAT_TEST_bsp/\libucosii_bsp.a(altera_avalon_uart_fd.o)
 .debug_aranges
                0x00000000000002c0       0x20 ../WAT_TEST_bsp/\libucosii_bsp.a(altera_avalon_uart_init.o)
 .debug_aranges
                0x00000000000002e0       0x20 ../WAT_TEST_bsp/\libucosii_bsp.a(altera_avalon_uart_read.o)
 .debug_aranges
                0x0000000000000300       0x20 ../WAT_TEST_bsp/\libucosii_bsp.a(altera_avalon_uart_write.o)
 .debug_aranges
                0x0000000000000320       0x20 ../WAT_TEST_bsp/\libucosii_bsp.a(epcs_commands.o)
 .debug_aranges
                0x0000000000000340       0x20 ../WAT_TEST_bsp/\libucosii_bsp.a(alt_alarm_start.o)
 .debug_aranges
                0x0000000000000360       0x20 ../WAT_TEST_bsp/\libucosii_bsp.a(alt_close.o)
 .debug_aranges
                0x0000000000000380       0x20 ../WAT_TEST_bsp/\libucosii_bsp.a(alt_dev.o)
 .debug_aranges
                0x00000000000003a0       0x20 ../WAT_TEST_bsp/\libucosii_bsp.a(alt_dev_llist_insert.o)
 .debug_aranges
                0x00000000000003c0       0x20 ../WAT_TEST_bsp/\libucosii_bsp.a(alt_do_ctors.o)
 .debug_aranges
                0x00000000000003e0       0x20 ../WAT_TEST_bsp/\libucosii_bsp.a(alt_do_dtors.o)
 .debug_aranges
                0x0000000000000400       0x18 ../WAT_TEST_bsp/\libucosii_bsp.a(alt_errno.o)
 .debug_aranges
                0x0000000000000418       0x20 ../WAT_TEST_bsp/\libucosii_bsp.a(alt_flash_dev.o)
 .debug_aranges
                0x0000000000000438       0x20 ../WAT_TEST_bsp/\libucosii_bsp.a(alt_iic.o)
 .debug_aranges
                0x0000000000000458       0x20 ../WAT_TEST_bsp/\libucosii_bsp.a(alt_iic_isr_register.o)
 .debug_aranges
                0x0000000000000478       0x20 ../WAT_TEST_bsp/\libucosii_bsp.a(alt_io_redirect.o)
 .debug_aranges
                0x0000000000000498       0x30 ../WAT_TEST_bsp/\libucosii_bsp.a(alt_irq_entry.o)
 .debug_aranges
                0x00000000000004c8       0x20 ../WAT_TEST_bsp/\libucosii_bsp.a(alt_irq_handler.o)
 .debug_aranges
                0x00000000000004e8       0x18 ../WAT_TEST_bsp/\libucosii_bsp.a(alt_irq_vars.o)
 .debug_aranges
                0x0000000000000500       0x20 ../WAT_TEST_bsp/\libucosii_bsp.a(alt_open.o)
 .debug_aranges
                0x0000000000000520       0x20 ../WAT_TEST_bsp/\libucosii_bsp.a(alt_release_fd.o)
 .debug_aranges
                0x0000000000000540       0x20 ../WAT_TEST_bsp/\libucosii_bsp.a(alt_tick.o)
 .debug_aranges
                0x0000000000000560       0x20 ../WAT_TEST_bsp/\libucosii_bsp.a(altera_nios2_gen2_irq.o)
 .debug_aranges
                0x0000000000000580       0x20 ../WAT_TEST_bsp/\libucosii_bsp.a(os_cpu_a.o)
 .debug_aranges
                0x00000000000005a0       0x20 ../WAT_TEST_bsp/\libucosii_bsp.a(os_cpu_c.o)
 .debug_aranges
                0x00000000000005c0       0x20 ../WAT_TEST_bsp/\libucosii_bsp.a(altera_avalon_spi.o)
 .debug_aranges
                0x00000000000005e0       0x38 ../WAT_TEST_bsp/\libucosii_bsp.a(alt_exception_entry.o)
 .debug_aranges
                0x0000000000000618       0x20 ../WAT_TEST_bsp/\libucosii_bsp.a(alt_find_dev.o)
 .debug_aranges
                0x0000000000000638       0x20 ../WAT_TEST_bsp/\libucosii_bsp.a(alt_find_file.o)
 .debug_aranges
                0x0000000000000658       0x20 ../WAT_TEST_bsp/\libucosii_bsp.a(alt_get_fd.o)
 .debug_aranges
                0x0000000000000678       0x28 ../WAT_TEST_bsp/\libucosii_bsp.a(alt_instruction_exception_entry.o)
 .debug_aranges
                0x00000000000006a0       0x20 c:/intelfpga_lite/16.1/nios2eds/bin/gnu/h-x86_64-mingw32/bin/../lib/gcc/nios2-elf/5.3.0/../../../../../H-x86_64-mingw32/nios2-elf/lib/mno-hw-mul\libc.a(lib_a-atexit.o)
 .debug_aranges
                0x00000000000006c0       0x20 c:/intelfpga_lite/16.1/nios2eds/bin/gnu/h-x86_64-mingw32/bin/../lib/gcc/nios2-elf/5.3.0/../../../../../H-x86_64-mingw32/nios2-elf/lib/mno-hw-mul\libc.a(lib_a-exit.o)
 .debug_aranges
                0x00000000000006e0       0x18 c:/intelfpga_lite/16.1/nios2eds/bin/gnu/h-x86_64-mingw32/bin/../lib/gcc/nios2-elf/5.3.0/../../../../../H-x86_64-mingw32/nios2-elf/lib/mno-hw-mul\libc.a(lib_a-impure.o)
 .debug_aranges
                0x00000000000006f8       0x18 c:/intelfpga_lite/16.1/nios2eds/bin/gnu/h-x86_64-mingw32/bin/../lib/gcc/nios2-elf/5.3.0/../../../../../H-x86_64-mingw32/nios2-elf/lib/mno-hw-mul\libc.a(lib_a-int_errno.o)
 .debug_aranges
                0x0000000000000710       0x20 c:/intelfpga_lite/16.1/nios2eds/bin/gnu/h-x86_64-mingw32/bin/../lib/gcc/nios2-elf/5.3.0/../../../../../H-x86_64-mingw32/nios2-elf/lib/mno-hw-mul\libc.a(lib_a-memcmp.o)
 .debug_aranges
                0x0000000000000730       0x20 c:/intelfpga_lite/16.1/nios2eds/bin/gnu/h-x86_64-mingw32/bin/../lib/gcc/nios2-elf/5.3.0/../../../../../H-x86_64-mingw32/nios2-elf/lib/mno-hw-mul\libc.a(lib_a-memcpy.o)
 .debug_aranges
                0x0000000000000750       0x20 c:/intelfpga_lite/16.1/nios2eds/bin/gnu/h-x86_64-mingw32/bin/../lib/gcc/nios2-elf/5.3.0/../../../../../H-x86_64-mingw32/nios2-elf/lib/mno-hw-mul\libc.a(lib_a-memset.o)
 .debug_aranges
                0x0000000000000770       0x20 c:/intelfpga_lite/16.1/nios2eds/bin/gnu/h-x86_64-mingw32/bin/../lib/gcc/nios2-elf/5.3.0/../../../../../H-x86_64-mingw32/nios2-elf/lib/mno-hw-mul\libc.a(lib_a-strlen.o)
 .debug_aranges
                0x0000000000000790       0x20 c:/intelfpga_lite/16.1/nios2eds/bin/gnu/h-x86_64-mingw32/bin/../lib/gcc/nios2-elf/5.3.0/../../../../../H-x86_64-mingw32/nios2-elf/lib/mno-hw-mul\libc.a(lib_a-__atexit.o)
 .debug_aranges
                0x00000000000007b0       0x20 c:/intelfpga_lite/16.1/nios2eds/bin/gnu/h-x86_64-mingw32/bin/../lib/gcc/nios2-elf/5.3.0/../../../../../H-x86_64-mingw32/nios2-elf/lib/mno-hw-mul\libc.a(lib_a-__call_atexit.o)
 .debug_aranges
                0x00000000000007d0       0x20 c:/intelfpga_lite/16.1/nios2eds/bin/gnu/h-x86_64-mingw32/bin/../lib/gcc/nios2-elf/5.3.0/mno-hw-mul\libgcc.a(lib2-divmod.o)
 .debug_aranges
                0x00000000000007f0       0x20 c:/intelfpga_lite/16.1/nios2eds/bin/gnu/h-x86_64-mingw32/bin/../lib/gcc/nios2-elf/5.3.0/mno-hw-mul\libgcc.a(lib2-mul.o)
 .debug_aranges
                0x0000000000000810       0x20 ../WAT_TEST_bsp/\libucosii_bsp.a(alt_exit.o)

.debug_pubnames
 *(.debug_pubnames)

.debug_info     0x0000000000000000    0x1441f
 *(.debug_info .gnu.linkonce.wi.*)
 .debug_info    0x0000000000000000       0x5d ../WAT_TEST_bsp//obj/HAL/src/crt0.o
 .debug_info    0x000000000000005d      0x187 obj/default/wat_test.o
 .debug_info    0x00000000000001e4      0x26d ../WAT_TEST_bsp/\libucosii_bsp.a(alt_main.o)
 .debug_info    0x0000000000000451      0xc67 ../WAT_TEST_bsp/\libucosii_bsp.a(alt_env_lock.o)
 .debug_info    0x00000000000010b8      0xdad ../WAT_TEST_bsp/\libucosii_bsp.a(alt_malloc_lock.o)
 .debug_info    0x0000000000001e65     0x15b9 ../WAT_TEST_bsp/\libucosii_bsp.a(os_core.o)
 .debug_info    0x000000000000341e      0xaa8 ../WAT_TEST_bsp/\libucosii_bsp.a(os_dbg.o)
 .debug_info    0x0000000000003ec6      0xf9c ../WAT_TEST_bsp/\libucosii_bsp.a(os_flag.o)
 .debug_info    0x0000000000004e62      0x67a ../WAT_TEST_bsp/\libucosii_bsp.a(os_mem.o)
 .debug_info    0x00000000000054dc      0xda3 ../WAT_TEST_bsp/\libucosii_bsp.a(os_q.o)
 .debug_info    0x000000000000627f      0xa04 ../WAT_TEST_bsp/\libucosii_bsp.a(os_sem.o)
 .debug_info    0x0000000000006c83     0x1117 ../WAT_TEST_bsp/\libucosii_bsp.a(os_task.o)
 .debug_info    0x0000000000007d9a      0x6e9 ../WAT_TEST_bsp/\libucosii_bsp.a(os_time.o)
 .debug_info    0x0000000000008483      0xa31 ../WAT_TEST_bsp/\libucosii_bsp.a(alt_sys_init.o)
 .debug_info    0x0000000000008eb4      0x872 ../WAT_TEST_bsp/\libucosii_bsp.a(altera_avalon_epcs_flash_controller.o)
 .debug_info    0x0000000000009726      0x67b ../WAT_TEST_bsp/\libucosii_bsp.a(altera_avalon_jtag_uart_fd.o)
 .debug_info    0x0000000000009da1      0x6b3 ../WAT_TEST_bsp/\libucosii_bsp.a(altera_avalon_jtag_uart_init.o)
 .debug_info    0x000000000000a454      0x3cd ../WAT_TEST_bsp/\libucosii_bsp.a(altera_avalon_jtag_uart_ioctl.o)
 .debug_info    0x000000000000a821      0x57a ../WAT_TEST_bsp/\libucosii_bsp.a(altera_avalon_jtag_uart_read.o)
 .debug_info    0x000000000000ad9b      0x579 ../WAT_TEST_bsp/\libucosii_bsp.a(altera_avalon_jtag_uart_write.o)
 .debug_info    0x000000000000b314      0x226 ../WAT_TEST_bsp/\libucosii_bsp.a(altera_avalon_timer_sc.o)
 .debug_info    0x000000000000b53a      0x5aa ../WAT_TEST_bsp/\libucosii_bsp.a(altera_avalon_uart_fd.o)
 .debug_info    0x000000000000bae4      0x5ed ../WAT_TEST_bsp/\libucosii_bsp.a(altera_avalon_uart_init.o)
 .debug_info    0x000000000000c0d1      0x569 ../WAT_TEST_bsp/\libucosii_bsp.a(altera_avalon_uart_read.o)
 .debug_info    0x000000000000c63a      0x56e ../WAT_TEST_bsp/\libucosii_bsp.a(altera_avalon_uart_write.o)
 .debug_info    0x000000000000cba8      0x44f ../WAT_TEST_bsp/\libucosii_bsp.a(epcs_commands.o)
 .debug_info    0x000000000000cff7      0x2cc ../WAT_TEST_bsp/\libucosii_bsp.a(alt_alarm_start.o)
 .debug_info    0x000000000000d2c3      0x355 ../WAT_TEST_bsp/\libucosii_bsp.a(alt_close.o)
 .debug_info    0x000000000000d618      0x585 ../WAT_TEST_bsp/\libucosii_bsp.a(alt_dev.o)
 .debug_info    0x000000000000db9d      0x1a9 ../WAT_TEST_bsp/\libucosii_bsp.a(alt_dev_llist_insert.o)
 .debug_info    0x000000000000dd46       0x83 ../WAT_TEST_bsp/\libucosii_bsp.a(alt_do_ctors.o)
 .debug_info    0x000000000000ddc9       0x83 ../WAT_TEST_bsp/\libucosii_bsp.a(alt_do_dtors.o)
 .debug_info    0x000000000000de4c       0xa6 ../WAT_TEST_bsp/\libucosii_bsp.a(alt_errno.o)
 .debug_info    0x000000000000def2      0x400 ../WAT_TEST_bsp/\libucosii_bsp.a(alt_flash_dev.o)
 .debug_info    0x000000000000e2f2      0x350 ../WAT_TEST_bsp/\libucosii_bsp.a(alt_iic.o)
 .debug_info    0x000000000000e642      0x1ef ../WAT_TEST_bsp/\libucosii_bsp.a(alt_iic_isr_register.o)
 .debug_info    0x000000000000e831      0x4d9 ../WAT_TEST_bsp/\libucosii_bsp.a(alt_io_redirect.o)
 .debug_info    0x000000000000ed0a       0x62 ../WAT_TEST_bsp/\libucosii_bsp.a(alt_irq_entry.o)
 .debug_info    0x000000000000ed6c      0x1b0 ../WAT_TEST_bsp/\libucosii_bsp.a(alt_irq_handler.o)
 .debug_info    0x000000000000ef1c       0x88 ../WAT_TEST_bsp/\libucosii_bsp.a(alt_irq_vars.o)
 .debug_info    0x000000000000efa4      0x3e4 ../WAT_TEST_bsp/\libucosii_bsp.a(alt_open.o)
 .debug_info    0x000000000000f388      0x2f9 ../WAT_TEST_bsp/\libucosii_bsp.a(alt_release_fd.o)
 .debug_info    0x000000000000f681      0x2a7 ../WAT_TEST_bsp/\libucosii_bsp.a(alt_tick.o)
 .debug_info    0x000000000000f928       0x92 ../WAT_TEST_bsp/\libucosii_bsp.a(altera_nios2_gen2_irq.o)
 .debug_info    0x000000000000f9ba       0x61 ../WAT_TEST_bsp/\libucosii_bsp.a(os_cpu_a.o)
 .debug_info    0x000000000000fa1b      0xcea ../WAT_TEST_bsp/\libucosii_bsp.a(os_cpu_c.o)
 .debug_info    0x0000000000010705      0x18d ../WAT_TEST_bsp/\libucosii_bsp.a(altera_avalon_spi.o)
 .debug_info    0x0000000000010892       0x68 ../WAT_TEST_bsp/\libucosii_bsp.a(alt_exception_entry.o)
 .debug_info    0x00000000000108fa      0x31d ../WAT_TEST_bsp/\libucosii_bsp.a(alt_find_dev.o)
 .debug_info    0x0000000000010c17      0x31a ../WAT_TEST_bsp/\libucosii_bsp.a(alt_find_file.o)
 .debug_info    0x0000000000010f31      0x44b ../WAT_TEST_bsp/\libucosii_bsp.a(alt_get_fd.o)
 .debug_info    0x000000000001137c      0x1e7 ../WAT_TEST_bsp/\libucosii_bsp.a(alt_instruction_exception_entry.o)
 .debug_info    0x0000000000011563       0xfe c:/intelfpga_lite/16.1/nios2eds/bin/gnu/h-x86_64-mingw32/bin/../lib/gcc/nios2-elf/5.3.0/../../../../../H-x86_64-mingw32/nios2-elf/lib/mno-hw-mul\libc.a(lib_a-atexit.o)
 .debug_info    0x0000000000011661      0x8e4 c:/intelfpga_lite/16.1/nios2eds/bin/gnu/h-x86_64-mingw32/bin/../lib/gcc/nios2-elf/5.3.0/../../../../../H-x86_64-mingw32/nios2-elf/lib/mno-hw-mul\libc.a(lib_a-exit.o)
 .debug_info    0x0000000000011f45      0x8a1 c:/intelfpga_lite/16.1/nios2eds/bin/gnu/h-x86_64-mingw32/bin/../lib/gcc/nios2-elf/5.3.0/../../../../../H-x86_64-mingw32/nios2-elf/lib/mno-hw-mul\libc.a(lib_a-impure.o)
 .debug_info    0x00000000000127e6       0x8a c:/intelfpga_lite/16.1/nios2eds/bin/gnu/h-x86_64-mingw32/bin/../lib/gcc/nios2-elf/5.3.0/../../../../../H-x86_64-mingw32/nios2-elf/lib/mno-hw-mul\libc.a(lib_a-int_errno.o)
 .debug_info    0x0000000000012870      0x11a c:/intelfpga_lite/16.1/nios2eds/bin/gnu/h-x86_64-mingw32/bin/../lib/gcc/nios2-elf/5.3.0/../../../../../H-x86_64-mingw32/nios2-elf/lib/mno-hw-mul\libc.a(lib_a-memcmp.o)
 .debug_info    0x000000000001298a      0x144 c:/intelfpga_lite/16.1/nios2eds/bin/gnu/h-x86_64-mingw32/bin/../lib/gcc/nios2-elf/5.3.0/../../../../../H-x86_64-mingw32/nios2-elf/lib/mno-hw-mul\libc.a(lib_a-memcpy.o)
 .debug_info    0x0000000000012ace      0x121 c:/intelfpga_lite/16.1/nios2eds/bin/gnu/h-x86_64-mingw32/bin/../lib/gcc/nios2-elf/5.3.0/../../../../../H-x86_64-mingw32/nios2-elf/lib/mno-hw-mul\libc.a(lib_a-memset.o)
 .debug_info    0x0000000000012bef       0xe2 c:/intelfpga_lite/16.1/nios2eds/bin/gnu/h-x86_64-mingw32/bin/../lib/gcc/nios2-elf/5.3.0/../../../../../H-x86_64-mingw32/nios2-elf/lib/mno-hw-mul\libc.a(lib_a-strlen.o)
 .debug_info    0x0000000000012cd1      0x934 c:/intelfpga_lite/16.1/nios2eds/bin/gnu/h-x86_64-mingw32/bin/../lib/gcc/nios2-elf/5.3.0/../../../../../H-x86_64-mingw32/nios2-elf/lib/mno-hw-mul\libc.a(lib_a-__atexit.o)
 .debug_info    0x0000000000013605      0x965 c:/intelfpga_lite/16.1/nios2eds/bin/gnu/h-x86_64-mingw32/bin/../lib/gcc/nios2-elf/5.3.0/../../../../../H-x86_64-mingw32/nios2-elf/lib/mno-hw-mul\libc.a(lib_a-__call_atexit.o)
 .debug_info    0x0000000000013f6a      0x2c6 c:/intelfpga_lite/16.1/nios2eds/bin/gnu/h-x86_64-mingw32/bin/../lib/gcc/nios2-elf/5.3.0/mno-hw-mul\libgcc.a(lib2-divmod.o)
 .debug_info    0x0000000000014230       0xb4 c:/intelfpga_lite/16.1/nios2eds/bin/gnu/h-x86_64-mingw32/bin/../lib/gcc/nios2-elf/5.3.0/mno-hw-mul\libgcc.a(lib2-mul.o)
 .debug_info    0x00000000000142e4      0x13b ../WAT_TEST_bsp/\libucosii_bsp.a(alt_exit.o)

.debug_abbrev   0x0000000000000000     0x52e1
 *(.debug_abbrev)
 .debug_abbrev  0x0000000000000000       0x14 ../WAT_TEST_bsp//obj/HAL/src/crt0.o
 .debug_abbrev  0x0000000000000014       0xbc obj/default/wat_test.o
 .debug_abbrev  0x00000000000000d0      0x139 ../WAT_TEST_bsp/\libucosii_bsp.a(alt_main.o)
 .debug_abbrev  0x0000000000000209      0x1e3 ../WAT_TEST_bsp/\libucosii_bsp.a(alt_env_lock.o)
 .debug_abbrev  0x00000000000003ec      0x26d ../WAT_TEST_bsp/\libucosii_bsp.a(alt_malloc_lock.o)
 .debug_abbrev  0x0000000000000659      0x302 ../WAT_TEST_bsp/\libucosii_bsp.a(os_core.o)
 .debug_abbrev  0x000000000000095b       0xf7 ../WAT_TEST_bsp/\libucosii_bsp.a(os_dbg.o)
 .debug_abbrev  0x0000000000000a52      0x25a ../WAT_TEST_bsp/\libucosii_bsp.a(os_flag.o)
 .debug_abbrev  0x0000000000000cac      0x228 ../WAT_TEST_bsp/\libucosii_bsp.a(os_mem.o)
 .debug_abbrev  0x0000000000000ed4      0x248 ../WAT_TEST_bsp/\libucosii_bsp.a(os_q.o)
 .debug_abbrev  0x000000000000111c      0x262 ../WAT_TEST_bsp/\libucosii_bsp.a(os_sem.o)
 .debug_abbrev  0x000000000000137e      0x247 ../WAT_TEST_bsp/\libucosii_bsp.a(os_task.o)
 .debug_abbrev  0x00000000000015c5      0x20c ../WAT_TEST_bsp/\libucosii_bsp.a(os_time.o)
 .debug_abbrev  0x00000000000017d1      0x1cc ../WAT_TEST_bsp/\libucosii_bsp.a(alt_sys_init.o)
 .debug_abbrev  0x000000000000199d      0x1c9 ../WAT_TEST_bsp/\libucosii_bsp.a(altera_avalon_epcs_flash_controller.o)
 .debug_abbrev  0x0000000000001b66      0x16c ../WAT_TEST_bsp/\libucosii_bsp.a(altera_avalon_jtag_uart_fd.o)
 .debug_abbrev  0x0000000000001cd2      0x24f ../WAT_TEST_bsp/\libucosii_bsp.a(altera_avalon_jtag_uart_init.o)
 .debug_abbrev  0x0000000000001f21      0x156 ../WAT_TEST_bsp/\libucosii_bsp.a(altera_avalon_jtag_uart_ioctl.o)
 .debug_abbrev  0x0000000000002077      0x1f8 ../WAT_TEST_bsp/\libucosii_bsp.a(altera_avalon_jtag_uart_read.o)
 .debug_abbrev  0x000000000000226f      0x1f6 ../WAT_TEST_bsp/\libucosii_bsp.a(altera_avalon_jtag_uart_write.o)
 .debug_abbrev  0x0000000000002465      0x155 ../WAT_TEST_bsp/\libucosii_bsp.a(altera_avalon_timer_sc.o)
 .debug_abbrev  0x00000000000025ba      0x145 ../WAT_TEST_bsp/\libucosii_bsp.a(altera_avalon_uart_fd.o)
 .debug_abbrev  0x00000000000026ff      0x1f1 ../WAT_TEST_bsp/\libucosii_bsp.a(altera_avalon_uart_init.o)
 .debug_abbrev  0x00000000000028f0      0x1c8 ../WAT_TEST_bsp/\libucosii_bsp.a(altera_avalon_uart_read.o)
 .debug_abbrev  0x0000000000002ab8      0x1cf ../WAT_TEST_bsp/\libucosii_bsp.a(altera_avalon_uart_write.o)
 .debug_abbrev  0x0000000000002c87      0x169 ../WAT_TEST_bsp/\libucosii_bsp.a(epcs_commands.o)
 .debug_abbrev  0x0000000000002df0      0x162 ../WAT_TEST_bsp/\libucosii_bsp.a(alt_alarm_start.o)
 .debug_abbrev  0x0000000000002f52      0x126 ../WAT_TEST_bsp/\libucosii_bsp.a(alt_close.o)
 .debug_abbrev  0x0000000000003078      0x11c ../WAT_TEST_bsp/\libucosii_bsp.a(alt_dev.o)
 .debug_abbrev  0x0000000000003194      0x114 ../WAT_TEST_bsp/\libucosii_bsp.a(alt_dev_llist_insert.o)
 .debug_abbrev  0x00000000000032a8       0x79 ../WAT_TEST_bsp/\libucosii_bsp.a(alt_do_ctors.o)
 .debug_abbrev  0x0000000000003321       0x79 ../WAT_TEST_bsp/\libucosii_bsp.a(alt_do_dtors.o)
 .debug_abbrev  0x000000000000339a       0x5a ../WAT_TEST_bsp/\libucosii_bsp.a(alt_errno.o)
 .debug_abbrev  0x00000000000033f4      0x121 ../WAT_TEST_bsp/\libucosii_bsp.a(alt_flash_dev.o)
 .debug_abbrev  0x0000000000003515      0x163 ../WAT_TEST_bsp/\libucosii_bsp.a(alt_iic.o)
 .debug_abbrev  0x0000000000003678      0x169 ../WAT_TEST_bsp/\libucosii_bsp.a(alt_iic_isr_register.o)
 .debug_abbrev  0x00000000000037e1      0x11b ../WAT_TEST_bsp/\libucosii_bsp.a(alt_io_redirect.o)
 .debug_abbrev  0x00000000000038fc       0x12 ../WAT_TEST_bsp/\libucosii_bsp.a(alt_irq_entry.o)
 .debug_abbrev  0x000000000000390e      0x13a ../WAT_TEST_bsp/\libucosii_bsp.a(alt_irq_handler.o)
 .debug_abbrev  0x0000000000003a48       0x40 ../WAT_TEST_bsp/\libucosii_bsp.a(alt_irq_vars.o)
 .debug_abbrev  0x0000000000003a88      0x14f ../WAT_TEST_bsp/\libucosii_bsp.a(alt_open.o)
 .debug_abbrev  0x0000000000003bd7       0xe5 ../WAT_TEST_bsp/\libucosii_bsp.a(alt_release_fd.o)
 .debug_abbrev  0x0000000000003cbc      0x15a ../WAT_TEST_bsp/\libucosii_bsp.a(alt_tick.o)
 .debug_abbrev  0x0000000000003e16       0x42 ../WAT_TEST_bsp/\libucosii_bsp.a(altera_nios2_gen2_irq.o)
 .debug_abbrev  0x0000000000003e58       0x14 ../WAT_TEST_bsp/\libucosii_bsp.a(os_cpu_a.o)
 .debug_abbrev  0x0000000000003e6c      0x215 ../WAT_TEST_bsp/\libucosii_bsp.a(os_cpu_c.o)
 .debug_abbrev  0x0000000000004081       0x8a ../WAT_TEST_bsp/\libucosii_bsp.a(altera_avalon_spi.o)
 .debug_abbrev  0x000000000000410b       0x12 ../WAT_TEST_bsp/\libucosii_bsp.a(alt_exception_entry.o)
 .debug_abbrev  0x000000000000411d       0xf7 ../WAT_TEST_bsp/\libucosii_bsp.a(alt_find_dev.o)
 .debug_abbrev  0x0000000000004214       0xf7 ../WAT_TEST_bsp/\libucosii_bsp.a(alt_find_file.o)
 .debug_abbrev  0x000000000000430b      0x19b ../WAT_TEST_bsp/\libucosii_bsp.a(alt_get_fd.o)
 .debug_abbrev  0x00000000000044a6       0xdc ../WAT_TEST_bsp/\libucosii_bsp.a(alt_instruction_exception_entry.o)
 .debug_abbrev  0x0000000000004582       0xaa c:/intelfpga_lite/16.1/nios2eds/bin/gnu/h-x86_64-mingw32/bin/../lib/gcc/nios2-elf/5.3.0/../../../../../H-x86_64-mingw32/nios2-elf/lib/mno-hw-mul\libc.a(lib_a-atexit.o)
 .debug_abbrev  0x000000000000462c      0x1e5 c:/intelfpga_lite/16.1/nios2eds/bin/gnu/h-x86_64-mingw32/bin/../lib/gcc/nios2-elf/5.3.0/../../../../../H-x86_64-mingw32/nios2-elf/lib/mno-hw-mul\libc.a(lib_a-exit.o)
 .debug_abbrev  0x0000000000004811      0x18f c:/intelfpga_lite/16.1/nios2eds/bin/gnu/h-x86_64-mingw32/bin/../lib/gcc/nios2-elf/5.3.0/../../../../../H-x86_64-mingw32/nios2-elf/lib/mno-hw-mul\libc.a(lib_a-impure.o)
 .debug_abbrev  0x00000000000049a0       0x37 c:/intelfpga_lite/16.1/nios2eds/bin/gnu/h-x86_64-mingw32/bin/../lib/gcc/nios2-elf/5.3.0/../../../../../H-x86_64-mingw32/nios2-elf/lib/mno-hw-mul\libc.a(lib_a-int_errno.o)
 .debug_abbrev  0x00000000000049d7       0x7f c:/intelfpga_lite/16.1/nios2eds/bin/gnu/h-x86_64-mingw32/bin/../lib/gcc/nios2-elf/5.3.0/../../../../../H-x86_64-mingw32/nios2-elf/lib/mno-hw-mul\libc.a(lib_a-memcmp.o)
 .debug_abbrev  0x0000000000004a56       0xa3 c:/intelfpga_lite/16.1/nios2eds/bin/gnu/h-x86_64-mingw32/bin/../lib/gcc/nios2-elf/5.3.0/../../../../../H-x86_64-mingw32/nios2-elf/lib/mno-hw-mul\libc.a(lib_a-memcpy.o)
 .debug_abbrev  0x0000000000004af9       0xae c:/intelfpga_lite/16.1/nios2eds/bin/gnu/h-x86_64-mingw32/bin/../lib/gcc/nios2-elf/5.3.0/../../../../../H-x86_64-mingw32/nios2-elf/lib/mno-hw-mul\libc.a(lib_a-memset.o)
 .debug_abbrev  0x0000000000004ba7       0x90 c:/intelfpga_lite/16.1/nios2eds/bin/gnu/h-x86_64-mingw32/bin/../lib/gcc/nios2-elf/5.3.0/../../../../../H-x86_64-mingw32/nios2-elf/lib/mno-hw-mul\libc.a(lib_a-strlen.o)
 .debug_abbrev  0x0000000000004c37      0x21e c:/intelfpga_lite/16.1/nios2eds/bin/gnu/h-x86_64-mingw32/bin/../lib/gcc/nios2-elf/5.3.0/../../../../../H-x86_64-mingw32/nios2-elf/lib/mno-hw-mul\libc.a(lib_a-__atexit.o)
 .debug_abbrev  0x0000000000004e55      0x22e c:/intelfpga_lite/16.1/nios2eds/bin/gnu/h-x86_64-mingw32/bin/../lib/gcc/nios2-elf/5.3.0/../../../../../H-x86_64-mingw32/nios2-elf/lib/mno-hw-mul\libc.a(lib_a-__call_atexit.o)
 .debug_abbrev  0x0000000000005083      0x10e c:/intelfpga_lite/16.1/nios2eds/bin/gnu/h-x86_64-mingw32/bin/../lib/gcc/nios2-elf/5.3.0/mno-hw-mul\libgcc.a(lib2-divmod.o)
 .debug_abbrev  0x0000000000005191       0x6f c:/intelfpga_lite/16.1/nios2eds/bin/gnu/h-x86_64-mingw32/bin/../lib/gcc/nios2-elf/5.3.0/mno-hw-mul\libgcc.a(lib2-mul.o)
 .debug_abbrev  0x0000000000005200       0xe1 ../WAT_TEST_bsp/\libucosii_bsp.a(alt_exit.o)

.debug_line     0x0000000000000000     0x5fa2
 *(.debug_line)
 .debug_line    0x0000000000000000       0x51 ../WAT_TEST_bsp//obj/HAL/src/crt0.o
 .debug_line    0x0000000000000051       0xc1 obj/default/wat_test.o
 .debug_line    0x0000000000000112      0x12f ../WAT_TEST_bsp/\libucosii_bsp.a(alt_main.o)
 .debug_line    0x0000000000000241      0x1aa ../WAT_TEST_bsp/\libucosii_bsp.a(alt_env_lock.o)
 .debug_line    0x00000000000003eb      0x20e ../WAT_TEST_bsp/\libucosii_bsp.a(alt_malloc_lock.o)
 .debug_line    0x00000000000005f9      0x68b ../WAT_TEST_bsp/\libucosii_bsp.a(os_core.o)
 .debug_line    0x0000000000000c84       0xd2 ../WAT_TEST_bsp/\libucosii_bsp.a(os_dbg.o)
 .debug_line    0x0000000000000d56      0x4ff ../WAT_TEST_bsp/\libucosii_bsp.a(os_flag.o)
 .debug_line    0x0000000000001255      0x23f ../WAT_TEST_bsp/\libucosii_bsp.a(os_mem.o)
 .debug_line    0x0000000000001494      0x3fb ../WAT_TEST_bsp/\libucosii_bsp.a(os_q.o)
 .debug_line    0x000000000000188f      0x2e0 ../WAT_TEST_bsp/\libucosii_bsp.a(os_sem.o)
 .debug_line    0x0000000000001b6f      0x52d ../WAT_TEST_bsp/\libucosii_bsp.a(os_task.o)
 .debug_line    0x000000000000209c      0x1a8 ../WAT_TEST_bsp/\libucosii_bsp.a(os_time.o)
 .debug_line    0x0000000000002244      0x201 ../WAT_TEST_bsp/\libucosii_bsp.a(alt_sys_init.o)
 .debug_line    0x0000000000002445      0x2d3 ../WAT_TEST_bsp/\libucosii_bsp.a(altera_avalon_epcs_flash_controller.o)
 .debug_line    0x0000000000002718      0x155 ../WAT_TEST_bsp/\libucosii_bsp.a(altera_avalon_jtag_uart_fd.o)
 .debug_line    0x000000000000286d      0x225 ../WAT_TEST_bsp/\libucosii_bsp.a(altera_avalon_jtag_uart_init.o)
 .debug_line    0x0000000000002a92      0x157 ../WAT_TEST_bsp/\libucosii_bsp.a(altera_avalon_jtag_uart_ioctl.o)
 .debug_line    0x0000000000002be9      0x1db ../WAT_TEST_bsp/\libucosii_bsp.a(altera_avalon_jtag_uart_read.o)
 .debug_line    0x0000000000002dc4      0x1dc ../WAT_TEST_bsp/\libucosii_bsp.a(altera_avalon_jtag_uart_write.o)
 .debug_line    0x0000000000002fa0       0xfd ../WAT_TEST_bsp/\libucosii_bsp.a(altera_avalon_timer_sc.o)
 .debug_line    0x000000000000309d      0x132 ../WAT_TEST_bsp/\libucosii_bsp.a(altera_avalon_uart_fd.o)
 .debug_line    0x00000000000031cf      0x22f ../WAT_TEST_bsp/\libucosii_bsp.a(altera_avalon_uart_init.o)
 .debug_line    0x00000000000033fe      0x1f8 ../WAT_TEST_bsp/\libucosii_bsp.a(altera_avalon_uart_read.o)
 .debug_line    0x00000000000035f6      0x1e6 ../WAT_TEST_bsp/\libucosii_bsp.a(altera_avalon_uart_write.o)
 .debug_line    0x00000000000037dc      0x113 ../WAT_TEST_bsp/\libucosii_bsp.a(epcs_commands.o)
 .debug_line    0x00000000000038ef       0xf9 ../WAT_TEST_bsp/\libucosii_bsp.a(alt_alarm_start.o)
 .debug_line    0x00000000000039e8      0x174 ../WAT_TEST_bsp/\libucosii_bsp.a(alt_close.o)
 .debug_line    0x0000000000003b5c      0x13c ../WAT_TEST_bsp/\libucosii_bsp.a(alt_dev.o)
 .debug_line    0x0000000000003c98       0xcf ../WAT_TEST_bsp/\libucosii_bsp.a(alt_dev_llist_insert.o)
 .debug_line    0x0000000000003d67       0x59 ../WAT_TEST_bsp/\libucosii_bsp.a(alt_do_ctors.o)
 .debug_line    0x0000000000003dc0       0x59 ../WAT_TEST_bsp/\libucosii_bsp.a(alt_do_dtors.o)
 .debug_line    0x0000000000003e19       0x51 ../WAT_TEST_bsp/\libucosii_bsp.a(alt_errno.o)
 .debug_line    0x0000000000003e6a       0xed ../WAT_TEST_bsp/\libucosii_bsp.a(alt_flash_dev.o)
 .debug_line    0x0000000000003f57       0xeb ../WAT_TEST_bsp/\libucosii_bsp.a(alt_iic.o)
 .debug_line    0x0000000000004042       0xdb ../WAT_TEST_bsp/\libucosii_bsp.a(alt_iic_isr_register.o)
 .debug_line    0x000000000000411d      0x144 ../WAT_TEST_bsp/\libucosii_bsp.a(alt_io_redirect.o)
 .debug_line    0x0000000000004261       0x6b ../WAT_TEST_bsp/\libucosii_bsp.a(alt_irq_entry.o)