Archive member included to satisfy reference by file (symbol)

../WAT_TEST_bsp/\libucosii_bsp.a(alt_main.o)
                              ../WAT_TEST_bsp//obj/HAL/src/crt0.o (alt_main)
../WAT_TEST_bsp/\libucosii_bsp.a(alt_env_lock.o)
                              ../WAT_TEST_bsp/\libucosii_bsp.a(alt_main.o) (alt_envsem)
../WAT_TEST_bsp/\libucosii_bsp.a(alt_malloc_lock.o)
                              ../WAT_TEST_bsp/\libucosii_bsp.a(alt_main.o) (alt_heapsem)
../WAT_TEST_bsp/\libucosii_bsp.a(os_core.o)
                              ../WAT_TEST_bsp/\libucosii_bsp.a(alt_malloc_lock.o) (OSRunning)
../WAT_TEST_bsp/\libucosii_bsp.a(os_dbg.o)
                              ../WAT_TEST_bsp/\libucosii_bsp.a(os_core.o) (OSDebugInit)
../WAT_TEST_bsp/\libucosii_bsp.a(os_flag.o)
                              ../WAT_TEST_bsp/\libucosii_bsp.a(os_core.o) (OS_FlagInit)
../WAT_TEST_bsp/\libucosii_bsp.a(os_mem.o)
                              ../WAT_TEST_bsp/\libucosii_bsp.a(os_core.o) (OS_MemInit)
../WAT_TEST_bsp/\libucosii_bsp.a(os_q.o)
                              ../WAT_TEST_bsp/\libucosii_bsp.a(os_core.o) (OS_QInit)
../WAT_TEST_bsp/\libucosii_bsp.a(os_sem.o)
                              ../WAT_TEST_bsp/\libucosii_bsp.a(alt_main.o) (OSSemCreate)
../WAT_TEST_bsp/\libucosii_bsp.a(os_task.o)
                              obj/default/wat_test.o (OSTaskCreateExt)
../WAT_TEST_bsp/\libucosii_bsp.a(os_time.o)
                              ../WAT_TEST_bsp/\libucosii_bsp.a(os_core.o) (OSTimeDly)
../WAT_TEST_bsp/\libucosii_bsp.a(alt_sys_init.o)
                              ../WAT_TEST_bsp/\libucosii_bsp.a(alt_main.o) (alt_irq_init)
../WAT_TEST_bsp/\libucosii_bsp.a(altera_avalon_epcs_flash_controller.o)
                              ../WAT_TEST_bsp/\libucosii_bsp.a(alt_sys_init.o) (alt_epcs_flash_init)
../WAT_TEST_bsp/\libucosii_bsp.a(altera_avalon_jtag_uart_fd.o)
                              ../WAT_TEST_bsp/\libucosii_bsp.a(alt_sys_init.o) (altera_avalon_jtag_uart_read_fd)
../WAT_TEST_bsp/\libucosii_bsp.a(altera_avalon_jtag_uart_init.o)
                              ../WAT_TEST_bsp/\libucosii_bsp.a(alt_sys_init.o) (altera_avalon_jtag_uart_init)
../WAT_TEST_bsp/\libucosii_bsp.a(altera_avalon_jtag_uart_ioctl.o)
                              ../WAT_TEST_bsp/\libucosii_bsp.a(altera_avalon_jtag_uart_fd.o) (altera_avalon_jtag_uart_ioctl)
../WAT_TEST_bsp/\libucosii_bsp.a(altera_avalon_jtag_uart_read.o)
                              ../WAT_TEST_bsp/\libucosii_bsp.a(altera_avalon_jtag_uart_fd.o) (altera_avalon_jtag_uart_read)
../WAT_TEST_bsp/\libucosii_bsp.a(altera_avalon_jtag_uart_write.o)
                              ../WAT_TEST_bsp/\libucosii_bsp.a(altera_avalon_jtag_uart_fd.o) (altera_avalon_jtag_uart_write)
../WAT_TEST_bsp/\libucosii_bsp.a(altera_avalon_timer_sc.o)
                              ../WAT_TEST_bsp/\libucosii_bsp.a(alt_sys_init.o) (alt_avalon_timer_sc_init)
../WAT_TEST_bsp/\libucosii_bsp.a(altera_avalon_uart_fd.o)
                              ../WAT_TEST_bsp/\libucosii_bsp.a(alt_sys_init.o) (altera_avalon_uart_read_fd)
../WAT_TEST_bsp/\libucosii_bsp.a(altera_avalon_uart_init.o)
                              ../WAT_TEST_bsp/\libucosii_bsp.a(alt_sys_init.o) (altera_avalon_uart_init)
../WAT_TEST_bsp/\libucosii_bsp.a(altera_avalon_uart_read.o)
                              ../WAT_TEST_bsp/\libucosii_bsp.a(altera_avalon_uart_fd.o) (altera_avalon_uart_read)
../WAT_TEST_bsp/\libucosii_bsp.a(altera_avalon_uart_write.o)
                              ../WAT_TEST_bsp/\libucosii_bsp.a(altera_avalon_uart_fd.o) (altera_avalon_uart_write)
../WAT_TEST_bsp/\libucosii_bsp.a(epcs_commands.o)
                              ../WAT_TEST_bsp/\libucosii_bsp.a(altera_avalon_epcs_flash_controller.o) (epcs_sector_erase)
../WAT_TEST_bsp/\libucosii_bsp.a(alt_alarm_start.o)
                              ../WAT_TEST_bsp/\libucosii_bsp.a(altera_avalon_jtag_uart_init.o) (alt_alarm_start)
../WAT_TEST_bsp/\libucosii_bsp.a(alt_close.o)
                              ../WAT_TEST_bsp/\libucosii_bsp.a(alt_main.o) (close)
../WAT_TEST_bsp/\libucosii_bsp.a(alt_dev.o)
                              ../WAT_TEST_bsp/\libucosii_bsp.a(alt_sys_init.o) (alt_dev_list)
../WAT_TEST_bsp/\libucosii_bsp.a(alt_dev_llist_insert.o)
                              ../WAT_TEST_bsp/\libucosii_bsp.a(alt_sys_init.o) (alt_dev_llist_insert)
../WAT_TEST_bsp/\libucosii_bsp.a(alt_do_ctors.o)
                              ../WAT_TEST_bsp/\libucosii_bsp.a(alt_main.o) (_do_ctors)
../WAT_TEST_bsp/\libucosii_bsp.a(alt_do_dtors.o)
                              ../WAT_TEST_bsp/\libucosii_bsp.a(alt_main.o) (_do_dtors)
../WAT_TEST_bsp/\libucosii_bsp.a(alt_errno.o)
                              ../WAT_TEST_bsp/\libucosii_bsp.a(altera_avalon_uart_read.o) (alt_errno)
../WAT_TEST_bsp/\libucosii_bsp.a(alt_flash_dev.o)
                              ../WAT_TEST_bsp/\libucosii_bsp.a(altera_avalon_epcs_flash_controller.o) (alt_flash_dev_list)
../WAT_TEST_bsp/\libucosii_bsp.a(alt_iic.o)
[...]
Memory Configuration

Name             Origin             Length             Attributes
sdram_controller_0 0x0000000000800000 0x0000000000800000
onchip_memory2_0_BEFORE_EXCEPTION 0x0000000001004000 0x0000000000000020
onchip_memory2_0 0x0000000001004020 0x0000000000003fe0
reset            0x0000000001009000 0x0000000000000020
epcs_flash_controller_0 0x0000000001009020 0x00000000000007e0
*default*        0x0000000000000000 0xffffffffffffffff

Linker script and memory map

LOAD ../WAT_TEST_bsp//obj/HAL/src/crt0.o
LOAD obj/default/wat_test.o
LOAD c:/intelfpga_lite/16.1/nios2eds/bin/gnu/h-x86_64-mingw32/bin/../lib/gcc/nios2-elf/5.3.0/../../../../../H-x86_64-mingw32/nios2-elf/lib/mno-hw-mul\libstdc++.a
LOAD c:/intelfpga_lite/16.1/nios2eds/bin/gnu/h-x86_64-mingw32/bin/../lib/gcc/nios2-elf/5.3.0/../../../../../H-x86_64-mingw32/nios2-elf/lib/mno-hw-mul\libm.a
LOAD c:/intelfpga_lite/16.1/nios2eds/bin/gnu/h-x86_64-mingw32/bin/../lib/gcc/nios2-elf/5.3.0/mno-hw-mul\libgcc.a
START GROUP
LOAD c:/intelfpga_lite/16.1/nios2eds/bin/gnu/h-x86_64-mingw32/bin/../lib/gcc/nios2-elf/5.3.0/../../../../../H-x86_64-mingw32/nios2-elf/lib/mno-hw-mul\libc.a
LOAD c:/intelfpga_lite/16.1/nios2eds/bin/gnu/h-x86_64-mingw32/bin/../lib/gcc/nios2-elf/5.3.0/mno-hw-mul\libgcc.a
LOAD ../WAT_TEST_bsp/\libucosii_bsp.a
LOAD c:/intelfpga_lite/16.1/nios2eds/bin/gnu/h-x86_64-mingw32/bin/../lib/gcc/nios2-elf/5.3.0/../../../../../H-x86_64-mingw32/nios2-elf/lib/mno-hw-mul\libm.a
END GROUP
LOAD c:/intelfpga_lite/16.1/nios2eds/bin/gnu/h-x86_64-mingw32/bin/../lib/gcc/nios2-elf/5.3.0/mno-hw-mul\libgcc.a
                0x0000000000800000                __alt_mem_sdram_controller_0 = 0x800000
                0x0000000001004000                __alt_mem_onchip_memory2_0 = 0x1004000
                0x0000000001009000                __alt_mem_epcs_flash_controller_0 = 0x1009000

.entry          0x0000000001009000        0x0
 *(.entry)
 .entry         0x0000000001009000        0x0 ../WAT_TEST_bsp//obj/HAL/src/crt0.o
                0x0000000001009000                __reset

.exceptions     0x0000000001004020      0x210
                [!provide]                        PROVIDE (__ram_exceptions_start, ABSOLUTE (.))
                0x0000000001004020                . = ALIGN (0x20)
 *(.irq)
 *(.exceptions.entry.label)
 .exceptions.entry.label
                0x0000000001004020        0x0 ../WAT_TEST_bsp/\libucosii_bsp.a(alt_irq_entry.o)
                0x0000000001004020                alt_irq_entry
 .exceptions.entry.label
                0x0000000001004020        0x0 ../WAT_TEST_bsp/\libucosii_bsp.a(alt_exception_entry.o)
                0x0000000001004020                alt_exception
 *(.exceptions.entry.user)
 *(.exceptions.entry.ecc_fatal)
 *(.exceptions.entry)
 .exceptions.entry
                0x0000000001004020       0x54 ../WAT_TEST_bsp/\libucosii_bsp.a(alt_exception_entry.o)
 *(.exceptions.irqtest.user)
 *(.exceptions.irqtest)
 .exceptions.irqtest
                0x0000000001004074       0x10 ../WAT_TEST_bsp/\libucosii_bsp.a(alt_irq_entry.o)
 *(.exceptions.irqhandler.user)
 *(.exceptions.irqhandler)
 .exceptions.irqhandler
                0x0000000001004084        0x4 ../WAT_TEST_bsp/\libucosii_bsp.a(alt_irq_entry.o)
 *(.exceptions.irqreturn.user)
 *(.exceptions.irqreturn)
 .exceptions.irqreturn
                0x0000000001004088        0x4 ../WAT_TEST_bsp/\libucosii_bsp.a(alt_irq_entry.o)
 *(.exceptions.notirq.label)
 .exceptions.notirq.label
                0x000000000100408c        0x0 ../WAT_TEST_bsp/\libucosii_bsp.a(alt_irq_entry.o)
 *(.exceptions.notirq.user)
 *(.exceptions.notirq)
 .exceptions.notirq
                0x000000000100408c        0x8 ../WAT_TEST_bsp/\libucosii_bsp.a(alt_exception_entry.o)
 *(.exceptions.soft.user)
 *(.exceptions.soft)
 *(.exceptions.unknown.user)
 *(.exceptions.unknown)
 .exceptions.unknown
                0x0000000001004094       0x14 ../WAT_TEST_bsp/\libucosii_bsp.a(alt_exception_entry.o)
 *(.exceptions.exit.label)
 .exceptions.exit.label
                0x00000000010040a8        0x0 ../WAT_TEST_bsp/\libucosii_bsp.a(alt_irq_entry.o)
 .exceptions.exit.label
                0x00000000010040a8        0x0 ../WAT_TEST_bsp/\libucosii_bsp.a(alt_exception_entry.o)
 *(.exceptions.exit.user)
 *(.exceptions.exit)
 .exceptions.exit
                0x00000000010040a8       0x54 ../WAT_TEST_bsp/\libucosii_bsp.a(alt_exception_entry.o)
 *(.exceptions)
 .exceptions    0x00000000010040fc       0xd4 ../WAT_TEST_bsp/\libucosii_bsp.a(alt_irq_handler.o)
                0x00000000010040fc                alt_irq_handler
 .exceptions    0x00000000010041d0       0x60 ../WAT_TEST_bsp/\libucosii_bsp.a(alt_instruction_exception_entry.o)
                0x00000000010041d0                alt_instruction_exception_entry
                [!provide]                        PROVIDE (__ram_exceptions_end, ABSOLUTE (.))
                [!provide]                        PROVIDE (__flash_exceptions_start, LOADADDR (.exceptions))

.text           0x0000000000800000     0xc708
                [!provide]                        PROVIDE (stext, ABSOLUTE (.))
 *(.interp)
 *(.hash)
 *(.dynsym)
 *(.dynstr)
 *(.gnu.version)
 *(.gnu.version_d)
 *(.gnu.version_r)
 *(.rel.init)
 *(.rela.init)
 *(.rel.text .rel.text.* .rel.gnu.linkonce.t.*)
 *(.rela.text .rela.text.* .rela.gnu.linkonce.t.*)
 *(.rel.fini)
 *(.rela.fini)
 *(.rel.rodata .rel.rodata.* .rel.gnu.linkonce.r.*)
 *(.rela.rodata .rela.rodata.* .rela.gnu.linkonce.r.*)
 *(.rel.data .rel.data.* .rel.gnu.linkonce.d.*)
 *(.rela.data .rela.data.* .rela.gnu.linkonce.d.*)
 *(.rel.tdata .rel.tdata.* .rel.gnu.linkonce.td.*)
 *(.rela.tdata .rela.tdata.* .rela.gnu.linkonce.td.*)
 *(.rel.tbss .rel.tbss.* .rel.gnu.linkonce.tb.*)
 *(.rela.tbss .rela.tbss.* .rela.gnu.linkonce.tb.*)
 *(.rel.ctors)
 *(.rela.ctors)
 *(.rel.dtors)
 *(.rela.dtors)
 *(.rel.got)
 *(.rela.got)
 *(.rel.sdata .rel.sdata.* .rel.gnu.linkonce.s.*)
 *(.rela.sdata .rela.sdata.* .rela.gnu.linkonce.s.*)
 *(.rel.sbss .rel.sbss.* .rel.gnu.linkonce.sb.*)
 *(.rela.sbss .rela.sbss.* .rela.gnu.linkonce.sb.*)
 *(.rel.sdata2 .rel.sdata2.* .rel.gnu.linkonce.s2.*)
 *(.rela.sdata2 .rela.sdata2.* .rela.gnu.linkonce.s2.*)
 *(.rel.sbss2 .rel.sbss2.* .rel.gnu.linkonce.sb2.*)
 *(.rela.sbss2 .rela.sbss2.* .rela.gnu.linkonce.sb2.*)
 *(.rel.bss .rel.bss.* .rel.gnu.linkonce.b.*)
 *(.rela.bss .rela.bss.* .rela.gnu.linkonce.b.*)
 *(.rel.plt)
 *(.rela.plt)
 *(.rel.dyn)
 *(.init)
 *(.plt)
 *(.text .stub .text.* .gnu.linkonce.t.*)
 .text          0x0000000000800000       0x38 ../WAT_TEST_bsp//obj/HAL/src/crt0.o
                0x0000000000800000                _start
 .text          0x0000000000800038       0xb8 obj/default/wat_test.o
                0x0000000000800038                task1
                0x0000000000800084                main
 .text          0x00000000008000f0       0xbc ../WAT_TEST_bsp/\libucosii_bsp.a(alt_main.o)
                0x00000000008000f0                alt_main
 .text          0x00000000008001ac      0x124 ../WAT_TEST_bsp/\libucosii_bsp.a(alt_env_lock.o)
                0x00000000008001ac                __env_lock
                0x0000000000800270                __env_unlock
 .text          0x00000000008002d0      0x1ec ../WAT_TEST_bsp/\libucosii_bsp.a(alt_malloc_lock.o)
                0x00000000008002d0                __malloc_lock
                0x00000000008003f0                __malloc_unlock
 .text          0x00000000008004bc     0x2014 ../WAT_TEST_bsp/\libucosii_bsp.a(os_core.o)
                0x00000000008004bc                OSEventNameGet
                0x00000000008005dc                OSEventNameSet
                0x000000000080071c                OSEventPendMulti
                0x0000000000800d2c                OSInit
                0x0000000000800d84                OSIntEnter
                0x0000000000800dd0                OSIntExit
                0x0000000000800ec8                OSSchedLock
                0x0000000000800f54                OSSchedUnlock
                0x0000000000801030                OSStart
                0x00000000008010a0                OSStatInit
                0x0000000000801150                OSTimeTick
                0x0000000000801370                OSVersion
                0x0000000000801390                OS_Dummy
                0x00000000008013b0                OS_EventTaskRdy
                0x0000000000801548                OS_EventTaskWait
                0x0000000000801658                OS_EventTaskWaitMulti
                0x00000000008017a8                OS_EventTaskRemove
                0x0000000000801860                OS_EventTaskRemoveMulti
                0x0000000000801960                OS_EventWaitListInit
                0x0000000000801d40                OS_MemClr
                0x0000000000801d94                OS_MemCopy
                0x0000000000801dfc                OS_Sched
                0x0000000000801f40                OS_StrCopy
                0x0000000000801fb4                OS_StrLen
                0x0000000000802008                OS_TaskIdle
                0x0000000000802064                OS_TaskStat
                0x0000000000802130                OS_TaskStatStkChk
                0x00000000008021fc                OS_TCBInit
 .text          0x00000000008024d0      0x190 ../WAT_TEST_bsp/\libucosii_bsp.a(os_dbg.o)
                0x00000000008024d0                OSDebugInit
 .text          0x0000000000802660     0x1714 ../WAT_TEST_bsp/\libucosii_bsp.a(os_flag.o)
                0x0000000000802660                OSFlagAccept
                0x0000000000802968                OSFlagCreate
                0x0000000000802a70                OSFlagDel
                0x0000000000802cb8                OSFlagNameGet
                0x0000000000802de0                OSFlagNameSet
                0x0000000000802f2c                OSFlagPend
                0x00000000008034e4                OSFlagPendGetFlagsRdy
                0x0000000000803544                OSFlagPost
                0x00000000008038d8                OSFlagQuery
                0x0000000000803afc                OS_FlagInit
                0x0000000000803cd0                OS_FlagUnlink
 .text          0x0000000000803d74      0x760 ../WAT_TEST_bsp/\libucosii_bsp.a(os_mem.o)
                0x0000000000803d74                OSMemCreate
                0x0000000000803f48                OSMemGet
                0x0000000000804038                OSMemNameGet
                0x0000000000804128                OSMemNameSet
                0x000000000080423c                OSMemPut
                0x0000000000804314                OSMemQuery
                0x00000000008043fc                OS_MemInit
 .text          0x00000000008044d4     0x1104 ../WAT_TEST_bsp/\libucosii_bsp.a(os_q.o)
                0x00000000008044d4                OSQAccept
                0x0000000000804614                OSQCreate
                0x00000000008047c0                OSQDel
                0x0000000000804a40                OSQFlush
                0x0000000000804af8                OSQPend
                0x0000000000804d84                OSQPendAbort
                0x0000000000804ef0                OSQPost
                0x0000000000805058                OSQPostFront
                0x00000000008051c8                OSQPostOpt
                0x00000000008053d4                OSQQuery
                0x0000000000805530                OS_QInit
 .text          0x00000000008055d8      0xa60 ../WAT_TEST_bsp/\libucosii_bsp.a(os_sem.o)
                0x00000000008055d8                OSSemAccept
                0x0000000000805688                OSSemCreate
                0x0000000000805760                OSSemDel
                0x00000000008059a0                OSSemPend
                0x0000000000805bac                OSSemPendAbort
                0x0000000000805d18                OSSemPost
                0x0000000000805e28                OSSemQuery
                0x0000000000805f38                OSSemSet
 .text          0x0000000000806038     0x176c ../WAT_TEST_bsp/\libucosii_bsp.a(os_task.o)
                0x0000000000806038                OSTaskChangePrio
                0x0000000000806528                OSTaskCreate
                0x00000000008066d4                OSTaskCreateExt
                0x00000000008068b8                OSTaskDel
                0x0000000000806bfc                OSTaskDelReq
                0x0000000000806d4c                OSTaskNameGet
                0x0000000000806ee4                OSTaskNameSet
                0x0000000000807098                OSTaskResume
                0x000000000080726c                OSTaskStkChk
                0x000000000080742c                OSTaskSuspend
                0x0000000000807610                OSTaskQuery
                0x0000000000807734                OS_TaskStkClr
 .text          0x00000000008077a4      0x510 ../WAT_TEST_bsp/\libucosii_bsp.a(os_time.o)
                0x00000000008077a4                OSTimeDly
                0x00000000008078a8                OSTimeDlyHMSM
                0x0000000000807a24                OSTimeDlyResume
                0x0000000000807bf8                OSTimeGet
                0x0000000000807c54                OSTimeSet
 .text          0x0000000000807cb4      0x11c ../WAT_TEST_bsp/\libucosii_bsp.a(alt_sys_init.o)
                0x0000000000807ce8                alt_irq_init
                0x0000000000807d20                alt_sys_init
 .text          0x0000000000807dd0      0xafc ../WAT_TEST_bsp/\libucosii_bsp.a(altera_avalon_epcs_flash_controller.o)
                0x0000000000807e04                alt_epcs_flash_init
                0x000000000080833c                alt_epcs_flash_write
                0x000000000080859c                alt_epcs_flash_get_info
                0x00000000008086bc                alt_epcs_flash_erase_block
                0x0000000000808734                alt_epcs_flash_write_block
                0x0000000000808834                alt_epcs_flash_read
 .text          0x00000000008088cc      0x164 ../WAT_TEST_bsp/\libucosii_bsp.a(altera_avalon_jtag_uart_fd.o)
                0x00000000008088cc                altera_avalon_jtag_uart_read_fd
                0x000000000080892c                altera_avalon_jtag_uart_write_fd
                0x000000000080898c                altera_avalon_jtag_uart_close_fd
                0x00000000008089dc                altera_avalon_jtag_uart_ioctl_fd
 .text          0x0000000000808a30      0x558 ../WAT_TEST_bsp/\libucosii_bsp.a(altera_avalon_jtag_uart_init.o)
                0x0000000000808a30                altera_avalon_jtag_uart_init
                0x0000000000808f20                altera_avalon_jtag_uart_close
 .text          0x0000000000808f88       0xf0 ../WAT_TEST_bsp/\libucosii_bsp.a(altera_avalon_jtag_uart_ioctl.o)
                0x0000000000808f88                altera_avalon_jtag_uart_ioctl
 .text          0x0000000000809078      0x2bc ../WAT_TEST_bsp/\libucosii_bsp.a(altera_avalon_jtag_uart_read.o)
                0x0000000000809078                altera_avalon_jtag_uart_read
 .text          0x0000000000809334      0x2c4 ../WAT_TEST_bsp/\libucosii_bsp.a(altera_avalon_jtag_uart_write.o)
                0x0000000000809334                altera_avalon_jtag_uart_write
 .text          0x00000000008095f8       0xf4 ../WAT_TEST_bsp/\libucosii_bsp.a(altera_avalon_timer_sc.o)
                0x0000000000809670                alt_avalon_timer_sc_init
 .text          0x00000000008096ec      0x110 ../WAT_TEST_bsp/\libucosii_bsp.a(altera_avalon_uart_fd.o)
                0x00000000008096ec                altera_avalon_uart_read_fd
                0x000000000080974c                altera_avalon_uart_write_fd
                0x00000000008097ac                altera_avalon_uart_close_fd
 .text          0x00000000008097fc      0x52c ../WAT_TEST_bsp/\libucosii_bsp.a(altera_avalon_uart_init.o)
                0x00000000008097fc                altera_avalon_uart_init
                0x0000000000809cd4                altera_avalon_uart_close
 .text          0x0000000000809d28      0x2a4 ../WAT_TEST_bsp/\libucosii_bsp.a(altera_avalon_uart_read.o)
                0x0000000000809d64                altera_avalon_uart_read
 .text          0x0000000000809fcc      0x274 ../WAT_TEST_bsp/\libucosii_bsp.a(altera_avalon_uart_write.o)
                0x000000000080a008                altera_avalon_uart_write
 .text          0x000000000080a240      0x63c ../WAT_TEST_bsp/\libucosii_bsp.a(epcs_commands.o)
                0x000000000080a240                epcs_read_status_register
                0x000000000080a310                epcs_sector_erase
                0x000000000080a40c                epcs_read_buffer
                0x000000000080a500                epcs_write_enable
                0x000000000080a554                epcs_write_status_register
                0x000000000080a5c0                epcs_write_buffer
                0x000000000080a6dc                epcs_read_electronic_signature
                0x000000000080a744                epcs_read_device_id
                0x000000000080a7c4                epcs_enter_4_bytes_mode
                0x000000000080a820                epcs_exit_4_bytes_mode
 .text          0x000000000080a87c      0x12c ../WAT_TEST_bsp/\libucosii_bsp.a(alt_alarm_start.o)
                0x000000000080a87c                alt_alarm_start
 .text          0x000000000080a9a8      0x114 ../WAT_TEST_bsp/\libucosii_bsp.a(alt_close.o)
                0x000000000080a9e4                close
 .text          0x000000000080aabc       0x2c ../WAT_TEST_bsp/\libucosii_bsp.a(alt_dev.o)
 .text          0x000000000080aae8       0xe0 ../WAT_TEST_bsp/\libucosii_bsp.a(alt_dev_llist_insert.o)
                0x000000000080ab24                alt_dev_llist_insert
 .text          0x000000000080abc8       0x60 ../WAT_TEST_bsp/\libucosii_bsp.a(alt_do_ctors.o)
                0x000000000080abc8                _do_ctors
 .text          0x000000000080ac28       0x60 ../WAT_TEST_bsp/\libucosii_bsp.a(alt_do_dtors.o)
                0x000000000080ac28                _do_dtors
 .text          0x000000000080ac88        0x0 ../WAT_TEST_bsp/\libucosii_bsp.a(alt_errno.o)
 .text          0x000000000080ac88       0xbc ../WAT_TEST_bsp/\libucosii_bsp.a(alt_flash_dev.o)
                0x000000000080ac88                alt_flash_open_dev
                0x000000000080acf0                alt_flash_close_dev
 .text          0x000000000080ad44      0x1b0 ../WAT_TEST_bsp/\libucosii_bsp.a(alt_iic.o)
                0x000000000080ad44                alt_ic_isr_register
                0x000000000080ad94                alt_ic_irq_enable
                0x000000000080ae1c                alt_ic_irq_disable
                0x000000000080aea8                alt_ic_irq_enabled
 .text          0x000000000080aef4       0xf0 ../WAT_TEST_bsp/\libucosii_bsp.a(alt_iic_isr_register.o)
                0x000000000080aef4                alt_iic_isr_register
 .text          0x000000000080afe4      0x160 ../WAT_TEST_bsp/\libucosii_bsp.a(alt_io_redirect.o)
                0x000000000080b0c8                alt_io_redirect
 .text          0x000000000080b144        0x0 ../WAT_TEST_bsp/\libucosii_bsp.a(alt_irq_entry.o)
 .text          0x000000000080b144        0x0 ../WAT_TEST_bsp/\libucosii_bsp.a(alt_irq_handler.o)
 .text          0x000000000080b144        0x0 ../WAT_TEST_bsp/\libucosii_bsp.a(alt_irq_vars.o)
 .text          0x000000000080b144      0x284 ../WAT_TEST_bsp/\libucosii_bsp.a(alt_open.o)
                0x000000000080b26c                open
 .text          0x000000000080b3c8       0x84 ../WAT_TEST_bsp/\libucosii_bsp.a(alt_release_fd.o)
                0x000000000080b3c8                alt_release_fd
 .text          0x000000000080b44c      0x1a4 ../WAT_TEST_bsp/\libucosii_bsp.a(alt_tick.o)
                0x000000000080b44c                alt_alarm_stop
                0x000000000080b4e8                alt_tick
 .text          0x000000000080b5f0       0x24 ../WAT_TEST_bsp/\libucosii_bsp.a(altera_nios2_gen2_irq.o)
                0x000000000080b5f0                altera_nios2_gen2_irq_init
 .text          0x000000000080b614       0xd0 ../WAT_TEST_bsp/\libucosii_bsp.a(os_cpu_a.o)
                0x000000000080b614                OSCtxSw
                0x000000000080b614                OSIntCtxSw
                0x000000000080b6a0                OSStartHighRdy
                0x000000000080b6c0                OSStartTsk
 .text          0x000000000080b6e4      0x288 ../WAT_TEST_bsp/\libucosii_bsp.a(os_cpu_c.o)
                0x000000000080b6e4                OSTaskStkInit
                0x000000000080b840                OSTaskCreateHook
                0x000000000080b864                OSTaskDelHook
                0x000000000080b888                OSTaskSwHook
                0x000000000080b8a8                OSTaskStatHook
                0x000000000080b8c8                OSTimeTickHook
                0x000000000080b8e8                OSInitHookBegin
                0x000000000080b908                OSInitHookEnd
                0x000000000080b928                OSTaskIdleHook
                0x000000000080b948                OSTCBInitHook
 .text          0x000000000080b96c      0x1fc ../WAT_TEST_bsp/\libucosii_bsp.a(altera_avalon_spi.o)
                0x000000000080b96c                alt_avalon_spi_command
 .text          0x000000000080bb68        0x0 ../WAT_TEST_bsp/\libucosii_bsp.a(alt_exception_entry.o)
 .text          0x000000000080bb68       0x90 ../WAT_TEST_bsp/\libucosii_bsp.a(alt_find_dev.o)
                0x000000000080bb68                alt_find_dev
 .text          0x000000000080bbf8      0x108 ../WAT_TEST_bsp/\libucosii_bsp.a(alt_find_file.o)
                0x000000000080bbf8                alt_find_file
 .text          0x000000000080bd00       0xf4 ../WAT_TEST_bsp/\libucosii_bsp.a(alt_get_fd.o)
                0x000000000080bd00                alt_get_fd
 .text          0x000000000080bdf4       0x9c ../WAT_TEST_bsp/\libucosii_bsp.a(alt_instruction_exception_entry.o)
                0x000000000080bdf4                alt_exception_cause_generated_bad_addr
 .text          0x000000000080be90        0x0 c:/intelfpga_lite/16.1/nios2eds/bin/gnu/h-x86_64-mingw32/bin/../lib/gcc/nios2-elf/5.3.0/../../../../../H-x86_64-mingw32/nios2-elf/lib/mno-hw-mul\libc.a(lib_a-atexit.o)
 .text.atexit   0x000000000080be90       0x14 c:/intelfpga_lite/16.1/nios2eds/bin/gnu/h-x86_64-mingw32/bin/../lib/gcc/nios2-elf/5.3.0/../../../../../H-x86_64-mingw32/nios2-elf/lib/mno-hw-mul\libc.a(lib_a-atexit.o)
                0x000000000080be90                atexit
 .text          0x000000000080bea4        0x0 c:/intelfpga_lite/16.1/nios2eds/bin/gnu/h-x86_64-mingw32/bin/../lib/gcc/nios2-elf/5.3.0/../../../../../H-x86_64-mingw32/nios2-elf/lib/mno-hw-mul\libc.a(lib_a-exit.o)
 .text.exit     0x000000000080bea4       0x38 c:/intelfpga_lite/16.1/nios2eds/bin/gnu/h-x86_64-mingw32/bin/../lib/gcc/nios2-elf/5.3.0/../../../../../H-x86_64-mingw32/nios2-elf/lib/mno-hw-mul\libc.a(lib_a-exit.o)
                0x000000000080bea4                exit
 .text          0x000000000080bedc        0x0 c:/intelfpga_lite/16.1/nios2eds/bin/gnu/h-x86_64-mingw32/bin/../lib/gcc/nios2-elf/5.3.0/../../../../../H-x86_64-mingw32/nios2-elf/lib/mno-hw-mul\libc.a(lib_a-impure.o)
 .text          0x000000000080bedc        0x0 c:/intelfpga_lite/16.1/nios2eds/bin/gnu/h-x86_64-mingw32/bin/../lib/gcc/nios2-elf/5.3.0/../../../../../H-x86_64-mingw32/nios2-elf/lib/mno-hw-mul\libc.a(lib_a-int_errno.o)
 .text          0x000000000080bedc        0x0 c:/intelfpga_lite/16.1/nios2eds/bin/gnu/h-x86_64-mingw32/bin/../lib/gcc/nios2-elf/5.3.0/../../../../../H-x86_64-mingw32/nios2-elf/lib/mno-hw-mul\libc.a(lib_a-memcmp.o)
 .text.memcmp   0x000000000080bedc       0x7c c:/intelfpga_lite/16.1/nios2eds/bin/gnu/h-x86_64-mingw32/bin/../lib/gcc/nios2-elf/5.3.0/../../../../../H-x86_64-mingw32/nios2-elf/lib/mno-hw-mul\libc.a(lib_a-memcmp.o)
                0x000000000080bedc                memcmp
 .text          0x000000000080bf58        0x0 c:/intelfpga_lite/16.1/nios2eds/bin/gnu/h-x86_64-mingw32/bin/../lib/gcc/nios2-elf/5.3.0/../../../../../H-x86_64-mingw32/nios2-elf/lib/mno-hw-mul\libc.a(lib_a-memcpy.o)
 .text.memcpy   0x000000000080bf58      0x148 c:/intelfpga_lite/16.1/nios2eds/bin/gnu/h-x86_64-mingw32/bin/../lib/gcc/nios2-elf/5.3.0/../../../../../H-x86_64-mingw32/nios2-elf/lib/mno-hw-mul\libc.a(lib_a-memcpy.o)
                0x000000000080bf58                memcpy
 .text          0x000000000080c0a0        0x0 c:/intelfpga_lite/16.1/nios2eds/bin/gnu/h-x86_64-mingw32/bin/../lib/gcc/nios2-elf/5.3.0/../../../../../H-x86_64-mingw32/nios2-elf/lib/mno-hw-mul\libc.a(lib_a-memset.o)
 .text.memset   0x000000000080c0a0      0x128 c:/intelfpga_lite/16.1/nios2eds/bin/gnu/h-x86_64-mingw32/bin/../lib/gcc/nios2-elf/5.3.0/../../../../../H-x86_64-mingw32/nios2-elf/lib/mno-hw-mul\libc.a(lib_a-memset.o)
                0x000000000080c0a0                memset
 .text          0x000000000080c1c8        0x0 c:/intelfpga_lite/16.1/nios2eds/bin/gnu/h-x86_64-mingw32/bin/../lib/gcc/nios2-elf/5.3.0/../../../../../H-x86_64-mingw32/nios2-elf/lib/mno-hw-mul\libc.a(lib_a-strlen.o)
 .text.strlen   0x000000000080c1c8       0x98 c:/intelfpga_lite/16.1/nios2eds/bin/gnu/h-x86_64-mingw32/bin/../lib/gcc/nios2-elf/5.3.0/../../../../../H-x86_64-mingw32/nios2-elf/lib/mno-hw-mul\libc.a(lib_a-strlen.o)
                0x000000000080c1c8                strlen
 .text          0x000000000080c260        0x0 c:/intelfpga_lite/16.1/nios2eds/bin/gnu/h-x86_64-mingw32/bin/../lib/gcc/nios2-elf/5.3.0/../../../../../H-x86_64-mingw32/nios2-elf/lib/mno-hw-mul\libc.a(lib_a-__atexit.o)
 .text.__register_exitproc
                0x000000000080c260      0x118 c:/intelfpga_lite/16.1/nios2eds/bin/gnu/h-x86_64-mingw32/bin/../lib/gcc/nios2-elf/5.3.0/../../../../../H-x86_64-mingw32/nios2-elf/lib/mno-hw-mul\libc.a(lib_a-__atexit.o)
                0x000000000080c260                __register_exitproc
 .text          0x000000000080c378        0x0 c:/intelfpga_lite/16.1/nios2eds/bin/gnu/h-x86_64-mingw32/bin/../lib/gcc/nios2-elf/5.3.0/../../../../../H-x86_64-mingw32/nios2-elf/lib/mno-hw-mul\libc.a(lib_a-__call_atexit.o)
 .text.__call_exitprocs
                0x000000000080c378      0x180 c:/intelfpga_lite/16.1/nios2eds/bin/gnu/h-x86_64-mingw32/bin/../lib/gcc/nios2-elf/5.3.0/../../../../../H-x86_64-mingw32/nios2-elf/lib/mno-hw-mul\libc.a(lib_a-__call_atexit.o)
                0x000000000080c378                __call_exitprocs
 .text          0x000000000080c4f8      0x1b4 c:/intelfpga_lite/16.1/nios2eds/bin/gnu/h-x86_64-mingw32/bin/../lib/gcc/nios2-elf/5.3.0/mno-hw-mul\libgcc.a(lib2-divmod.o)
                0x000000000080c4f8                __divsi3
                0x000000000080c57c                __modsi3
                0x000000000080c5f0                __udivsi3
                0x000000000080c654                __umodsi3
 .text          0x000000000080c6ac       0x28 c:/intelfpga_lite/16.1/nios2eds/bin/gnu/h-x86_64-mingw32/bin/../lib/gcc/nios2-elf/5.3.0/mno-hw-mul\libgcc.a(lib2-mul.o)
                0x000000000080c6ac                __mulsi3
 .text          0x000000000080c6d4       0x34 ../WAT_TEST_bsp/\libucosii_bsp.a(alt_exit.o)
                0x000000000080c6d4                _exit
 *(.gnu.warning.*)
 *(.fini)
                [!provide]                        PROVIDE (__etext, ABSOLUTE (.))
                [!provide]                        PROVIDE (_etext, ABSOLUTE (.))
                [!provide]                        PROVIDE (etext, ABSOLUTE (.))
 *(.eh_frame_hdr)
                0x000000000080c708                . = ALIGN (0x4)
                [!provide]                        PROVIDE (__preinit_array_start, ABSOLUTE (.))
 *(.preinit_array)
                [!provide]                        PROVIDE (__preinit_array_end, ABSOLUTE (.))
                [!provide]                        PROVIDE (__init_array_start, ABSOLUTE (.))
 *(.init_array)
                [!provide]                        PROVIDE (__init_array_end, ABSOLUTE (.))
                [!provide]                        PROVIDE (__fini_array_start, ABSOLUTE (.))
 *(.fini_array)
                [!provide]                        PROVIDE (__fini_array_end, ABSOLUTE (.))
 *(.eh_frame)
 *(.gcc_except_table .gcc_except_table.*)
 *(.dynamic)
                0x000000000080c708                PROVIDE (__CTOR_LIST__, ABSOLUTE (.))
 *(.ctors)
 *(SORT(.ctors.*))
                0x000000000080c708                PROVIDE (__CTOR_END__, ABSOLUTE (.))
                0x000000000080c708                PROVIDE (__DTOR_LIST__, ABSOLUTE (.))
 *(.dtors)
 *(SORT(.dtors.*))
                0x000000000080c708                PROVIDE (__DTOR_END__, ABSOLUTE (.))
 *(.jcr)
                0x000000000080c708                . = ALIGN (0x4)

.rodata         0x000000000080c708      0x19c
                [!provide]                        PROVIDE (__ram_rodata_start, ABSOLUTE (.))
                0x000000000080c708                . = ALIGN (0x4)
 *(.rodata .rodata.* .gnu.linkonce.r.*)
 .rodata        0x000000000080c708       0x11 ../WAT_TEST_bsp/\libucosii_bsp.a(alt_main.o)
 *fill*         0x000000000080c719        0x3 
 .rodata        0x000000000080c71c      0x11e ../WAT_TEST_bsp/\libucosii_bsp.a(os_core.o)
                0x000000000080c71c                OSUnMapTbl
 *fill*         0x000000000080c83a        0x2 
 .rodata        0x000000000080c83c       0x53 ../WAT_TEST_bsp/\libucosii_bsp.a(alt_sys_init.o)
 *fill*         0x000000000080c88f        0x1 
 .rodata        0x000000000080c890        0xa ../WAT_TEST_bsp/\libucosii_bsp.a(alt_dev.o)
 *fill*         0x000000000080c89a        0x2 
 .rodata        0x000000000080c89c        0x2 ../WAT_TEST_bsp/\libucosii_bsp.a(os_cpu_c.o)
 *fill*         0x000000000080c89e        0x2 
 .rodata.str1.4
                0x000000000080c8a0        0x4 c:/intelfpga_lite/16.1/nios2eds/bin/gnu/h-x86_64-mingw32/bin/../lib/gcc/nios2-elf/5.3.0/../../../../../H-x86_64-mingw32/nios2-elf/lib/mno-hw-mul\libc.a(lib_a-impure.o)
                                          0x2 (size before relaxing)
 *(.rodata1)
                0x000000000080c8a4                . = ALIGN (0x4)
                [!provide]                        PROVIDE (__ram_rodata_end, ABSOLUTE (.))
                [!provide]                        PROVIDE (__flash_rodata_start, LOADADDR (.rodata))

.rwdata         0x000000000080c8a4     0x1954
                [!provide]                        PROVIDE (__ram_rwdata_start, ABSOLUTE (.))
                0x000000000080c8a4                . = ALIGN (0x4)
 *(.got.plt)
 *(.got)
 *(.data1)
 *(.data .data.* .gnu.linkonce.d.*)
 .data          0x000000000080c8a4        0x0 ../WAT_TEST_bsp//obj/HAL/src/crt0.o
 .data          0x000000000080c8a4        0x0 obj/default/wat_test.o
 .data          0x000000000080c8a4        0x0 ../WAT_TEST_bsp/\libucosii_bsp.a(alt_main.o)
 .data          0x000000000080c8a4        0x0 ../WAT_TEST_bsp/\libucosii_bsp.a(alt_env_lock.o)
 .data          0x000000000080c8a4        0x0 ../WAT_TEST_bsp/\libucosii_bsp.a(alt_malloc_lock.o)
 .data          0x000000000080c8a4        0x0 ../WAT_TEST_bsp/\libucosii_bsp.a(os_core.o)
 .data          0x000000000080c8a4        0x0 ../WAT_TEST_bsp/\libucosii_bsp.a(os_dbg.o)
 .data          0x000000000080c8a4        0x0 ../WAT_TEST_bsp/\libucosii_bsp.a(os_flag.o)
 .data          0x000000000080c8a4        0x0 ../WAT_TEST_bsp/\libucosii_bsp.a(os_mem.o)
 .data          0x000000000080c8a4        0x0 ../WAT_TEST_bsp/\libucosii_bsp.a(os_q.o)
 .data          0x000000000080c8a4        0x0 ../WAT_TEST_bsp/\libucosii_bsp.a(os_sem.o)
 .data          0x000000000080c8a4        0x0 ../WAT_TEST_bsp/\libucosii_bsp.a(os_task.o)
 .data          0x000000000080c8a4        0x0 ../WAT_TEST_bsp/\libucosii_bsp.a(os_time.o)
 .data          0x000000000080c8a4     0x12d8 ../WAT_TEST_bsp/\libucosii_bsp.a(alt_sys_init.o)
 .data          0x000000000080db7c        0x0 ../WAT_TEST_bsp/\libucosii_bsp.a(altera_avalon_epcs_flash_controller.o)
 .data          0x000000000080db7c        0x0 ../WAT_TEST_bsp/\libucosii_bsp.a(altera_avalon_jtag_uart_fd.o)
 .data          0x000000000080db7c        0x0 ../WAT_TEST_bsp/\libucosii_bsp.a(altera_avalon_jtag_uart_init.o)
 .data          0x000000000080db7c        0x0 ../WAT_TEST_bsp/\libucosii_bsp.a(altera_avalon_jtag_uart_ioctl.o)
 .data          0x000000000080db7c        0x0 ../WAT_TEST_bsp/\libucosii_bsp.a(altera_avalon_jtag_uart_read.o)
 .data          0x000000000080db7c        0x0 ../WAT_TEST_bsp/\libucosii_bsp.a(altera_avalon_jtag_uart_write.o)
 .data          0x000000000080db7c        0x0 ../WAT_TEST_bsp/\libucosii_bsp.a(altera_avalon_timer_sc.o)
 .data          0x000000000080db7c        0x0 ../WAT_TEST_bsp/\libucosii_bsp.a(altera_avalon_uart_fd.o)
 .data          0x000000000080db7c        0x0 ../WAT_TEST_bsp/\libucosii_bsp.a(altera_avalon_uart_init.o)
 .data          0x000000000080db7c        0x0 ../WAT_TEST_bsp/\libucosii_bsp.a(altera_avalon_uart_read.o)
 .data          0x000000000080db7c        0x0 ../WAT_TEST_bsp/\libucosii_bsp.a(altera_avalon_uart_write.o)
 .data          0x000000000080db7c        0x0 ../WAT_TEST_bsp/\libucosii_bsp.a(epcs_commands.o)
 .data          0x000000000080db7c        0x0 ../WAT_TEST_bsp/\libucosii_bsp.a(alt_alarm_start.o)
 .data          0x000000000080db7c        0x0 ../WAT_TEST_bsp/\libucosii_bsp.a(alt_close.o)
 .data          0x000000000080db7c      0x1a8 ../WAT_TEST_bsp/\libucosii_bsp.a(alt_dev.o)
                0x000000000080db7c                alt_dev_null
                0x000000000080dba4                alt_fd_list
 .data          0x000000000080dd24        0x0 ../WAT_TEST_bsp/\libucosii_bsp.a(alt_dev_llist_insert.o)
 .data          0x000000000080dd24        0x0 ../WAT_TEST_bsp/\libucosii_bsp.a(alt_do_ctors.o)
 .data          0x000000000080dd24        0x0 ../WAT_TEST_bsp/\libucosii_bsp.a(alt_do_dtors.o)
 .data          0x000000000080dd24        0x0 ../WAT_TEST_bsp/\libucosii_bsp.a(alt_errno.o)
 .data          0x000000000080dd24        0x0 ../WAT_TEST_bsp/\libucosii_bsp.a(alt_flash_dev.o)
 .data          0x000000000080dd24        0x0 ../WAT_TEST_bsp/\libucosii_bsp.a(alt_iic.o)
 .data          0x000000000080dd24        0x0 ../WAT_TEST_bsp/\libucosii_bsp.a(alt_iic_isr_register.o)
 .data          0x000000000080dd24        0x0 ../WAT_TEST_bsp/\libucosii_bsp.a(alt_io_redirect.o)
 .data          0x000000000080dd24        0x0 ../WAT_TEST_bsp/\libucosii_bsp.a(alt_irq_entry.o)
 .data          0x000000000080dd24        0x0 ../WAT_TEST_bsp/\libucosii_bsp.a(alt_irq_handler.o)
 .data          0x000000000080dd24        0x0 ../WAT_TEST_bsp/\libucosii_bsp.a(alt_irq_vars.o)
 .data          0x000000000080dd24        0x0 ../WAT_TEST_bsp/\libucosii_bsp.a(alt_open.o)
 .data          0x000000000080dd24        0x0 ../WAT_TEST_bsp/\libucosii_bsp.a(alt_release_fd.o)
 .data          0x000000000080dd24        0x0 ../WAT_TEST_bsp/\libucosii_bsp.a(alt_tick.o)
 .data          0x000000000080dd24        0x0 ../WAT_TEST_bsp/\libucosii_bsp.a(altera_nios2_gen2_irq.o)
 .data          0x000000000080dd24        0x0 ../WAT_TEST_bsp/\libucosii_bsp.a(os_cpu_a.o)
 .data          0x000000000080dd24        0x0 ../WAT_TEST_bsp/\libucosii_bsp.a(os_cpu_c.o)
 .data          0x000000000080dd24        0x0 ../WAT_TEST_bsp/\libucosii_bsp.a(altera_avalon_spi.o)
 .data          0x000000000080dd24        0x0 ../WAT_TEST_bsp/\libucosii_bsp.a(alt_exception_entry.o)
 .data          0x000000000080dd24        0x0 ../WAT_TEST_bsp/\libucosii_bsp.a(alt_find_dev.o)
 .data          0x000000000080dd24        0x0 ../WAT_TEST_bsp/\libucosii_bsp.a(alt_find_file.o)
 .data          0x000000000080dd24        0x0 ../WAT_TEST_bsp/\libucosii_bsp.a(alt_get_fd.o)
 .data          0x000000000080dd24        0x0 ../WAT_TEST_bsp/\libucosii_bsp.a(alt_instruction_exception_entry.o)
 .data          0x000000000080dd24        0x0 c:/intelfpga_lite/16.1/nios2eds/bin/gnu/h-x86_64-mingw32/bin/../lib/gcc/nios2-elf/5.3.0/../../../../../H-x86_64-mingw32/nios2-elf/lib/mno-hw-mul\libc.a(lib_a-atexit.o)
 .data          0x000000000080dd24        0x0 c:/intelfpga_lite/16.1/nios2eds/bin/gnu/h-x86_64-mingw32/bin/../lib/gcc/nios2-elf/5.3.0/../../../../../H-x86_64-mingw32/nios2-elf/lib/mno-hw-mul\libc.a(lib_a-exit.o)
 .data          0x000000000080dd24        0x0 c:/intelfpga_lite/16.1/nios2eds/bin/gnu/h-x86_64-mingw32/bin/../lib/gcc/nios2-elf/5.3.0/../../../../../H-x86_64-mingw32/nios2-elf/lib/mno-hw-mul\libc.a(lib_a-impure.o)
 .data.impure_data
                0x000000000080dd24      0x424 c:/intelfpga_lite/16.1/nios2eds/bin/gnu/h-x86_64-mingw32/bin/../lib/gcc/nios2-elf/5.3.0/../../../../../H-x86_64-mingw32/nios2-elf/lib/mno-hw-mul\libc.a(lib_a-impure.o)
 .data          0x000000000080e148        0x0 c:/intelfpga_lite/16.1/nios2eds/bin/gnu/h-x86_64-mingw32/bin/../lib/gcc/nios2-elf/5.3.0/../../../../../H-x86_64-mingw32/nios2-elf/lib/mno-hw-mul\libc.a(lib_a-int_errno.o)
 .data          0x000000000080e148        0x0 c:/intelfpga_lite/16.1/nios2eds/bin/gnu/h-x86_64-mingw32/bin/../lib/gcc/nios2-elf/5.3.0/../../../../../H-x86_64-mingw32/nios2-elf/lib/mno-hw-mul\libc.a(lib_a-memcmp.o)
 .data          0x000000000080e148        0x0 c:/intelfpga_lite/16.1/nios2eds/bin/gnu/h-x86_64-mingw32/bin/../lib/gcc/nios2-elf/5.3.0/../../../../../H-x86_64-mingw32/nios2-elf/lib/mno-hw-mul\libc.a(lib_a-memcpy.o)
 .data          0x000000000080e148        0x0 c:/intelfpga_lite/16.1/nios2eds/bin/gnu/h-x86_64-mingw32/bin/../lib/gcc/nios2-elf/5.3.0/../../../../../H-x86_64-mingw32/nios2-elf/lib/mno-hw-mul\libc.a(lib_a-memset.o)
 .data          0x000000000080e148        0x0 c:/intelfpga_lite/16.1/nios2eds/bin/gnu/h-x86_64-mingw32/bin/../lib/gcc/nios2-elf/5.3.0/../../../../../H-x86_64-mingw32/nios2-elf/lib/mno-hw-mul\libc.a(lib_a-strlen.o)
 .data          0x000000000080e148        0x0 c:/intelfpga_lite/16.1/nios2eds/bin/gnu/h-x86_64-mingw32/bin/../lib/gcc/nios2-elf/5.3.0/../../../../../H-x86_64-mingw32/nios2-elf/lib/mno-hw-mul\libc.a(lib_a-__atexit.o)
 .data          0x000000000080e148        0x0 c:/intelfpga_lite/16.1/nios2eds/bin/gnu/h-x86_64-mingw32/bin/../lib/gcc/nios2-elf/5.3.0/../../../../../H-x86_64-mingw32/nios2-elf/lib/mno-hw-mul\libc.a(lib_a-__call_atexit.o)
 .data          0x000000000080e148        0x0 c:/intelfpga_lite/16.1/nios2eds/bin/gnu/h-x86_64-mingw32/bin/../lib/gcc/nios2-elf/5.3.0/mno-hw-mul\libgcc.a(lib2-divmod.o)
 .data          0x000000000080e148        0x0 c:/intelfpga_lite/16.1/nios2eds/bin/gnu/h-x86_64-mingw32/bin/../lib/gcc/nios2-elf/5.3.0/mno-hw-mul\libgcc.a(lib2-mul.o)
 .data          0x000000000080e148        0x0 ../WAT_TEST_bsp/\libucosii_bsp.a(alt_exit.o)
                0x0000000000816148                _gp = ABSOLUTE ((. + 0x8000))
                [!provide]                        PROVIDE (gp, _gp)
 *(.rwdata .rwdata.*)
 *(.sdata .sdata.* .gnu.linkonce.s.*)
 .sdata         0x000000000080e148        0x4 ../WAT_TEST_bsp/\libucosii_bsp.a(alt_env_lock.o)
 .sdata         0x000000000080e14c        0x4 ../WAT_TEST_bsp/\libucosii_bsp.a(alt_malloc_lock.o)
 .sdata         0x000000000080e150       0x72 ../WAT_TEST_bsp/\libucosii_bsp.a(os_dbg.o)
                0x000000000080e150                OSDebugEn
                0x000000000080e154                OSEndiannessTest
                0x000000000080e158                OSEventEn
                0x000000000080e15a                OSEventMax
                0x000000000080e15c                OSEventNameSize
                0x000000000080e15e                OSEventSize
                0x000000000080e160                OSEventTblSize
                0x000000000080e162                OSEventMultiEn
                0x000000000080e164                OSFlagEn
                0x000000000080e166                OSFlagGrpSize
                0x000000000080e168                OSFlagNodeSize
                0x000000000080e16a                OSFlagWidth
                0x000000000080e16c                OSFlagMax
                0x000000000080e16e                OSFlagNameSize
                0x000000000080e170                OSLowestPrio
                0x000000000080e172                OSMboxEn
                0x000000000080e174                OSMemEn
                0x000000000080e176                OSMemMax
                0x000000000080e178                OSMemNameSize
                0x000000000080e17a                OSMemSize
                0x000000000080e17c                OSMemTblSize
                0x000000000080e17e                OSMutexEn
                0x000000000080e180                OSPtrSize
                0x000000000080e182                OSQEn
                0x000000000080e184                OSQMax
                0x000000000080e186                OSQSize
                0x000000000080e188                OSRdyTblSize
                0x000000000080e18a                OSSemEn
                0x000000000080e18c                OSStkWidth
                0x000000000080e18e                OSTaskCreateEn
                0x000000000080e190                OSTaskCreateExtEn
                0x000000000080e192                OSTaskDelEn
                0x000000000080e194                OSTaskIdleStkSize
                0x000000000080e196                OSTaskProfileEn
                0x000000000080e198                OSTaskMax
                0x000000000080e19a                OSTaskNameSize
                0x000000000080e19c                OSTaskStatEn
                0x000000000080e19e                OSTaskStatStkSize
                0x000000000080e1a0                OSTaskStatStkChkEn
                0x000000000080e1a2                OSTaskSwHookEn
                0x000000000080e1a4                OSTCBPrioTblMax
                0x000000000080e1a6                OSTCBSize
                0x000000000080e1a8                OSTicksPerSec
                0x000000000080e1aa                OSTimeTickHookEn
                0x000000000080e1ac                OSVersionNbr
                0x000000000080e1ae                OSTmrEn
                0x000000000080e1b0                OSTmrCfgMax
                0x000000000080e1b2                OSTmrCfgNameSize
                0x000000000080e1b4                OSTmrCfgWheelSize
                0x000000000080e1b6                OSTmrCfgTicksPerSec
                0x000000000080e1b8                OSTmrSize
                0x000000000080e1ba                OSTmrTblSize
                0x000000000080e1bc                OSTmrWheelSize
                0x000000000080e1be                OSTmrWheelTblSize
                0x000000000080e1c0                OSDataSize
 *fill*         0x000000000080e1c2        0x2 
 .sdata         0x000000000080e1c4       0x14 ../WAT_TEST_bsp/\libucosii_bsp.a(alt_dev.o)
                0x000000000080e1c4                alt_fs_list
                0x000000000080e1cc                alt_dev_list
                0x000000000080e1d4                alt_max_fd
 .sdata         0x000000000080e1d8        0x4 ../WAT_TEST_bsp/\libucosii_bsp.a(alt_errno.o)
                0x000000000080e1d8                alt_errno
 .sdata         0x000000000080e1dc        0x8 ../WAT_TEST_bsp/\libucosii_bsp.a(alt_flash_dev.o)
                0x000000000080e1dc                alt_flash_dev_list
 .sdata         0x000000000080e1e4        0x4 ../WAT_TEST_bsp/\libucosii_bsp.a(alt_irq_vars.o)
                0x000000000080e1e4                alt_priority_mask
 .sdata         0x000000000080e1e8        0x8 ../WAT_TEST_bsp/\libucosii_bsp.a(alt_tick.o)
                0x000000000080e1e8                alt_alarm_list
 .sdata._global_impure_ptr
                0x000000000080e1f0        0x4 c:/intelfpga_lite/16.1/nios2eds/bin/gnu/h-x86_64-mingw32/bin/../lib/gcc/nios2-elf/5.3.0/../../../../../H-x86_64-mingw32/nios2-elf/lib/mno-hw-mul\libc.a(lib_a-impure.o)
                0x000000000080e1f0                _global_impure_ptr
 .sdata._impure_ptr
                0x000000000080e1f4        0x4 c:/intelfpga_lite/16.1/nios2eds/bin/gnu/h-x86_64-mingw32/bin/../lib/gcc/nios2-elf/5.3.0/../../../../../H-x86_64-mingw32/nios2-elf/lib/mno-hw-mul\libc.a(lib_a-impure.o)
                0x000000000080e1f4                _impure_ptr
 *(.sdata2 .sdata2.* .gnu.linkonce.s2.*)
                0x000000000080e1f8                . = ALIGN (0x4)
                0x000000000080e1f8                _edata = ABSOLUTE (.)
                [!provide]                        PROVIDE (edata, ABSOLUTE (.))
                [!provide]                        PROVIDE (__ram_rwdata_end, ABSOLUTE (.))
                [!provide]                        PROVIDE (__flash_rwdata_start, LOADADDR (.rwdata))

.bss            0x000000000080e1f8     0x73a8
                0x000000000080e1f8                __bss_start = ABSOLUTE (.)
                [!provide]                        PROVIDE (__sbss_start, ABSOLUTE (.))
                [!provide]                        PROVIDE (___sbss_start, ABSOLUTE (.))
 *(.dynsbss)
 *(.sbss .sbss.* .gnu.linkonce.sb.*)
 .sbss          0x000000000080e1f8        0xc ../WAT_TEST_bsp/\libucosii_bsp.a(alt_main.o)
                0x000000000080e1f8                alt_argc
                0x000000000080e1fc                alt_argv
                0x000000000080e200                alt_envp
 .sbss          0x000000000080e204        0x4 ../WAT_TEST_bsp/\libucosii_bsp.a(alt_env_lock.o)
 .sbss          0x000000000080e208        0x4 ../WAT_TEST_bsp/\libucosii_bsp.a(alt_env_lock.o)
                0x000000000080e208                alt_envsem
 .sbss          0x000000000080e20c        0x8 ../WAT_TEST_bsp/\libucosii_bsp.a(alt_malloc_lock.o)
                0x000000000080e210                alt_heapsem
 .sbss          0x000000000080e214       0x50 ../WAT_TEST_bsp/\libucosii_bsp.a(os_core.o)
                0x000000000080e214                OSLockNesting
                0x000000000080e215                OSRunning
                0x000000000080e218                OSIdleCtr
                0x000000000080e21c                OSPrioHighRdy
                0x000000000080e21d                OSPrioCur
                0x000000000080e220                OSTCBList
                0x000000000080e224                OSTickStepState
                0x000000000080e228                OSCtxSwCtr
                0x000000000080e22c                OSIdleCtrMax
                0x000000000080e230                OSTCBFreeList
                0x000000000080e234                OSCPUUsage
                0x000000000080e235                OSTaskCtr
                0x000000000080e238                OSMemFreeList
                0x000000000080e23c                OSTCBHighRdy
                0x000000000080e240                OSQFreeList
                0x000000000080e244                OSRdyGrp
                0x000000000080e245                OSRdyTbl
                0x000000000080e248                OSEventFreeList
                0x000000000080e24c                OSIntNesting
                0x000000000080e250                OSTCBCur
                0x000000000080e254                OSTime
                0x000000000080e258                OSFlagFreeList
                0x000000000080e25c                OSStatRdy
                0x000000000080e260                OSIdleCtrRun
 .sbss          0x000000000080e264        0x4 ../WAT_TEST_bsp/\libucosii_bsp.a(alt_dev.o)
                0x000000000080e264                alt_fd_list_lock
 .sbss          0x000000000080e268        0x4 ../WAT_TEST_bsp/\libucosii_bsp.a(alt_irq_vars.o)
                0x000000000080e268                alt_irq_active
 .sbss          0x000000000080e26c        0x8 ../WAT_TEST_bsp/\libucosii_bsp.a(alt_tick.o)
                0x000000000080e26c                _alt_tick_rate
                0x000000000080e270                _alt_nticks
 .sbss          0x000000000080e274        0x4 ../WAT_TEST_bsp/\libucosii_bsp.a(alt_instruction_exception_entry.o)
                0x000000000080e274                alt_instruction_exception_handler
 .sbss          0x000000000080e278        0x4 c:/intelfpga_lite/16.1/nios2eds/bin/gnu/h-x86_64-mingw32/bin/../lib/gcc/nios2-elf/5.3.0/../../../../../H-x86_64-mingw32/nios2-elf/lib/mno-hw-mul\libc.a(lib_a-int_errno.o)
                0x000000000080e278                errno
 *(.sbss2 .sbss2.* .gnu.linkonce.sb2.*)
 *(.scommon)
                [!provide]                        PROVIDE (__sbss_end, ABSOLUTE (.))
                [!provide]                        PROVIDE (___sbss_end, ABSOLUTE (.))
 *(.dynbss)
 *(.bss .bss.* .gnu.linkonce.b.*)
 .bss           0x000000000080e27c        0x0 ../WAT_TEST_bsp//obj/HAL/src/crt0.o
 .bss           0x000000000080e27c        0x0 obj/default/wat_test.o
 .bss           0x000000000080e27c        0x0 ../WAT_TEST_bsp/\libucosii_bsp.a(alt_main.o)
 .bss           0x000000000080e27c        0x0 ../WAT_TEST_bsp/\libucosii_bsp.a(alt_env_lock.o)
 .bss           0x000000000080e27c        0x0 ../WAT_TEST_bsp/\libucosii_bsp.a(alt_malloc_lock.o)
 .bss           0x000000000080e27c        0x0 ../WAT_TEST_bsp/\libucosii_bsp.a(os_core.o)
 .bss           0x000000000080e27c        0x0 ../WAT_TEST_bsp/\libucosii_bsp.a(os_dbg.o)
 .bss           0x000000000080e27c        0x0 ../WAT_TEST_bsp/\libucosii_bsp.a(os_flag.o)
 .bss           0x000000000080e27c        0x0 ../WAT_TEST_bsp/\libucosii_bsp.a(os_mem.o)
 .bss           0x000000000080e27c        0x0 ../WAT_TEST_bsp/\libucosii_bsp.a(os_q.o)
 .bss           0x000000000080e27c        0x0 ../WAT_TEST_bsp/\libucosii_bsp.a(os_sem.o)
 .bss           0x000000000080e27c        0x0 ../WAT_TEST_bsp/\libucosii_bsp.a(os_task.o)
 .bss           0x000000000080e27c        0x0 ../WAT_TEST_bsp/\libucosii_bsp.a(os_time.o)
 .bss           0x000000000080e27c        0x0 ../WAT_TEST_bsp/\libucosii_bsp.a(alt_sys_init.o)
 .bss           0x000000000080e27c        0x0 ../WAT_TEST_bsp/\libucosii_bsp.a(altera_avalon_epcs_flash_controller.o)
 .bss           0x000000000080e27c        0x0 ../WAT_TEST_bsp/\libucosii_bsp.a(altera_avalon_jtag_uart_fd.o)
 .bss           0x000000000080e27c        0x0 ../WAT_TEST_bsp/\libucosii_bsp.a(altera_avalon_jtag_uart_init.o)
 .bss           0x000000000080e27c        0x0 ../WAT_TEST_bsp/\libucosii_bsp.a(altera_avalon_jtag_uart_ioctl.o)
 .bss           0x000000000080e27c        0x0 ../WAT_TEST_bsp/\libucosii_bsp.a(altera_avalon_jtag_uart_read.o)
 .bss           0x000000000080e27c        0x0 ../WAT_TEST_bsp/\libucosii_bsp.a(altera_avalon_jtag_uart_write.o)
 .bss           0x000000000080e27c        0x0 ../WAT_TEST_bsp/\libucosii_bsp.a(altera_avalon_timer_sc.o)
 .bss           0x000000000080e27c        0x0 ../WAT_TEST_bsp/\libucosii_bsp.a(altera_avalon_uart_fd.o)
 .bss           0x000000000080e27c        0x0 ../WAT_TEST_bsp/\libucosii_bsp.a(altera_avalon_uart_init.o)
 .bss           0x000000000080e27c        0x0 ../WAT_TEST_bsp/\libucosii_bsp.a(altera_avalon_uart_read.o)
 .bss           0x000000000080e27c        0x0 ../WAT_TEST_bsp/\libucosii_bsp.a(altera_avalon_uart_write.o)
 .bss           0x000000000080e27c        0x0 ../WAT_TEST_bsp/\libucosii_bsp.a(epcs_commands.o)
 .bss           0x000000000080e27c        0x0 ../WAT_TEST_bsp/\libucosii_bsp.a(alt_alarm_start.o)
 .bss           0x000000000080e27c        0x0 ../WAT_TEST_bsp/\libucosii_bsp.a(alt_close.o)
 .bss           0x000000000080e27c        0x0 ../WAT_TEST_bsp/\libucosii_bsp.a(alt_dev.o)
 .bss           0x000000000080e27c        0x0 ../WAT_TEST_bsp/\libucosii_bsp.a(alt_dev_llist_insert.o)
 .bss           0x000000000080e27c        0x0 ../WAT_TEST_bsp/\libucosii_bsp.a(alt_do_ctors.o)
 .bss           0x000000000080e27c        0x0 ../WAT_TEST_bsp/\libucosii_bsp.a(alt_do_dtors.o)
 .bss           0x000000000080e27c        0x0 ../WAT_TEST_bsp/\libucosii_bsp.a(alt_errno.o)
 .bss           0x000000000080e27c        0x0 ../WAT_TEST_bsp/\libucosii_bsp.a(alt_flash_dev.o)
 .bss           0x000000000080e27c        0x0 ../WAT_TEST_bsp/\libucosii_bsp.a(alt_iic.o)
 .bss           0x000000000080e27c        0x0 ../WAT_TEST_bsp/\libucosii_bsp.a(alt_iic_isr_register.o)
 .bss           0x000000000080e27c        0x0 ../WAT_TEST_bsp/\libucosii_bsp.a(alt_io_redirect.o)
 .bss           0x000000000080e27c        0x0 ../WAT_TEST_bsp/\libucosii_bsp.a(alt_irq_entry.o)
 .bss           0x000000000080e27c        0x0 ../WAT_TEST_bsp/\libucosii_bsp.a(alt_irq_handler.o)
 .bss           0x000000000080e27c        0x0 ../WAT_TEST_bsp/\libucosii_bsp.a(alt_irq_vars.o)
 .bss           0x000000000080e27c        0x0 ../WAT_TEST_bsp/\libucosii_bsp.a(alt_open.o)
 .bss           0x000000000080e27c        0x0 ../WAT_TEST_bsp/\libucosii_bsp.a(alt_release_fd.o)
 .bss           0x000000000080e27c        0x0 ../WAT_TEST_bsp/\libucosii_bsp.a(alt_tick.o)
 .bss           0x000000000080e27c        0x0 ../WAT_TEST_bsp/\libucosii_bsp.a(altera_nios2_gen2_irq.o)
 .bss           0x000000000080e27c        0x0 ../WAT_TEST_bsp/\libucosii_bsp.a(os_cpu_a.o)
 .bss           0x000000000080e27c        0x0 ../WAT_TEST_bsp/\libucosii_bsp.a(os_cpu_c.o)
 .bss           0x000000000080e27c        0x0 ../WAT_TEST_bsp/\libucosii_bsp.a(altera_avalon_spi.o)
 .bss           0x000000000080e27c        0x0 ../WAT_TEST_bsp/\libucosii_bsp.a(alt_exception_entry.o)
 .bss           0x000000000080e27c        0x0 ../WAT_TEST_bsp/\libucosii_bsp.a(alt_find_dev.o)
 .bss           0x000000000080e27c        0x0 ../WAT_TEST_bsp/\libucosii_bsp.a(alt_find_file.o)
 .bss           0x000000000080e27c        0x0 ../WAT_TEST_bsp/\libucosii_bsp.a(alt_get_fd.o)
 .bss           0x000000000080e27c        0x0 ../WAT_TEST_bsp/\libucosii_bsp.a(alt_instruction_exception_entry.o)
 .bss           0x000000000080e27c        0x0 c:/intelfpga_lite/16.1/nios2eds/bin/gnu/h-x86_64-mingw32/bin/../lib/gcc/nios2-elf/5.3.0/../../../../../H-x86_64-mingw32/nios2-elf/lib/mno-hw-mul\libc.a(lib_a-atexit.o)
 .bss           0x000000000080e27c        0x0 c:/intelfpga_lite/16.1/nios2eds/bin/gnu/h-x86_64-mingw32/bin/../lib/gcc/nios2-elf/5.3.0/../../../../../H-x86_64-mingw32/nios2-elf/lib/mno-hw-mul\libc.a(lib_a-exit.o)
 .bss           0x000000000080e27c        0x0 c:/intelfpga_lite/16.1/nios2eds/bin/gnu/h-x86_64-mingw32/bin/../lib/gcc/nios2-elf/5.3.0/../../../../../H-x86_64-mingw32/nios2-elf/lib/mno-hw-mul\libc.a(lib_a-impure.o)
 .bss           0x000000000080e27c        0x0 c:/intelfpga_lite/16.1/nios2eds/bin/gnu/h-x86_64-mingw32/bin/../lib/gcc/nios2-elf/5.3.0/../../../../../H-x86_64-mingw32/nios2-elf/lib/mno-hw-mul\libc.a(lib_a-int_errno.o)
 .bss           0x000000000080e27c        0x0 c:/intelfpga_lite/16.1/nios2eds/bin/gnu/h-x86_64-mingw32/bin/../lib/gcc/nios2-elf/5.3.0/../../../../../H-x86_64-mingw32/nios2-elf/lib/mno-hw-mul\libc.a(lib_a-memcmp.o)
 .bss           0x000000000080e27c        0x0 c:/intelfpga_lite/16.1/nios2eds/bin/gnu/h-x86_64-mingw32/bin/../lib/gcc/nios2-elf/5.3.0/../../../../../H-x86_64-mingw32/nios2-elf/lib/mno-hw-mul\libc.a(lib_a-memcpy.o)
 .bss           0x000000000080e27c        0x0 c:/intelfpga_lite/16.1/nios2eds/bin/gnu/h-x86_64-mingw32/bin/../lib/gcc/nios2-elf/5.3.0/../../../../../H-x86_64-mingw32/nios2-elf/lib/mno-hw-mul\libc.a(lib_a-memset.o)
 .bss           0x000000000080e27c        0x0 c:/intelfpga_lite/16.1/nios2eds/bin/gnu/h-x86_64-mingw32/bin/../lib/gcc/nios2-elf/5.3.0/../../../../../H-x86_64-mingw32/nios2-elf/lib/mno-hw-mul\libc.a(lib_a-strlen.o)
 .bss           0x000000000080e27c        0x0 c:/intelfpga_lite/16.1/nios2eds/bin/gnu/h-x86_64-mingw32/bin/../lib/gcc/nios2-elf/5.3.0/../../../../../H-x86_64-mingw32/nios2-elf/lib/mno-hw-mul\libc.a(lib_a-__atexit.o)
 .bss           0x000000000080e27c        0x0 c:/intelfpga_lite/16.1/nios2eds/bin/gnu/h-x86_64-mingw32/bin/../lib/gcc/nios2-elf/5.3.0/../../../../../H-x86_64-mingw32/nios2-elf/lib/mno-hw-mul\libc.a(lib_a-__call_atexit.o)
 .bss           0x000000000080e27c        0x0 c:/intelfpga_lite/16.1/nios2eds/bin/gnu/h-x86_64-mingw32/bin/../lib/gcc/nios2-elf/5.3.0/mno-hw-mul\libgcc.a(lib2-divmod.o)
 .bss           0x000000000080e27c        0x0 c:/intelfpga_lite/16.1/nios2eds/bin/gnu/h-x86_64-mingw32/bin/../lib/gcc/nios2-elf/5.3.0/mno-hw-mul\libgcc.a(lib2-mul.o)
 .bss           0x000000000080e27c        0x0 ../WAT_TEST_bsp/\libucosii_bsp.a(alt_exit.o)
 *(COMMON)
 COMMON         0x000000000080e27c     0x4000 obj/default/wat_test.o
                0x000000000080e27c                task1_stk
                0x000000000081027c                task2_stk
 COMMON         0x000000000081227c     0x3224 ../WAT_TEST_bsp/\libucosii_bsp.a(os_core.o)
                0x000000000081227c                OSFlagTbl
                0x00000000008125ec                OSMemTbl
                0x000000000081321c                OSTaskStatStk
                0x0000000000813a1c                OSQTbl
                0x0000000000813bfc                OSTaskIdleStk
                0x00000000008143fc                OSEventTbl
                0x0000000000814f3c                OSTCBTbl
                0x000000000081544c                OSTCBPrioTbl
 COMMON         0x00000000008154a0      0x100 ../WAT_TEST_bsp/\libucosii_bsp.a(alt_irq_handler.o)
                0x00000000008154a0                alt_irq
                0x00000000008155a0                . = ALIGN (0x4)
                0x00000000008155a0                __bss_end = ABSOLUTE (.)

.sdram_controller_0
                0x00000000008155a0        0x0
                [!provide]                        PROVIDE (_alt_partition_sdram_controller_0_start, ABSOLUTE (.))
 *(.sdram_controller_0 .sdram_controller_0. sdram_controller_0.*)
                0x00000000008155a0                . = ALIGN (0x4)
                [!provide]                        PROVIDE (_alt_partition_sdram_controller_0_end, ABSOLUTE (.))
                0x00000000008155a0                _end = ABSOLUTE (.)
                0x00000000008155a0                end = ABSOLUTE (.)
                0x00000000008155a0                __alt_stack_base = ABSOLUTE (.)
                [!provide]                        PROVIDE (_alt_partition_sdram_controller_0_load_addr, LOADADDR (.sdram_controller_0))

.onchip_memory2_0
                0x0000000001004230        0x0
                [!provide]                        PROVIDE (_alt_partition_onchip_memory2_0_start, ABSOLUTE (.))
 *(.onchip_memory2_0 .onchip_memory2_0. onchip_memory2_0.*)
                0x0000000001004230                . = ALIGN (0x4)
                [!provide]                        PROVIDE (_alt_partition_onchip_memory2_0_end, ABSOLUTE (.))
                [!provide]                        PROVIDE (_alt_partition_onchip_memory2_0_load_addr, LOADADDR (.onchip_memory2_0))

.epcs_flash_controller_0
                0x0000000001009020        0x0
                [!provide]                        PROVIDE (_alt_partition_epcs_flash_controller_0_start, ABSOLUTE (.))
 *(.epcs_flash_controller_0 .epcs_flash_controller_0. epcs_flash_controller_0.*)
                0x0000000001009020                . = ALIGN (0x4)
                [!provide]                        PROVIDE (_alt_partition_epcs_flash_controller_0_end, ABSOLUTE (.))
                [!provide]                        PROVIDE (_alt_partition_epcs_flash_controller_0_load_addr, LOADADDR (.epcs_flash_controller_0))

.stab
 *(.stab)

.stabstr
 *(.stabstr)

.stab.excl
 *(.stab.excl)

.stab.exclstr
 *(.stab.exclstr)

.stab.index
 *(.stab.index)

.stab.indexstr
 *(.stab.indexstr)

.comment        0x0000000000000000       0x23
 *(.comment)
 .comment       0x0000000000000000       0x23 obj/default/wat_test.o
                                         0x24 (size before relaxing)
 .comment       0x0000000000000023       0x24 ../WAT_TEST_bsp/\libucosii_bsp.a(alt_main.o)
 .comment       0x0000000000000023       0x24 ../WAT_TEST_bsp/\libucosii_bsp.a(alt_env_lock.o)
 .comment       0x0000000000000023       0x24 ../WAT_TEST_bsp/\libucosii_bsp.a(alt_malloc_lock.o)
 .comment       0x0000000000000023       0x24 ../WAT_TEST_bsp/\libucosii_bsp.a(os_core.o)
 .comment       0x0000000000000023       0x24 ../WAT_TEST_bsp/\libucosii_bsp.a(os_dbg.o)
 .comment       0x0000000000000023       0x24 ../WAT_TEST_bsp/\libucosii_bsp.a(os_flag.o)
 .comment       0x0000000000000023       0x24 ../WAT_TEST_bsp/\libucosii_bsp.a(os_mem.o)
 .comment       0x0000000000000023       0x24 ../WAT_TEST_bsp/\libucosii_bsp.a(os_q.o)
 .comment       0x0000000000000023       0x24 ../WAT_TEST_bsp/\libucosii_bsp.a(os_sem.o)
 .comment       0x0000000000000023       0x24 ../WAT_TEST_bsp/\libucosii_bsp.a(os_task.o)
 .comment       0x0000000000000023       0x24 ../WAT_TEST_bsp/\libucosii_bsp.a(os_time.o)
 .comment       0x0000000000000023       0x24 ../WAT_TEST_bsp/\libucosii_bsp.a(alt_sys_init.o)
 .comment       0x0000000000000023       0x24 ../WAT_TEST_bsp/\libucosii_bsp.a(altera_avalon_epcs_flash_controller.o)
 .comment       0x0000000000000023       0x24 ../WAT_TEST_bsp/\libucosii_bsp.a(altera_avalon_jtag_uart_fd.o)
 .comment       0x0000000000000023       0x24 ../WAT_TEST_bsp/\libucosii_bsp.a(altera_avalon_jtag_uart_init.o)
 .comment       0x0000000000000023       0x24 ../WAT_TEST_bsp/\libucosii_bsp.a(altera_avalon_jtag_uart_ioctl.o)
 .comment       0x0000000000000023       0x24 ../WAT_TEST_bsp/\libucosii_bsp.a(altera_avalon_jtag_uart_read.o)
 .comment       0x0000000000000023       0x24 ../WAT_TEST_bsp/\libucosii_bsp.a(altera_avalon_jtag_uart_write.o)
 .comment       0x0000000000000023       0x24 ../WAT_TEST_bsp/\libucosii_bsp.a(altera_avalon_timer_sc.o)
 .comment       0x0000000000000023       0x24 ../WAT_TEST_bsp/\libucosii_bsp.a(altera_avalon_uart_fd.o)
 .comment       0x0000000000000023       0x24 ../WAT_TEST_bsp/\libucosii_bsp.a(altera_avalon_uart_init.o)
 .comment       0x0000000000000023       0x24 ../WAT_TEST_bsp/\libucosii_bsp.a(altera_avalon_uart_read.o)
 .comment       0x0000000000000023       0x24 ../WAT_TEST_bsp/\libucosii_bsp.a(altera_avalon_uart_write.o)
 .comment       0x0000000000000023       0x24 ../WAT_TEST_bsp/\libucosii_bsp.a(epcs_commands.o)
 .comment       0x0000000000000023       0x24 ../WAT_TEST_bsp/\libucosii_bsp.a(alt_alarm_start.o)
 .comment       0x0000000000000023       0x24 ../WAT_TEST_bsp/\libucosii_bsp.a(alt_close.o)
 .comment       0x0000000000000023       0x24 ../WAT_TEST_bsp/\libucosii_bsp.a(alt_dev.o)
 .comment       0x0000000000000023       0x24 ../WAT_TEST_bsp/\libucosii_bsp.a(alt_dev_llist_insert.o)
 .comment       0x0000000000000023       0x24 ../WAT_TEST_bsp/\libucosii_bsp.a(alt_do_ctors.o)
 .comment       0x0000000000000023       0x24 ../WAT_TEST_bsp/\libucosii_bsp.a(alt_do_dtors.o)
 .comment       0x0000000000000023       0x24 ../WAT_TEST_bsp/\libucosii_bsp.a(alt_errno.o)
 .comment       0x0000000000000023       0x24 ../WAT_TEST_bsp/\libucosii_bsp.a(alt_flash_dev.o)
 .comment       0x0000000000000023       0x24 ../WAT_TEST_bsp/\libucosii_bsp.a(alt_iic.o)
 .comment       0x0000000000000023       0x24 ../WAT_TEST_bsp/\libucosii_bsp.a(alt_iic_isr_register.o)
 .comment       0x0000000000000023       0x24 ../WAT_TEST_bsp/\libucosii_bsp.a(alt_io_redirect.o)
 .comment       0x0000000000000023       0x24 ../WAT_TEST_bsp/\libucosii_bsp.a(alt_irq_handler.o)
 .comment       0x0000000000000023       0x24 ../WAT_TEST_bsp/\libucosii_bsp.a(alt_irq_vars.o)
 .comment       0x0000000000000023       0x24 ../WAT_TEST_bsp/\libucosii_bsp.a(alt_open.o)
 .comment       0x0000000000000023       0x24 ../WAT_TEST_bsp/\libucosii_bsp.a(alt_release_fd.o)
 .comment       0x0000000000000023       0x24 ../WAT_TEST_bsp/\libucosii_bsp.a(alt_tick.o)
 .comment       0x0000000000000023       0x24 ../WAT_TEST_bsp/\libucosii_bsp.a(altera_nios2_gen2_irq.o)
 .comment       0x0000000000000023       0x24 ../WAT_TEST_bsp/\libucosii_bsp.a(os_cpu_c.o)
 .comment       0x0000000000000023       0x24 ../WAT_TEST_bsp/\libucosii_bsp.a(altera_avalon_spi.o)
 .comment       0x0000000000000023       0x24 ../WAT_TEST_bsp/\libucosii_bsp.a(alt_find_dev.o)
 .comment       0x0000000000000023       0x24 ../WAT_TEST_bsp/\libucosii_bsp.a(alt_find_file.o)
 .comment       0x0000000000000023       0x24 ../WAT_TEST_bsp/\libucosii_bsp.a(alt_get_fd.o)
 .comment       0x0000000000000023       0x24 ../WAT_TEST_bsp/\libucosii_bsp.a(alt_instruction_exception_entry.o)
 .comment       0x0000000000000023       0x24 c:/intelfpga_lite/16.1/nios2eds/bin/gnu/h-x86_64-mingw32/bin/../lib/gcc/nios2-elf/5.3.0/../../../../../H-x86_64-mingw32/nios2-elf/lib/mno-hw-mul\libc.a(lib_a-atexit.o)
 .comment       0x0000000000000023       0x24 c:/intelfpga_lite/16.1/nios2eds/bin/gnu/h-x86_64-mingw32/bin/../lib/gcc/nios2-elf/5.3.0/../../../../../H-x86_64-mingw32/nios2-elf/lib/mno-hw-mul\libc.a(lib_a-exit.o)
 .comment       0x0000000000000023       0x24 c:/intelfpga_lite/16.1/nios2eds/bin/gnu/h-x86_64-mingw32/bin/../lib/gcc/nios2-elf/5.3.0/../../../../../H-x86_64-mingw32/nios2-elf/lib/mno-hw-mul\libc.a(lib_a-impure.o)
 .comment       0x0000000000000023       0x24 c:/intelfpga_lite/16.1/nios2eds/bin/gnu/h-x86_64-mingw32/bin/../lib/gcc/nios2-elf/5.3.0/../../../../../H-x86_64-mingw32/nios2-elf/lib/mno-hw-mul\libc.a(lib_a-int_errno.o)
 .comment       0x0000000000000023       0x24 c:/intelfpga_lite/16.1/nios2eds/bin/gnu/h-x86_64-mingw32/bin/../lib/gcc/nios2-elf/5.3.0/../../../../../H-x86_64-mingw32/nios2-elf/lib/mno-hw-mul\libc.a(lib_a-memcmp.o)
 .comment       0x0000000000000023       0x24 c:/intelfpga_lite/16.1/nios2eds/bin/gnu/h-x86_64-mingw32/bin/../lib/gcc/nios2-elf/5.3.0/../../../../../H-x86_64-mingw32/nios2-elf/lib/mno-hw-mul\libc.a(lib_a-memcpy.o)
 .comment       0x0000000000000023       0x24 c:/intelfpga_lite/16.1/nios2eds/bin/gnu/h-x86_64-mingw32/bin/../lib/gcc/nios2-elf/5.3.0/../../../../../H-x86_64-mingw32/nios2-elf/lib/mno-hw-mul\libc.a(lib_a-memset.o)
 .comment       0x0000000000000023       0x24 c:/intelfpga_lite/16.1/nios2eds/bin/gnu/h-x86_64-mingw32/bin/../lib/gcc/nios2-elf/5.3.0/../../../../../H-x86_64-mingw32/nios2-elf/lib/mno-hw-mul\libc.a(lib_a-strlen.o)
 .comment       0x0000000000000023       0x24 c:/intelfpga_lite/16.1/nios2eds/bin/gnu/h-x86_64-mingw32/bin/../lib/gcc/nios2-elf/5.3.0/../../../../../H-x86_64-mingw32/nios2-elf/lib/mno-hw-mul\libc.a(lib_a-__atexit.o)
 .comment       0x0000000000000023       0x24 c:/intelfpga_lite/16.1/nios2eds/bin/gnu/h-x86_64-mingw32/bin/../lib/gcc/nios2-elf/5.3.0/../../../../../H-x86_64-mingw32/nios2-elf/lib/mno-hw-mul\libc.a(lib_a-__call_atexit.o)
 .comment       0x0000000000000023       0x24 c:/intelfpga_lite/16.1/nios2eds/bin/gnu/h-x86_64-mingw32/bin/../lib/gcc/nios2-elf/5.3.0/mno-hw-mul\libgcc.a(lib2-divmod.o)
 .comment       0x0000000000000023       0x24 c:/intelfpga_lite/16.1/nios2eds/bin/gnu/h-x86_64-mingw32/bin/../lib/gcc/nios2-elf/5.3.0/mno-hw-mul\libgcc.a(lib2-mul.o)
 .comment       0x0000000000000023       0x24 ../WAT_TEST_bsp/\libucosii_bsp.a(alt_exit.o)

.debug
 *(.debug)

.line
 *(.line)

.debug_srcinfo
 *(.debug_srcinfo)

.debug_sfnames
 *(.debug_sfnames)

.debug_aranges  0x0000000000000000      0x830
 *(.debug_aranges)
 .debug_aranges
                0x0000000000000000       0x20 ../WAT_TEST_bsp//obj/HAL/src/crt0.o
 .debug_aranges
                0x0000000000000020       0x20 obj/default/wat_test.o
 .debug_aranges
                0x0000000000000040       0x20 ../WAT_TEST_bsp/\libucosii_bsp.a(alt_main.o)
 .debug_aranges
                0x0000000000000060       0x20 ../WAT_TEST_bsp/\libucosii_bsp.a(alt_env_lock.o)
 .debug_aranges
                0x0000000000000080       0x20 ../WAT_TEST_bsp/\libucosii_bsp.a(alt_malloc_lock.o)
 .debug_aranges
                0x00000000000000a0       0x20 ../WAT_TEST_bsp/\libucosii_bsp.a(os_core.o)
 .debug_aranges
                0x00000000000000c0       0x20 ../WAT_TEST_bsp/\libucosii_bsp.a(os_dbg.o)
 .debug_aranges
                0x00000000000000e0       0x20 ../WAT_TEST_bsp/\libucosii_bsp.a(os_flag.o)
 .debug_aranges
                0x0000000000000100       0x20 ../WAT_TEST_bsp/\libucosii_bsp.a(os_mem.o)
 .debug_aranges
                0x0000000000000120       0x20 ../WAT_TEST_bsp/\libucosii_bsp.a(os_q.o)
 .debug_aranges
                0x0000000000000140       0x20 ../WAT_TEST_bsp/\libucosii_bsp.a(os_sem.o)
 .debug_aranges
                0x0000000000000160       0x20 ../WAT_TEST_bsp/\libucosii_bsp.a(os_task.o)
 .debug_aranges
                0x0000000000000180       0x20 ../WAT_TEST_bsp/\libucosii_bsp.a(os_time.o)
 .debug_aranges
                0x00000000000001a0       0x20 ../WAT_TEST_bsp/\libucosii_bsp.a(alt_sys_init.o)
 .debug_aranges
                0x00000000000001c0       0x20 ../WAT_TEST_bsp/\libucosii_bsp.a(altera_avalon_epcs_flash_controller.o)
 .debug_aranges
                0x00000000000001e0       0x20 ../WAT_TEST_bsp/\libucosii_bsp.a(altera_avalon_jtag_uart_fd.o)
 .debug_aranges
                0x0000000000000200       0x20 ../WAT_TEST_bsp/\libucosii_bsp.a(altera_avalon_jtag_uart_init.o)
 .debug_aranges
                0x0000000000000220       0x20 ../WAT_TEST_bsp/\libucosii_bsp.a(altera_avalon_jtag_uart_ioctl.o)
 .debug_aranges
                0x0000000000000240       0x20 ../WAT_TEST_bsp/\libucosii_bsp.a(altera_avalon_jtag_uart_read.o)
 .debug_aranges
                0x0000000000000260       0x20 ../WAT_TEST_bsp/\libucosii_bsp.a(altera_avalon_jtag_uart_write.o)
 .debug_aranges
                0x0000000000000280       0x20 ../WAT_TEST_bsp/\libucosii_bsp.a(altera_avalon_timer_sc.o)
 .debug_aranges
                0x00000000000002a0       0x20 ../WAT_TEST_bsp/\libucosii_bsp.a(altera_avalon_uart_fd.o)
 .debug_aranges
                0x00000000000002c0       0x20 ../WAT_TEST_bsp/\libucosii_bsp.a(altera_avalon_uart_init.o)
 .debug_aranges
                0x00000000000002e0       0x20 ../WAT_TEST_bsp/\libucosii_bsp.a(altera_avalon_uart_read.o)
 .debug_aranges
                0x0000000000000300       0x20 ../WAT_TEST_bsp/\libucosii_bsp.a(altera_avalon_uart_write.o)
 .debug_aranges
                0x0000000000000320       0x20 ../WAT_TEST_bsp/\libucosii_bsp.a(epcs_commands.o)
 .debug_aranges
                0x0000000000000340       0x20 ../WAT_TEST_bsp/\libucosii_bsp.a(alt_alarm_start.o)
 .debug_aranges
                0x0000000000000360       0x20 ../WAT_TEST_bsp/\libucosii_bsp.a(alt_close.o)
 .debug_aranges
                0x0000000000000380       0x20 ../WAT_TEST_bsp/\libucosii_bsp.a(alt_dev.o)
 .debug_aranges
                0x00000000000003a0       0x20 ../WAT_TEST_bsp/\libucosii_bsp.a(alt_dev_llist_insert.o)
 .debug_aranges
                0x00000000000003c0       0x20 ../WAT_TEST_bsp/\libucosii_bsp.a(alt_do_ctors.o)
 .debug_aranges
                0x00000000000003e0       0x20 ../WAT_TEST_bsp/\libucosii_bsp.a(alt_do_dtors.o)
 .debug_aranges
                0x0000000000000400       0x18 ../WAT_TEST_bsp/\libucosii_bsp.a(alt_errno.o)
 .debug_aranges
                0x0000000000000418       0x20 ../WAT_TEST_bsp/\libucosii_bsp.a(alt_flash_dev.o)
 .debug_aranges
                0x0000000000000438       0x20 ../WAT_TEST_bsp/\libucosii_bsp.a(alt_iic.o)
 .debug_aranges
                0x0000000000000458       0x20 ../WAT_TEST_bsp/\libucosii_bsp.a(alt_iic_isr_register.o)
 .debug_aranges
                0x0000000000000478       0x20 ../WAT_TEST_bsp/\libucosii_bsp.a(alt_io_redirect.o)
 .debug_aranges
                0x0000000000000498       0x30 ../WAT_TEST_bsp/\libucosii_bsp.a(alt_irq_entry.o)
 .debug_aranges
                0x00000000000004c8       0x20 ../WAT_TEST_bsp/\libucosii_bsp.a(alt_irq_handler.o)
 .debug_aranges
                0x00000000000004e8       0x18 ../WAT_TEST_bsp/\libucosii_bsp.a(alt_irq_vars.o)
 .debug_aranges
                0x0000000000000500       0x20 ../WAT_TEST_bsp/\libucosii_bsp.a(alt_open.o)
 .debug_aranges
                0x0000000000000520       0x20 ../WAT_TEST_bsp/\libucosii_bsp.a(alt_release_fd.o)
 .debug_aranges
                0x0000000000000540       0x20 ../WAT_TEST_bsp/\libucosii_bsp.a(alt_tick.o)
 .debug_aranges
                0x0000000000000560       0x20 ../WAT_TEST_bsp/\libucosii_bsp.a(altera_nios2_gen2_irq.o)
 .debug_aranges
                0x0000000000000580       0x20 ../WAT_TEST_bsp/\libucosii_bsp.a(os_cpu_a.o)
 .debug_aranges
                0x00000000000005a0       0x20 ../WAT_TEST_bsp/\libucosii_bsp.a(os_cpu_c.o)
 .debug_aranges
                0x00000000000005c0       0x20 ../WAT_TEST_bsp/\libucosii_bsp.a(altera_avalon_spi.o)
 .debug_aranges
                0x00000000000005e0       0x38 ../WAT_TEST_bsp/\libucosii_bsp.a(alt_exception_entry.o)
 .debug_aranges
                0x0000000000000618       0x20 ../WAT_TEST_bsp/\libucosii_bsp.a(alt_find_dev.o)
 .debug_aranges
                0x0000000000000638       0x20 ../WAT_TEST_bsp/\libucosii_bsp.a(alt_find_file.o)
 .debug_aranges
                0x0000000000000658       0x20 ../WAT_TEST_bsp/\libucosii_bsp.a(alt_get_fd.o)
 .debug_aranges
                0x0000000000000678       0x28 ../WAT_TEST_bsp/\libucosii_bsp.a(alt_instruction_exception_entry.o)
 .debug_aranges
                0x00000000000006a0       0x20 c:/intelfpga_lite/16.1/nios2eds/bin/gnu/h-x86_64-mingw32/bin/../lib/gcc/nios2-elf/5.3.0/../../../../../H-x86_64-mingw32/nios2-elf/lib/mno-hw-mul\libc.a(lib_a-atexit.o)
 .debug_aranges
                0x00000000000006c0       0x20 c:/intelfpga_lite/16.1/nios2eds/bin/gnu/h-x86_64-mingw32/bin/../lib/gcc/nios2-elf/5.3.0/../../../../../H-x86_64-mingw32/nios2-elf/lib/mno-hw-mul\libc.a(lib_a-exit.o)
 .debug_aranges
                0x00000000000006e0       0x18 c:/intelfpga_lite/16.1/nios2eds/bin/gnu/h-x86_64-mingw32/bin/../lib/gcc/nios2-elf/5.3.0/../../../../../H-x86_64-mingw32/nios2-elf/lib/mno-hw-mul\libc.a(lib_a-impure.o)
 .debug_aranges
                0x00000000000006f8       0x18 c:/intelfpga_lite/16.1/nios2eds/bin/gnu/h-x86_64-mingw32/bin/../lib/gcc/nios2-elf/5.3.0/../../../../../H-x86_64-mingw32/nios2-elf/lib/mno-hw-mul\libc.a(lib_a-int_errno.o)
 .debug_aranges
                0x0000000000000710       0x20 c:/intelfpga_lite/16.1/nios2eds/bin/gnu/h-x86_64-mingw32/bin/../lib/gcc/nios2-elf/5.3.0/../../../../../H-x86_64-mingw32/nios2-elf/lib/mno-hw-mul\libc.a(lib_a-memcmp.o)
 .debug_aranges
                0x0000000000000730       0x20 c:/intelfpga_lite/16.1/nios2eds/bin/gnu/h-x86_64-mingw32/bin/../lib/gcc/nios2-elf/5.3.0/../../../../../H-x86_64-mingw32/nios2-elf/lib/mno-hw-mul\libc.a(lib_a-memcpy.o)
 .debug_aranges
                0x0000000000000750       0x20 c:/intelfpga_lite/16.1/nios2eds/bin/gnu/h-x86_64-mingw32/bin/../lib/gcc/nios2-elf/5.3.0/../../../../../H-x86_64-mingw32/nios2-elf/lib/mno-hw-mul\libc.a(lib_a-memset.o)
 .debug_aranges
                0x0000000000000770       0x20 c:/intelfpga_lite/16.1/nios2eds/bin/gnu/h-x86_64-mingw32/bin/../lib/gcc/nios2-elf/5.3.0/../../../../../H-x86_64-mingw32/nios2-elf/lib/mno-hw-mul\libc.a(lib_a-strlen.o)
 .debug_aranges
                0x0000000000000790       0x20 c:/intelfpga_lite/16.1/nios2eds/bin/gnu/h-x86_64-mingw32/bin/../lib/gcc/nios2-elf/5.3.0/../../../../../H-x86_64-mingw32/nios2-elf/lib/mno-hw-mul\libc.a(lib_a-__atexit.o)
 .debug_aranges
                0x00000000000007b0       0x20 c:/intelfpga_lite/16.1/nios2eds/bin/gnu/h-x86_64-mingw32/bin/../lib/gcc/nios2-elf/5.3.0/../../../../../H-x86_64-mingw32/nios2-elf/lib/mno-hw-mul\libc.a(lib_a-__call_atexit.o)
 .debug_aranges
                0x00000000000007d0       0x20 c:/intelfpga_lite/16.1/nios2eds/bin/gnu/h-x86_64-mingw32/bin/../lib/gcc/nios2-elf/5.3.0/mno-hw-mul\libgcc.a(lib2-divmod.o)
 .debug_aranges
                0x00000000000007f0       0x20 c:/intelfpga_lite/16.1/nios2eds/bin/gnu/h-x86_64-mingw32/bin/../lib/gcc/nios2-elf/5.3.0/mno-hw-mul\libgcc.a(lib2-mul.o)
 .debug_aranges
                0x0000000000000810       0x20 ../WAT_TEST_bsp/\libucosii_bsp.a(alt_exit.o)

.debug_pubnames
 *(.debug_pubnames)

.debug_info     0x0000000000000000    0x143f0
 *(.debug_info .gnu.linkonce.wi.*)
 .debug_info    0x0000000000000000       0x5d ../WAT_TEST_bsp//obj/HAL/src/crt0.o
 .debug_info    0x000000000000005d      0x158 obj/default/wat_test.o
 .debug_info    0x00000000000001b5      0x26d ../WAT_TEST_bsp/\libucosii_bsp.a(alt_main.o)
 .debug_info    0x0000000000000422      0xc67 ../WAT_TEST_bsp/\libucosii_bsp.a(alt_env_lock.o)
 .debug_info    0x0000000000001089      0xdad ../WAT_TEST_bsp/\libucosii_bsp.a(alt_malloc_lock.o)
 .debug_info    0x0000000000001e36     0x15b9 ../WAT_TEST_bsp/\libucosii_bsp.a(os_core.o)
 .debug_info    0x00000000000033ef      0xaa8 ../WAT_TEST_bsp/\libucosii_bsp.a(os_dbg.o)
 .debug_info    0x0000000000003e97      0xf9c ../WAT_TEST_bsp/\libucosii_bsp.a(os_flag.o)
 .debug_info    0x0000000000004e33      0x67a ../WAT_TEST_bsp/\libucosii_bsp.a(os_mem.o)
 .debug_info    0x00000000000054ad      0xda3 ../WAT_TEST_bsp/\libucosii_bsp.a(os_q.o)
 .debug_info    0x0000000000006250      0xa04 ../WAT_TEST_bsp/\libucosii_bsp.a(os_sem.o)
 .debug_info    0x0000000000006c54     0x1117 ../WAT_TEST_bsp/\libucosii_bsp.a(os_task.o)
 .debug_info    0x0000000000007d6b      0x6e9 ../WAT_TEST_bsp/\libucosii_bsp.a(os_time.o)
 .debug_info    0x0000000000008454      0xa31 ../WAT_TEST_bsp/\libucosii_bsp.a(alt_sys_init.o)
 .debug_info    0x0000000000008e85      0x872 ../WAT_TEST_bsp/\libucosii_bsp.a(altera_avalon_epcs_flash_controller.o)
 .debug_info    0x00000000000096f7      0x67b ../WAT_TEST_bsp/\libucosii_bsp.a(altera_avalon_jtag_uart_fd.o)
 .debug_info    0x0000000000009d72      0x6b3 ../WAT_TEST_bsp/\libucosii_bsp.a(altera_avalon_jtag_uart_init.o)
 .debug_info    0x000000000000a425      0x3cd ../WAT_TEST_bsp/\libucosii_bsp.a(altera_avalon_jtag_uart_ioctl.o)
 .debug_info    0x000000000000a7f2      0x57a ../WAT_TEST_bsp/\libucosii_bsp.a(altera_avalon_jtag_uart_read.o)
 .debug_info    0x000000000000ad6c      0x579 ../WAT_TEST_bsp/\libucosii_bsp.a(altera_avalon_jtag_uart_write.o)
 .debug_info    0x000000000000b2e5      0x226 ../WAT_TEST_bsp/\libucosii_bsp.a(altera_avalon_timer_sc.o)
 .debug_info    0x000000000000b50b      0x5aa ../WAT_TEST_bsp/\libucosii_bsp.a(altera_avalon_uart_fd.o)
 .debug_info    0x000000000000bab5      0x5ed ../WAT_TEST_bsp/\libucosii_bsp.a(altera_avalon_uart_init.o)
 .debug_info    0x000000000000c0a2      0x569 ../WAT_TEST_bsp/\libucosii_bsp.a(altera_avalon_uart_read.o)
 .debug_info    0x000000000000c60b      0x56e ../WAT_TEST_bsp/\libucosii_bsp.a(altera_avalon_uart_write.o)
 .debug_info    0x000000000000cb79      0x44f ../WAT_TEST_bsp/\libucosii_bsp.a(epcs_commands.o)
 .debug_info    0x000000000000cfc8      0x2cc ../WAT_TEST_bsp/\libucosii_bsp.a(alt_alarm_start.o)
 .debug_info    0x000000000000d294      0x355 ../WAT_TEST_bsp/\libucosii_bsp.a(alt_close.o)
 .debug_info    0x000000000000d5e9      0x585 ../WAT_TEST_bsp/\libucosii_bsp.a(alt_dev.o)
 .debug_info    0x000000000000db6e      0x1a9 ../WAT_TEST_bsp/\libucosii_bsp.a(alt_dev_llist_insert.o)
 .debug_info    0x000000000000dd17       0x83 ../WAT_TEST_bsp/\libucosii_bsp.a(alt_do_ctors.o)
 .debug_info    0x000000000000dd9a       0x83 ../WAT_TEST_bsp/\libucosii_bsp.a(alt_do_dtors.o)
 .debug_info    0x000000000000de1d       0xa6 ../WAT_TEST_bsp/\libucosii_bsp.a(alt_errno.o)
 .debug_info    0x000000000000dec3      0x400 ../WAT_TEST_bsp/\libucosii_bsp.a(alt_flash_dev.o)
 .debug_info    0x000000000000e2c3      0x350 ../WAT_TEST_bsp/\libucosii_bsp.a(alt_iic.o)
 .debug_info    0x000000000000e613      0x1ef ../WAT_TEST_bsp/\libucosii_bsp.a(alt_iic_isr_register.o)
 .debug_info    0x000000000000e802      0x4d9 ../WAT_TEST_bsp/\libucosii_bsp.a(alt_io_redirect.o)
 .debug_info    0x000000000000ecdb       0x62 ../WAT_TEST_bsp/\libucosii_bsp.a(alt_irq_entry.o)
 .debug_info    0x000000000000ed3d      0x1b0 ../WAT_TEST_bsp/\libucosii_bsp.a(alt_irq_handler.o)
 .debug_info    0x000000000000eeed       0x88 ../WAT_TEST_bsp/\libucosii_bsp.a(alt_irq_vars.o)
 .debug_info    0x000000000000ef75      0x3e4 ../WAT_TEST_bsp/\libucosii_bsp.a(alt_open.o)
 .debug_info    0x000000000000f359      0x2f9 ../WAT_TEST_bsp/\libucosii_bsp.a(alt_release_fd.o)
 .debug_info    0x000000000000f652      0x2a7 ../WAT_TEST_bsp/\libucosii_bsp.a(alt_tick.o)
 .debug_info    0x000000000000f8f9       0x92 ../WAT_TEST_bsp/\libucosii_bsp.a(altera_nios2_gen2_irq.o)
 .debug_info    0x000000000000f98b       0x61 ../WAT_TEST_bsp/\libucosii_bsp.a(os_cpu_a.o)
 .debug_info    0x000000000000f9ec      0xcea ../WAT_TEST_bsp/\libucosii_bsp.a(os_cpu_c.o)
 .debug_info    0x00000000000106d6      0x18d ../WAT_TEST_bsp/\libucosii_bsp.a(altera_avalon_spi.o)
 .debug_info    0x0000000000010863       0x68 ../WAT_TEST_bsp/\libucosii_bsp.a(alt_exception_entry.o)
 .debug_info    0x00000000000108cb      0x31d ../WAT_TEST_bsp/\libucosii_bsp.a(alt_find_dev.o)
 .debug_info    0x0000000000010be8      0x31a ../WAT_TEST_bsp/\libucosii_bsp.a(alt_find_file.o)
 .debug_info    0x0000000000010f02      0x44b ../WAT_TEST_bsp/\libucosii_bsp.a(alt_get_fd.o)
 .debug_info    0x000000000001134d      0x1e7 ../WAT_TEST_bsp/\libucosii_bsp.a(alt_instruction_exception_entry.o)
 .debug_info    0x0000000000011534       0xfe c:/intelfpga_lite/16.1/nios2eds/bin/gnu/h-x86_64-mingw32/bin/../lib/gcc/nios2-elf/5.3.0/../../../../../H-x86_64-mingw32/nios2-elf/lib/mno-hw-mul\libc.a(lib_a-atexit.o)
 .debug_info    0x0000000000011632      0x8e4 c:/intelfpga_lite/16.1/nios2eds/bin/gnu/h-x86_64-mingw32/bin/../lib/gcc/nios2-elf/5.3.0/../../../../../H-x86_64-mingw32/nios2-elf/lib/mno-hw-mul\libc.a(lib_a-exit.o)
 .debug_info    0x0000000000011f16      0x8a1 c:/intelfpga_lite/16.1/nios2eds/bin/gnu/h-x86_64-mingw32/bin/../lib/gcc/nios2-elf/5.3.0/../../../../../H-x86_64-mingw32/nios2-elf/lib/mno-hw-mul\libc.a(lib_a-impure.o)
 .debug_info    0x00000000000127b7       0x8a c:/intelfpga_lite/16.1/nios2eds/bin/gnu/h-x86_64-mingw32/bin/../lib/gcc/nios2-elf/5.3.0/../../../../../H-x86_64-mingw32/nios2-elf/lib/mno-hw-mul\libc.a(lib_a-int_errno.o)
 .debug_info    0x0000000000012841      0x11a c:/intelfpga_lite/16.1/nios2eds/bin/gnu/h-x86_64-mingw32/bin/../lib/gcc/nios2-elf/5.3.0/../../../../../H-x86_64-mingw32/nios2-elf/lib/mno-hw-mul\libc.a(lib_a-memcmp.o)
 .debug_info    0x000000000001295b      0x144 c:/intelfpga_lite/16.1/nios2eds/bin/gnu/h-x86_64-mingw32/bin/../lib/gcc/nios2-elf/5.3.0/../../../../../H-x86_64-mingw32/nios2-elf/lib/mno-hw-mul\libc.a(lib_a-memcpy.o)
 .debug_info    0x0000000000012a9f      0x121 c:/intelfpga_lite/16.1/nios2eds/bin/gnu/h-x86_64-mingw32/bin/../lib/gcc/nios2-elf/5.3.0/../../../../../H-x86_64-mingw32/nios2-elf/lib/mno-hw-mul\libc.a(lib_a-memset.o)
 .debug_info    0x0000000000012bc0       0xe2 c:/intelfpga_lite/16.1/nios2eds/bin/gnu/h-x86_64-mingw32/bin/../lib/gcc/nios2-elf/5.3.0/../../../../../H-x86_64-mingw32/nios2-elf/lib/mno-hw-mul\libc.a(lib_a-strlen.o)
 .debug_info    0x0000000000012ca2      0x934 c:/intelfpga_lite/16.1/nios2eds/bin/gnu/h-x86_64-mingw32/bin/../lib/gcc/nios2-elf/5.3.0/../../../../../H-x86_64-mingw32/nios2-elf/lib/mno-hw-mul\libc.a(lib_a-__atexit.o)
 .debug_info    0x00000000000135d6      0x965 c:/intelfpga_lite/16.1/nios2eds/bin/gnu/h-x86_64-mingw32/bin/../lib/gcc/nios2-elf/5.3.0/../../../../../H-x86_64-mingw32/nios2-elf/lib/mno-hw-mul\libc.a(lib_a-__call_atexit.o)
 .debug_info    0x0000000000013f3b      0x2c6 c:/intelfpga_lite/16.1/nios2eds/bin/gnu/h-x86_64-mingw32/bin/../lib/gcc/nios2-elf/5.3.0/mno-hw-mul\libgcc.a(lib2-divmod.o)
 .debug_info    0x0000000000014201       0xb4 c:/intelfpga_lite/16.1/nios2eds/bin/gnu/h-x86_64-mingw32/bin/../lib/gcc/nios2-elf/5.3.0/mno-hw-mul\libgcc.a(lib2-mul.o)
 .debug_info    0x00000000000142b5      0x13b ../WAT_TEST_bsp/\libucosii_bsp.a(alt_exit.o)

.debug_abbrev   0x0000000000000000     0x52f9
 *(.debug_abbrev)
 .debug_abbrev  0x0000000000000000       0x14 ../WAT_TEST_bsp//obj/HAL/src/crt0.o
 .debug_abbrev  0x0000000000000014       0xd4 obj/default/wat_test.o
 .debug_abbrev  0x00000000000000e8      0x139 ../WAT_TEST_bsp/\libucosii_bsp.a(alt_main.o)
 .debug_abbrev  0x0000000000000221      0x1e3 ../WAT_TEST_bsp/\libucosii_bsp.a(alt_env_lock.o)
 .debug_abbrev  0x0000000000000404      0x26d ../WAT_TEST_bsp/\libucosii_bsp.a(alt_malloc_lock.o)
 .debug_abbrev  0x0000000000000671      0x302 ../WAT_TEST_bsp/\libucosii_bsp.a(os_core.o)
 .debug_abbrev  0x0000000000000973       0xf7 ../WAT_TEST_bsp/\libucosii_bsp.a(os_dbg.o)
 .debug_abbrev  0x0000000000000a6a      0x25a ../WAT_TEST_bsp/\libucosii_bsp.a(os_flag.o)
 .debug_abbrev  0x0000000000000cc4      0x228 ../WAT_TEST_bsp/\libucosii_bsp.a(os_mem.o)
 .debug_abbrev  0x0000000000000eec      0x248 ../WAT_TEST_bsp/\libucosii_bsp.a(os_q.o)
 .debug_abbrev  0x0000000000001134      0x262 ../WAT_TEST_bsp/\libucosii_bsp.a(os_sem.o)
 .debug_abbrev  0x0000000000001396      0x247 ../WAT_TEST_bsp/\libucosii_bsp.a(os_task.o)
 .debug_abbrev  0x00000000000015dd      0x20c ../WAT_TEST_bsp/\libucosii_bsp.a(os_time.o)
 .debug_abbrev  0x00000000000017e9      0x1cc ../WAT_TEST_bsp/\libucosii_bsp.a(alt_sys_init.o)
 .debug_abbrev  0x00000000000019b5      0x1c9 ../WAT_TEST_bsp/\libucosii_bsp.a(altera_avalon_epcs_flash_controller.o)
 .debug_abbrev  0x0000000000001b7e      0x16c ../WAT_TEST_bsp/\libucosii_bsp.a(altera_avalon_jtag_uart_fd.o)
 .debug_abbrev  0x0000000000001cea      0x24f ../WAT_TEST_bsp/\libucosii_bsp.a(altera_avalon_jtag_uart_init.o)
 .debug_abbrev  0x0000000000001f39      0x156 ../WAT_TEST_bsp/\libucosii_bsp.a(altera_avalon_jtag_uart_ioctl.o)
 .debug_abbrev  0x000000000000208f      0x1f8 ../WAT_TEST_bsp/\libucosii_bsp.a(altera_avalon_jtag_uart_read.o)
 .debug_abbrev  0x0000000000002287      0x1f6 ../WAT_TEST_bsp/\libucosii_bsp.a(altera_avalon_jtag_uart_write.o)
 .debug_abbrev  0x000000000000247d      0x155 ../WAT_TEST_bsp/\libucosii_bsp.a(altera_avalon_timer_sc.o)
 .debug_abbrev  0x00000000000025d2      0x145 ../WAT_TEST_bsp/\libucosii_bsp.a(altera_avalon_uart_fd.o)
 .debug_abbrev  0x0000000000002717      0x1f1 ../WAT_TEST_bsp/\libucosii_bsp.a(altera_avalon_uart_init.o)
 .debug_abbrev  0x0000000000002908      0x1c8 ../WAT_TEST_bsp/\libucosii_bsp.a(altera_avalon_uart_read.o)
 .debug_abbrev  0x0000000000002ad0      0x1cf ../WAT_TEST_bsp/\libucosii_bsp.a(altera_avalon_uart_write.o)
 .debug_abbrev  0x0000000000002c9f      0x169 ../WAT_TEST_bsp/\libucosii_bsp.a(epcs_commands.o)
 .debug_abbrev  0x0000000000002e08      0x162 ../WAT_TEST_bsp/\libucosii_bsp.a(alt_alarm_start.o)
 .debug_abbrev  0x0000000000002f6a      0x126 ../WAT_TEST_bsp/\libucosii_bsp.a(alt_close.o)
 .debug_abbrev  0x0000000000003090      0x11c ../WAT_TEST_bsp/\libucosii_bsp.a(alt_dev.o)
 .debug_abbrev  0x00000000000031ac      0x114 ../WAT_TEST_bsp/\libucosii_bsp.a(alt_dev_llist_insert.o)
 .debug_abbrev  0x00000000000032c0       0x79 ../WAT_TEST_bsp/\libucosii_bsp.a(alt_do_ctors.o)
 .debug_abbrev  0x0000000000003339       0x79 ../WAT_TEST_bsp/\libucosii_bsp.a(alt_do_dtors.o)
 .debug_abbrev  0x00000000000033b2       0x5a ../WAT_TEST_bsp/\libucosii_bsp.a(alt_errno.o)
 .debug_abbrev  0x000000000000340c      0x121 ../WAT_TEST_bsp/\libucosii_bsp.a(alt_flash_dev.o)
 .debug_abbrev  0x000000000000352d      0x163 ../WAT_TEST_bsp/\libucosii_bsp.a(alt_iic.o)
 .debug_abbrev  0x0000000000003690      0x169 ../WAT_TEST_bsp/\libucosii_bsp.a(alt_iic_isr_register.o)
 .debug_abbrev  0x00000000000037f9      0x11b ../WAT_TEST_bsp/\libucosii_bsp.a(alt_io_redirect.o)
 .debug_abbrev  0x0000000000003914       0x12 ../WAT_TEST_bsp/\libucosii_bsp.a(alt_irq_entry.o)
 .debug_abbrev  0x0000000000003926      0x13a ../WAT_TEST_bsp/\libucosii_bsp.a(alt_irq_handler.o)
 .debug_abbrev  0x0000000000003a60       0x40 ../WAT_TEST_bsp/\libucosii_bsp.a(alt_irq_vars.o)
 .debug_abbrev  0x0000000000003aa0      0x14f ../WAT_TEST_bsp/\libucosii_bsp.a(alt_open.o)
 .debug_abbrev  0x0000000000003bef       0xe5 ../WAT_TEST_bsp/\libucosii_bsp.a(alt_release_fd.o)
 .debug_abbrev  0x0000000000003cd4      0x15a ../WAT_TEST_bsp/\libucosii_bsp.a(alt_tick.o)
 .debug_abbrev  0x0000000000003e2e       0x42 ../WAT_TEST_bsp/\libucosii_bsp.a(altera_nios2_gen2_irq.o)
 .debug_abbrev  0x0000000000003e70       0x14 ../WAT_TEST_bsp/\libucosii_bsp.a(os_cpu_a.o)
 .debug_abbrev  0x0000000000003e84      0x215 ../WAT_TEST_bsp/\libucosii_bsp.a(os_cpu_c.o)
 .debug_abbrev  0x0000000000004099       0x8a ../WAT_TEST_bsp/\libucosii_bsp.a(altera_avalon_spi.o)
 .debug_abbrev  0x0000000000004123       0x12 ../WAT_TEST_bsp/\libucosii_bsp.a(alt_exception_entry.o)
 .debug_abbrev  0x0000000000004135       0xf7 ../WAT_TEST_bsp/\libucosii_bsp.a(alt_find_dev.o)
 .debug_abbrev  0x000000000000422c       0xf7 ../WAT_TEST_bsp/\libucosii_bsp.a(alt_find_file.o)
 .debug_abbrev  0x0000000000004323      0x19b ../WAT_TEST_bsp/\libucosii_bsp.a(alt_get_fd.o)
 .debug_abbrev  0x00000000000044be       0xdc ../WAT_TEST_bsp/\libucosii_bsp.a(alt_instruction_exception_entry.o)
 .debug_abbrev  0x000000000000459a       0xaa c:/intelfpga_lite/16.1/nios2eds/bin/gnu/h-x86_64-mingw32/bin/../lib/gcc/nios2-elf/5.3.0/../../../../../H-x86_64-mingw32/nios2-elf/lib/mno-hw-mul\libc.a(lib_a-atexit.o)
 .debug_abbrev  0x0000000000004644      0x1e5 c:/intelfpga_lite/16.1/nios2eds/bin/gnu/h-x86_64-mingw32/bin/../lib/gcc/nios2-elf/5.3.0/../../../../../H-x86_64-mingw32/nios2-elf/lib/mno-hw-mul\libc.a(lib_a-exit.o)
 .debug_abbrev  0x0000000000004829      0x18f c:/intelfpga_lite/16.1/nios2eds/bin/gnu/h-x86_64-mingw32/bin/../lib/gcc/nios2-elf/5.3.0/../../../../../H-x86_64-mingw32/nios2-elf/lib/mno-hw-mul\libc.a(lib_a-impure.o)
 .debug_abbrev  0x00000000000049b8       0x37 c:/intelfpga_lite/16.1/nios2eds/bin/gnu/h-x86_64-mingw32/bin/../lib/gcc/nios2-elf/5.3.0/../../../../../H-x86_64-mingw32/nios2-elf/lib/mno-hw-mul\libc.a(lib_a-int_errno.o)
 .debug_abbrev  0x00000000000049ef       0x7f c:/intelfpga_lite/16.1/nios2eds/bin/gnu/h-x86_64-mingw32/bin/../lib/gcc/nios2-elf/5.3.0/../../../../../H-x86_64-mingw32/nios2-elf/lib/mno-hw-mul\libc.a(lib_a-memcmp.o)
 .debug_abbrev  0x0000000000004a6e       0xa3 c:/intelfpga_lite/16.1/nios2eds/bin/gnu/h-x86_64-mingw32/bin/../lib/gcc/nios2-elf/5.3.0/../../../../../H-x86_64-mingw32/nios2-elf/lib/mno-hw-mul\libc.a(lib_a-memcpy.o)
 .debug_abbrev  0x0000000000004b11       0xae c:/intelfpga_lite/16.1/nios2eds/bin/gnu/h-x86_64-mingw32/bin/../lib/gcc/nios2-elf/5.3.0/../../../../../H-x86_64-mingw32/nios2-elf/lib/mno-hw-mul\libc.a(lib_a-memset.o)
 .debug_abbrev  0x0000000000004bbf       0x90 c:/intelfpga_lite/16.1/nios2eds/bin/gnu/h-x86_64-mingw32/bin/../lib/gcc/nios2-elf/5.3.0/../../../../../H-x86_64-mingw32/nios2-elf/lib/mno-hw-mul\libc.a(lib_a-strlen.o)
 .debug_abbrev  0x0000000000004c4f      0x21e c:/intelfpga_lite/16.1/nios2eds/bin/gnu/h-x86_64-mingw32/bin/../lib/gcc/nios2-elf/5.3.0/../../../../../H-x86_64-mingw32/nios2-elf/lib/mno-hw-mul\libc.a(lib_a-__atexit.o)
 .debug_abbrev  0x0000000000004e6d      0x22e c:/intelfpga_lite/16.1/nios2eds/bin/gnu/h-x86_64-mingw32/bin/../lib/gcc/nios2-elf/5.3.0/../../../../../H-x86_64-mingw32/nios2-elf/lib/mno-hw-mul\libc.a(lib_a-__call_atexit.o)
 .debug_abbrev  0x000000000000509b      0x10e c:/intelfpga_lite/16.1/nios2eds/bin/gnu/h-x86_64-mingw32/bin/../lib/gcc/nios2-elf/5.3.0/mno-hw-mul\libgcc.a(lib2-divmod.o)
 .debug_abbrev  0x00000000000051a9       0x6f c:/intelfpga_lite/16.1/nios2eds/bin/gnu/h-x86_64-mingw32/bin/../lib/gcc/nios2-elf/5.3.0/mno-hw-mul\libgcc.a(lib2-mul.o)
 .debug_abbrev  0x0000000000005218       0xe1 ../WAT_TEST_bsp/\libucosii_bsp.a(alt_exit.o)

.debug_line     0x0000000000000000     0x6056
 *(.debug_line)
 .debug_line    0x0000000000000000       0x51 ../WAT_TEST_bsp//obj/HAL/src/crt0.o
 .debug_line    0x0000000000000051      0x175 obj/default/wat_test.o
 .debug_line    0x00000000000001c6      0x12f ../WAT_TEST_bsp/\libucosii_bsp.a(alt_main.o)
 .debug_line    0x00000000000002f5      0x1aa ../WAT_TEST_bsp/\libucosii_bsp.a(alt_env_lock.o)
 .debug_line    0x000000000000049f      0x20e ../WAT_TEST_bsp/\libucosii_bsp.a(alt_malloc_lock.o)
 .debug_line    0x00000000000006ad      0x68b ../WAT_TEST_bsp/\libucosii_bsp.a(os_core.o)
 .debug_line    0x0000000000000d38       0xd2 ../WAT_TEST_bsp/\libucosii_bsp.a(os_dbg.o)
 .debug_line    0x0000000000000e0a      0x4ff ../WAT_TEST_bsp/\libucosii_bsp.a(os_flag.o)
 .debug_line    0x0000000000001309      0x23f ../WAT_TEST_bsp/\libucosii_bsp.a(os_mem.o)
 .debug_line    0x0000000000001548      0x3fb ../WAT_TEST_bsp/\libucosii_bsp.a(os_q.o)
 .debug_line    0x0000000000001943      0x2e0 ../WAT_TEST_bsp/\libucosii_bsp.a(os_sem.o)
 .debug_line    0x0000000000001c23      0x52d ../WAT_TEST_bsp/\libucosii_bsp.a(os_task.o)
 .debug_line    0x0000000000002150      0x1a8 ../WAT_TEST_bsp/\libucosii_bsp.a(os_time.o)
 .debug_line    0x00000000000022f8      0x201 ../WAT_TEST_bsp/\libucosii_bsp.a(alt_sys_init.o)
 .debug_line    0x00000000000024f9      0x2d3 ../WAT_TEST_bsp/\libucosii_bsp.a(altera_avalon_epcs_flash_controller.o)
 .debug_line    0x00000000000027cc      0x155 ../WAT_TEST_bsp/\libucosii_bsp.a(altera_avalon_jtag_uart_fd.o)
 .debug_line    0x0000000000002921      0x225 ../WAT_TEST_bsp/\libucosii_bsp.a(altera_avalon_jtag_uart_init.o)
 .debug_line    0x0000000000002b46      0x157 ../WAT_TEST_bsp/\libucosii_bsp.a(altera_avalon_jtag_uart_ioctl.o)
 .debug_line    0x0000000000002c9d      0x1db ../WAT_TEST_bsp/\libucosii_bsp.a(altera_avalon_jtag_uart_read.o)
 .debug_line    0x0000000000002e78      0x1dc ../WAT_TEST_bsp/\libucosii_bsp.a(altera_avalon_jtag_uart_write.o)
 .debug_line    0x0000000000003054       0xfd ../WAT_TEST_bsp/\libucosii_bsp.a(altera_avalon_timer_sc.o)
 .debug_line    0x0000000000003151      0x132 ../WAT_TEST_bsp/\libucosii_bsp.a(altera_avalon_uart_fd.o)
 .debug_line    0x0000000000003283      0x22f ../WAT_TEST_bsp/\libucosii_bsp.a(altera_avalon_uart_init.o)
 .debug_line    0x00000000000034b2      0x1f8 ../WAT_TEST_bsp/\libucosii_bsp.a(altera_avalon_uart_read.o)
 .debug_line    0x00000000000036aa      0x1e6 ../WAT_TEST_bsp/\libucosii_bsp.a(altera_avalon_uart_write.o)
 .debug_line    0x0000000000003890      0x113 ../WAT_TEST_bsp/\libucosii_bsp.a(epcs_commands.o)
 .debug_line    0x00000000000039a3       0xf9 ../WAT_TEST_bsp/\libucosii_bsp.a(alt_alarm_start.o)
 .debug_line    0x0000000000003a9c      0x174 ../WAT_TEST_bsp/\libucosii_bsp.a(alt_close.o)
 .debug_line    0x0000000000003c10      0x13c ../WAT_TEST_bsp/\libucosii_bsp.a(alt_dev.o)
 .debug_line    0x0000000000003d4c       0xcf ../WAT_TEST_bsp/\libucosii_bsp.a(alt_dev_llist_insert.o)
 .debug_line    0x0000000000003e1b       0x59 ../WAT_TEST_bsp/\libucosii_bsp.a(alt_do_ctors.o)
 .debug_line    0x0000000000003e74       0x59 ../WAT_TEST_bsp/\libucosii_bsp.a(alt_do_dtors.o)
 .debug_line    0x0000000000003ecd       0x51 ../WAT_TEST_bsp/\libucosii_bsp.a(alt_errno.o)
 .debug_line    0x0000000000003f1e       0xed ../WAT_TEST_bsp/\libucosii_bsp.a(alt_flash_dev.o)
 .debug_line    0x000000000000400b       0xeb ../WAT_TEST_bsp/\libucosii_bsp.a(alt_iic.o)
 .debug_line    0x00000000000040f6       0xdb ../WAT_TEST_bsp/\libucosii_bsp.a(alt_iic_isr_register.o)
 .debug_line    0x00000000000041d1      0x144 ../WAT_TEST_bsp/\libucosii_bsp.a(alt_io_redirect.o)
 .debug_line    0x0000000000004315       0x6b ../WAT_TEST_bsp/\libucosii_bsp.a(alt_irq_entry.o)
 .debug_line    0x0000000000004380       0xc8 ../WAT_TEST_bsp/\libucosii_bsp.a(alt_irq_handler.o)
 .debug_line    0x0000000000004448       0x50 ../WAT_TEST_bsp/\libucosii_bsp.a(alt_irq_vars.o)