Archive member included to satisfy reference by file (symbol)

libjpeg\libjpeg2.a(jdapimin.o)
                              obj/default/imagepro.o (jpeg_CreateDecompress)
libjpeg\libjpeg2.a(jdapistd.o)
                              obj/default/imagepro.o (jpeg_start_decompress)
libjpeg\libjpeg2.a(jdatasrc.o)
                              obj/default/imagepro.o (jpeg_stdio_src)
libjpeg\libjpeg2.a(jdinput.o)
                              libjpeg\libjpeg2.a(jdapimin.o) (jinit_input_controller)
libjpeg\libjpeg2.a(jdmarker.o)
                              libjpeg\libjpeg2.a(jdatasrc.o) (jpeg_resync_to_restart)
libjpeg\libjpeg2.a(jdmaster.o)
                              libjpeg\libjpeg2.a(jdapistd.o) (jinit_master_decompress)
libjpeg\libjpeg2.a(jdmerge.o)
                              libjpeg\libjpeg2.a(jdmaster.o) (jinit_merged_upsampler)
libjpeg\libjpeg2.a(jdpostct.o)
                              libjpeg\libjpeg2.a(jdmaster.o) (jinit_d_post_controller)
libjpeg\libjpeg2.a(jdsample.o)
                              libjpeg\libjpeg2.a(jdmaster.o) (jinit_upsampler)
libjpeg\libjpeg2.a(jerror.o)  obj/default/imagepro.o (jpeg_std_error)
libjpeg\libjpeg2.a(jmemmgr.o)
                              libjpeg\libjpeg2.a(jdapimin.o) (jinit_memory_mgr)
libjpeg\libjpeg2.a(jmemnobs.o)
                              libjpeg\libjpeg2.a(jmemmgr.o) (jpeg_get_small)
libjpeg\libjpeg2.a(jquant1.o)
                              libjpeg\libjpeg2.a(jdmaster.o) (jinit_1pass_quantizer)
libjpeg\libjpeg2.a(jquant2.o)
                              libjpeg\libjpeg2.a(jdmaster.o) (jinit_2pass_quantizer)
libjpeg\libjpeg2.a(jutils.o)  libjpeg\libjpeg2.a(jdinput.o) (jpeg_natural_order)
libjpeg\libjpeg2.a(jcomapi.o)
                              libjpeg\libjpeg2.a(jdapimin.o) (jpeg_abort)
libjpeg\libjpeg2.a(jdarith.o)
                              libjpeg\libjpeg2.a(jdmaster.o) (jinit_arith_decoder)
libjpeg\libjpeg2.a(jdcoefct.o)
                              libjpeg\libjpeg2.a(jdmaster.o) (jinit_d_coef_controller)
libjpeg\libjpeg2.a(jdcolor.o)
                              libjpeg\libjpeg2.a(jdmaster.o) (jinit_color_deconverter)
libjpeg\libjpeg2.a(jddctmgr.o)
                              libjpeg\libjpeg2.a(jdmaster.o) (jinit_inverse_dct)
libjpeg\libjpeg2.a(jdhuff.o)  libjpeg\libjpeg2.a(jdmaster.o) (jinit_huff_decoder)
libjpeg\libjpeg2.a(jdmainct.o)
                              libjpeg\libjpeg2.a(jdmaster.o) (jinit_d_main_controller)
libjpeg\libjpeg2.a(jidctflt.o)
                              libjpeg\libjpeg2.a(jddctmgr.o) (jpeg_idct_float)
libjpeg\libjpeg2.a(jidctfst.o)
                              libjpeg\libjpeg2.a(jddctmgr.o) (jpeg_idct_ifast)
libjpeg\libjpeg2.a(jidctint.o)
                              libjpeg\libjpeg2.a(jddctmgr.o) (jpeg_idct_islow)
libjpeg\libjpeg2.a(jaricom.o)
                              libjpeg\libjpeg2.a(jdarith.o) (jpeg_aritab)
c:/scratchdir/nios2eds/bin/gnu/h-x86_64-mingw32/bin/../lib/gcc/nios2-elf/5.3.0/mno-hw-mul\libgcc.a(lib2-divmod.o)
                              libjpeg\libjpeg2.a(jdsample.o) (__divsi3)
c:/scratchdir/nios2eds/bin/gnu/h-x86_64-mingw32/bin/../lib/gcc/nios2-elf/5.3.0/mno-hw-mul\libgcc.a(lib2-mul.o)
                              obj/default/imagepro.o (__mulsi3)
c:/scratchdir/nios2eds/bin/gnu/h-x86_64-mingw32/bin/../lib/gcc/nios2-elf/5.3.0/mno-hw-mul\libgcc.a(addsf3.o)
                              libjpeg\libjpeg2.a(jidctflt.o) (__addsf3)
c:/scratchdir/nios2eds/bin/gnu/h-x86_64-mingw32/bin/../lib/gcc/nios2-elf/5.3.0/mno-hw-mul\libgcc.a(mulsf3.o)
                              libjpeg\libjpeg2.a(jidctflt.o) (__mulsf3)
c:/scratchdir/nios2eds/bin/gnu/h-x86_64-mingw32/bin/../lib/gcc/nios2-elf/5.3.0/mno-hw-mul\libgcc.a(subsf3.o)
                              libjpeg\libjpeg2.a(jidctflt.o) (__subsf3)
c:/scratchdir/nios2eds/bin/gnu/h-x86_64-mingw32/bin/../lib/gcc/nios2-elf/5.3.0/mno-hw-mul\libgcc.a(fixsfsi.o)
                              libjpeg\libjpeg2.a(jidctflt.o) (__fixsfsi)
c:/scratchdir/nios2eds/bin/gnu/h-x86_64-mingw32/bin/../lib/gcc/nios2-elf/5.3.0/mno-hw-mul\libgcc.a(floatsisf.o)
                              libjpeg\libjpeg2.a(jidctflt.o) (__floatsisf)
c:/scratchdir/nios2eds/bin/gnu/h-x86_64-mingw32/bin/../lib/gcc/nios2-elf/5.3.0/mno-hw-mul\libgcc.a(muldf3.o)
                              libjpeg\libjpeg2.a(jddctmgr.o) (__muldf3)
c:/scratchdir/nios2eds/bin/gnu/h-x86_64-mingw32/bin/../lib/gcc/nios2-elf/5.3.0/mno-hw-mul\libgcc.a(floatunsidf.o)
                              libjpeg\libjpeg2.a(jddctmgr.o) (__floatunsidf)
c:/scratchdir/nios2eds/bin/gnu/h-x86_64-mingw32/bin/../lib/gcc/nios2-elf/5.3.0/mno-hw-mul\libgcc.a(truncdfsf2.o)
                              libjpeg\libjpeg2.a(jddctmgr.o) (__truncdfsf2)
c:/scratchdir/nios2eds/bin/gnu/h-x86_64-mingw32/bin/../lib/gcc/nios2-elf/5.3.0/mno-hw-mul\libgcc.a(_clzsi2.o)
                              c:/scratchdir/nios2eds/bin/gnu/h-x86_64-mingw32/bin/../lib/gcc/nios2-elf/5.3.0/mno-hw-mul\libgcc.a(addsf3.o) (__clzsi2)
[...]
Memory Configuration

Name             Origin             Length             Attributes
sdram_controller_0 0x0000000000800000 0x0000000000800000
onchip_memory2_0_BEFORE_EXCEPTION 0x0000000001004000 0x0000000000000020
onchip_memory2_0 0x0000000001004020 0x0000000000003fe0
reset            0x0000000001009000 0x0000000000000020
epcs_flash_controller_0 0x0000000001009020 0x00000000000007e0
*default*        0x0000000000000000 0xffffffffffffffff

Linker script and memory map

LOAD ../WAT_TEST_bsp//obj/HAL/src/crt0.o
LOAD obj/default/camera_test.o
LOAD obj/default/imagepro.o
LOAD obj/default/motor_test.o
LOAD obj/default/wat_main_test.o
LOAD obj/default/wifi_test.o
LOAD libjpeg\libjpeg2.a
LOAD c:/scratchdir/nios2eds/bin/gnu/h-x86_64-mingw32/bin/../lib/gcc/nios2-elf/5.3.0/../../../../../H-x86_64-mingw32/nios2-elf/lib/mno-hw-mul\libstdc++.a
LOAD c:/scratchdir/nios2eds/bin/gnu/h-x86_64-mingw32/bin/../lib/gcc/nios2-elf/5.3.0/../../../../../H-x86_64-mingw32/nios2-elf/lib/mno-hw-mul\libm.a
LOAD c:/scratchdir/nios2eds/bin/gnu/h-x86_64-mingw32/bin/../lib/gcc/nios2-elf/5.3.0/mno-hw-mul\libgcc.a
START GROUP
LOAD c:/scratchdir/nios2eds/bin/gnu/h-x86_64-mingw32/bin/../lib/gcc/nios2-elf/5.3.0/../../../../../H-x86_64-mingw32/nios2-elf/lib/mno-hw-mul\libc.a
LOAD c:/scratchdir/nios2eds/bin/gnu/h-x86_64-mingw32/bin/../lib/gcc/nios2-elf/5.3.0/mno-hw-mul\libgcc.a
LOAD ../WAT_TEST_bsp/\libucosii_bsp.a
LOAD c:/scratchdir/nios2eds/bin/gnu/h-x86_64-mingw32/bin/../lib/gcc/nios2-elf/5.3.0/../../../../../H-x86_64-mingw32/nios2-elf/lib/mno-hw-mul\libm.a
END GROUP
LOAD c:/scratchdir/nios2eds/bin/gnu/h-x86_64-mingw32/bin/../lib/gcc/nios2-elf/5.3.0/mno-hw-mul\libgcc.a
                0x0000000000800000                __alt_mem_sdram_controller_0 = 0x800000
                0x0000000001004000                __alt_mem_onchip_memory2_0 = 0x1004000
                0x0000000001009000                __alt_mem_epcs_flash_controller_0 = 0x1009000

.entry          0x0000000001009000        0x0
 *(.entry)
 .entry         0x0000000001009000        0x0 ../WAT_TEST_bsp//obj/HAL/src/crt0.o
                0x0000000001009000                __reset

.exceptions     0x0000000001004020      0x210
                [!provide]                        PROVIDE (__ram_exceptions_start, ABSOLUTE (.))
                0x0000000001004020                . = ALIGN (0x20)
 *(.irq)
 *(.exceptions.entry.label)
 .exceptions.entry.label
                0x0000000001004020        0x0 ../WAT_TEST_bsp/\libucosii_bsp.a(alt_irq_entry.o)
                0x0000000001004020                alt_irq_entry
 .exceptions.entry.label
                0x0000000001004020        0x0 ../WAT_TEST_bsp/\libucosii_bsp.a(alt_exception_entry.o)
                0x0000000001004020                alt_exception
 *(.exceptions.entry.user)
 *(.exceptions.entry.ecc_fatal)
 *(.exceptions.entry)
 .exceptions.entry
                0x0000000001004020       0x54 ../WAT_TEST_bsp/\libucosii_bsp.a(alt_exception_entry.o)
 *(.exceptions.irqtest.user)
 *(.exceptions.irqtest)
 .exceptions.irqtest
                0x0000000001004074       0x10 ../WAT_TEST_bsp/\libucosii_bsp.a(alt_irq_entry.o)
 *(.exceptions.irqhandler.user)
 *(.exceptions.irqhandler)
 .exceptions.irqhandler
                0x0000000001004084        0x4 ../WAT_TEST_bsp/\libucosii_bsp.a(alt_irq_entry.o)
 *(.exceptions.irqreturn.user)
 *(.exceptions.irqreturn)
 .exceptions.irqreturn
                0x0000000001004088        0x4 ../WAT_TEST_bsp/\libucosii_bsp.a(alt_irq_entry.o)
 *(.exceptions.notirq.label)
 .exceptions.notirq.label
                0x000000000100408c        0x0 ../WAT_TEST_bsp/\libucosii_bsp.a(alt_irq_entry.o)
 *(.exceptions.notirq.user)
 *(.exceptions.notirq)
 .exceptions.notirq
                0x000000000100408c        0x8 ../WAT_TEST_bsp/\libucosii_bsp.a(alt_exception_entry.o)
 *(.exceptions.soft.user)
 *(.exceptions.soft)
 *(.exceptions.unknown.user)
 *(.exceptions.unknown)
 .exceptions.unknown
                0x0000000001004094       0x14 ../WAT_TEST_bsp/\libucosii_bsp.a(alt_exception_entry.o)
 *(.exceptions.exit.label)
 .exceptions.exit.label
                0x00000000010040a8        0x0 ../WAT_TEST_bsp/\libucosii_bsp.a(alt_irq_entry.o)
 .exceptions.exit.label
                0x00000000010040a8        0x0 ../WAT_TEST_bsp/\libucosii_bsp.a(alt_exception_entry.o)
 *(.exceptions.exit.user)
 *(.exceptions.exit)
 .exceptions.exit
                0x00000000010040a8       0x54 ../WAT_TEST_bsp/\libucosii_bsp.a(alt_exception_entry.o)
 *(.exceptions)
 .exceptions    0x00000000010040fc       0xd4 ../WAT_TEST_bsp/\libucosii_bsp.a(alt_irq_handler.o)
                0x00000000010040fc                alt_irq_handler
 .exceptions    0x00000000010041d0       0x60 ../WAT_TEST_bsp/\libucosii_bsp.a(alt_instruction_exception_entry.o)
                0x00000000010041d0                alt_instruction_exception_entry
                [!provide]                        PROVIDE (__ram_exceptions_end, ABSOLUTE (.))
                [!provide]                        PROVIDE (__flash_exceptions_start, LOADADDR (.exceptions))

.text           0x0000000000800000    0x5711c
                [!provide]                        PROVIDE (stext, ABSOLUTE (.))
 *(.interp)
 *(.hash)
 *(.dynsym)
 *(.dynstr)
 *(.gnu.version)
 *(.gnu.version_d)
 *(.gnu.version_r)
 *(.rel.init)
 *(.rela.init)
 *(.rel.text .rel.text.* .rel.gnu.linkonce.t.*)
 *(.rela.text .rela.text.* .rela.gnu.linkonce.t.*)
 *(.rel.fini)
 *(.rela.fini)
 *(.rel.rodata .rel.rodata.* .rel.gnu.linkonce.r.*)
 *(.rela.rodata .rela.rodata.* .rela.gnu.linkonce.r.*)
 *(.rel.data .rel.data.* .rel.gnu.linkonce.d.*)
 *(.rela.data .rela.data.* .rela.gnu.linkonce.d.*)
 *(.rel.tdata .rel.tdata.* .rel.gnu.linkonce.td.*)
 *(.rela.tdata .rela.tdata.* .rela.gnu.linkonce.td.*)
 *(.rel.tbss .rel.tbss.* .rel.gnu.linkonce.tb.*)
 *(.rela.tbss .rela.tbss.* .rela.gnu.linkonce.tb.*)
 *(.rel.ctors)
 *(.rela.ctors)
 *(.rel.dtors)
 *(.rela.dtors)
 *(.rel.got)
 *(.rela.got)
 *(.rel.sdata .rel.sdata.* .rel.gnu.linkonce.s.*)
 *(.rela.sdata .rela.sdata.* .rela.gnu.linkonce.s.*)
 *(.rel.sbss .rel.sbss.* .rel.gnu.linkonce.sb.*)
 *(.rela.sbss .rela.sbss.* .rela.gnu.linkonce.sb.*)
 *(.rel.sdata2 .rel.sdata2.* .rel.gnu.linkonce.s2.*)
 *(.rela.sdata2 .rela.sdata2.* .rela.gnu.linkonce.s2.*)
 *(.rel.sbss2 .rel.sbss2.* .rel.gnu.linkonce.sb2.*)
 *(.rela.sbss2 .rela.sbss2.* .rela.gnu.linkonce.sb2.*)
 *(.rel.bss .rel.bss.* .rel.gnu.linkonce.b.*)
 *(.rela.bss .rela.bss.* .rela.gnu.linkonce.b.*)
 *(.rel.plt)
 *(.rela.plt)
 *(.rel.dyn)
 *(.init)
 *(.plt)
 *(.text .stub .text.* .gnu.linkonce.t.*)
 .text          0x0000000000800000       0x38 ../WAT_TEST_bsp//obj/HAL/src/crt0.o
                0x0000000000800000                _start
 .text          0x0000000000800038      0xdf8 obj/default/camera_test.o
                0x0000000000800038                camera_test
                0x0000000000800b88                cam_send_command
                0x0000000000800d4c                cam_uart_interrupt
                0x0000000000800ddc                button_interrupt
 .text          0x0000000000800e30      0x590 obj/default/imagepro.o
                0x0000000000800e30                find_region
 .text          0x00000000008013c0       0xa4 obj/default/motor_test.o
                0x00000000008013c0                motor_test
                0x00000000008013fc                sensor_interrupt
 .text          0x0000000000801464      0x26c obj/default/wat_main_test.o
                0x0000000000801464                main
 .text          0x00000000008016d0      0x1d8 obj/default/wifi_test.o
                0x00000000008016d0                wifi_test
                0x0000000000801754                wifi_uart_interrupt
                0x00000000008017c0                motorCommand
 .text          0x00000000008018a8      0xb64 libjpeg\libjpeg2.a(jdapimin.o)
                0x00000000008018a8                jpeg_CreateDecompress
                0x0000000000801aa0                jpeg_destroy_decompress
                0x0000000000801ad4                jpeg_abort_decompress
                0x0000000000801f30                jpeg_read_header
                0x0000000000802028                jpeg_consume_input
                0x0000000000802188                jpeg_input_complete
                0x0000000000802214                jpeg_has_multiple_scans
                0x00000000008022a0                jpeg_finish_decompress
 .text          0x000000000080240c      0x7f0 libjpeg\libjpeg2.a(jdapistd.o)
                0x000000000080240c                jpeg_start_decompress
                0x0000000000802738                jpeg_read_scanlines
                0x000000000080287c                jpeg_read_raw_data
                0x0000000000802a10                jpeg_start_output
                0x0000000000802ae4                jpeg_finish_output
 .text          0x0000000000802bfc      0x4dc libjpeg\libjpeg2.a(jdatasrc.o)
                0x0000000000802eb8                jpeg_stdio_src
                0x0000000000802fc8                jpeg_mem_src
 .text          0x00000000008030d8     0x1db4 libjpeg\libjpeg2.a(jdinput.o)
                0x00000000008030d8                jpeg_core_output_dimensions
                0x0000000000804dd8                jinit_input_controller
 .text          0x0000000000804e8c     0x5588 libjpeg\libjpeg2.a(jdmarker.o)
                0x0000000000809e18                jpeg_resync_to_restart
                0x000000000080a068                jinit_marker_reader
                0x000000000080a190                jpeg_save_markers
                0x000000000080a344                jpeg_set_marker_processor
 .text          0x000000000080a414      0xff8 libjpeg\libjpeg2.a(jdmaster.o)
                0x000000000080a5e8                jpeg_calc_output_dimensions
                0x000000000080b28c                jpeg_new_colormap
                0x000000000080b384                jinit_master_decompress
 .text          0x000000000080b40c      0xff0 libjpeg\libjpeg2.a(jdmerge.o)
                0x000000000080c2b4                jinit_merged_upsampler
 .text          0x000000000080c3fc      0x7ac libjpeg\libjpeg2.a(jdpostct.o)
                0x000000000080ca1c                jinit_d_post_controller
 .text          0x000000000080cba8      0xad8 libjpeg\libjpeg2.a(jdsample.o)
                0x000000000080d2b0                jinit_upsampler
 .text          0x000000000080d680      0x438 libjpeg\libjpeg2.a(jerror.o)
                0x000000000080d9f8                jpeg_std_error
 .text          0x000000000080dab8     0x1d30 libjpeg\libjpeg2.a(jmemmgr.o)
                0x000000000080f528                jinit_memory_mgr
 .text          0x000000000080f7e8      0x1b0 libjpeg\libjpeg2.a(jmemnobs.o)
                0x000000000080f7e8                jpeg_get_small
                0x000000000080f81c                jpeg_free_small
                0x000000000080f858                jpeg_get_large
                0x000000000080f88c                jpeg_free_large
                0x000000000080f8c8                jpeg_mem_available
                0x000000000080f8f8                jpeg_open_backing_store
                0x000000000080f950                jpeg_mem_init
                0x000000000080f974                jpeg_mem_term
 .text          0x000000000080f998     0x1980 libjpeg\libjpeg2.a(jquant1.o)
                0x00000000008111d0                jinit_1pass_quantizer
 .text          0x0000000000811318     0x2874 libjpeg\libjpeg2.a(jquant2.o)
                0x00000000008138ec                jinit_2pass_quantizer
 .text          0x0000000000813b8c      0x1c4 libjpeg\libjpeg2.a(jutils.o)
                0x0000000000813b8c                jdiv_round_up
                0x0000000000813bd4                jround_up
                0x0000000000813c30                jcopy_sample_rows
                0x0000000000813d04                jcopy_block_row
 .text          0x0000000000813d50      0x1a8 libjpeg\libjpeg2.a(jcomapi.o)
                0x0000000000813d50                jpeg_abort
                0x0000000000813df4                jpeg_destroy
                0x0000000000813e50                jpeg_alloc_quant_table
                0x0000000000813ea4                jpeg_alloc_huff_table
 .text          0x0000000000813ef8     0x1f9c libjpeg\libjpeg2.a(jdarith.o)
                0x0000000000815d14                jinit_arith_decoder
 .text          0x0000000000815e94     0x1c40 libjpeg\libjpeg2.a(jdcoefct.o)
                0x0000000000817858                jinit_d_coef_controller
 .text          0x0000000000817ad4     0x18b4 libjpeg\libjpeg2.a(jdcolor.o)
                0x0000000000818d34                jinit_color_deconverter
 .text          0x0000000000819388      0x974 libjpeg\libjpeg2.a(jddctmgr.o)
                0x0000000000819bf8                jinit_inverse_dct
 .text          0x0000000000819cfc     0x36f8 libjpeg\libjpeg2.a(jdhuff.o)
                0x000000000081d224                jinit_huff_decoder
 .text          0x000000000081d3f4      0xff8 libjpeg\libjpeg2.a(jdmainct.o)
                0x000000000081e1f8                jinit_d_main_controller
 .text          0x000000000081e3ec      0xc5c libjpeg\libjpeg2.a(jidctflt.o)
                0x000000000081e3ec                jpeg_idct_float
 .text          0x000000000081f048      0xb00 libjpeg\libjpeg2.a(jidctfst.o)
                0x000000000081f048                jpeg_idct_ifast
 .text          0x000000000081fb48    0x104ec libjpeg\libjpeg2.a(jidctint.o)
                0x000000000081fb48                jpeg_idct_islow
                0x000000000082078c                jpeg_idct_7x7
                0x0000000000821018                jpeg_idct_6x6
                0x0000000000821628                jpeg_idct_5x5
                0x0000000000821b9c                jpeg_idct_4x4
                0x0000000000821fc4                jpeg_idct_3x3
                0x0000000000822300                jpeg_idct_2x2
                0x000000000082253c                jpeg_idct_1x1
                0x00000000008225f4                jpeg_idct_9x9
                0x0000000000822f44                jpeg_idct_10x10
                0x000000000082399c                jpeg_idct_11x11
                0x000000000082460c                jpeg_idct_12x12
                0x00000000008251c4                jpeg_idct_13x13
                0x0000000000825ffc                jpeg_idct_14x14
                0x0000000000826d8c                jpeg_idct_15x15
                0x0000000000827bac                jpeg_idct_16x16
                0x0000000000828bfc                jpeg_idct_16x8
                0x0000000000829ad4                jpeg_idct_14x7
                0x000000000082a604                jpeg_idct_12x6
                0x000000000082aef8                jpeg_idct_10x5
                0x000000000082b6d0                jpeg_idct_8x4
                0x000000000082bd7c                jpeg_idct_6x3
                0x000000000082c204                jpeg_idct_4x2
                0x000000000082c4f0                jpeg_idct_2x1
                0x000000000082c618                jpeg_idct_8x16
                0x000000000082d2c4                jpeg_idct_7x14
                0x000000000082ddb0                jpeg_idct_6x12
                0x000000000082e68c                jpeg_idct_5x10
                0x000000000082ee80                jpeg_idct_4x8
                0x000000000082f728                jpeg_idct_3x6
                0x000000000082fbec                jpeg_idct_2x4
                0x000000000082ff08                jpeg_idct_1x2
 .text          0x0000000000830034        0x0 libjpeg\libjpeg2.a(jaricom.o)
 .text          0x0000000000830034      0x1b4 c:/scratchdir/nios2eds/bin/gnu/h-x86_64-mingw32/bin/../lib/gcc/nios2-elf/5.3.0/mno-hw-mul\libgcc.a(lib2-divmod.o)
                0x0000000000830034                __divsi3
                0x00000000008300b8                __modsi3
                0x000000000083012c                __udivsi3
                0x0000000000830190                __umodsi3
 .text          0x00000000008301e8       0x28 c:/scratchdir/nios2eds/bin/gnu/h-x86_64-mingw32/bin/../lib/gcc/nios2-elf/5.3.0/mno-hw-mul\libgcc.a(lib2-mul.o)
                0x00000000008301e8                __mulsi3
 .text          0x0000000000830210      0x4c8 c:/scratchdir/nios2eds/bin/gnu/h-x86_64-mingw32/bin/../lib/gcc/nios2-elf/5.3.0/mno-hw-mul\libgcc.a(addsf3.o)
                0x0000000000830210                __addsf3
 .text          0x00000000008306d8      0x430 c:/scratchdir/nios2eds/bin/gnu/h-x86_64-mingw32/bin/../lib/gcc/nios2-elf/5.3.0/mno-hw-mul\libgcc.a(mulsf3.o)
                0x00000000008306d8                __mulsf3
 .text          0x0000000000830b08      0x4e4 c:/scratchdir/nios2eds/bin/gnu/h-x86_64-mingw32/bin/../lib/gcc/nios2-elf/5.3.0/mno-hw-mul\libgcc.a(subsf3.o)
                0x0000000000830b08                __subsf3
 .text          0x0000000000830fec       0x70 c:/scratchdir/nios2eds/bin/gnu/h-x86_64-mingw32/bin/../lib/gcc/nios2-elf/5.3.0/mno-hw-mul\libgcc.a(fixsfsi.o)
                0x0000000000830fec                __fixsfsi
 .text          0x000000000083105c      0x124 c:/scratchdir/nios2eds/bin/gnu/h-x86_64-mingw32/bin/../lib/gcc/nios2-elf/5.3.0/mno-hw-mul\libgcc.a(floatsisf.o)
                0x000000000083105c                __floatsisf
 .text          0x0000000000831180      0x86c c:/scratchdir/nios2eds/bin/gnu/h-x86_64-mingw32/bin/../lib/gcc/nios2-elf/5.3.0/mno-hw-mul\libgcc.a(muldf3.o)
                0x0000000000831180                __muldf3
 .text          0x00000000008319ec       0xa8 c:/scratchdir/nios2eds/bin/gnu/h-x86_64-mingw32/bin/../lib/gcc/nios2-elf/5.3.0/mno-hw-mul\libgcc.a(floatunsidf.o)
                0x00000000008319ec                __floatunsidf
 .text          0x0000000000831a94      0x1a8 c:/scratchdir/nios2eds/bin/gnu/h-x86_64-mingw32/bin/../lib/gcc/nios2-elf/5.3.0/mno-hw-mul\libgcc.a(truncdfsf2.o)
                0x0000000000831a94                __truncdfsf2
 .text          0x0000000000831c3c       0x64 c:/scratchdir/nios2eds/bin/gnu/h-x86_64-mingw32/bin/../lib/gcc/nios2-elf/5.3.0/mno-hw-mul\libgcc.a(_clzsi2.o)
                0x0000000000831c3c                __clzsi2
 .text          0x0000000000831ca0        0x0 c:/scratchdir/nios2eds/bin/gnu/h-x86_64-mingw32/bin/../lib/gcc/nios2-elf/5.3.0/mno-hw-mul\libgcc.a(_clz.o)
 .text          0x0000000000831ca0        0x0 c:/scratchdir/nios2eds/bin/gnu/h-x86_64-mingw32/bin/../lib/gcc/nios2-elf/5.3.0/../../../../../H-x86_64-mingw32/nios2-elf/lib/mno-hw-mul\libc.a(lib_a-clock.o)
 .text.clock    0x0000000000831ca0       0x4c c:/scratchdir/nios2eds/bin/gnu/h-x86_64-mingw32/bin/../lib/gcc/nios2-elf/5.3.0/../../../../../H-x86_64-mingw32/nios2-elf/lib/mno-hw-mul\libc.a(lib_a-clock.o)
                0x0000000000831ca0                clock
 .text          0x0000000000831cec        0x0 c:/scratchdir/nios2eds/bin/gnu/h-x86_64-mingw32/bin/../lib/gcc/nios2-elf/5.3.0/../../../../../H-x86_64-mingw32/nios2-elf/lib/mno-hw-mul\libc.a(lib_a-exit.o)
 .text.exit     0x0000000000831cec       0x38 c:/scratchdir/nios2eds/bin/gnu/h-x86_64-mingw32/bin/../lib/gcc/nios2-elf/5.3.0/../../../../../H-x86_64-mingw32/nios2-elf/lib/mno-hw-mul\libc.a(lib_a-exit.o)
                0x0000000000831cec                exit
 .text          0x0000000000831d24        0x0 c:/scratchdir/nios2eds/bin/gnu/h-x86_64-mingw32/bin/../lib/gcc/nios2-elf/5.3.0/../../../../../H-x86_64-mingw32/nios2-elf/lib/mno-hw-mul\libc.a(lib_a-fclose.o)
 .text._fclose_r
                0x0000000000831d24       0xf0 c:/scratchdir/nios2eds/bin/gnu/h-x86_64-mingw32/bin/../lib/gcc/nios2-elf/5.3.0/../../../../../H-x86_64-mingw32/nios2-elf/lib/mno-hw-mul\libc.a(lib_a-fclose.o)
                0x0000000000831d24                _fclose_r
 .text.fclose   0x0000000000831e14       0x14 c:/scratchdir/nios2eds/bin/gnu/h-x86_64-mingw32/bin/../lib/gcc/nios2-elf/5.3.0/../../../../../H-x86_64-mingw32/nios2-elf/lib/mno-hw-mul\libc.a(lib_a-fclose.o)
                0x0000000000831e14                fclose
 .text          0x0000000000831e28        0x0 c:/scratchdir/nios2eds/bin/gnu/h-x86_64-mingw32/bin/../lib/gcc/nios2-elf/5.3.0/../../../../../H-x86_64-mingw32/nios2-elf/lib/mno-hw-mul\libc.a(lib_a-fflush.o)
 .text.__sflush_r
                0x0000000000831e28      0x21c c:/scratchdir/nios2eds/bin/gnu/h-x86_64-mingw32/bin/../lib/gcc/nios2-elf/5.3.0/../../../../../H-x86_64-mingw32/nios2-elf/lib/mno-hw-mul\libc.a(lib_a-fflush.o)
                0x0000000000831e28                __sflush_r
 .text._fflush_r
                0x0000000000832044       0x5c c:/scratchdir/nios2eds/bin/gnu/h-x86_64-mingw32/bin/../lib/gcc/nios2-elf/5.3.0/../../../../../H-x86_64-mingw32/nios2-elf/lib/mno-hw-mul\libc.a(lib_a-fflush.o)
                0x0000000000832044                _fflush_r
 .text.fflush   0x00000000008320a0       0x30 c:/scratchdir/nios2eds/bin/gnu/h-x86_64-mingw32/bin/../lib/gcc/nios2-elf/5.3.0/../../../../../H-x86_64-mingw32/nios2-elf/lib/mno-hw-mul\libc.a(lib_a-fflush.o)
                0x00000000008320a0                fflush
 .text          0x00000000008320d0        0x0 c:/scratchdir/nios2eds/bin/gnu/h-x86_64-mingw32/bin/../lib/gcc/nios2-elf/5.3.0/../../../../../H-x86_64-mingw32/nios2-elf/lib/mno-hw-mul\libc.a(lib_a-findfp.o)
 .text.__fp_unlock
                0x00000000008320d0        0x8 c:/scratchdir/nios2eds/bin/gnu/h-x86_64-mingw32/bin/../lib/gcc/nios2-elf/5.3.0/../../../../../H-x86_64-mingw32/nios2-elf/lib/mno-hw-mul\libc.a(lib_a-findfp.o)
 .text._cleanup_r
                0x00000000008320d8        0xc c:/scratchdir/nios2eds/bin/gnu/h-x86_64-mingw32/bin/../lib/gcc/nios2-elf/5.3.0/../../../../../H-x86_64-mingw32/nios2-elf/lib/mno-hw-mul\libc.a(lib_a-findfp.o)
                0x00000000008320d8                _cleanup_r
 .text.__sinit.part.1
                0x00000000008320e4      0x19c c:/scratchdir/nios2eds/bin/gnu/h-x86_64-mingw32/bin/../lib/gcc/nios2-elf/5.3.0/../../../../../H-x86_64-mingw32/nios2-elf/lib/mno-hw-mul\libc.a(lib_a-findfp.o)
 .text.__fp_lock
                0x0000000000832280        0x8 c:/scratchdir/nios2eds/bin/gnu/h-x86_64-mingw32/bin/../lib/gcc/nios2-elf/5.3.0/../../../../../H-x86_64-mingw32/nios2-elf/lib/mno-hw-mul\libc.a(lib_a-findfp.o)
 .text.__sfmoreglue
                0x0000000000832288       0x78 c:/scratchdir/nios2eds/bin/gnu/h-x86_64-mingw32/bin/../lib/gcc/nios2-elf/5.3.0/../../../../../H-x86_64-mingw32/nios2-elf/lib/mno-hw-mul\libc.a(lib_a-findfp.o)
                0x0000000000832288                __sfmoreglue
 .text.__sfp    0x0000000000832300      0x118 c:/scratchdir/nios2eds/bin/gnu/h-x86_64-mingw32/bin/../lib/gcc/nios2-elf/5.3.0/../../../../../H-x86_64-mingw32/nios2-elf/lib/mno-hw-mul\libc.a(lib_a-findfp.o)
                0x0000000000832300                __sfp
 .text._cleanup
                0x0000000000832418       0x18 c:/scratchdir/nios2eds/bin/gnu/h-x86_64-mingw32/bin/../lib/gcc/nios2-elf/5.3.0/../../../../../H-x86_64-mingw32/nios2-elf/lib/mno-hw-mul\libc.a(lib_a-findfp.o)
                0x0000000000832418                _cleanup
 .text.__sinit  0x0000000000832430       0x10 c:/scratchdir/nios2eds/bin/gnu/h-x86_64-mingw32/bin/../lib/gcc/nios2-elf/5.3.0/../../../../../H-x86_64-mingw32/nios2-elf/lib/mno-hw-mul\libc.a(lib_a-findfp.o)
                0x0000000000832430                __sinit
 .text.__sfp_lock_acquire
                0x0000000000832440        0x4 c:/scratchdir/nios2eds/bin/gnu/h-x86_64-mingw32/bin/../lib/gcc/nios2-elf/5.3.0/../../../../../H-x86_64-mingw32/nios2-elf/lib/mno-hw-mul\libc.a(lib_a-findfp.o)
                0x0000000000832440                __sfp_lock_acquire
 .text.__sfp_lock_release
                0x0000000000832444        0x4 c:/scratchdir/nios2eds/bin/gnu/h-x86_64-mingw32/bin/../lib/gcc/nios2-elf/5.3.0/../../../../../H-x86_64-mingw32/nios2-elf/lib/mno-hw-mul\libc.a(lib_a-findfp.o)
                0x0000000000832444                __sfp_lock_release
 .text.__sinit_lock_acquire
                0x0000000000832448        0x4 c:/scratchdir/nios2eds/bin/gnu/h-x86_64-mingw32/bin/../lib/gcc/nios2-elf/5.3.0/../../../../../H-x86_64-mingw32/nios2-elf/lib/mno-hw-mul\libc.a(lib_a-findfp.o)
                0x0000000000832448                __sinit_lock_acquire
 .text.__sinit_lock_release
                0x000000000083244c        0x4 c:/scratchdir/nios2eds/bin/gnu/h-x86_64-mingw32/bin/../lib/gcc/nios2-elf/5.3.0/../../../../../H-x86_64-mingw32/nios2-elf/lib/mno-hw-mul\libc.a(lib_a-findfp.o)
                0x000000000083244c                __sinit_lock_release
 .text.__fp_lock_all
                0x0000000000832450       0x18 c:/scratchdir/nios2eds/bin/gnu/h-x86_64-mingw32/bin/../lib/gcc/nios2-elf/5.3.0/../../../../../H-x86_64-mingw32/nios2-elf/lib/mno-hw-mul\libc.a(lib_a-findfp.o)
                0x0000000000832450                __fp_lock_all
 .text.__fp_unlock_all
                0x0000000000832468       0x18 c:/scratchdir/nios2eds/bin/gnu/h-x86_64-mingw32/bin/../lib/gcc/nios2-elf/5.3.0/../../../../../H-x86_64-mingw32/nios2-elf/lib/mno-hw-mul\libc.a(lib_a-findfp.o)
                0x0000000000832468                __fp_unlock_all
 .text          0x0000000000832480        0x0 c:/scratchdir/nios2eds/bin/gnu/h-x86_64-mingw32/bin/../lib/gcc/nios2-elf/5.3.0/../../../../../H-x86_64-mingw32/nios2-elf/lib/mno-hw-mul\libc.a(lib_a-fmemopen.o)
 .text.fmemseeker
                0x0000000000832480       0xbc c:/scratchdir/nios2eds/bin/gnu/h-x86_64-mingw32/bin/../lib/gcc/nios2-elf/5.3.0/../../../../../H-x86_64-mingw32/nios2-elf/lib/mno-hw-mul\libc.a(lib_a-fmemopen.o)
 .text.fmemcloser
                0x000000000083253c       0x20 c:/scratchdir/nios2eds/bin/gnu/h-x86_64-mingw32/bin/../lib/gcc/nios2-elf/5.3.0/../../../../../H-x86_64-mingw32/nios2-elf/lib/mno-hw-mul\libc.a(lib_a-fmemopen.o)
 .text.fmemwriter
                0x000000000083255c      0x138 c:/scratchdir/nios2eds/bin/gnu/h-x86_64-mingw32/bin/../lib/gcc/nios2-elf/5.3.0/../../../../../H-x86_64-mingw32/nios2-elf/lib/mno-hw-mul\libc.a(lib_a-fmemopen.o)
 .text.fmemreader
                0x0000000000832694       0x80 c:/scratchdir/nios2eds/bin/gnu/h-x86_64-mingw32/bin/../lib/gcc/nios2-elf/5.3.0/../../../../../H-x86_64-mingw32/nios2-elf/lib/mno-hw-mul\libc.a(lib_a-fmemopen.o)
 .text._fmemopen_r
                0x0000000000832714      0x228 c:/scratchdir/nios2eds/bin/gnu/h-x86_64-mingw32/bin/../lib/gcc/nios2-elf/5.3.0/../../../../../H-x86_64-mingw32/nios2-elf/lib/mno-hw-mul\libc.a(lib_a-fmemopen.o)
                0x0000000000832714                _fmemopen_r
 .text.fmemopen
                0x000000000083293c       0x1c c:/scratchdir/nios2eds/bin/gnu/h-x86_64-mingw32/bin/../lib/gcc/nios2-elf/5.3.0/../../../../../H-x86_64-mingw32/nios2-elf/lib/mno-hw-mul\libc.a(lib_a-fmemopen.o)
                0x000000000083293c                fmemopen
 .text          0x0000000000832958        0x0 c:/scratchdir/nios2eds/bin/gnu/h-x86_64-mingw32/bin/../lib/gcc/nios2-elf/5.3.0/../../../../../H-x86_64-mingw32/nios2-elf/lib/mno-hw-mul\libc.a(lib_a-fprintf.o)
 .text._fprintf_r
                0x0000000000832958       0x28 c:/scratchdir/nios2eds/bin/gnu/h-x86_64-mingw32/bin/../lib/gcc/nios2-elf/5.3.0/../../../../../H-x86_64-mingw32/nios2-elf/lib/mno-hw-mul\libc.a(lib_a-fprintf.o)
                0x0000000000832958                _fprintf_r
 .text.fprintf  0x0000000000832980       0x24 c:/scratchdir/nios2eds/bin/gnu/h-x86_64-mingw32/bin/../lib/gcc/nios2-elf/5.3.0/../../../../../H-x86_64-mingw32/nios2-elf/lib/mno-hw-mul\libc.a(lib_a-fprintf.o)
                0x0000000000832980                fprintf
 .text          0x00000000008329a4        0x0 c:/scratchdir/nios2eds/bin/gnu/h-x86_64-mingw32/bin/../lib/gcc/nios2-elf/5.3.0/../../../../../H-x86_64-mingw32/nios2-elf/lib/mno-hw-mul\libc.a(lib_a-fread.o)
 .text._fread_r
                0x00000000008329a4      0x23c c:/scratchdir/nios2eds/bin/gnu/h-x86_64-mingw32/bin/../lib/gcc/nios2-elf/5.3.0/../../../../../H-x86_64-mingw32/nios2-elf/lib/mno-hw-mul\libc.a(lib_a-fread.o)
                0x00000000008329a4                _fread_r
 .text.fread    0x0000000000832be0       0x34 c:/scratchdir/nios2eds/bin/gnu/h-x86_64-mingw32/bin/../lib/gcc/nios2-elf/5.3.0/../../../../../H-x86_64-mingw32/nios2-elf/lib/mno-hw-mul\libc.a(lib_a-fread.o)
                0x0000000000832be0                fread
 .text          0x0000000000832c14        0x0 c:/scratchdir/nios2eds/bin/gnu/h-x86_64-mingw32/bin/../lib/gcc/nios2-elf/5.3.0/../../../../../H-x86_64-mingw32/nios2-elf/lib/mno-hw-mul\libc.a(lib_a-freer.o)
 .text._malloc_trim_r
                0x0000000000832c14      0x124 c:/scratchdir/nios2eds/bin/gnu/h-x86_64-mingw32/bin/../lib/gcc/nios2-elf/5.3.0/../../../../../H-x86_64-mingw32/nios2-elf/lib/mno-hw-mul\libc.a(lib_a-freer.o)
                0x0000000000832c14                _malloc_trim_r
 .text._free_r  0x0000000000832d38      0x310 c:/scratchdir/nios2eds/bin/gnu/h-x86_64-mingw32/bin/../lib/gcc/nios2-elf/5.3.0/../../../../../H-x86_64-mingw32/nios2-elf/lib/mno-hw-mul\libc.a(lib_a-freer.o)
                0x0000000000832d38                _free_r
 .text          0x0000000000833048        0x0 c:/scratchdir/nios2eds/bin/gnu/h-x86_64-mingw32/bin/../lib/gcc/nios2-elf/5.3.0/../../../../../H-x86_64-mingw32/nios2-elf/lib/mno-hw-mul\libc.a(lib_a-fwalk.o)
 .text._fwalk   0x0000000000833048       0xc4 c:/scratchdir/nios2eds/bin/gnu/h-x86_64-mingw32/bin/../lib/gcc/nios2-elf/5.3.0/../../../../../H-x86_64-mingw32/nios2-elf/lib/mno-hw-mul\libc.a(lib_a-fwalk.o)
                0x0000000000833048                _fwalk
 .text._fwalk_reent
                0x000000000083310c       0xc4 c:/scratchdir/nios2eds/bin/gnu/h-x86_64-mingw32/bin/../lib/gcc/nios2-elf/5.3.0/../../../../../H-x86_64-mingw32/nios2-elf/lib/mno-hw-mul\libc.a(lib_a-fwalk.o)
                0x000000000083310c                _fwalk_reent
 .text          0x00000000008331d0        0x0 c:/scratchdir/nios2eds/bin/gnu/h-x86_64-mingw32/bin/../lib/gcc/nios2-elf/5.3.0/../../../../../H-x86_64-mingw32/nios2-elf/lib/mno-hw-mul\libc.a(lib_a-getenv.o)
 .text._findenv
                0x00000000008331d0       0x18 c:/scratchdir/nios2eds/bin/gnu/h-x86_64-mingw32/bin/../lib/gcc/nios2-elf/5.3.0/../../../../../H-x86_64-mingw32/nios2-elf/lib/mno-hw-mul\libc.a(lib_a-getenv.o)
                0x00000000008331d0                _findenv
 .text.getenv   0x00000000008331e8       0x2c c:/scratchdir/nios2eds/bin/gnu/h-x86_64-mingw32/bin/../lib/gcc/nios2-elf/5.3.0/../../../../../H-x86_64-mingw32/nios2-elf/lib/mno-hw-mul\libc.a(lib_a-getenv.o)
                0x00000000008331e8                getenv
 .text          0x0000000000833214        0x0 c:/scratchdir/nios2eds/bin/gnu/h-x86_64-mingw32/bin/../lib/gcc/nios2-elf/5.3.0/../../../../../H-x86_64-mingw32/nios2-elf/lib/mno-hw-mul\libc.a(lib_a-getenv_r.o)
 .text._findenv_r
                0x0000000000833214      0x104 c:/scratchdir/nios2eds/bin/gnu/h-x86_64-mingw32/bin/../lib/gcc/nios2-elf/5.3.0/../../../../../H-x86_64-mingw32/nios2-elf/lib/mno-hw-mul\libc.a(lib_a-getenv_r.o)
                0x0000000000833214                _findenv_r
 .text._getenv_r
                0x0000000000833318       0x1c c:/scratchdir/nios2eds/bin/gnu/h-x86_64-mingw32/bin/../lib/gcc/nios2-elf/5.3.0/../../../../../H-x86_64-mingw32/nios2-elf/lib/mno-hw-mul\libc.a(lib_a-getenv_r.o)
                0x0000000000833318                _getenv_r
 .text          0x0000000000833334        0x0 c:/scratchdir/nios2eds/bin/gnu/h-x86_64-mingw32/bin/../lib/gcc/nios2-elf/5.3.0/../../../../../H-x86_64-mingw32/nios2-elf/lib/mno-hw-mul\libc.a(lib_a-impure.o)
 .text          0x0000000000833334        0x0 c:/scratchdir/nios2eds/bin/gnu/h-x86_64-mingw32/bin/../lib/gcc/nios2-elf/5.3.0/../../../../../H-x86_64-mingw32/nios2-elf/lib/mno-hw-mul\libc.a(lib_a-malloc.o)
 .text.malloc   0x0000000000833334       0x14 c:/scratchdir/nios2eds/bin/gnu/h-x86_64-mingw32/bin/../lib/gcc/nios2-elf/5.3.0/../../../../../H-x86_64-mingw32/nios2-elf/lib/mno-hw-mul\libc.a(lib_a-malloc.o)
                0x0000000000833334                malloc
 .text.free     0x0000000000833348       0x14 c:/scratchdir/nios2eds/bin/gnu/h-x86_64-mingw32/bin/../lib/gcc/nios2-elf/5.3.0/../../../../../H-x86_64-mingw32/nios2-elf/lib/mno-hw-mul\libc.a(lib_a-malloc.o)
                0x0000000000833348                free
 .text          0x000000000083335c        0x0 c:/scratchdir/nios2eds/bin/gnu/h-x86_64-mingw32/bin/../lib/gcc/nios2-elf/5.3.0/../../../../../H-x86_64-mingw32/nios2-elf/lib/mno-hw-mul\libc.a(lib_a-mallocr.o)
 .text._malloc_r
                0x000000000083335c      0x80c c:/scratchdir/nios2eds/bin/gnu/h-x86_64-mingw32/bin/../lib/gcc/nios2-elf/5.3.0/../../../../../H-x86_64-mingw32/nios2-elf/lib/mno-hw-mul\libc.a(lib_a-mallocr.o)
                0x000000000083335c                _malloc_r
 .text          0x0000000000833b68        0x0 c:/scratchdir/nios2eds/bin/gnu/h-x86_64-mingw32/bin/../lib/gcc/nios2-elf/5.3.0/../../../../../H-x86_64-mingw32/nios2-elf/lib/mno-hw-mul\libc.a(lib_a-memchr.o)
 .text.memchr   0x0000000000833b68       0xe4 c:/scratchdir/nios2eds/bin/gnu/h-x86_64-mingw32/bin/../lib/gcc/nios2-elf/5.3.0/../../../../../H-x86_64-mingw32/nios2-elf/lib/mno-hw-mul\libc.a(lib_a-memchr.o)
                0x0000000000833b68                memchr
 .text          0x0000000000833c4c        0x0 c:/scratchdir/nios2eds/bin/gnu/h-x86_64-mingw32/bin/../lib/gcc/nios2-elf/5.3.0/../../../../../H-x86_64-mingw32/nios2-elf/lib/mno-hw-mul\libc.a(lib_a-memcpy.o)
 .text.memcpy   0x0000000000833c4c      0x148 c:/scratchdir/nios2eds/bin/gnu/h-x86_64-mingw32/bin/../lib/gcc/nios2-elf/5.3.0/../../../../../H-x86_64-mingw32/nios2-elf/lib/mno-hw-mul\libc.a(lib_a-memcpy.o)
                0x0000000000833c4c                memcpy
 .text          0x0000000000833d94        0x0 c:/scratchdir/nios2eds/bin/gnu/h-x86_64-mingw32/bin/../lib/gcc/nios2-elf/5.3.0/../../../../../H-x86_64-mingw32/nios2-elf/lib/mno-hw-mul\libc.a(lib_a-memset.o)
 .text.memset   0x0000000000833d94      0x128 c:/scratchdir/nios2eds/bin/gnu/h-x86_64-mingw32/bin/../lib/gcc/nios2-elf/5.3.0/../../../../../H-x86_64-mingw32/nios2-elf/lib/mno-hw-mul\libc.a(lib_a-memset.o)
                0x0000000000833d94                memset
 .text          0x0000000000833ebc        0x0 c:/scratchdir/nios2eds/bin/gnu/h-x86_64-mingw32/bin/../lib/gcc/nios2-elf/5.3.0/../../../../../H-x86_64-mingw32/nios2-elf/lib/mno-hw-mul\libc.a(lib_a-open_memstream.o)
 .text.memseeker
                0x0000000000833ebc      0x118 c:/scratchdir/nios2eds/bin/gnu/h-x86_64-mingw32/bin/../lib/gcc/nios2-elf/5.3.0/../../../../../H-x86_64-mingw32/nios2-elf/lib/mno-hw-mul\libc.a(lib_a-open_memstream.o)
 .text.internal_open_memstream_r
                0x0000000000833fd4      0x1b0 c:/scratchdir/nios2eds/bin/gnu/h-x86_64-mingw32/bin/../lib/gcc/nios2-elf/5.3.0/../../../../../H-x86_64-mingw32/nios2-elf/lib/mno-hw-mul\libc.a(lib_a-open_memstream.o)
 .text.memcloser
                0x0000000000834184       0x84 c:/scratchdir/nios2eds/bin/gnu/h-x86_64-mingw32/bin/../lib/gcc/nios2-elf/5.3.0/../../../../../H-x86_64-mingw32/nios2-elf/lib/mno-hw-mul\libc.a(lib_a-open_memstream.o)
 .text.memwriter
                0x0000000000834208      0x15c c:/scratchdir/nios2eds/bin/gnu/h-x86_64-mingw32/bin/../lib/gcc/nios2-elf/5.3.0/../../../../../H-x86_64-mingw32/nios2-elf/lib/mno-hw-mul\libc.a(lib_a-open_memstream.o)
 .text._open_memstream_r
                0x0000000000834364        0x8 c:/scratchdir/nios2eds/bin/gnu/h-x86_64-mingw32/bin/../lib/gcc/nios2-elf/5.3.0/../../../../../H-x86_64-mingw32/nios2-elf/lib/mno-hw-mul\libc.a(lib_a-open_memstream.o)
                0x0000000000834364                _open_memstream_r
 .text._open_wmemstream_r
                0x000000000083436c        0x8 c:/scratchdir/nios2eds/bin/gnu/h-x86_64-mingw32/bin/../lib/gcc/nios2-elf/5.3.0/../../../../../H-x86_64-mingw32/nios2-elf/lib/mno-hw-mul\libc.a(lib_a-open_memstream.o)
                0x000000000083436c                _open_wmemstream_r
 .text.open_memstream
                0x0000000000834374       0x1c c:/scratchdir/nios2eds/bin/gnu/h-x86_64-mingw32/bin/../lib/gcc/nios2-elf/5.3.0/../../../../../H-x86_64-mingw32/nios2-elf/lib/mno-hw-mul\libc.a(lib_a-open_memstream.o)
                0x0000000000834374                open_memstream
 .text.open_wmemstream
                0x0000000000834390       0x1c c:/scratchdir/nios2eds/bin/gnu/h-x86_64-mingw32/bin/../lib/gcc/nios2-elf/5.3.0/../../../../../H-x86_64-mingw32/nios2-elf/lib/mno-hw-mul\libc.a(lib_a-open_memstream.o)
                0x0000000000834390                open_wmemstream
 .text          0x00000000008343ac        0x0 c:/scratchdir/nios2eds/bin/gnu/h-x86_64-mingw32/bin/../lib/gcc/nios2-elf/5.3.0/../../../../../H-x86_64-mingw32/nios2-elf/lib/mno-hw-mul\libc.a(lib_a-printf.o)
 .text._printf_r
                0x00000000008343ac       0x30 c:/scratchdir/nios2eds/bin/gnu/h-x86_64-mingw32/bin/../lib/gcc/nios2-elf/5.3.0/../../../../../H-x86_64-mingw32/nios2-elf/lib/mno-hw-mul\libc.a(lib_a-printf.o)
                0x00000000008343ac                _printf_r
 .text.printf   0x00000000008343dc       0x3c c:/scratchdir/nios2eds/bin/gnu/h-x86_64-mingw32/bin/../lib/gcc/nios2-elf/5.3.0/../../../../../H-x86_64-mingw32/nios2-elf/lib/mno-hw-mul\libc.a(lib_a-printf.o)
                0x00000000008343dc                printf
 .text          0x0000000000834418        0x0 c:/scratchdir/nios2eds/bin/gnu/h-x86_64-mingw32/bin/../lib/gcc/nios2-elf/5.3.0/../../../../../H-x86_64-mingw32/nios2-elf/lib/mno-hw-mul\libc.a(lib_a-putc.o)
 .text._putc_r  0x0000000000834418       0xa0 c:/scratchdir/nios2eds/bin/gnu/h-x86_64-mingw32/bin/../lib/gcc/nios2-elf/5.3.0/../../../../../H-x86_64-mingw32/nios2-elf/lib/mno-hw-mul\libc.a(lib_a-putc.o)
                0x0000000000834418                _putc_r
 .text.putc     0x00000000008344b8       0xc8 c:/scratchdir/nios2eds/bin/gnu/h-x86_64-mingw32/bin/../lib/gcc/nios2-elf/5.3.0/../../../../../H-x86_64-mingw32/nios2-elf/lib/mno-hw-mul\libc.a(lib_a-putc.o)
                0x00000000008344b8                putc
 .text          0x0000000000834580        0x0 c:/scratchdir/nios2eds/bin/gnu/h-x86_64-mingw32/bin/../lib/gcc/nios2-elf/5.3.0/../../../../../H-x86_64-mingw32/nios2-elf/lib/mno-hw-mul\libc.a(lib_a-putchar.o)
 .text._putchar_r
                0x0000000000834580        0x8 c:/scratchdir/nios2eds/bin/gnu/h-x86_64-mingw32/bin/../lib/gcc/nios2-elf/5.3.0/../../../../../H-x86_64-mingw32/nios2-elf/lib/mno-hw-mul\libc.a(lib_a-putchar.o)
                0x0000000000834580                _putchar_r
 .text.putchar  0x0000000000834588       0x18 c:/scratchdir/nios2eds/bin/gnu/h-x86_64-mingw32/bin/../lib/gcc/nios2-elf/5.3.0/../../../../../H-x86_64-mingw32/nios2-elf/lib/mno-hw-mul\libc.a(lib_a-putchar.o)
                0x0000000000834588                putchar
 .text          0x00000000008345a0        0x0 c:/scratchdir/nios2eds/bin/gnu/h-x86_64-mingw32/bin/../lib/gcc/nios2-elf/5.3.0/../../../../../H-x86_64-mingw32/nios2-elf/lib/mno-hw-mul\libc.a(lib_a-puts.o)
 .text._puts_r  0x00000000008345a0       0xc0 c:/scratchdir/nios2eds/bin/gnu/h-x86_64-mingw32/bin/../lib/gcc/nios2-elf/5.3.0/../../../../../H-x86_64-mingw32/nios2-elf/lib/mno-hw-mul\libc.a(lib_a-puts.o)
                0x00000000008345a0                _puts_r
 .text.puts     0x0000000000834660       0x14 c:/scratchdir/nios2eds/bin/gnu/h-x86_64-mingw32/bin/../lib/gcc/nios2-elf/5.3.0/../../../../../H-x86_64-mingw32/nios2-elf/lib/mno-hw-mul\libc.a(lib_a-puts.o)
                0x0000000000834660                puts
 .text          0x0000000000834674        0x0 c:/scratchdir/nios2eds/bin/gnu/h-x86_64-mingw32/bin/../lib/gcc/nios2-elf/5.3.0/../../../../../H-x86_64-mingw32/nios2-elf/lib/mno-hw-mul\libc.a(lib_a-reallocr.o)
 .text._realloc_r
                0x0000000000834674      0x564 c:/scratchdir/nios2eds/bin/gnu/h-x86_64-mingw32/bin/../lib/gcc/nios2-elf/5.3.0/../../../../../H-x86_64-mingw32/nios2-elf/lib/mno-hw-mul\libc.a(lib_a-reallocr.o)
                0x0000000000834674                _realloc_r
 .text          0x0000000000834bd8        0x0 c:/scratchdir/nios2eds/bin/gnu/h-x86_64-mingw32/bin/../lib/gcc/nios2-elf/5.3.0/../../../../../H-x86_64-mingw32/nios2-elf/lib/mno-hw-mul\libc.a(lib_a-refill.o)
 .text.lflush   0x0000000000834bd8       0x1c c:/scratchdir/nios2eds/bin/gnu/h-x86_64-mingw32/bin/../lib/gcc/nios2-elf/5.3.0/../../../../../H-x86_64-mingw32/nios2-elf/lib/mno-hw-mul\libc.a(lib_a-refill.o)
 .text.__srefill_r
                0x0000000000834bf4      0x1d4 c:/scratchdir/nios2eds/bin/gnu/h-x86_64-mingw32/bin/../lib/gcc/nios2-elf/5.3.0/../../../../../H-x86_64-mingw32/nios2-elf/lib/mno-hw-mul\libc.a(lib_a-refill.o)
                0x0000000000834bf4                __srefill_r
 .text          0x0000000000834dc8        0x0 c:/scratchdir/nios2eds/bin/gnu/h-x86_64-mingw32/bin/../lib/gcc/nios2-elf/5.3.0/../../../../../H-x86_64-mingw32/nios2-elf/lib/mno-hw-mul\libc.a(lib_a-sbrkr.o)
 .text._sbrk_r  0x0000000000834dc8       0x54 c:/scratchdir/nios2eds/bin/gnu/h-x86_64-mingw32/bin/../lib/gcc/nios2-elf/5.3.0/../../../../../H-x86_64-mingw32/nios2-elf/lib/mno-hw-mul\libc.a(lib_a-sbrkr.o)
                0x0000000000834dc8                _sbrk_r
 .text          0x0000000000834e1c        0x0 c:/scratchdir/nios2eds/bin/gnu/h-x86_64-mingw32/bin/../lib/gcc/nios2-elf/5.3.0/../../../../../H-x86_64-mingw32/nios2-elf/lib/mno-hw-mul\libc.a(lib_a-sprintf.o)
 .text._sprintf_r
                0x0000000000834e1c       0x58 c:/scratchdir/nios2eds/bin/gnu/h-x86_64-mingw32/bin/../lib/gcc/nios2-elf/5.3.0/../../../../../H-x86_64-mingw32/nios2-elf/lib/mno-hw-mul\libc.a(lib_a-sprintf.o)
                0x0000000000834e1c                _sprintf_r
 .text.sprintf  0x0000000000834e74       0x6c c:/scratchdir/nios2eds/bin/gnu/h-x86_64-mingw32/bin/../lib/gcc/nios2-elf/5.3.0/../../../../../H-x86_64-mingw32/nios2-elf/lib/mno-hw-mul\libc.a(lib_a-sprintf.o)
                0x0000000000834e74                sprintf
 .text          0x0000000000834ee0        0x0 c:/scratchdir/nios2eds/bin/gnu/h-x86_64-mingw32/bin/../lib/gcc/nios2-elf/5.3.0/../../../../../H-x86_64-mingw32/nios2-elf/lib/mno-hw-mul\libc.a(lib_a-sscanf.o)
 .text.sscanf   0x0000000000834ee0       0x7c c:/scratchdir/nios2eds/bin/gnu/h-x86_64-mingw32/bin/../lib/gcc/nios2-elf/5.3.0/../../../../../H-x86_64-mingw32/nios2-elf/lib/mno-hw-mul\libc.a(lib_a-sscanf.o)
                0x0000000000834ee0                sscanf
 .text._sscanf_r
                0x0000000000834f5c       0x78 c:/scratchdir/nios2eds/bin/gnu/h-x86_64-mingw32/bin/../lib/gcc/nios2-elf/5.3.0/../../../../../H-x86_64-mingw32/nios2-elf/lib/mno-hw-mul\libc.a(lib_a-sscanf.o)
                0x0000000000834f5c                _sscanf_r
 .text          0x0000000000834fd4        0x0 c:/scratchdir/nios2eds/bin/gnu/h-x86_64-mingw32/bin/../lib/gcc/nios2-elf/5.3.0/../../../../../H-x86_64-mingw32/nios2-elf/lib/mno-hw-mul\libc.a(lib_a-stdio.o)
 .text.__sread  0x0000000000834fd4       0x54 c:/scratchdir/nios2eds/bin/gnu/h-x86_64-mingw32/bin/../lib/gcc/nios2-elf/5.3.0/../../../../../H-x86_64-mingw32/nios2-elf/lib/mno-hw-mul\libc.a(lib_a-stdio.o)
                0x0000000000834fd4                __sread
 .text.__seofread
                0x0000000000835028        0x8 c:/scratchdir/nios2eds/bin/gnu/h-x86_64-mingw32/bin/../lib/gcc/nios2-elf/5.3.0/../../../../../H-x86_64-mingw32/nios2-elf/lib/mno-hw-mul\libc.a(lib_a-stdio.o)
                0x0000000000835028                __seofread
 .text.__swrite
                0x0000000000835030       0x7c c:/scratchdir/nios2eds/bin/gnu/h-x86_64-mingw32/bin/../lib/gcc/nios2-elf/5.3.0/../../../../../H-x86_64-mingw32/nios2-elf/lib/mno-hw-mul\libc.a(lib_a-stdio.o)
                0x0000000000835030                __swrite
 .text.__sseek  0x00000000008350ac       0x5c c:/scratchdir/nios2eds/bin/gnu/h-x86_64-mingw32/bin/../lib/gcc/nios2-elf/5.3.0/../../../../../H-x86_64-mingw32/nios2-elf/lib/mno-hw-mul\libc.a(lib_a-stdio.o)
                0x00000000008350ac                __sseek
 .text.__sclose
                0x0000000000835108        0x8 c:/scratchdir/nios2eds/bin/gnu/h-x86_64-mingw32/bin/../lib/gcc/nios2-elf/5.3.0/../../../../../H-x86_64-mingw32/nios2-elf/lib/mno-hw-mul\libc.a(lib_a-stdio.o)
                0x0000000000835108                __sclose
 .text          0x0000000000835110        0x0 c:/scratchdir/nios2eds/bin/gnu/h-x86_64-mingw32/bin/../lib/gcc/nios2-elf/5.3.0/../../../../../H-x86_64-mingw32/nios2-elf/lib/mno-hw-mul\libc.a(lib_a-strlen.o)
 .text.strlen   0x0000000000835110       0x98 c:/scratchdir/nios2eds/bin/gnu/h-x86_64-mingw32/bin/../lib/gcc/nios2-elf/5.3.0/../../../../../H-x86_64-mingw32/nios2-elf/lib/mno-hw-mul\libc.a(lib_a-strlen.o)
                0x0000000000835110                strlen
 .text          0x00000000008351a8        0x0 c:/scratchdir/nios2eds/bin/gnu/h-x86_64-mingw32/bin/../lib/gcc/nios2-elf/5.3.0/../../../../../H-x86_64-mingw32/nios2-elf/lib/mno-hw-mul\libc.a(lib_a-strncmp.o)
 .text.strncmp  0x00000000008351a8       0xd0 c:/scratchdir/nios2eds/bin/gnu/h-x86_64-mingw32/bin/../lib/gcc/nios2-elf/5.3.0/../../../../../H-x86_64-mingw32/nios2-elf/lib/mno-hw-mul\libc.a(lib_a-strncmp.o)
                0x00000000008351a8                strncmp
 .text          0x0000000000835278        0x0 c:/scratchdir/nios2eds/bin/gnu/h-x86_64-mingw32/bin/../lib/gcc/nios2-elf/5.3.0/../../../../../H-x86_64-mingw32/nios2-elf/lib/mno-hw-mul\libc.a(lib_a-strncpy.o)
 .text.strncpy  0x0000000000835278       0xec c:/scratchdir/nios2eds/bin/gnu/h-x86_64-mingw32/bin/../lib/gcc/nios2-elf/5.3.0/../../../../../H-x86_64-mingw32/nios2-elf/lib/mno-hw-mul\libc.a(lib_a-strncpy.o)
                0x0000000000835278                strncpy
 .text          0x0000000000835364        0x0 c:/scratchdir/nios2eds/bin/gnu/h-x86_64-mingw32/bin/../lib/gcc/nios2-elf/5.3.0/../../../../../H-x86_64-mingw32/nios2-elf/lib/mno-hw-mul\libc.a(lib_a-svfprintf.o)
 .text.___svfprintf_internal_r
                0x0000000000835364     0x22bc c:/scratchdir/nios2eds/bin/gnu/h-x86_64-mingw32/bin/../lib/gcc/nios2-elf/5.3.0/../../../../../H-x86_64-mingw32/nios2-elf/lib/mno-hw-mul\libc.a(lib_a-svfprintf.o)
                0x0000000000835364                ___svfprintf_internal_r
 .text          0x0000000000837620        0x0 c:/scratchdir/nios2eds/bin/gnu/h-x86_64-mingw32/bin/../lib/gcc/nios2-elf/5.3.0/../../../../../H-x86_64-mingw32/nios2-elf/lib/mno-hw-mul\libc.a(lib_a-svfscanf.o)
 .text.__ssvfscanf_r
                0x0000000000837620     0x198c c:/scratchdir/nios2eds/bin/gnu/h-x86_64-mingw32/bin/../lib/gcc/nios2-elf/5.3.0/../../../../../H-x86_64-mingw32/nios2-elf/lib/mno-hw-mul\libc.a(lib_a-svfscanf.o)
                0x0000000000837620                __ssvfscanf_r
 .text          0x0000000000838fac        0x0 c:/scratchdir/nios2eds/bin/gnu/h-x86_64-mingw32/bin/../lib/gcc/nios2-elf/5.3.0/../../../../../H-x86_64-mingw32/nios2-elf/lib/mno-hw-mul\libc.a(lib_a-timesr.o)
 .text._times_r
                0x0000000000838fac        0x8 c:/scratchdir/nios2eds/bin/gnu/h-x86_64-mingw32/bin/../lib/gcc/nios2-elf/5.3.0/../../../../../H-x86_64-mingw32/nios2-elf/lib/mno-hw-mul\libc.a(lib_a-timesr.o)
                0x0000000000838fac                _times_r
 .text          0x0000000000838fb4        0x0 c:/scratchdir/nios2eds/bin/gnu/h-x86_64-mingw32/bin/../lib/gcc/nios2-elf/5.3.0/../../../../../H-x86_64-mingw32/nios2-elf/lib/mno-hw-mul\libc.a(lib_a-vfprintf.o)
 .text.___vfprintf_internal_r
                0x0000000000838fb4     0x22dc c:/scratchdir/nios2eds/bin/gnu/h-x86_64-mingw32/bin/../lib/gcc/nios2-elf/5.3.0/../../../../../H-x86_64-mingw32/nios2-elf/lib/mno-hw-mul\libc.a(lib_a-vfprintf.o)
                0x0000000000838fb4                ___vfprintf_internal_r
 .text.__vfprintf_internal
                0x000000000083b290       0x1c c:/scratchdir/nios2eds/bin/gnu/h-x86_64-mingw32/bin/../lib/gcc/nios2-elf/5.3.0/../../../../../H-x86_64-mingw32/nios2-elf/lib/mno-hw-mul\libc.a(lib_a-vfprintf.o)
                0x000000000083b290                __vfprintf_internal
 .text.__sbprintf
                0x000000000083b2ac       0xbc c:/scratchdir/nios2eds/bin/gnu/h-x86_64-mingw32/bin/../lib/gcc/nios2-elf/5.3.0/../../../../../H-x86_64-mingw32/nios2-elf/lib/mno-hw-mul\libc.a(lib_a-vfprintf.o)
 .text          0x000000000083b368        0x0 c:/scratchdir/nios2eds/bin/gnu/h-x86_64-mingw32/bin/../lib/gcc/nios2-elf/5.3.0/../../../../../H-x86_64-mingw32/nios2-elf/lib/mno-hw-mul\libc.a(lib_a-wbuf.o)
 .text.__swbuf_r
                0x000000000083b368      0x140 c:/scratchdir/nios2eds/bin/gnu/h-x86_64-mingw32/bin/../lib/gcc/nios2-elf/5.3.0/../../../../../H-x86_64-mingw32/nios2-elf/lib/mno-hw-mul\libc.a(lib_a-wbuf.o)
                0x000000000083b368                __swbuf_r
 .text.__swbuf  0x000000000083b4a8       0x18 c:/scratchdir/nios2eds/bin/gnu/h-x86_64-mingw32/bin/../lib/gcc/nios2-elf/5.3.0/../../../../../H-x86_64-mingw32/nios2-elf/lib/mno-hw-mul\libc.a(lib_a-wbuf.o)
                0x000000000083b4a8                __swbuf
 .text          0x000000000083b4c0        0x0 c:/scratchdir/nios2eds/bin/gnu/h-x86_64-mingw32/bin/../lib/gcc/nios2-elf/5.3.0/../../../../../H-x86_64-mingw32/nios2-elf/lib/mno-hw-mul\libc.a(lib_a-writer.o)
 .text._write_r
                0x000000000083b4c0       0x60 c:/scratchdir/nios2eds/bin/gnu/h-x86_64-mingw32/bin/../lib/gcc/nios2-elf/5.3.0/../../../../../H-x86_64-mingw32/nios2-elf/lib/mno-hw-mul\libc.a(lib_a-writer.o)
                0x000000000083b4c0                _write_r
 .text          0x000000000083b520        0x0 c:/scratchdir/nios2eds/bin/gnu/h-x86_64-mingw32/bin/../lib/gcc/nios2-elf/5.3.0/../../../../../H-x86_64-mingw32/nios2-elf/lib/mno-hw-mul\libc.a(lib_a-wsetup.o)
 .text.__swsetup_r
                0x000000000083b520      0x154 c:/scratchdir/nios2eds/bin/gnu/h-x86_64-mingw32/bin/../lib/gcc/nios2-elf/5.3.0/../../../../../H-x86_64-mingw32/nios2-elf/lib/mno-hw-mul\libc.a(lib_a-wsetup.o)
                0x000000000083b520                __swsetup_r
 .text          0x000000000083b674        0x0 c:/scratchdir/nios2eds/bin/gnu/h-x86_64-mingw32/bin/../lib/gcc/nios2-elf/5.3.0/../../../../../H-x86_64-mingw32/nios2-elf/lib/mno-hw-mul\libc.a(closer.o)
 .text._close_r
                0x000000000083b674       0x54 c:/scratchdir/nios2eds/bin/gnu/h-x86_64-mingw32/bin/../lib/gcc/nios2-elf/5.3.0/../../../../../H-x86_64-mingw32/nios2-elf/lib/mno-hw-mul\libc.a(closer.o)
                0x000000000083b674                _close_r
 .text          0x000000000083b6c8        0x0 c:/scratchdir/nios2eds/bin/gnu/h-x86_64-mingw32/bin/../lib/gcc/nios2-elf/5.3.0/../../../../../H-x86_64-mingw32/nios2-elf/lib/mno-hw-mul\libc.a(lib_a-__call_atexit.o)
 .text.__call_exitprocs
                0x000000000083b6c8      0x180 c:/scratchdir/nios2eds/bin/gnu/h-x86_64-mingw32/bin/../lib/gcc/nios2-elf/5.3.0/../../../../../H-x86_64-mingw32/nios2-elf/lib/mno-hw-mul\libc.a(lib_a-__call_atexit.o)
                0x000000000083b6c8                __call_exitprocs
 .text          0x000000000083b848        0x0 c:/scratchdir/nios2eds/bin/gnu/h-x86_64-mingw32/bin/../lib/gcc/nios2-elf/5.3.0/../../../../../H-x86_64-mingw32/nios2-elf/lib/mno-hw-mul\libc.a(lib_a-abort.o)
 .text.abort    0x000000000083b848       0x18 c:/scratchdir/nios2eds/bin/gnu/h-x86_64-mingw32/bin/../lib/gcc/nios2-elf/5.3.0/../../../../../H-x86_64-mingw32/nios2-elf/lib/mno-hw-mul\libc.a(lib_a-abort.o)
                0x000000000083b848                abort
 .text          0x000000000083b860        0x0 c:/scratchdir/nios2eds/bin/gnu/h-x86_64-mingw32/bin/../lib/gcc/nios2-elf/5.3.0/../../../../../H-x86_64-mingw32/nios2-elf/lib/mno-hw-mul\libc.a(lib_a-ctype_.o)
 .text          0x000000000083b860        0x0 c:/scratchdir/nios2eds/bin/gnu/h-x86_64-mingw32/bin/../lib/gcc/nios2-elf/5.3.0/../../../../../H-x86_64-mingw32/nios2-elf/lib/mno-hw-mul\libc.a(lib_a-dtoa.o)
 .text.quorem   0x000000000083b860      0x228 c:/scratchdir/nios2eds/bin/gnu/h-x86_64-mingw32/bin/../lib/gcc/nios2-elf/5.3.0/../../../../../H-x86_64-mingw32/nios2-elf/lib/mno-hw-mul\libc.a(lib_a-dtoa.o)
 .text._dtoa_r  0x000000000083ba88     0x1688 c:/scratchdir/nios2eds/bin/gnu/h-x86_64-mingw32/bin/../lib/gcc/nios2-elf/5.3.0/../../../../../H-x86_64-mingw32/nios2-elf/lib/mno-hw-mul\libc.a(lib_a-dtoa.o)
                0x000000000083ba88                _dtoa_r
 .text          0x000000000083d110        0x0 c:/scratchdir/nios2eds/bin/gnu/h-x86_64-mingw32/bin/../lib/gcc/nios2-elf/5.3.0/../../../../../H-x86_64-mingw32/nios2-elf/lib/mno-hw-mul\libc.a(lib_a-environ.o)
 .text          0x000000000083d110        0x0 c:/scratchdir/nios2eds/bin/gnu/h-x86_64-mingw32/bin/../lib/gcc/nios2-elf/5.3.0/../../../../../H-x86_64-mingw32/nios2-elf/lib/mno-hw-mul\libc.a(lib_a-flags.o)
 .text.__sflags
                0x000000000083d110       0xac c:/scratchdir/nios2eds/bin/gnu/h-x86_64-mingw32/bin/../lib/gcc/nios2-elf/5.3.0/../../../../../H-x86_64-mingw32/nios2-elf/lib/mno-hw-mul\libc.a(lib_a-flags.o)
                0x000000000083d110                __sflags
 .text          0x000000000083d1bc        0x0 c:/scratchdir/nios2eds/bin/gnu/h-x86_64-mingw32/bin/../lib/gcc/nios2-elf/5.3.0/../../../../../H-x86_64-mingw32/nios2-elf/lib/mno-hw-mul\libc.a(lib_a-fvwrite.o)
 .text.__sfvwrite_r
                0x000000000083d1bc      0x4c8 c:/scratchdir/nios2eds/bin/gnu/h-x86_64-mingw32/bin/../lib/gcc/nios2-elf/5.3.0/../../../../../H-x86_64-mingw32/nios2-elf/lib/mno-hw-mul\libc.a(lib_a-fvwrite.o)
                0x000000000083d1bc                __sfvwrite_r
 .text          0x000000000083d684        0x0 c:/scratchdir/nios2eds/bin/gnu/h-x86_64-mingw32/bin/../lib/gcc/nios2-elf/5.3.0/../../../../../H-x86_64-mingw32/nios2-elf/lib/mno-hw-mul\libc.a(lib_a-int_errno.o)
 .text          0x000000000083d684        0x0 c:/scratchdir/nios2eds/bin/gnu/h-x86_64-mingw32/bin/../lib/gcc/nios2-elf/5.3.0/../../../../../H-x86_64-mingw32/nios2-elf/lib/mno-hw-mul\libc.a(lib_a-iswspace.o)
 .text.iswspace
                0x000000000083d684       0x30 c:/scratchdir/nios2eds/bin/gnu/h-x86_64-mingw32/bin/../lib/gcc/nios2-elf/5.3.0/../../../../../H-x86_64-mingw32/nios2-elf/lib/mno-hw-mul\libc.a(lib_a-iswspace.o)
                0x000000000083d684                iswspace
 .text          0x000000000083d6b4        0x0 c:/scratchdir/nios2eds/bin/gnu/h-x86_64-mingw32/bin/../lib/gcc/nios2-elf/5.3.0/../../../../../H-x86_64-mingw32/nios2-elf/lib/mno-hw-mul\libc.a(lib_a-locale.o)
 .text._setlocale_r
                0x000000000083d6b4       0x7c c:/scratchdir/nios2eds/bin/gnu/h-x86_64-mingw32/bin/../lib/gcc/nios2-elf/5.3.0/../../../../../H-x86_64-mingw32/nios2-elf/lib/mno-hw-mul\libc.a(lib_a-locale.o)
                0x000000000083d6b4                _setlocale_r
 .text.__locale_charset
                0x000000000083d730        0xc c:/scratchdir/nios2eds/bin/gnu/h-x86_64-mingw32/bin/../lib/gcc/nios2-elf/5.3.0/../../../../../H-x86_64-mingw32/nios2-elf/lib/mno-hw-mul\libc.a(lib_a-locale.o)
                0x000000000083d730                __locale_charset
 .text.__locale_mb_cur_max
                0x000000000083d73c       0x10 c:/scratchdir/nios2eds/bin/gnu/h-x86_64-mingw32/bin/../lib/gcc/nios2-elf/5.3.0/../../../../../H-x86_64-mingw32/nios2-elf/lib/mno-hw-mul\libc.a(lib_a-locale.o)
                0x000000000083d73c                __locale_mb_cur_max
 .text.__locale_msgcharset
                0x000000000083d74c        0xc c:/scratchdir/nios2eds/bin/gnu/h-x86_64-mingw32/bin/../lib/gcc/nios2-elf/5.3.0/../../../../../H-x86_64-mingw32/nios2-elf/lib/mno-hw-mul\libc.a(lib_a-locale.o)
                0x000000000083d74c                __locale_msgcharset
 .text.__locale_cjk_lang
                0x000000000083d758        0x8 c:/scratchdir/nios2eds/bin/gnu/h-x86_64-mingw32/bin/../lib/gcc/nios2-elf/5.3.0/../../../../../H-x86_64-mingw32/nios2-elf/lib/mno-hw-mul\libc.a(lib_a-locale.o)
                0x000000000083d758                __locale_cjk_lang
 .text._localeconv_r
                0x000000000083d760        0xc c:/scratchdir/nios2eds/bin/gnu/h-x86_64-mingw32/bin/../lib/gcc/nios2-elf/5.3.0/../../../../../H-x86_64-mingw32/nios2-elf/lib/mno-hw-mul\libc.a(lib_a-locale.o)
                0x000000000083d760                _localeconv_r
 .text.setlocale
                0x000000000083d76c       0x18 c:/scratchdir/nios2eds/bin/gnu/h-x86_64-mingw32/bin/../lib/gcc/nios2-elf/5.3.0/../../../../../H-x86_64-mingw32/nios2-elf/lib/mno-hw-mul\libc.a(lib_a-locale.o)
                0x000000000083d76c                setlocale
 .text.localeconv
                0x000000000083d784        0xc c:/scratchdir/nios2eds/bin/gnu/h-x86_64-mingw32/bin/../lib/gcc/nios2-elf/5.3.0/../../../../../H-x86_64-mingw32/nios2-elf/lib/mno-hw-mul\libc.a(lib_a-locale.o)
                0x000000000083d784                localeconv
 .text          0x000000000083d790        0x0 c:/scratchdir/nios2eds/bin/gnu/h-x86_64-mingw32/bin/../lib/gcc/nios2-elf/5.3.0/../../../../../H-x86_64-mingw32/nios2-elf/lib/mno-hw-mul\libc.a(lib_a-lseekr.o)
 .text._lseek_r
                0x000000000083d790       0x60 c:/scratchdir/nios2eds/bin/gnu/h-x86_64-mingw32/bin/../lib/gcc/nios2-elf/5.3.0/../../../../../H-x86_64-mingw32/nios2-elf/lib/mno-hw-mul\libc.a(lib_a-lseekr.o)
                0x000000000083d790                _lseek_r
 .text          0x000000000083d7f0        0x0 c:/scratchdir/nios2eds/bin/gnu/h-x86_64-mingw32/bin/../lib/gcc/nios2-elf/5.3.0/../../../../../H-x86_64-mingw32/nios2-elf/lib/mno-hw-mul\libc.a(lib_a-makebuf.o)
 .text.__smakebuf_r
                0x000000000083d7f0      0x1bc c:/scratchdir/nios2eds/bin/gnu/h-x86_64-mingw32/bin/../lib/gcc/nios2-elf/5.3.0/../../../../../H-x86_64-mingw32/nios2-elf/lib/mno-hw-mul\libc.a(lib_a-makebuf.o)
                0x000000000083d7f0                __smakebuf_r
 .text          0x000000000083d9ac        0x0 c:/scratchdir/nios2eds/bin/gnu/h-x86_64-mingw32/bin/../lib/gcc/nios2-elf/5.3.0/../../../../../H-x86_64-mingw32/nios2-elf/lib/mno-hw-mul\libc.a(lib_a-mbrtowc.o)
 .text._mbrtowc_r
                0x000000000083d9ac       0xac c:/scratchdir/nios2eds/bin/gnu/h-x86_64-mingw32/bin/../lib/gcc/nios2-elf/5.3.0/../../../../../H-x86_64-mingw32/nios2-elf/lib/mno-hw-mul\libc.a(lib_a-mbrtowc.o)
                0x000000000083d9ac                _mbrtowc_r
 .text.mbrtowc  0x000000000083da58       0xd8 c:/scratchdir/nios2eds/bin/gnu/h-x86_64-mingw32/bin/../lib/gcc/nios2-elf/5.3.0/../../../../../H-x86_64-mingw32/nios2-elf/lib/mno-hw-mul\libc.a(lib_a-mbrtowc.o)
                0x000000000083da58                mbrtowc
 .text          0x000000000083db30        0x0 c:/scratchdir/nios2eds/bin/gnu/h-x86_64-mingw32/bin/../lib/gcc/nios2-elf/5.3.0/../../../../../H-x86_64-mingw32/nios2-elf/lib/mno-hw-mul\libc.a(lib_a-mbtowc_r.o)
 .text.__ascii_mbtowc
                0x000000000083db30       0x44 c:/scratchdir/nios2eds/bin/gnu/h-x86_64-mingw32/bin/../lib/gcc/nios2-elf/5.3.0/../../../../../H-x86_64-mingw32/nios2-elf/lib/mno-hw-mul\libc.a(lib_a-mbtowc_r.o)
                0x000000000083db30                __ascii_mbtowc
 .text._mbtowc_r
                0x000000000083db74       0x5c c:/scratchdir/nios2eds/bin/gnu/h-x86_64-mingw32/bin/../lib/gcc/nios2-elf/5.3.0/../../../../../H-x86_64-mingw32/nios2-elf/lib/mno-hw-mul\libc.a(lib_a-mbtowc_r.o)
                0x000000000083db74                _mbtowc_r
 .text          0x000000000083dbd0        0x0 c:/scratchdir/nios2eds/bin/gnu/h-x86_64-mingw32/bin/../lib/gcc/nios2-elf/5.3.0/../../../../../H-x86_64-mingw32/nios2-elf/lib/mno-hw-mul\libc.a(lib_a-memmove.o)
 .text.memmove  0x000000000083dbd0      0x15c c:/scratchdir/nios2eds/bin/gnu/h-x86_64-mingw32/bin/../lib/gcc/nios2-elf/5.3.0/../../../../../H-x86_64-mingw32/nios2-elf/lib/mno-hw-mul\libc.a(lib_a-memmove.o)
                0x000000000083dbd0                memmove
 .text          0x000000000083dd2c        0x0 c:/scratchdir/nios2eds/bin/gnu/h-x86_64-mingw32/bin/../lib/gcc/nios2-elf/5.3.0/../../../../../H-x86_64-mingw32/nios2-elf/lib/mno-hw-mul\libc.a(lib_a-mprec.o)
 .text._Balloc  0x000000000083dd2c       0xa8 c:/scratchdir/nios2eds/bin/gnu/h-x86_64-mingw32/bin/../lib/gcc/nios2-elf/5.3.0/../../../../../H-x86_64-mingw32/nios2-elf/lib/mno-hw-mul\libc.a(lib_a-mprec.o)
                0x000000000083dd2c                _Balloc
 .text._Bfree   0x000000000083ddd4       0x28 c:/scratchdir/nios2eds/bin/gnu/h-x86_64-mingw32/bin/../lib/gcc/nios2-elf/5.3.0/../../../../../H-x86_64-mingw32/nios2-elf/lib/mno-hw-mul\libc.a(lib_a-mprec.o)
                0x000000000083ddd4                _Bfree
 .text.__multadd
                0x000000000083ddfc      0x148 c:/scratchdir/nios2eds/bin/gnu/h-x86_64-mingw32/bin/../lib/gcc/nios2-elf/5.3.0/../../../../../H-x86_64-mingw32/nios2-elf/lib/mno-hw-mul\libc.a(lib_a-mprec.o)
                0x000000000083ddfc                __multadd
 .text.__s2b    0x000000000083df44      0x104 c:/scratchdir/nios2eds/bin/gnu/h-x86_64-mingw32/bin/../lib/gcc/nios2-elf/5.3.0/../../../../../H-x86_64-mingw32/nios2-elf/lib/mno-hw-mul\libc.a(lib_a-mprec.o)
                0x000000000083df44                __s2b
 .text.__hi0bits
                0x000000000083e048       0x68 c:/scratchdir/nios2eds/bin/gnu/h-x86_64-mingw32/bin/../lib/gcc/nios2-elf/5.3.0/../../../../../H-x86_64-mingw32/nios2-elf/lib/mno-hw-mul\libc.a(lib_a-mprec.o)
                0x000000000083e048                __hi0bits
 .text.__lo0bits
                0x000000000083e0b0       0xb0 c:/scratchdir/nios2eds/bin/gnu/h-x86_64-mingw32/bin/../lib/gcc/nios2-elf/5.3.0/../../../../../H-x86_64-mingw32/nios2-elf/lib/mno-hw-mul\libc.a(lib_a-mprec.o)
                0x000000000083e0b0                __lo0bits
 .text.__i2b    0x000000000083e160       0x3c c:/scratchdir/nios2eds/bin/gnu/h-x86_64-mingw32/bin/../lib/gcc/nios2-elf/5.3.0/../../../../../H-x86_64-mingw32/nios2-elf/lib/mno-hw-mul\libc.a(lib_a-mprec.o)
                0x000000000083e160                __i2b
 .text.__multiply
                0x000000000083e19c      0x28c c:/scratchdir/nios2eds/bin/gnu/h-x86_64-mingw32/bin/../lib/gcc/nios2-elf/5.3.0/../../../../../H-x86_64-mingw32/nios2-elf/lib/mno-hw-mul\libc.a(lib_a-mprec.o)
                0x000000000083e19c                __multiply
 .text.__pow5mult
                0x000000000083e428      0x140 c:/scratchdir/nios2eds/bin/gnu/h-x86_64-mingw32/bin/../lib/gcc/nios2-elf/5.3.0/../../../../../H-x86_64-mingw32/nios2-elf/lib/mno-hw-mul\libc.a(lib_a-mprec.o)
                0x000000000083e428                __pow5mult
 .text.__lshift
                0x000000000083e568      0x148 c:/scratchdir/nios2eds/bin/gnu/h-x86_64-mingw32/bin/../lib/gcc/nios2-elf/5.3.0/../../../../../H-x86_64-mingw32/nios2-elf/lib/mno-hw-mul\libc.a(lib_a-mprec.o)
                0x000000000083e568                __lshift
 .text.__mcmp   0x000000000083e6b0       0x60 c:/scratchdir/nios2eds/bin/gnu/h-x86_64-mingw32/bin/../lib/gcc/nios2-elf/5.3.0/../../../../../H-x86_64-mingw32/nios2-elf/lib/mno-hw-mul\libc.a(lib_a-mprec.o)
                0x000000000083e6b0                __mcmp
 .text.__mdiff  0x000000000083e710      0x1fc c:/scratchdir/nios2eds/bin/gnu/h-x86_64-mingw32/bin/../lib/gcc/nios2-elf/5.3.0/../../../../../H-x86_64-mingw32/nios2-elf/lib/mno-hw-mul\libc.a(lib_a-mprec.o)
                0x000000000083e710                __mdiff
 .text.__ulp    0x000000000083e90c       0x64 c:/scratchdir/nios2eds/bin/gnu/h-x86_64-mingw32/bin/../lib/gcc/nios2-elf/5.3.0/../../../../../H-x86_64-mingw32/nios2-elf/lib/mno-hw-mul\libc.a(lib_a-mprec.o)
                0x000000000083e90c                __ulp
 .text.__b2d    0x000000000083e970      0x10c c:/scratchdir/nios2eds/bin/gnu/h-x86_64-mingw32/bin/../lib/gcc/nios2-elf/5.3.0/../../../../../H-x86_64-mingw32/nios2-elf/lib/mno-hw-mul\libc.a(lib_a-mprec.o)
                0x000000000083e970                __b2d
 .text.__d2b    0x000000000083ea7c      0x14c c:/scratchdir/nios2eds/bin/gnu/h-x86_64-mingw32/bin/../lib/gcc/nios2-elf/5.3.0/../../../../../H-x86_64-mingw32/nios2-elf/lib/mno-hw-mul\libc.a(lib_a-mprec.o)
                0x000000000083ea7c                __d2b
 .text.__ratio  0x000000000083ebc8       0xa4 c:/scratchdir/nios2eds/bin/gnu/h-x86_64-mingw32/bin/../lib/gcc/nios2-elf/5.3.0/../../../../../H-x86_64-mingw32/nios2-elf/lib/mno-hw-mul\libc.a(lib_a-mprec.o)
                0x000000000083ebc8                __ratio
 .text._mprec_log10
                0x000000000083ec6c       0x74 c:/scratchdir/nios2eds/bin/gnu/h-x86_64-mingw32/bin/../lib/gcc/nios2-elf/5.3.0/../../../../../H-x86_64-mingw32/nios2-elf/lib/mno-hw-mul\libc.a(lib_a-mprec.o)
                0x000000000083ec6c                _mprec_log10
 .text.__copybits
                0x000000000083ece0       0x78 c:/scratchdir/nios2eds/bin/gnu/h-x86_64-mingw32/bin/../lib/gcc/nios2-elf/5.3.0/../../../../../H-x86_64-mingw32/nios2-elf/lib/mno-hw-mul\libc.a(lib_a-mprec.o)
                0x000000000083ece0                __copybits
 .text.__any_on
                0x000000000083ed58       0x8c c:/scratchdir/nios2eds/bin/gnu/h-x86_64-mingw32/bin/../lib/gcc/nios2-elf/5.3.0/../../../../../H-x86_64-mingw32/nios2-elf/lib/mno-hw-mul\libc.a(lib_a-mprec.o)
                0x000000000083ed58                __any_on
 .text          0x000000000083ede4        0x0 c:/scratchdir/nios2eds/bin/gnu/h-x86_64-mingw32/bin/../lib/gcc/nios2-elf/5.3.0/../../../../../H-x86_64-mingw32/nios2-elf/lib/mno-hw-mul\libc.a(lib_a-readr.o)
 .text._read_r  0x000000000083ede4       0x60 c:/scratchdir/nios2eds/bin/gnu/h-x86_64-mingw32/bin/../lib/gcc/nios2-elf/5.3.0/../../../../../H-x86_64-mingw32/nios2-elf/lib/mno-hw-mul\libc.a(lib_a-readr.o)
                0x000000000083ede4                _read_r
 .text          0x000000000083ee44        0x0 c:/scratchdir/nios2eds/bin/gnu/h-x86_64-mingw32/bin/../lib/gcc/nios2-elf/5.3.0/../../../../../H-x86_64-mingw32/nios2-elf/lib/mno-hw-mul\libc.a(lib_a-s_fpclassify.o)
 .text.__fpclassifyd
                0x000000000083ee44       0x74 c:/scratchdir/nios2eds/bin/gnu/h-x86_64-mingw32/bin/../lib/gcc/nios2-elf/5.3.0/../../../../../H-x86_64-mingw32/nios2-elf/lib/mno-hw-mul\libc.a(lib_a-s_fpclassify.o)
                0x000000000083ee44                __fpclassifyd
 .text          0x000000000083eeb8        0x0 c:/scratchdir/nios2eds/bin/gnu/h-x86_64-mingw32/bin/../lib/gcc/nios2-elf/5.3.0/../../../../../H-x86_64-mingw32/nios2-elf/lib/mno-hw-mul\libc.a(lib_a-sccl.o)
 .text.__sccl   0x000000000083eeb8       0xd0 c:/scratchdir/nios2eds/bin/gnu/h-x86_64-mingw32/bin/../lib/gcc/nios2-elf/5.3.0/../../../../../H-x86_64-mingw32/nios2-elf/lib/mno-hw-mul\libc.a(lib_a-sccl.o)
                0x000000000083eeb8                __sccl
 .text          0x000000000083ef88        0x0 c:/scratchdir/nios2eds/bin/gnu/h-x86_64-mingw32/bin/../lib/gcc/nios2-elf/5.3.0/../../../../../H-x86_64-mingw32/nios2-elf/lib/mno-hw-mul\libc.a(lib_a-sf_nan.o)
 .text.nanf     0x000000000083ef88        0x8 c:/scratchdir/nios2eds/bin/gnu/h-x86_64-mingw32/bin/../lib/gcc/nios2-elf/5.3.0/../../../../../H-x86_64-mingw32/nios2-elf/lib/mno-hw-mul\libc.a(lib_a-sf_nan.o)
                0x000000000083ef88                nanf
 .text          0x000000000083ef90        0x0 c:/scratchdir/nios2eds/bin/gnu/h-x86_64-mingw32/bin/../lib/gcc/nios2-elf/5.3.0/../../../../../H-x86_64-mingw32/nios2-elf/lib/mno-hw-mul\libc.a(lib_a-signal.o)
 .text._init_signal_r
                0x000000000083ef90       0x6c c:/scratchdir/nios2eds/bin/gnu/h-x86_64-mingw32/bin/../lib/gcc/nios2-elf/5.3.0/../../../../../H-x86_64-mingw32/nios2-elf/lib/mno-hw-mul\libc.a(lib_a-signal.o)
                0x000000000083ef90                _init_signal_r
 .text._signal_r
                0x000000000083effc       0x84 c:/scratchdir/nios2eds/bin/gnu/h-x86_64-mingw32/bin/../lib/gcc/nios2-elf/5.3.0/../../../../../H-x86_64-mingw32/nios2-elf/lib/mno-hw-mul\libc.a(lib_a-signal.o)
                0x000000000083effc                _signal_r
 .text._raise_r
                0x000000000083f080       0xbc c:/scratchdir/nios2eds/bin/gnu/h-x86_64-mingw32/bin/../lib/gcc/nios2-elf/5.3.0/../../../../../H-x86_64-mingw32/nios2-elf/lib/mno-hw-mul\libc.a(lib_a-signal.o)
                0x000000000083f080                _raise_r
 .text.__sigtramp_r
                0x000000000083f13c       0xa8 c:/scratchdir/nios2eds/bin/gnu/h-x86_64-mingw32/bin/../lib/gcc/nios2-elf/5.3.0/../../../../../H-x86_64-mingw32/nios2-elf/lib/mno-hw-mul\libc.a(lib_a-signal.o)
                0x000000000083f13c                __sigtramp_r
 .text.raise    0x000000000083f1e4       0x14 c:/scratchdir/nios2eds/bin/gnu/h-x86_64-mingw32/bin/../lib/gcc/nios2-elf/5.3.0/../../../../../H-x86_64-mingw32/nios2-elf/lib/mno-hw-mul\libc.a(lib_a-signal.o)
                0x000000000083f1e4                raise
 .text.signal   0x000000000083f1f8       0x18 c:/scratchdir/nios2eds/bin/gnu/h-x86_64-mingw32/bin/../lib/gcc/nios2-elf/5.3.0/../../../../../H-x86_64-mingw32/nios2-elf/lib/mno-hw-mul\libc.a(lib_a-signal.o)
                0x000000000083f1f8                signal
 .text._init_signal
                0x000000000083f210       0x10 c:/scratchdir/nios2eds/bin/gnu/h-x86_64-mingw32/bin/../lib/gcc/nios2-elf/5.3.0/../../../../../H-x86_64-mingw32/nios2-elf/lib/mno-hw-mul\libc.a(lib_a-signal.o)
                0x000000000083f210                _init_signal
 .text.__sigtramp
                0x000000000083f220       0x14 c:/scratchdir/nios2eds/bin/gnu/h-x86_64-mingw32/bin/../lib/gcc/nios2-elf/5.3.0/../../../../../H-x86_64-mingw32/nios2-elf/lib/mno-hw-mul\libc.a(lib_a-signal.o)
                0x000000000083f220                __sigtramp
 .text          0x000000000083f234        0x0 c:/scratchdir/nios2eds/bin/gnu/h-x86_64-mingw32/bin/../lib/gcc/nios2-elf/5.3.0/../../../../../H-x86_64-mingw32/nios2-elf/lib/mno-hw-mul\libc.a(lib_a-signalr.o)
 .text._kill_r  0x000000000083f234       0x5c c:/scratchdir/nios2eds/bin/gnu/h-x86_64-mingw32/bin/../lib/gcc/nios2-elf/5.3.0/../../../../../H-x86_64-mingw32/nios2-elf/lib/mno-hw-mul\libc.a(lib_a-signalr.o)
                0x000000000083f234                _kill_r
 .text._getpid_r
                0x000000000083f290        0x4 c:/scratchdir/nios2eds/bin/gnu/h-x86_64-mingw32/bin/../lib/gcc/nios2-elf/5.3.0/../../../../../H-x86_64-mingw32/nios2-elf/lib/mno-hw-mul\libc.a(lib_a-signalr.o)
                0x000000000083f290                _getpid_r
 .text          0x000000000083f294        0x0 c:/scratchdir/nios2eds/bin/gnu/h-x86_64-mingw32/bin/../lib/gcc/nios2-elf/5.3.0/../../../../../H-x86_64-mingw32/nios2-elf/lib/mno-hw-mul\libc.a(lib_a-strcmp.o)
 .text.strcmp   0x000000000083f294       0xdc c:/scratchdir/nios2eds/bin/gnu/h-x86_64-mingw32/bin/../lib/gcc/nios2-elf/5.3.0/../../../../../H-x86_64-mingw32/nios2-elf/lib/mno-hw-mul\libc.a(lib_a-strcmp.o)
                0x000000000083f294                strcmp
 .text          0x000000000083f370        0x0 c:/scratchdir/nios2eds/bin/gnu/h-x86_64-mingw32/bin/../lib/gcc/nios2-elf/5.3.0/../../../../../H-x86_64-mingw32/nios2-elf/lib/mno-hw-mul\libc.a(lib_a-strtod.o)
 .text.sulp     0x000000000083f370       0x64 c:/scratchdir/nios2eds/bin/gnu/h-x86_64-mingw32/bin/../lib/gcc/nios2-elf/5.3.0/../../../../../H-x86_64-mingw32/nios2-elf/lib/mno-hw-mul\libc.a(lib_a-strtod.o)
 .text._strtod_r
                0x000000000083f3d4     0x15e4 c:/scratchdir/nios2eds/bin/gnu/h-x86_64-mingw32/bin/../lib/gcc/nios2-elf/5.3.0/../../../../../H-x86_64-mingw32/nios2-elf/lib/mno-hw-mul\libc.a(lib_a-strtod.o)
                0x000000000083f3d4                _strtod_r
 .text.strtod   0x00000000008409b8       0x18 c:/scratchdir/nios2eds/bin/gnu/h-x86_64-mingw32/bin/../lib/gcc/nios2-elf/5.3.0/../../../../../H-x86_64-mingw32/nios2-elf/lib/mno-hw-mul\libc.a(lib_a-strtod.o)
                0x00000000008409b8                strtod
 .text.strtof   0x00000000008409d0      0x100 c:/scratchdir/nios2eds/bin/gnu/h-x86_64-mingw32/bin/../lib/gcc/nios2-elf/5.3.0/../../../../../H-x86_64-mingw32/nios2-elf/lib/mno-hw-mul\libc.a(lib_a-strtod.o)
                0x00000000008409d0                strtof
 .text          0x0000000000840ad0        0x0 c:/scratchdir/nios2eds/bin/gnu/h-x86_64-mingw32/bin/../lib/gcc/nios2-elf/5.3.0/../../../../../H-x86_64-mingw32/nios2-elf/lib/mno-hw-mul\libc.a(lib_a-strtol.o)
 .text._strtol_r
                0x0000000000840ad0      0x258 c:/scratchdir/nios2eds/bin/gnu/h-x86_64-mingw32/bin/../lib/gcc/nios2-elf/5.3.0/../../../../../H-x86_64-mingw32/nios2-elf/lib/mno-hw-mul\libc.a(lib_a-strtol.o)
                0x0000000000840ad0                _strtol_r
 .text.strtol   0x0000000000840d28       0x1c c:/scratchdir/nios2eds/bin/gnu/h-x86_64-mingw32/bin/../lib/gcc/nios2-elf/5.3.0/../../../../../H-x86_64-mingw32/nios2-elf/lib/mno-hw-mul\libc.a(lib_a-strtol.o)
                0x0000000000840d28                strtol
 .text          0x0000000000840d44        0x0 c:/scratchdir/nios2eds/bin/gnu/h-x86_64-mingw32/bin/../lib/gcc/nios2-elf/5.3.0/../../../../../H-x86_64-mingw32/nios2-elf/lib/mno-hw-mul\libc.a(lib_a-strtoll_r.o)
 .text._strtoll_r
                0x0000000000840d44      0x304 c:/scratchdir/nios2eds/bin/gnu/h-x86_64-mingw32/bin/../lib/gcc/nios2-elf/5.3.0/../../../../../H-x86_64-mingw32/nios2-elf/lib/mno-hw-mul\libc.a(lib_a-strtoll_r.o)
                0x0000000000840d44                _strtoll_r
 .text          0x0000000000841048        0x0 c:/scratchdir/nios2eds/bin/gnu/h-x86_64-mingw32/bin/../lib/gcc/nios2-elf/5.3.0/../../../../../H-x86_64-mingw32/nios2-elf/lib/mno-hw-mul\libc.a(lib_a-strtoul.o)
 .text._strtoul_r
                0x0000000000841048      0x278 c:/scratchdir/nios2eds/bin/gnu/h-x86_64-mingw32/bin/../lib/gcc/nios2-elf/5.3.0/../../../../../H-x86_64-mingw32/nios2-elf/lib/mno-hw-mul\libc.a(lib_a-strtoul.o)
                0x0000000000841048                _strtoul_r
 .text.strtoul  0x00000000008412c0       0x1c c:/scratchdir/nios2eds/bin/gnu/h-x86_64-mingw32/bin/../lib/gcc/nios2-elf/5.3.0/../../../../../H-x86_64-mingw32/nios2-elf/lib/mno-hw-mul\libc.a(lib_a-strtoul.o)
                0x00000000008412c0                strtoul
 .text          0x00000000008412dc        0x0 c:/scratchdir/nios2eds/bin/gnu/h-x86_64-mingw32/bin/../lib/gcc/nios2-elf/5.3.0/../../../../../H-x86_64-mingw32/nios2-elf/lib/mno-hw-mul\libc.a(lib_a-strtoull_r.o)
 .text._strtoull_r
                0x00000000008412dc      0x320 c:/scratchdir/nios2eds/bin/gnu/h-x86_64-mingw32/bin/../lib/gcc/nios2-elf/5.3.0/../../../../../H-x86_64-mingw32/nios2-elf/lib/mno-hw-mul\libc.a(lib_a-strtoull_r.o)
                0x00000000008412dc                _strtoull_r
 .text          0x00000000008415fc        0x0 c:/scratchdir/nios2eds/bin/gnu/h-x86_64-mingw32/bin/../lib/gcc/nios2-elf/5.3.0/../../../../../H-x86_64-mingw32/nios2-elf/lib/mno-hw-mul\libc.a(lib_a-svfiprintf.o)
 .text.__ssprint_r
                0x00000000008415fc      0x1d0 c:/scratchdir/nios2eds/bin/gnu/h-x86_64-mingw32/bin/../lib/gcc/nios2-elf/5.3.0/../../../../../H-x86_64-mingw32/nios2-elf/lib/mno-hw-mul\libc.a(lib_a-svfiprintf.o)
                0x00000000008415fc                __ssprint_r
 .text.___svfiprintf_internal_r
                0x00000000008417cc     0x13a0 c:/scratchdir/nios2eds/bin/gnu/h-x86_64-mingw32/bin/../lib/gcc/nios2-elf/5.3.0/../../../../../H-x86_64-mingw32/nios2-elf/lib/mno-hw-mul\libc.a(lib_a-svfiprintf.o)
                0x00000000008417cc                ___svfiprintf_internal_r
 .text          0x0000000000842b6c        0x0 c:/scratchdir/nios2eds/bin/gnu/h-x86_64-mingw32/bin/../lib/gcc/nios2-elf/5.3.0/../../../../../H-x86_64-mingw32/nios2-elf/lib/mno-hw-mul\libc.a(lib_a-svfiscanf.o)
 .text._sungetc_r
                0x0000000000842b6c      0x108 c:/scratchdir/nios2eds/bin/gnu/h-x86_64-mingw32/bin/../lib/gcc/nios2-elf/5.3.0/../../../../../H-x86_64-mingw32/nios2-elf/lib/mno-hw-mul\libc.a(lib_a-svfiscanf.o)
                0x0000000000842b6c                _sungetc_r
 .text.__ssrefill_r
                0x0000000000842c74       0x70 c:/scratchdir/nios2eds/bin/gnu/h-x86_64-mingw32/bin/../lib/gcc/nios2-elf/5.3.0/../../../../../H-x86_64-mingw32/nios2-elf/lib/mno-hw-mul\libc.a(lib_a-svfiscanf.o)
                0x0000000000842c74                __ssrefill_r
 .text._sfread_r
                0x0000000000842ce4      0x100 c:/scratchdir/nios2eds/bin/gnu/h-x86_64-mingw32/bin/../lib/gcc/nios2-elf/5.3.0/../../../../../H-x86_64-mingw32/nios2-elf/lib/mno-hw-mul\libc.a(lib_a-svfiscanf.o)
                0x0000000000842ce4                _sfread_r
 .text.__ssvfiscanf_r
                0x0000000000842de4     0x114c c:/scratchdir/nios2eds/bin/gnu/h-x86_64-mingw32/bin/../lib/gcc/nios2-elf/5.3.0/../../../../../H-x86_64-mingw32/nios2-elf/lib/mno-hw-mul\libc.a(lib_a-svfiscanf.o)
                0x0000000000842de4                __ssvfiscanf_r
 .text          0x0000000000843f30        0x0 c:/scratchdir/nios2eds/bin/gnu/h-x86_64-mingw32/bin/../lib/gcc/nios2-elf/5.3.0/../../../../../H-x86_64-mingw32/nios2-elf/lib/mno-hw-mul\libc.a(lib_a-ungetc.o)
 .text.__submore
                0x0000000000843f30       0xd4 c:/scratchdir/nios2eds/bin/gnu/h-x86_64-mingw32/bin/../lib/gcc/nios2-elf/5.3.0/../../../../../H-x86_64-mingw32/nios2-elf/lib/mno-hw-mul\libc.a(lib_a-ungetc.o)
                0x0000000000843f30                __submore
 .text._ungetc_r
                0x0000000000844004      0x194 c:/scratchdir/nios2eds/bin/gnu/h-x86_64-mingw32/bin/../lib/gcc/nios2-elf/5.3.0/../../../../../H-x86_64-mingw32/nios2-elf/lib/mno-hw-mul\libc.a(lib_a-ungetc.o)
                0x0000000000844004                _ungetc_r
 .text.ungetc   0x0000000000844198       0x18 c:/scratchdir/nios2eds/bin/gnu/h-x86_64-mingw32/bin/../lib/gcc/nios2-elf/5.3.0/../../../../../H-x86_64-mingw32/nios2-elf/lib/mno-hw-mul\libc.a(lib_a-ungetc.o)
                0x0000000000844198                ungetc
 .text          0x00000000008441b0        0x0 c:/scratchdir/nios2eds/bin/gnu/h-x86_64-mingw32/bin/../lib/gcc/nios2-elf/5.3.0/../../../../../H-x86_64-mingw32/nios2-elf/lib/mno-hw-mul\libc.a(lib_a-vfiprintf.o)
 .text.__sprint_r.part.0
                0x00000000008441b0       0xfc c:/scratchdir/nios2eds/bin/gnu/h-x86_64-mingw32/bin/../lib/gcc/nios2-elf/5.3.0/../../../../../H-x86_64-mingw32/nios2-elf/lib/mno-hw-mul\libc.a(lib_a-vfiprintf.o)
 .text.__sprint_r
                0x00000000008442ac       0x18 c:/scratchdir/nios2eds/bin/gnu/h-x86_64-mingw32/bin/../lib/gcc/nios2-elf/5.3.0/../../../../../H-x86_64-mingw32/nios2-elf/lib/mno-hw-mul\libc.a(lib_a-vfiprintf.o)
                0x00000000008442ac                __sprint_r
 .text.___vfiprintf_internal_r
                0x00000000008442c4     0x150c c:/scratchdir/nios2eds/bin/gnu/h-x86_64-mingw32/bin/../lib/gcc/nios2-elf/5.3.0/../../../../../H-x86_64-mingw32/nios2-elf/lib/mno-hw-mul\libc.a(lib_a-vfiprintf.o)
                0x00000000008442c4                ___vfiprintf_internal_r
 .text.__vfiprintf_internal
                0x00000000008457d0       0x1c c:/scratchdir/nios2eds/bin/gnu/h-x86_64-mingw32/bin/../lib/gcc/nios2-elf/5.3.0/../../../../../H-x86_64-mingw32/nios2-elf/lib/mno-hw-mul\libc.a(lib_a-vfiprintf.o)
                0x00000000008457d0                __vfiprintf_internal
 .text.__sbprintf
                0x00000000008457ec       0xbc c:/scratchdir/nios2eds/bin/gnu/h-x86_64-mingw32/bin/../lib/gcc/nios2-elf/5.3.0/../../../../../H-x86_64-mingw32/nios2-elf/lib/mno-hw-mul\libc.a(lib_a-vfiprintf.o)
 .text          0x00000000008458a8        0x0 c:/scratchdir/nios2eds/bin/gnu/h-x86_64-mingw32/bin/../lib/gcc/nios2-elf/5.3.0/../../../../../H-x86_64-mingw32/nios2-elf/lib/mno-hw-mul\libc.a(lib_a-callocr.o)
 .text._calloc_r
                0x00000000008458a8       0xdc c:/scratchdir/nios2eds/bin/gnu/h-x86_64-mingw32/bin/../lib/gcc/nios2-elf/5.3.0/../../../../../H-x86_64-mingw32/nios2-elf/lib/mno-hw-mul\libc.a(lib_a-callocr.o)
                0x00000000008458a8                _calloc_r
 .text          0x0000000000845984        0x0 c:/scratchdir/nios2eds/bin/gnu/h-x86_64-mingw32/bin/../lib/gcc/nios2-elf/5.3.0/../../../../../H-x86_64-mingw32/nios2-elf/lib/mno-hw-mul\libc.a(lib_a-fputwc.o)
 .text.__fputwc
                0x0000000000845984      0x164 c:/scratchdir/nios2eds/bin/gnu/h-x86_64-mingw32/bin/../lib/gcc/nios2-elf/5.3.0/../../../../../H-x86_64-mingw32/nios2-elf/lib/mno-hw-mul\libc.a(lib_a-fputwc.o)
                0x0000000000845984                __fputwc
 .text._fputwc_r
                0x0000000000845ae8       0x24 c:/scratchdir/nios2eds/bin/gnu/h-x86_64-mingw32/bin/../lib/gcc/nios2-elf/5.3.0/../../../../../H-x86_64-mingw32/nios2-elf/lib/mno-hw-mul\libc.a(lib_a-fputwc.o)
                0x0000000000845ae8                _fputwc_r
 .text.fputwc   0x0000000000845b0c       0x80 c:/scratchdir/nios2eds/bin/gnu/h-x86_64-mingw32/bin/../lib/gcc/nios2-elf/5.3.0/../../../../../H-x86_64-mingw32/nios2-elf/lib/mno-hw-mul\libc.a(lib_a-fputwc.o)
                0x0000000000845b0c                fputwc
 .text          0x0000000000845b8c        0x0 c:/scratchdir/nios2eds/bin/gnu/h-x86_64-mingw32/bin/../lib/gcc/nios2-elf/5.3.0/../../../../../H-x86_64-mingw32/nios2-elf/lib/mno-hw-mul\libc.a(lib_a-fstatr.o)
 .text._fstat_r
                0x0000000000845b8c       0x5c c:/scratchdir/nios2eds/bin/gnu/h-x86_64-mingw32/bin/../lib/gcc/nios2-elf/5.3.0/../../../../../H-x86_64-mingw32/nios2-elf/lib/mno-hw-mul\libc.a(lib_a-fstatr.o)
                0x0000000000845b8c                _fstat_r
 .text          0x0000000000845be8        0x0 c:/scratchdir/nios2eds/bin/gnu/h-x86_64-mingw32/bin/../lib/gcc/nios2-elf/5.3.0/../../../../../H-x86_64-mingw32/nios2-elf/lib/mno-hw-mul\libc.a(lib_a-gdtoa-gethex.o)
 .text.rshift   0x0000000000845be8      0x100 c:/scratchdir/nios2eds/bin/gnu/h-x86_64-mingw32/bin/../lib/gcc/nios2-elf/5.3.0/../../../../../H-x86_64-mingw32/nios2-elf/lib/mno-hw-mul\libc.a(lib_a-gdtoa-gethex.o)
 .text.__gethex
                0x0000000000845ce8      0x850 c:/scratchdir/nios2eds/bin/gnu/h-x86_64-mingw32/bin/../lib/gcc/nios2-elf/5.3.0/../../../../../H-x86_64-mingw32/nios2-elf/lib/mno-hw-mul\libc.a(lib_a-gdtoa-gethex.o)
                0x0000000000845ce8                __gethex
 .text          0x0000000000846538        0x0 c:/scratchdir/nios2eds/bin/gnu/h-x86_64-mingw32/bin/../lib/gcc/nios2-elf/5.3.0/../../../../../H-x86_64-mingw32/nios2-elf/lib/mno-hw-mul\libc.a(lib_a-gdtoa-hexnan.o)
 .text.__hexnan
                0x0000000000846538      0x25c c:/scratchdir/nios2eds/bin/gnu/h-x86_64-mingw32/bin/../lib/gcc/nios2-elf/5.3.0/../../../../../H-x86_64-mingw32/nios2-elf/lib/mno-hw-mul\libc.a(lib_a-gdtoa-hexnan.o)
                0x0000000000846538                __hexnan
 .text          0x0000000000846794        0x0 c:/scratchdir/nios2eds/bin/gnu/h-x86_64-mingw32/bin/../lib/gcc/nios2-elf/5.3.0/../../../../../H-x86_64-mingw32/nios2-elf/lib/mno-hw-mul\libc.a(lib_a-isattyr.o)
 .text._isatty_r
                0x0000000000846794       0x54 c:/scratchdir/nios2eds/bin/gnu/h-x86_64-mingw32/bin/../lib/gcc/nios2-elf/5.3.0/../../../../../H-x86_64-mingw32/nios2-elf/lib/mno-hw-mul\libc.a(lib_a-isattyr.o)
                0x0000000000846794                _isatty_r
 .text          0x00000000008467e8        0x0 c:/scratchdir/nios2eds/bin/gnu/h-x86_64-mingw32/bin/../lib/gcc/nios2-elf/5.3.0/../../../../../H-x86_64-mingw32/nios2-elf/lib/mno-hw-mul\libc.a(lib_a-wcrtomb.o)
 .text._wcrtomb_r
                0x00000000008467e8       0x9c c:/scratchdir/nios2eds/bin/gnu/h-x86_64-mingw32/bin/../lib/gcc/nios2-elf/5.3.0/../../../../../H-x86_64-mingw32/nios2-elf/lib/mno-hw-mul\libc.a(lib_a-wcrtomb.o)
                0x00000000008467e8                _wcrtomb_r
 .text.wcrtomb  0x0000000000846884       0xc0 c:/scratchdir/nios2eds/bin/gnu/h-x86_64-mingw32/bin/../lib/gcc/nios2-elf/5.3.0/../../../../../H-x86_64-mingw32/nios2-elf/lib/mno-hw-mul\libc.a(lib_a-wcrtomb.o)
                0x0000000000846884                wcrtomb
 .text          0x0000000000846944        0x0 c:/scratchdir/nios2eds/bin/gnu/h-x86_64-mingw32/bin/../lib/gcc/nios2-elf/5.3.0/../../../../../H-x86_64-mingw32/nios2-elf/lib/mno-hw-mul\libc.a(lib_a-wctomb_r.o)
 .text.__ascii_wctomb
                0x0000000000846944       0x30 c:/scratchdir/nios2eds/bin/gnu/h-x86_64-mingw32/bin/../lib/gcc/nios2-elf/5.3.0/../../../../../H-x86_64-mingw32/nios2-elf/lib/mno-hw-mul\libc.a(lib_a-wctomb_r.o)
                0x0000000000846944                __ascii_wctomb
 .text._wctomb_r
                0x0000000000846974       0x5c c:/scratchdir/nios2eds/bin/gnu/h-x86_64-mingw32/bin/../lib/gcc/nios2-elf/5.3.0/../../../../../H-x86_64-mingw32/nios2-elf/lib/mno-hw-mul\libc.a(lib_a-wctomb_r.o)
                0x0000000000846974                _wctomb_r
 .text          0x00000000008469d0      0x10c c:/scratchdir/nios2eds/bin/gnu/h-x86_64-mingw32/bin/../lib/gcc/nios2-elf/5.3.0/mno-hw-mul\libgcc.a(_muldi3.o)
                0x00000000008469d0                __muldi3
 .text          0x0000000000846adc       0x74 c:/scratchdir/nios2eds/bin/gnu/h-x86_64-mingw32/bin/../lib/gcc/nios2-elf/5.3.0/mno-hw-mul\libgcc.a(_fixunsdfsi.o)
                0x0000000000846adc                __fixunsdfsi
 .text          0x0000000000846b50      0x5fc c:/scratchdir/nios2eds/bin/gnu/h-x86_64-mingw32/bin/../lib/gcc/nios2-elf/5.3.0/mno-hw-mul\libgcc.a(_udivdi3.o)
                0x0000000000846b50                __udivdi3
 .text          0x000000000084714c      0x5c4 c:/scratchdir/nios2eds/bin/gnu/h-x86_64-mingw32/bin/../lib/gcc/nios2-elf/5.3.0/mno-hw-mul\libgcc.a(_umoddi3.o)
                0x000000000084714c                __umoddi3
 .text          0x0000000000847710       0x78 c:/scratchdir/nios2eds/bin/gnu/h-x86_64-mingw32/bin/../lib/gcc/nios2-elf/5.3.0/mno-hw-mul\libgcc.a(eqsf2.o)
                0x0000000000847710                __eqsf2
                0x0000000000847710                __nesf2
 .text          0x0000000000847788       0xbc c:/scratchdir/nios2eds/bin/gnu/h-x86_64-mingw32/bin/../lib/gcc/nios2-elf/5.3.0/mno-hw-mul\libgcc.a(gesf2.o)
                0x0000000000847788                __gesf2
                0x0000000000847788                __gtsf2
 .text          0x0000000000847844       0xc8 c:/scratchdir/nios2eds/bin/gnu/h-x86_64-mingw32/bin/../lib/gcc/nios2-elf/5.3.0/mno-hw-mul\libgcc.a(lesf2.o)
                0x0000000000847844                __ltsf2
                0x0000000000847844                __lesf2
 .text          0x000000000084790c      0x8ac c:/scratchdir/nios2eds/bin/gnu/h-x86_64-mingw32/bin/../lib/gcc/nios2-elf/5.3.0/mno-hw-mul\libgcc.a(adddf3.o)
                0x000000000084790c                __adddf3
 .text          0x00000000008481b8      0x9d0 c:/scratchdir/nios2eds/bin/gnu/h-x86_64-mingw32/bin/../lib/gcc/nios2-elf/5.3.0/mno-hw-mul\libgcc.a(divdf3.o)
                0x00000000008481b8                __divdf3
 .text          0x0000000000848b88       0x88 c:/scratchdir/nios2eds/bin/gnu/h-x86_64-mingw32/bin/../lib/gcc/nios2-elf/5.3.0/mno-hw-mul\libgcc.a(eqdf2.o)
                0x0000000000848b88                __nedf2
                0x0000000000848b88                __eqdf2
 .text          0x0000000000848c10       0xdc c:/scratchdir/nios2eds/bin/gnu/h-x86_64-mingw32/bin/../lib/gcc/nios2-elf/5.3.0/mno-hw-mul\libgcc.a(gedf2.o)
                0x0000000000848c10                __gedf2
                0x0000000000848c10                __gtdf2
 .text          0x0000000000848cec       0xf4 c:/scratchdir/nios2eds/bin/gnu/h-x86_64-mingw32/bin/../lib/gcc/nios2-elf/5.3.0/mno-hw-mul\libgcc.a(ledf2.o)
                0x0000000000848cec                __ledf2
                0x0000000000848cec                __ltdf2
 .text          0x0000000000848de0      0x8fc c:/scratchdir/nios2eds/bin/gnu/h-x86_64-mingw32/bin/../lib/gcc/nios2-elf/5.3.0/mno-hw-mul\libgcc.a(subdf3.o)
                0x0000000000848de0                __subdf3
 .text          0x00000000008496dc       0x80 c:/scratchdir/nios2eds/bin/gnu/h-x86_64-mingw32/bin/../lib/gcc/nios2-elf/5.3.0/mno-hw-mul\libgcc.a(fixdfsi.o)
                0x00000000008496dc                __fixdfsi
 .text          0x000000000084975c       0xdc c:/scratchdir/nios2eds/bin/gnu/h-x86_64-mingw32/bin/../lib/gcc/nios2-elf/5.3.0/mno-hw-mul\libgcc.a(floatsidf.o)
                0x000000000084975c                __floatsidf
 .text          0x0000000000849838      0x114 ../WAT_TEST_bsp/\libucosii_bsp.a(alt_close.o)
                0x0000000000849874                close
 .text          0x000000000084994c       0x2c ../WAT_TEST_bsp/\libucosii_bsp.a(alt_dev.o)
 .text          0x0000000000849978        0x0 ../WAT_TEST_bsp/\libucosii_bsp.a(alt_errno.o)
 .text          0x0000000000849978       0x34 ../WAT_TEST_bsp/\libucosii_bsp.a(alt_exit.o)
                0x0000000000849978                _exit
 .text          0x00000000008499ac       0xf4 ../WAT_TEST_bsp/\libucosii_bsp.a(alt_fstat.o)
                0x00000000008499e8                fstat
 .text          0x0000000000849aa0       0x20 ../WAT_TEST_bsp/\libucosii_bsp.a(alt_getpid.o)
                0x0000000000849aa0                getpid
 .text          0x0000000000849ac0      0x1b0 ../WAT_TEST_bsp/\libucosii_bsp.a(alt_iic.o)
                0x0000000000849ac0                alt_ic_isr_register
                0x0000000000849b10                alt_ic_irq_enable
                0x0000000000849b98                alt_ic_irq_disable
                0x0000000000849c24                alt_ic_irq_enabled
 .text          0x0000000000849c70       0xf0 ../WAT_TEST_bsp/\libucosii_bsp.a(alt_iic_isr_register.o)
                0x0000000000849c70                alt_iic_isr_register
 .text          0x0000000000849d60        0x0 ../WAT_TEST_bsp/\libucosii_bsp.a(alt_irq_entry.o)
 .text          0x0000000000849d60        0x0 ../WAT_TEST_bsp/\libucosii_bsp.a(alt_irq_handler.o)
 .text          0x0000000000849d60        0x0 ../WAT_TEST_bsp/\libucosii_bsp.a(alt_irq_vars.o)
 .text          0x0000000000849d60       0xe8 ../WAT_TEST_bsp/\libucosii_bsp.a(alt_isatty.o)
                0x0000000000849d9c                isatty
 .text          0x0000000000849e48      0x16c ../WAT_TEST_bsp/\libucosii_bsp.a(alt_kill.o)
                0x0000000000849e84                kill
 .text          0x0000000000849fb4      0x118 ../WAT_TEST_bsp/\libucosii_bsp.a(alt_lseek.o)
                0x0000000000849ff0                lseek
 .text          0x000000000084a0cc       0xbc ../WAT_TEST_bsp/\libucosii_bsp.a(alt_main.o)
                0x000000000084a0cc                alt_main
 .text          0x000000000084a188      0x140 ../WAT_TEST_bsp/\libucosii_bsp.a(alt_read.o)
                0x000000000084a1c4                read
 .text          0x000000000084a2c8       0x84 ../WAT_TEST_bsp/\libucosii_bsp.a(alt_release_fd.o)
                0x000000000084a2c8                alt_release_fd
 .text          0x000000000084a34c       0xb0 ../WAT_TEST_bsp/\libucosii_bsp.a(alt_sbrk.o)
                0x000000000084a34c                sbrk
 .text          0x000000000084a3fc       0xb4 ../WAT_TEST_bsp/\libucosii_bsp.a(alt_times.o)
                0x000000000084a438                times
 .text          0x000000000084a4b0      0x13c ../WAT_TEST_bsp/\libucosii_bsp.a(alt_write.o)
                0x000000000084a4ec                write
 .text          0x000000000084a5ec      0x124 ../WAT_TEST_bsp/\libucosii_bsp.a(alt_env_lock.o)
                0x000000000084a5ec                __env_lock
                0x000000000084a6b0                __env_unlock
 .text          0x000000000084a710      0x1ec ../WAT_TEST_bsp/\libucosii_bsp.a(alt_malloc_lock.o)
                0x000000000084a710                __malloc_lock
                0x000000000084a830                __malloc_unlock
 .text          0x000000000084a8fc     0x2014 ../WAT_TEST_bsp/\libucosii_bsp.a(os_core.o)
                0x000000000084a8fc                OSEventNameGet
                0x000000000084aa1c                OSEventNameSet
                0x000000000084ab5c                OSEventPendMulti
                0x000000000084b16c                OSInit
                0x000000000084b1c4                OSIntEnter
                0x000000000084b210                OSIntExit
                0x000000000084b308                OSSchedLock
                0x000000000084b394                OSSchedUnlock
                0x000000000084b470                OSStart
                0x000000000084b4e0                OSStatInit
                0x000000000084b590                OSTimeTick
                0x000000000084b7b0                OSVersion
                0x000000000084b7d0                OS_Dummy
                0x000000000084b7f0                OS_EventTaskRdy
                0x000000000084b988                OS_EventTaskWait
                0x000000000084ba98                OS_EventTaskWaitMulti
                0x000000000084bbe8                OS_EventTaskRemove
                0x000000000084bca0                OS_EventTaskRemoveMulti
                0x000000000084bda0                OS_EventWaitListInit
                0x000000000084c180                OS_MemClr
                0x000000000084c1d4                OS_MemCopy
                0x000000000084c23c                OS_Sched
                0x000000000084c380                OS_StrCopy
                0x000000000084c3f4                OS_StrLen
                0x000000000084c448                OS_TaskIdle
                0x000000000084c4a4                OS_TaskStat
                0x000000000084c570                OS_TaskStatStkChk
                0x000000000084c63c                OS_TCBInit
 .text          0x000000000084c910      0x190 ../WAT_TEST_bsp/\libucosii_bsp.a(os_dbg.o)
                0x000000000084c910                OSDebugInit
 .text          0x000000000084caa0     0x1714 ../WAT_TEST_bsp/\libucosii_bsp.a(os_flag.o)
                0x000000000084caa0                OSFlagAccept
                0x000000000084cda8                OSFlagCreate
                0x000000000084ceb0                OSFlagDel
                0x000000000084d0f8                OSFlagNameGet
                0x000000000084d220                OSFlagNameSet
                0x000000000084d36c                OSFlagPend
                0x000000000084d924                OSFlagPendGetFlagsRdy
                0x000000000084d984                OSFlagPost
                0x000000000084dd18                OSFlagQuery
                0x000000000084df3c                OS_FlagInit
                0x000000000084e110                OS_FlagUnlink
 .text          0x000000000084e1b4      0x760 ../WAT_TEST_bsp/\libucosii_bsp.a(os_mem.o)
                0x000000000084e1b4                OSMemCreate
                0x000000000084e388                OSMemGet
                0x000000000084e478                OSMemNameGet
                0x000000000084e568                OSMemNameSet
                0x000000000084e67c                OSMemPut
                0x000000000084e754                OSMemQuery
                0x000000000084e83c                OS_MemInit
 .text          0x000000000084e914     0x1104 ../WAT_TEST_bsp/\libucosii_bsp.a(os_q.o)
                0x000000000084e914                OSQAccept
                0x000000000084ea54                OSQCreate
                0x000000000084ec00                OSQDel
                0x000000000084ee80                OSQFlush
                0x000000000084ef38                OSQPend
                0x000000000084f1c4                OSQPendAbort