Archive member included to satisfy reference by file (symbol)

c:/intelfpga_lite/16.1/nios2eds/bin/gnu/h-x86_64-mingw32/bin/../lib/gcc/nios2-elf/5.3.0/../../../../../H-x86_64-mingw32/nios2-elf/lib/mno-hw-mul\libc.a(lib_a-fgetc.o)
                              obj/default/wat_test.o (fgetc)
c:/intelfpga_lite/16.1/nios2eds/bin/gnu/h-x86_64-mingw32/bin/../lib/gcc/nios2-elf/5.3.0/../../../../../H-x86_64-mingw32/nios2-elf/lib/mno-hw-mul\libc.a(lib_a-fgets.o)
                              obj/default/wat_test.o (fgets)
c:/intelfpga_lite/16.1/nios2eds/bin/gnu/h-x86_64-mingw32/bin/../lib/gcc/nios2-elf/5.3.0/../../../../../H-x86_64-mingw32/nios2-elf/lib/mno-hw-mul\libc.a(lib_a-findfp.o)
                              c:/intelfpga_lite/16.1/nios2eds/bin/gnu/h-x86_64-mingw32/bin/../lib/gcc/nios2-elf/5.3.0/../../../../../H-x86_64-mingw32/nios2-elf/lib/mno-hw-mul\libc.a(lib_a-fgetc.o) (__sinit)
c:/intelfpga_lite/16.1/nios2eds/bin/gnu/h-x86_64-mingw32/bin/../lib/gcc/nios2-elf/5.3.0/../../../../../H-x86_64-mingw32/nios2-elf/lib/mno-hw-mul\libc.a(lib_a-fopen.o)
                              obj/default/wat_test.o (fopen)
c:/intelfpga_lite/16.1/nios2eds/bin/gnu/h-x86_64-mingw32/bin/../lib/gcc/nios2-elf/5.3.0/../../../../../H-x86_64-mingw32/nios2-elf/lib/mno-hw-mul\libc.a(lib_a-fseek.o)
                              c:/intelfpga_lite/16.1/nios2eds/bin/gnu/h-x86_64-mingw32/bin/../lib/gcc/nios2-elf/5.3.0/../../../../../H-x86_64-mingw32/nios2-elf/lib/mno-hw-mul\libc.a(lib_a-fopen.o) (_fseek_r)
c:/intelfpga_lite/16.1/nios2eds/bin/gnu/h-x86_64-mingw32/bin/../lib/gcc/nios2-elf/5.3.0/../../../../../H-x86_64-mingw32/nios2-elf/lib/mno-hw-mul\libc.a(lib_a-fseeko.o)
                              c:/intelfpga_lite/16.1/nios2eds/bin/gnu/h-x86_64-mingw32/bin/../lib/gcc/nios2-elf/5.3.0/../../../../../H-x86_64-mingw32/nios2-elf/lib/mno-hw-mul\libc.a(lib_a-fseek.o) (_fseeko_r)
c:/intelfpga_lite/16.1/nios2eds/bin/gnu/h-x86_64-mingw32/bin/../lib/gcc/nios2-elf/5.3.0/../../../../../H-x86_64-mingw32/nios2-elf/lib/mno-hw-mul\libc.a(lib_a-fstatr.o)
                              c:/intelfpga_lite/16.1/nios2eds/bin/gnu/h-x86_64-mingw32/bin/../lib/gcc/nios2-elf/5.3.0/../../../../../H-x86_64-mingw32/nios2-elf/lib/mno-hw-mul\libc.a(lib_a-fseeko.o) (_fstat_r)
c:/intelfpga_lite/16.1/nios2eds/bin/gnu/h-x86_64-mingw32/bin/../lib/gcc/nios2-elf/5.3.0/../../../../../H-x86_64-mingw32/nios2-elf/lib/mno-hw-mul\libc.a(lib_a-fwalk.o)
                              c:/intelfpga_lite/16.1/nios2eds/bin/gnu/h-x86_64-mingw32/bin/../lib/gcc/nios2-elf/5.3.0/../../../../../H-x86_64-mingw32/nios2-elf/lib/mno-hw-mul\libc.a(lib_a-findfp.o) (_fwalk)
c:/intelfpga_lite/16.1/nios2eds/bin/gnu/h-x86_64-mingw32/bin/../lib/gcc/nios2-elf/5.3.0/../../../../../H-x86_64-mingw32/nios2-elf/lib/mno-hw-mul\libc.a(lib_a-fwrite.o)
                              obj/default/wat_test.o (fwrite)
c:/intelfpga_lite/16.1/nios2eds/bin/gnu/h-x86_64-mingw32/bin/../lib/gcc/nios2-elf/5.3.0/../../../../../H-x86_64-mingw32/nios2-elf/lib/mno-hw-mul\libc.a(lib_a-impure.o)
                              c:/intelfpga_lite/16.1/nios2eds/bin/gnu/h-x86_64-mingw32/bin/../lib/gcc/nios2-elf/5.3.0/../../../../../H-x86_64-mingw32/nios2-elf/lib/mno-hw-mul\libc.a(lib_a-findfp.o) (_global_impure_ptr)
c:/intelfpga_lite/16.1/nios2eds/bin/gnu/h-x86_64-mingw32/bin/../lib/gcc/nios2-elf/5.3.0/../../../../../H-x86_64-mingw32/nios2-elf/lib/mno-hw-mul\libc.a(lib_a-int_errno.o)
                              c:/intelfpga_lite/16.1/nios2eds/bin/gnu/h-x86_64-mingw32/bin/../lib/gcc/nios2-elf/5.3.0/../../../../../H-x86_64-mingw32/nios2-elf/lib/mno-hw-mul\libc.a(lib_a-fstatr.o) (errno)
c:/intelfpga_lite/16.1/nios2eds/bin/gnu/h-x86_64-mingw32/bin/../lib/gcc/nios2-elf/5.3.0/../../../../../H-x86_64-mingw32/nios2-elf/lib/mno-hw-mul\libc.a(lib_a-makebuf.o)
                              c:/intelfpga_lite/16.1/nios2eds/bin/gnu/h-x86_64-mingw32/bin/../lib/gcc/nios2-elf/5.3.0/../../../../../H-x86_64-mingw32/nios2-elf/lib/mno-hw-mul\libc.a(lib_a-fseeko.o) (__smakebuf_r)
c:/intelfpga_lite/16.1/nios2eds/bin/gnu/h-x86_64-mingw32/bin/../lib/gcc/nios2-elf/5.3.0/../../../../../H-x86_64-mingw32/nios2-elf/lib/mno-hw-mul\libc.a(lib_a-mallocr.o)
                              c:/intelfpga_lite/16.1/nios2eds/bin/gnu/h-x86_64-mingw32/bin/../lib/gcc/nios2-elf/5.3.0/../../../../../H-x86_64-mingw32/nios2-elf/lib/mno-hw-mul\libc.a(lib_a-findfp.o) (_malloc_r)
c:/intelfpga_lite/16.1/nios2eds/bin/gnu/h-x86_64-mingw32/bin/../lib/gcc/nios2-elf/5.3.0/../../../../../H-x86_64-mingw32/nios2-elf/lib/mno-hw-mul\libc.a(lib_a-memchr.o)
                              c:/intelfpga_lite/16.1/nios2eds/bin/gnu/h-x86_64-mingw32/bin/../lib/gcc/nios2-elf/5.3.0/../../../../../H-x86_64-mingw32/nios2-elf/lib/mno-hw-mul\libc.a(lib_a-fgets.o) (memchr)
c:/intelfpga_lite/16.1/nios2eds/bin/gnu/h-x86_64-mingw32/bin/../lib/gcc/nios2-elf/5.3.0/../../../../../H-x86_64-mingw32/nios2-elf/lib/mno-hw-mul\libc.a(lib_a-memcpy.o)
[...]
Memory Configuration

Name             Origin             Length             Attributes
sdram_controller_0 0x0000000000800000 0x0000000000800000
onchip_memory2_0_BEFORE_EXCEPTION 0x0000000001004000 0x0000000000000020
onchip_memory2_0 0x0000000001004020 0x0000000000003fe0
reset            0x0000000001009000 0x0000000000000020
epcs_flash_controller_0 0x0000000001009020 0x00000000000007e0
*default*        0x0000000000000000 0xffffffffffffffff

Linker script and memory map

LOAD ../WAT_TEST_bsp//obj/HAL/src/crt0.o
LOAD obj/default/wat_test.o
LOAD c:/intelfpga_lite/16.1/nios2eds/bin/gnu/h-x86_64-mingw32/bin/../lib/gcc/nios2-elf/5.3.0/../../../../../H-x86_64-mingw32/nios2-elf/lib/mno-hw-mul\libstdc++.a
LOAD c:/intelfpga_lite/16.1/nios2eds/bin/gnu/h-x86_64-mingw32/bin/../lib/gcc/nios2-elf/5.3.0/../../../../../H-x86_64-mingw32/nios2-elf/lib/mno-hw-mul\libm.a
LOAD c:/intelfpga_lite/16.1/nios2eds/bin/gnu/h-x86_64-mingw32/bin/../lib/gcc/nios2-elf/5.3.0/mno-hw-mul\libgcc.a
START GROUP
LOAD c:/intelfpga_lite/16.1/nios2eds/bin/gnu/h-x86_64-mingw32/bin/../lib/gcc/nios2-elf/5.3.0/../../../../../H-x86_64-mingw32/nios2-elf/lib/mno-hw-mul\libc.a
LOAD c:/intelfpga_lite/16.1/nios2eds/bin/gnu/h-x86_64-mingw32/bin/../lib/gcc/nios2-elf/5.3.0/mno-hw-mul\libgcc.a
LOAD ../WAT_TEST_bsp/\libucosii_bsp.a
LOAD c:/intelfpga_lite/16.1/nios2eds/bin/gnu/h-x86_64-mingw32/bin/../lib/gcc/nios2-elf/5.3.0/../../../../../H-x86_64-mingw32/nios2-elf/lib/mno-hw-mul\libm.a
END GROUP
LOAD c:/intelfpga_lite/16.1/nios2eds/bin/gnu/h-x86_64-mingw32/bin/../lib/gcc/nios2-elf/5.3.0/mno-hw-mul\libgcc.a
                0x0000000000800000                __alt_mem_sdram_controller_0 = 0x800000
                0x0000000001004000                __alt_mem_onchip_memory2_0 = 0x1004000
                0x0000000001009000                __alt_mem_epcs_flash_controller_0 = 0x1009000

.entry          0x0000000001009000        0x0
 *(.entry)
 .entry         0x0000000001009000        0x0 ../WAT_TEST_bsp//obj/HAL/src/crt0.o
                0x0000000001009000                __reset

.exceptions     0x0000000001004020      0x210
                [!provide]                        PROVIDE (__ram_exceptions_start, ABSOLUTE (.))
                0x0000000001004020                . = ALIGN (0x20)
 *(.irq)
 *(.exceptions.entry.label)
 .exceptions.entry.label
                0x0000000001004020        0x0 ../WAT_TEST_bsp/\libucosii_bsp.a(alt_irq_entry.o)
                0x0000000001004020                alt_irq_entry
 .exceptions.entry.label
                0x0000000001004020        0x0 ../WAT_TEST_bsp/\libucosii_bsp.a(alt_exception_entry.o)
                0x0000000001004020                alt_exception
 *(.exceptions.entry.user)
 *(.exceptions.entry.ecc_fatal)
 *(.exceptions.entry)
 .exceptions.entry
                0x0000000001004020       0x54 ../WAT_TEST_bsp/\libucosii_bsp.a(alt_exception_entry.o)
 *(.exceptions.irqtest.user)
 *(.exceptions.irqtest)
 .exceptions.irqtest
                0x0000000001004074       0x10 ../WAT_TEST_bsp/\libucosii_bsp.a(alt_irq_entry.o)
 *(.exceptions.irqhandler.user)
 *(.exceptions.irqhandler)
 .exceptions.irqhandler
                0x0000000001004084        0x4 ../WAT_TEST_bsp/\libucosii_bsp.a(alt_irq_entry.o)
 *(.exceptions.irqreturn.user)
 *(.exceptions.irqreturn)
 .exceptions.irqreturn
                0x0000000001004088        0x4 ../WAT_TEST_bsp/\libucosii_bsp.a(alt_irq_entry.o)
 *(.exceptions.notirq.label)
 .exceptions.notirq.label
                0x000000000100408c        0x0 ../WAT_TEST_bsp/\libucosii_bsp.a(alt_irq_entry.o)
 *(.exceptions.notirq.user)
 *(.exceptions.notirq)
 .exceptions.notirq
                0x000000000100408c        0x8 ../WAT_TEST_bsp/\libucosii_bsp.a(alt_exception_entry.o)
 *(.exceptions.soft.user)
 *(.exceptions.soft)
 *(.exceptions.unknown.user)
 *(.exceptions.unknown)
 .exceptions.unknown
                0x0000000001004094       0x14 ../WAT_TEST_bsp/\libucosii_bsp.a(alt_exception_entry.o)
 *(.exceptions.exit.label)
 .exceptions.exit.label
                0x00000000010040a8        0x0 ../WAT_TEST_bsp/\libucosii_bsp.a(alt_irq_entry.o)
 .exceptions.exit.label
                0x00000000010040a8        0x0 ../WAT_TEST_bsp/\libucosii_bsp.a(alt_exception_entry.o)
 *(.exceptions.exit.user)
 *(.exceptions.exit)
 .exceptions.exit
                0x00000000010040a8       0x54 ../WAT_TEST_bsp/\libucosii_bsp.a(alt_exception_entry.o)
 *(.exceptions)
 .exceptions    0x00000000010040fc       0xd4 ../WAT_TEST_bsp/\libucosii_bsp.a(alt_irq_handler.o)
                0x00000000010040fc                alt_irq_handler
 .exceptions    0x00000000010041d0       0x60 ../WAT_TEST_bsp/\libucosii_bsp.a(alt_instruction_exception_entry.o)
                0x00000000010041d0                alt_instruction_exception_entry
                [!provide]                        PROVIDE (__ram_exceptions_end, ABSOLUTE (.))
                [!provide]                        PROVIDE (__flash_exceptions_start, LOADADDR (.exceptions))

.text           0x0000000000800000    0x1ae3c
                [!provide]                        PROVIDE (stext, ABSOLUTE (.))
 *(.interp)
 *(.hash)
 *(.dynsym)
 *(.dynstr)
 *(.gnu.version)
 *(.gnu.version_d)
 *(.gnu.version_r)
 *(.rel.init)
 *(.rela.init)
 *(.rel.text .rel.text.* .rel.gnu.linkonce.t.*)
 *(.rela.text .rela.text.* .rela.gnu.linkonce.t.*)
 *(.rel.fini)
 *(.rela.fini)
 *(.rel.rodata .rel.rodata.* .rel.gnu.linkonce.r.*)
 *(.rela.rodata .rela.rodata.* .rela.gnu.linkonce.r.*)
 *(.rel.data .rel.data.* .rel.gnu.linkonce.d.*)
 *(.rela.data .rela.data.* .rela.gnu.linkonce.d.*)
 *(.rel.tdata .rel.tdata.* .rel.gnu.linkonce.td.*)
 *(.rela.tdata .rela.tdata.* .rela.gnu.linkonce.td.*)
 *(.rel.tbss .rel.tbss.* .rel.gnu.linkonce.tb.*)
 *(.rela.tbss .rela.tbss.* .rela.gnu.linkonce.tb.*)
 *(.rel.ctors)
 *(.rela.ctors)
 *(.rel.dtors)
 *(.rela.dtors)
 *(.rel.got)
 *(.rela.got)
 *(.rel.sdata .rel.sdata.* .rel.gnu.linkonce.s.*)
 *(.rela.sdata .rela.sdata.* .rela.gnu.linkonce.s.*)
 *(.rel.sbss .rel.sbss.* .rel.gnu.linkonce.sb.*)
 *(.rela.sbss .rela.sbss.* .rela.gnu.linkonce.sb.*)
 *(.rel.sdata2 .rel.sdata2.* .rel.gnu.linkonce.s2.*)
 *(.rela.sdata2 .rela.sdata2.* .rela.gnu.linkonce.s2.*)
 *(.rel.sbss2 .rel.sbss2.* .rel.gnu.linkonce.sb2.*)
 *(.rela.sbss2 .rela.sbss2.* .rela.gnu.linkonce.sb2.*)
 *(.rel.bss .rel.bss.* .rel.gnu.linkonce.b.*)
 *(.rela.bss .rela.bss.* .rela.gnu.linkonce.b.*)
 *(.rel.plt)
 *(.rela.plt)
 *(.rel.dyn)
 *(.init)
 *(.plt)
 *(.text .stub .text.* .gnu.linkonce.t.*)
 .text          0x0000000000800000       0x38 ../WAT_TEST_bsp//obj/HAL/src/crt0.o
                0x0000000000800000                _start
 .text          0x0000000000800038      0x698 obj/default/wat_test.o
                0x0000000000800038                motor_test
                0x000000000080004c                camera_test
                0x0000000000800540                wifi_test
                0x000000000080059c                main
 .text          0x00000000008006d0        0x0 c:/intelfpga_lite/16.1/nios2eds/bin/gnu/h-x86_64-mingw32/bin/../lib/gcc/nios2-elf/5.3.0/../../../../../H-x86_64-mingw32/nios2-elf/lib/mno-hw-mul\libc.a(lib_a-fgetc.o)
 .text._fgetc_r
                0x00000000008006d0       0x70 c:/intelfpga_lite/16.1/nios2eds/bin/gnu/h-x86_64-mingw32/bin/../lib/gcc/nios2-elf/5.3.0/../../../../../H-x86_64-mingw32/nios2-elf/lib/mno-hw-mul\libc.a(lib_a-fgetc.o)
                0x00000000008006d0                _fgetc_r
 .text.fgetc    0x0000000000800740       0x88 c:/intelfpga_lite/16.1/nios2eds/bin/gnu/h-x86_64-mingw32/bin/../lib/gcc/nios2-elf/5.3.0/../../../../../H-x86_64-mingw32/nios2-elf/lib/mno-hw-mul\libc.a(lib_a-fgetc.o)
                0x0000000000800740                fgetc
 .text          0x00000000008007c8        0x0 c:/intelfpga_lite/16.1/nios2eds/bin/gnu/h-x86_64-mingw32/bin/../lib/gcc/nios2-elf/5.3.0/../../../../../H-x86_64-mingw32/nios2-elf/lib/mno-hw-mul\libc.a(lib_a-fgets.o)
 .text._fgets_r
                0x00000000008007c8      0x144 c:/intelfpga_lite/16.1/nios2eds/bin/gnu/h-x86_64-mingw32/bin/../lib/gcc/nios2-elf/5.3.0/../../../../../H-x86_64-mingw32/nios2-elf/lib/mno-hw-mul\libc.a(lib_a-fgets.o)
                0x00000000008007c8                _fgets_r
 .text.fgets    0x000000000080090c       0x1c c:/intelfpga_lite/16.1/nios2eds/bin/gnu/h-x86_64-mingw32/bin/../lib/gcc/nios2-elf/5.3.0/../../../../../H-x86_64-mingw32/nios2-elf/lib/mno-hw-mul\libc.a(lib_a-fgets.o)
                0x000000000080090c                fgets
 .text          0x0000000000800928        0x0 c:/intelfpga_lite/16.1/nios2eds/bin/gnu/h-x86_64-mingw32/bin/../lib/gcc/nios2-elf/5.3.0/../../../../../H-x86_64-mingw32/nios2-elf/lib/mno-hw-mul\libc.a(lib_a-findfp.o)
 .text.__fp_unlock
                0x0000000000800928        0x8 c:/intelfpga_lite/16.1/nios2eds/bin/gnu/h-x86_64-mingw32/bin/../lib/gcc/nios2-elf/5.3.0/../../../../../H-x86_64-mingw32/nios2-elf/lib/mno-hw-mul\libc.a(lib_a-findfp.o)
 .text._cleanup_r
                0x0000000000800930        0xc c:/intelfpga_lite/16.1/nios2eds/bin/gnu/h-x86_64-mingw32/bin/../lib/gcc/nios2-elf/5.3.0/../../../../../H-x86_64-mingw32/nios2-elf/lib/mno-hw-mul\libc.a(lib_a-findfp.o)
                0x0000000000800930                _cleanup_r
 .text.__sinit.part.1
                0x000000000080093c      0x19c c:/intelfpga_lite/16.1/nios2eds/bin/gnu/h-x86_64-mingw32/bin/../lib/gcc/nios2-elf/5.3.0/../../../../../H-x86_64-mingw32/nios2-elf/lib/mno-hw-mul\libc.a(lib_a-findfp.o)
 .text.__fp_lock
                0x0000000000800ad8        0x8 c:/intelfpga_lite/16.1/nios2eds/bin/gnu/h-x86_64-mingw32/bin/../lib/gcc/nios2-elf/5.3.0/../../../../../H-x86_64-mingw32/nios2-elf/lib/mno-hw-mul\libc.a(lib_a-findfp.o)
 .text.__sfmoreglue
                0x0000000000800ae0       0x78 c:/intelfpga_lite/16.1/nios2eds/bin/gnu/h-x86_64-mingw32/bin/../lib/gcc/nios2-elf/5.3.0/../../../../../H-x86_64-mingw32/nios2-elf/lib/mno-hw-mul\libc.a(lib_a-findfp.o)
                0x0000000000800ae0                __sfmoreglue
 .text.__sfp    0x0000000000800b58      0x118 c:/intelfpga_lite/16.1/nios2eds/bin/gnu/h-x86_64-mingw32/bin/../lib/gcc/nios2-elf/5.3.0/../../../../../H-x86_64-mingw32/nios2-elf/lib/mno-hw-mul\libc.a(lib_a-findfp.o)
                0x0000000000800b58                __sfp
 .text._cleanup
                0x0000000000800c70       0x18 c:/intelfpga_lite/16.1/nios2eds/bin/gnu/h-x86_64-mingw32/bin/../lib/gcc/nios2-elf/5.3.0/../../../../../H-x86_64-mingw32/nios2-elf/lib/mno-hw-mul\libc.a(lib_a-findfp.o)
                0x0000000000800c70                _cleanup
 .text.__sinit  0x0000000000800c88       0x10 c:/intelfpga_lite/16.1/nios2eds/bin/gnu/h-x86_64-mingw32/bin/../lib/gcc/nios2-elf/5.3.0/../../../../../H-x86_64-mingw32/nios2-elf/lib/mno-hw-mul\libc.a(lib_a-findfp.o)
                0x0000000000800c88                __sinit
 .text.__sfp_lock_acquire
                0x0000000000800c98        0x4 c:/intelfpga_lite/16.1/nios2eds/bin/gnu/h-x86_64-mingw32/bin/../lib/gcc/nios2-elf/5.3.0/../../../../../H-x86_64-mingw32/nios2-elf/lib/mno-hw-mul\libc.a(lib_a-findfp.o)
                0x0000000000800c98                __sfp_lock_acquire
 .text.__sfp_lock_release
                0x0000000000800c9c        0x4 c:/intelfpga_lite/16.1/nios2eds/bin/gnu/h-x86_64-mingw32/bin/../lib/gcc/nios2-elf/5.3.0/../../../../../H-x86_64-mingw32/nios2-elf/lib/mno-hw-mul\libc.a(lib_a-findfp.o)
                0x0000000000800c9c                __sfp_lock_release
 .text.__sinit_lock_acquire
                0x0000000000800ca0        0x4 c:/intelfpga_lite/16.1/nios2eds/bin/gnu/h-x86_64-mingw32/bin/../lib/gcc/nios2-elf/5.3.0/../../../../../H-x86_64-mingw32/nios2-elf/lib/mno-hw-mul\libc.a(lib_a-findfp.o)
                0x0000000000800ca0                __sinit_lock_acquire
 .text.__sinit_lock_release
                0x0000000000800ca4        0x4 c:/intelfpga_lite/16.1/nios2eds/bin/gnu/h-x86_64-mingw32/bin/../lib/gcc/nios2-elf/5.3.0/../../../../../H-x86_64-mingw32/nios2-elf/lib/mno-hw-mul\libc.a(lib_a-findfp.o)
                0x0000000000800ca4                __sinit_lock_release
 .text.__fp_lock_all
                0x0000000000800ca8       0x18 c:/intelfpga_lite/16.1/nios2eds/bin/gnu/h-x86_64-mingw32/bin/../lib/gcc/nios2-elf/5.3.0/../../../../../H-x86_64-mingw32/nios2-elf/lib/mno-hw-mul\libc.a(lib_a-findfp.o)
                0x0000000000800ca8                __fp_lock_all
 .text.__fp_unlock_all
                0x0000000000800cc0       0x18 c:/intelfpga_lite/16.1/nios2eds/bin/gnu/h-x86_64-mingw32/bin/../lib/gcc/nios2-elf/5.3.0/../../../../../H-x86_64-mingw32/nios2-elf/lib/mno-hw-mul\libc.a(lib_a-findfp.o)
                0x0000000000800cc0                __fp_unlock_all
 .text          0x0000000000800cd8        0x0 c:/intelfpga_lite/16.1/nios2eds/bin/gnu/h-x86_64-mingw32/bin/../lib/gcc/nios2-elf/5.3.0/../../../../../H-x86_64-mingw32/nios2-elf/lib/mno-hw-mul\libc.a(lib_a-fopen.o)
 .text._fopen_r
                0x0000000000800cd8       0xf4 c:/intelfpga_lite/16.1/nios2eds/bin/gnu/h-x86_64-mingw32/bin/../lib/gcc/nios2-elf/5.3.0/../../../../../H-x86_64-mingw32/nios2-elf/lib/mno-hw-mul\libc.a(lib_a-fopen.o)
                0x0000000000800cd8                _fopen_r
 .text.fopen    0x0000000000800dcc       0x18 c:/intelfpga_lite/16.1/nios2eds/bin/gnu/h-x86_64-mingw32/bin/../lib/gcc/nios2-elf/5.3.0/../../../../../H-x86_64-mingw32/nios2-elf/lib/mno-hw-mul\libc.a(lib_a-fopen.o)
                0x0000000000800dcc                fopen
 .text          0x0000000000800de4        0x0 c:/intelfpga_lite/16.1/nios2eds/bin/gnu/h-x86_64-mingw32/bin/../lib/gcc/nios2-elf/5.3.0/../../../../../H-x86_64-mingw32/nios2-elf/lib/mno-hw-mul\libc.a(lib_a-fseek.o)
 .text._fseek_r
                0x0000000000800de4        0x4 c:/intelfpga_lite/16.1/nios2eds/bin/gnu/h-x86_64-mingw32/bin/../lib/gcc/nios2-elf/5.3.0/../../../../../H-x86_64-mingw32/nios2-elf/lib/mno-hw-mul\libc.a(lib_a-fseek.o)
                0x0000000000800de4                _fseek_r
 .text.fseek    0x0000000000800de8       0x1c c:/intelfpga_lite/16.1/nios2eds/bin/gnu/h-x86_64-mingw32/bin/../lib/gcc/nios2-elf/5.3.0/../../../../../H-x86_64-mingw32/nios2-elf/lib/mno-hw-mul\libc.a(lib_a-fseek.o)
                0x0000000000800de8                fseek
 .text          0x0000000000800e04        0x0 c:/intelfpga_lite/16.1/nios2eds/bin/gnu/h-x86_64-mingw32/bin/../lib/gcc/nios2-elf/5.3.0/../../../../../H-x86_64-mingw32/nios2-elf/lib/mno-hw-mul\libc.a(lib_a-fseeko.o)
 .text._fseeko_r
                0x0000000000800e04      0x444 c:/intelfpga_lite/16.1/nios2eds/bin/gnu/h-x86_64-mingw32/bin/../lib/gcc/nios2-elf/5.3.0/../../../../../H-x86_64-mingw32/nios2-elf/lib/mno-hw-mul\libc.a(lib_a-fseeko.o)
                0x0000000000800e04                _fseeko_r
 .text.fseeko   0x0000000000801248       0x1c c:/intelfpga_lite/16.1/nios2eds/bin/gnu/h-x86_64-mingw32/bin/../lib/gcc/nios2-elf/5.3.0/../../../../../H-x86_64-mingw32/nios2-elf/lib/mno-hw-mul\libc.a(lib_a-fseeko.o)
                0x0000000000801248                fseeko
 .text          0x0000000000801264        0x0 c:/intelfpga_lite/16.1/nios2eds/bin/gnu/h-x86_64-mingw32/bin/../lib/gcc/nios2-elf/5.3.0/../../../../../H-x86_64-mingw32/nios2-elf/lib/mno-hw-mul\libc.a(lib_a-fstatr.o)
 .text._fstat_r
                0x0000000000801264       0x5c c:/intelfpga_lite/16.1/nios2eds/bin/gnu/h-x86_64-mingw32/bin/../lib/gcc/nios2-elf/5.3.0/../../../../../H-x86_64-mingw32/nios2-elf/lib/mno-hw-mul\libc.a(lib_a-fstatr.o)
                0x0000000000801264                _fstat_r
 .text          0x00000000008012c0        0x0 c:/intelfpga_lite/16.1/nios2eds/bin/gnu/h-x86_64-mingw32/bin/../lib/gcc/nios2-elf/5.3.0/../../../../../H-x86_64-mingw32/nios2-elf/lib/mno-hw-mul\libc.a(lib_a-fwalk.o)
 .text._fwalk   0x00000000008012c0       0xc4 c:/intelfpga_lite/16.1/nios2eds/bin/gnu/h-x86_64-mingw32/bin/../lib/gcc/nios2-elf/5.3.0/../../../../../H-x86_64-mingw32/nios2-elf/lib/mno-hw-mul\libc.a(lib_a-fwalk.o)
                0x00000000008012c0                _fwalk
 .text._fwalk_reent
                0x0000000000801384       0xc4 c:/intelfpga_lite/16.1/nios2eds/bin/gnu/h-x86_64-mingw32/bin/../lib/gcc/nios2-elf/5.3.0/../../../../../H-x86_64-mingw32/nios2-elf/lib/mno-hw-mul\libc.a(lib_a-fwalk.o)
                0x0000000000801384                _fwalk_reent
 .text          0x0000000000801448        0x0 c:/intelfpga_lite/16.1/nios2eds/bin/gnu/h-x86_64-mingw32/bin/../lib/gcc/nios2-elf/5.3.0/../../../../../H-x86_64-mingw32/nios2-elf/lib/mno-hw-mul\libc.a(lib_a-fwrite.o)
 .text._fwrite_r
                0x0000000000801448       0xdc c:/intelfpga_lite/16.1/nios2eds/bin/gnu/h-x86_64-mingw32/bin/../lib/gcc/nios2-elf/5.3.0/../../../../../H-x86_64-mingw32/nios2-elf/lib/mno-hw-mul\libc.a(lib_a-fwrite.o)
                0x0000000000801448                _fwrite_r
 .text.fwrite   0x0000000000801524       0x34 c:/intelfpga_lite/16.1/nios2eds/bin/gnu/h-x86_64-mingw32/bin/../lib/gcc/nios2-elf/5.3.0/../../../../../H-x86_64-mingw32/nios2-elf/lib/mno-hw-mul\libc.a(lib_a-fwrite.o)
                0x0000000000801524                fwrite
 .text          0x0000000000801558        0x0 c:/intelfpga_lite/16.1/nios2eds/bin/gnu/h-x86_64-mingw32/bin/../lib/gcc/nios2-elf/5.3.0/../../../../../H-x86_64-mingw32/nios2-elf/lib/mno-hw-mul\libc.a(lib_a-impure.o)
 .text          0x0000000000801558        0x0 c:/intelfpga_lite/16.1/nios2eds/bin/gnu/h-x86_64-mingw32/bin/../lib/gcc/nios2-elf/5.3.0/../../../../../H-x86_64-mingw32/nios2-elf/lib/mno-hw-mul\libc.a(lib_a-int_errno.o)
 .text          0x0000000000801558        0x0 c:/intelfpga_lite/16.1/nios2eds/bin/gnu/h-x86_64-mingw32/bin/../lib/gcc/nios2-elf/5.3.0/../../../../../H-x86_64-mingw32/nios2-elf/lib/mno-hw-mul\libc.a(lib_a-makebuf.o)
 .text.__smakebuf_r
                0x0000000000801558      0x1bc c:/intelfpga_lite/16.1/nios2eds/bin/gnu/h-x86_64-mingw32/bin/../lib/gcc/nios2-elf/5.3.0/../../../../../H-x86_64-mingw32/nios2-elf/lib/mno-hw-mul\libc.a(lib_a-makebuf.o)
                0x0000000000801558                __smakebuf_r
 .text          0x0000000000801714        0x0 c:/intelfpga_lite/16.1/nios2eds/bin/gnu/h-x86_64-mingw32/bin/../lib/gcc/nios2-elf/5.3.0/../../../../../H-x86_64-mingw32/nios2-elf/lib/mno-hw-mul\libc.a(lib_a-mallocr.o)
 .text._malloc_r
                0x0000000000801714      0x80c c:/intelfpga_lite/16.1/nios2eds/bin/gnu/h-x86_64-mingw32/bin/../lib/gcc/nios2-elf/5.3.0/../../../../../H-x86_64-mingw32/nios2-elf/lib/mno-hw-mul\libc.a(lib_a-mallocr.o)
                0x0000000000801714                _malloc_r
 .text          0x0000000000801f20        0x0 c:/intelfpga_lite/16.1/nios2eds/bin/gnu/h-x86_64-mingw32/bin/../lib/gcc/nios2-elf/5.3.0/../../../../../H-x86_64-mingw32/nios2-elf/lib/mno-hw-mul\libc.a(lib_a-memchr.o)
 .text.memchr   0x0000000000801f20       0xe4 c:/intelfpga_lite/16.1/nios2eds/bin/gnu/h-x86_64-mingw32/bin/../lib/gcc/nios2-elf/5.3.0/../../../../../H-x86_64-mingw32/nios2-elf/lib/mno-hw-mul\libc.a(lib_a-memchr.o)
                0x0000000000801f20                memchr
 .text          0x0000000000802004        0x0 c:/intelfpga_lite/16.1/nios2eds/bin/gnu/h-x86_64-mingw32/bin/../lib/gcc/nios2-elf/5.3.0/../../../../../H-x86_64-mingw32/nios2-elf/lib/mno-hw-mul\libc.a(lib_a-memcpy.o)
 .text.memcpy   0x0000000000802004      0x148 c:/intelfpga_lite/16.1/nios2eds/bin/gnu/h-x86_64-mingw32/bin/../lib/gcc/nios2-elf/5.3.0/../../../../../H-x86_64-mingw32/nios2-elf/lib/mno-hw-mul\libc.a(lib_a-memcpy.o)
                0x0000000000802004                memcpy
 .text          0x000000000080214c        0x0 c:/intelfpga_lite/16.1/nios2eds/bin/gnu/h-x86_64-mingw32/bin/../lib/gcc/nios2-elf/5.3.0/../../../../../H-x86_64-mingw32/nios2-elf/lib/mno-hw-mul\libc.a(lib_a-memset.o)
 .text.memset   0x000000000080214c      0x128 c:/intelfpga_lite/16.1/nios2eds/bin/gnu/h-x86_64-mingw32/bin/../lib/gcc/nios2-elf/5.3.0/../../../../../H-x86_64-mingw32/nios2-elf/lib/mno-hw-mul\libc.a(lib_a-memset.o)
                0x000000000080214c                memset
 .text          0x0000000000802274        0x0 c:/intelfpga_lite/16.1/nios2eds/bin/gnu/h-x86_64-mingw32/bin/../lib/gcc/nios2-elf/5.3.0/../../../../../H-x86_64-mingw32/nios2-elf/lib/mno-hw-mul\libc.a(lib_a-openr.o)
 .text._open_r  0x0000000000802274       0x60 c:/intelfpga_lite/16.1/nios2eds/bin/gnu/h-x86_64-mingw32/bin/../lib/gcc/nios2-elf/5.3.0/../../../../../H-x86_64-mingw32/nios2-elf/lib/mno-hw-mul\libc.a(lib_a-openr.o)
                0x0000000000802274                _open_r
 .text          0x00000000008022d4        0x0 c:/intelfpga_lite/16.1/nios2eds/bin/gnu/h-x86_64-mingw32/bin/../lib/gcc/nios2-elf/5.3.0/../../../../../H-x86_64-mingw32/nios2-elf/lib/mno-hw-mul\libc.a(lib_a-printf.o)
 .text._printf_r
                0x00000000008022d4       0x30 c:/intelfpga_lite/16.1/nios2eds/bin/gnu/h-x86_64-mingw32/bin/../lib/gcc/nios2-elf/5.3.0/../../../../../H-x86_64-mingw32/nios2-elf/lib/mno-hw-mul\libc.a(lib_a-printf.o)
                0x00000000008022d4                _printf_r
 .text.printf   0x0000000000802304       0x3c c:/intelfpga_lite/16.1/nios2eds/bin/gnu/h-x86_64-mingw32/bin/../lib/gcc/nios2-elf/5.3.0/../../../../../H-x86_64-mingw32/nios2-elf/lib/mno-hw-mul\libc.a(lib_a-printf.o)
                0x0000000000802304                printf
 .text          0x0000000000802340        0x0 c:/intelfpga_lite/16.1/nios2eds/bin/gnu/h-x86_64-mingw32/bin/../lib/gcc/nios2-elf/5.3.0/../../../../../H-x86_64-mingw32/nios2-elf/lib/mno-hw-mul\libc.a(lib_a-refill.o)
 .text.lflush   0x0000000000802340       0x1c c:/intelfpga_lite/16.1/nios2eds/bin/gnu/h-x86_64-mingw32/bin/../lib/gcc/nios2-elf/5.3.0/../../../../../H-x86_64-mingw32/nios2-elf/lib/mno-hw-mul\libc.a(lib_a-refill.o)
 .text.__srefill_r
                0x000000000080235c      0x1d4 c:/intelfpga_lite/16.1/nios2eds/bin/gnu/h-x86_64-mingw32/bin/../lib/gcc/nios2-elf/5.3.0/../../../../../H-x86_64-mingw32/nios2-elf/lib/mno-hw-mul\libc.a(lib_a-refill.o)
                0x000000000080235c                __srefill_r
 .text          0x0000000000802530        0x0 c:/intelfpga_lite/16.1/nios2eds/bin/gnu/h-x86_64-mingw32/bin/../lib/gcc/nios2-elf/5.3.0/../../../../../H-x86_64-mingw32/nios2-elf/lib/mno-hw-mul\libc.a(lib_a-rget.o)
 .text.__srget_r
                0x0000000000802530       0x74 c:/intelfpga_lite/16.1/nios2eds/bin/gnu/h-x86_64-mingw32/bin/../lib/gcc/nios2-elf/5.3.0/../../../../../H-x86_64-mingw32/nios2-elf/lib/mno-hw-mul\libc.a(lib_a-rget.o)
                0x0000000000802530                __srget_r
 .text.__srget  0x00000000008025a4       0x14 c:/intelfpga_lite/16.1/nios2eds/bin/gnu/h-x86_64-mingw32/bin/../lib/gcc/nios2-elf/5.3.0/../../../../../H-x86_64-mingw32/nios2-elf/lib/mno-hw-mul\libc.a(lib_a-rget.o)
                0x00000000008025a4                __srget
 .text          0x00000000008025b8        0x0 c:/intelfpga_lite/16.1/nios2eds/bin/gnu/h-x86_64-mingw32/bin/../lib/gcc/nios2-elf/5.3.0/../../../../../H-x86_64-mingw32/nios2-elf/lib/mno-hw-mul\libc.a(lib_a-sbrkr.o)
 .text._sbrk_r  0x00000000008025b8       0x54 c:/intelfpga_lite/16.1/nios2eds/bin/gnu/h-x86_64-mingw32/bin/../lib/gcc/nios2-elf/5.3.0/../../../../../H-x86_64-mingw32/nios2-elf/lib/mno-hw-mul\libc.a(lib_a-sbrkr.o)
                0x00000000008025b8                _sbrk_r
 .text          0x000000000080260c        0x0 c:/intelfpga_lite/16.1/nios2eds/bin/gnu/h-x86_64-mingw32/bin/../lib/gcc/nios2-elf/5.3.0/../../../../../H-x86_64-mingw32/nios2-elf/lib/mno-hw-mul\libc.a(lib_a-stdio.o)
 .text.__sread  0x000000000080260c       0x54 c:/intelfpga_lite/16.1/nios2eds/bin/gnu/h-x86_64-mingw32/bin/../lib/gcc/nios2-elf/5.3.0/../../../../../H-x86_64-mingw32/nios2-elf/lib/mno-hw-mul\libc.a(lib_a-stdio.o)
                0x000000000080260c                __sread
 .text.__seofread
                0x0000000000802660        0x8 c:/intelfpga_lite/16.1/nios2eds/bin/gnu/h-x86_64-mingw32/bin/../lib/gcc/nios2-elf/5.3.0/../../../../../H-x86_64-mingw32/nios2-elf/lib/mno-hw-mul\libc.a(lib_a-stdio.o)
                0x0000000000802660                __seofread
 .text.__swrite
                0x0000000000802668       0x7c c:/intelfpga_lite/16.1/nios2eds/bin/gnu/h-x86_64-mingw32/bin/../lib/gcc/nios2-elf/5.3.0/../../../../../H-x86_64-mingw32/nios2-elf/lib/mno-hw-mul\libc.a(lib_a-stdio.o)
                0x0000000000802668                __swrite
 .text.__sseek  0x00000000008026e4       0x5c c:/intelfpga_lite/16.1/nios2eds/bin/gnu/h-x86_64-mingw32/bin/../lib/gcc/nios2-elf/5.3.0/../../../../../H-x86_64-mingw32/nios2-elf/lib/mno-hw-mul\libc.a(lib_a-stdio.o)
                0x00000000008026e4                __sseek
 .text.__sclose
                0x0000000000802740        0x8 c:/intelfpga_lite/16.1/nios2eds/bin/gnu/h-x86_64-mingw32/bin/../lib/gcc/nios2-elf/5.3.0/../../../../../H-x86_64-mingw32/nios2-elf/lib/mno-hw-mul\libc.a(lib_a-stdio.o)
                0x0000000000802740                __sclose
 .text          0x0000000000802748        0x0 c:/intelfpga_lite/16.1/nios2eds/bin/gnu/h-x86_64-mingw32/bin/../lib/gcc/nios2-elf/5.3.0/../../../../../H-x86_64-mingw32/nios2-elf/lib/mno-hw-mul\libc.a(lib_a-strcmp.o)
 .text.strcmp   0x0000000000802748       0xdc c:/intelfpga_lite/16.1/nios2eds/bin/gnu/h-x86_64-mingw32/bin/../lib/gcc/nios2-elf/5.3.0/../../../../../H-x86_64-mingw32/nios2-elf/lib/mno-hw-mul\libc.a(lib_a-strcmp.o)
                0x0000000000802748                strcmp
 .text          0x0000000000802824        0x0 c:/intelfpga_lite/16.1/nios2eds/bin/gnu/h-x86_64-mingw32/bin/../lib/gcc/nios2-elf/5.3.0/../../../../../H-x86_64-mingw32/nios2-elf/lib/mno-hw-mul\libc.a(lib_a-strncpy.o)
 .text.strncpy  0x0000000000802824       0xec c:/intelfpga_lite/16.1/nios2eds/bin/gnu/h-x86_64-mingw32/bin/../lib/gcc/nios2-elf/5.3.0/../../../../../H-x86_64-mingw32/nios2-elf/lib/mno-hw-mul\libc.a(lib_a-strncpy.o)
                0x0000000000802824                strncpy
 .text          0x0000000000802910        0x0 c:/intelfpga_lite/16.1/nios2eds/bin/gnu/h-x86_64-mingw32/bin/../lib/gcc/nios2-elf/5.3.0/../../../../../H-x86_64-mingw32/nios2-elf/lib/mno-hw-mul\libc.a(lib_a-strtoull.o)
 .text.strtoull
                0x0000000000802910       0x1c c:/intelfpga_lite/16.1/nios2eds/bin/gnu/h-x86_64-mingw32/bin/../lib/gcc/nios2-elf/5.3.0/../../../../../H-x86_64-mingw32/nios2-elf/lib/mno-hw-mul\libc.a(lib_a-strtoull.o)
                0x0000000000802910                strtoull
 .text          0x000000000080292c        0x0 c:/intelfpga_lite/16.1/nios2eds/bin/gnu/h-x86_64-mingw32/bin/../lib/gcc/nios2-elf/5.3.0/../../../../../H-x86_64-mingw32/nios2-elf/lib/mno-hw-mul\libc.a(lib_a-strtoull_r.o)
 .text._strtoull_r
                0x000000000080292c      0x320 c:/intelfpga_lite/16.1/nios2eds/bin/gnu/h-x86_64-mingw32/bin/../lib/gcc/nios2-elf/5.3.0/../../../../../H-x86_64-mingw32/nios2-elf/lib/mno-hw-mul\libc.a(lib_a-strtoull_r.o)
                0x000000000080292c                _strtoull_r
 .text          0x0000000000802c4c        0x0 c:/intelfpga_lite/16.1/nios2eds/bin/gnu/h-x86_64-mingw32/bin/../lib/gcc/nios2-elf/5.3.0/../../../../../H-x86_64-mingw32/nios2-elf/lib/mno-hw-mul\libc.a(lib_a-vfprintf.o)
 .text.___vfprintf_internal_r
                0x0000000000802c4c     0x22dc c:/intelfpga_lite/16.1/nios2eds/bin/gnu/h-x86_64-mingw32/bin/../lib/gcc/nios2-elf/5.3.0/../../../../../H-x86_64-mingw32/nios2-elf/lib/mno-hw-mul\libc.a(lib_a-vfprintf.o)
                0x0000000000802c4c                ___vfprintf_internal_r
 .text.__vfprintf_internal
                0x0000000000804f28       0x1c c:/intelfpga_lite/16.1/nios2eds/bin/gnu/h-x86_64-mingw32/bin/../lib/gcc/nios2-elf/5.3.0/../../../../../H-x86_64-mingw32/nios2-elf/lib/mno-hw-mul\libc.a(lib_a-vfprintf.o)
                0x0000000000804f28                __vfprintf_internal
 .text.__sbprintf
                0x0000000000804f44       0xbc c:/intelfpga_lite/16.1/nios2eds/bin/gnu/h-x86_64-mingw32/bin/../lib/gcc/nios2-elf/5.3.0/../../../../../H-x86_64-mingw32/nios2-elf/lib/mno-hw-mul\libc.a(lib_a-vfprintf.o)
 .text          0x0000000000805000        0x0 c:/intelfpga_lite/16.1/nios2eds/bin/gnu/h-x86_64-mingw32/bin/../lib/gcc/nios2-elf/5.3.0/../../../../../H-x86_64-mingw32/nios2-elf/lib/mno-hw-mul\libc.a(lib_a-writer.o)
 .text._write_r
                0x0000000000805000       0x60 c:/intelfpga_lite/16.1/nios2eds/bin/gnu/h-x86_64-mingw32/bin/../lib/gcc/nios2-elf/5.3.0/../../../../../H-x86_64-mingw32/nios2-elf/lib/mno-hw-mul\libc.a(lib_a-writer.o)
                0x0000000000805000                _write_r
 .text          0x0000000000805060        0x0 c:/intelfpga_lite/16.1/nios2eds/bin/gnu/h-x86_64-mingw32/bin/../lib/gcc/nios2-elf/5.3.0/../../../../../H-x86_64-mingw32/nios2-elf/lib/mno-hw-mul\libc.a(lib_a-wsetup.o)
 .text.__swsetup_r
                0x0000000000805060      0x154 c:/intelfpga_lite/16.1/nios2eds/bin/gnu/h-x86_64-mingw32/bin/../lib/gcc/nios2-elf/5.3.0/../../../../../H-x86_64-mingw32/nios2-elf/lib/mno-hw-mul\libc.a(lib_a-wsetup.o)
                0x0000000000805060                __swsetup_r
 .text          0x00000000008051b4        0x0 c:/intelfpga_lite/16.1/nios2eds/bin/gnu/h-x86_64-mingw32/bin/../lib/gcc/nios2-elf/5.3.0/../../../../../H-x86_64-mingw32/nios2-elf/lib/mno-hw-mul\libc.a(closer.o)
 .text._close_r
                0x00000000008051b4       0x54 c:/intelfpga_lite/16.1/nios2eds/bin/gnu/h-x86_64-mingw32/bin/../lib/gcc/nios2-elf/5.3.0/../../../../../H-x86_64-mingw32/nios2-elf/lib/mno-hw-mul\libc.a(closer.o)
                0x00000000008051b4                _close_r
 .text          0x0000000000805208        0x0 c:/intelfpga_lite/16.1/nios2eds/bin/gnu/h-x86_64-mingw32/bin/../lib/gcc/nios2-elf/5.3.0/../../../../../H-x86_64-mingw32/nios2-elf/lib/mno-hw-mul\libc.a(lib_a-ctype_.o)
 .text          0x0000000000805208        0x0 c:/intelfpga_lite/16.1/nios2eds/bin/gnu/h-x86_64-mingw32/bin/../lib/gcc/nios2-elf/5.3.0/../../../../../H-x86_64-mingw32/nios2-elf/lib/mno-hw-mul\libc.a(lib_a-dtoa.o)
 .text.quorem   0x0000000000805208      0x228 c:/intelfpga_lite/16.1/nios2eds/bin/gnu/h-x86_64-mingw32/bin/../lib/gcc/nios2-elf/5.3.0/../../../../../H-x86_64-mingw32/nios2-elf/lib/mno-hw-mul\libc.a(lib_a-dtoa.o)
 .text._dtoa_r  0x0000000000805430     0x1688 c:/intelfpga_lite/16.1/nios2eds/bin/gnu/h-x86_64-mingw32/bin/../lib/gcc/nios2-elf/5.3.0/../../../../../H-x86_64-mingw32/nios2-elf/lib/mno-hw-mul\libc.a(lib_a-dtoa.o)
                0x0000000000805430                _dtoa_r
 .text          0x0000000000806ab8        0x0 c:/intelfpga_lite/16.1/nios2eds/bin/gnu/h-x86_64-mingw32/bin/../lib/gcc/nios2-elf/5.3.0/../../../../../H-x86_64-mingw32/nios2-elf/lib/mno-hw-mul\libc.a(lib_a-fclose.o)
 .text._fclose_r
                0x0000000000806ab8       0xf0 c:/intelfpga_lite/16.1/nios2eds/bin/gnu/h-x86_64-mingw32/bin/../lib/gcc/nios2-elf/5.3.0/../../../../../H-x86_64-mingw32/nios2-elf/lib/mno-hw-mul\libc.a(lib_a-fclose.o)
                0x0000000000806ab8                _fclose_r
 .text.fclose   0x0000000000806ba8       0x14 c:/intelfpga_lite/16.1/nios2eds/bin/gnu/h-x86_64-mingw32/bin/../lib/gcc/nios2-elf/5.3.0/../../../../../H-x86_64-mingw32/nios2-elf/lib/mno-hw-mul\libc.a(lib_a-fclose.o)
                0x0000000000806ba8                fclose
 .text          0x0000000000806bbc        0x0 c:/intelfpga_lite/16.1/nios2eds/bin/gnu/h-x86_64-mingw32/bin/../lib/gcc/nios2-elf/5.3.0/../../../../../H-x86_64-mingw32/nios2-elf/lib/mno-hw-mul\libc.a(lib_a-fflush.o)
 .text.__sflush_r
                0x0000000000806bbc      0x21c c:/intelfpga_lite/16.1/nios2eds/bin/gnu/h-x86_64-mingw32/bin/../lib/gcc/nios2-elf/5.3.0/../../../../../H-x86_64-mingw32/nios2-elf/lib/mno-hw-mul\libc.a(lib_a-fflush.o)
                0x0000000000806bbc                __sflush_r
 .text._fflush_r
                0x0000000000806dd8       0x5c c:/intelfpga_lite/16.1/nios2eds/bin/gnu/h-x86_64-mingw32/bin/../lib/gcc/nios2-elf/5.3.0/../../../../../H-x86_64-mingw32/nios2-elf/lib/mno-hw-mul\libc.a(lib_a-fflush.o)
                0x0000000000806dd8                _fflush_r
 .text.fflush   0x0000000000806e34       0x30 c:/intelfpga_lite/16.1/nios2eds/bin/gnu/h-x86_64-mingw32/bin/../lib/gcc/nios2-elf/5.3.0/../../../../../H-x86_64-mingw32/nios2-elf/lib/mno-hw-mul\libc.a(lib_a-fflush.o)
                0x0000000000806e34                fflush
 .text          0x0000000000806e64        0x0 c:/intelfpga_lite/16.1/nios2eds/bin/gnu/h-x86_64-mingw32/bin/../lib/gcc/nios2-elf/5.3.0/../../../../../H-x86_64-mingw32/nios2-elf/lib/mno-hw-mul\libc.a(lib_a-flags.o)
 .text.__sflags
                0x0000000000806e64       0xac c:/intelfpga_lite/16.1/nios2eds/bin/gnu/h-x86_64-mingw32/bin/../lib/gcc/nios2-elf/5.3.0/../../../../../H-x86_64-mingw32/nios2-elf/lib/mno-hw-mul\libc.a(lib_a-flags.o)
                0x0000000000806e64                __sflags
 .text          0x0000000000806f10        0x0 c:/intelfpga_lite/16.1/nios2eds/bin/gnu/h-x86_64-mingw32/bin/../lib/gcc/nios2-elf/5.3.0/../../../../../H-x86_64-mingw32/nios2-elf/lib/mno-hw-mul\libc.a(lib_a-freer.o)
 .text._malloc_trim_r
                0x0000000000806f10      0x124 c:/intelfpga_lite/16.1/nios2eds/bin/gnu/h-x86_64-mingw32/bin/../lib/gcc/nios2-elf/5.3.0/../../../../../H-x86_64-mingw32/nios2-elf/lib/mno-hw-mul\libc.a(lib_a-freer.o)
                0x0000000000806f10                _malloc_trim_r
 .text._free_r  0x0000000000807034      0x310 c:/intelfpga_lite/16.1/nios2eds/bin/gnu/h-x86_64-mingw32/bin/../lib/gcc/nios2-elf/5.3.0/../../../../../H-x86_64-mingw32/nios2-elf/lib/mno-hw-mul\libc.a(lib_a-freer.o)
                0x0000000000807034                _free_r
 .text          0x0000000000807344        0x0 c:/intelfpga_lite/16.1/nios2eds/bin/gnu/h-x86_64-mingw32/bin/../lib/gcc/nios2-elf/5.3.0/../../../../../H-x86_64-mingw32/nios2-elf/lib/mno-hw-mul\libc.a(lib_a-fvwrite.o)
 .text.__sfvwrite_r
                0x0000000000807344      0x4c8 c:/intelfpga_lite/16.1/nios2eds/bin/gnu/h-x86_64-mingw32/bin/../lib/gcc/nios2-elf/5.3.0/../../../../../H-x86_64-mingw32/nios2-elf/lib/mno-hw-mul\libc.a(lib_a-fvwrite.o)
                0x0000000000807344                __sfvwrite_r
 .text          0x000000000080780c        0x0 c:/intelfpga_lite/16.1/nios2eds/bin/gnu/h-x86_64-mingw32/bin/../lib/gcc/nios2-elf/5.3.0/../../../../../H-x86_64-mingw32/nios2-elf/lib/mno-hw-mul\libc.a(lib_a-isattyr.o)
 .text._isatty_r
                0x000000000080780c       0x54 c:/intelfpga_lite/16.1/nios2eds/bin/gnu/h-x86_64-mingw32/bin/../lib/gcc/nios2-elf/5.3.0/../../../../../H-x86_64-mingw32/nios2-elf/lib/mno-hw-mul\libc.a(lib_a-isattyr.o)
                0x000000000080780c                _isatty_r
 .text          0x0000000000807860        0x0 c:/intelfpga_lite/16.1/nios2eds/bin/gnu/h-x86_64-mingw32/bin/../lib/gcc/nios2-elf/5.3.0/../../../../../H-x86_64-mingw32/nios2-elf/lib/mno-hw-mul\libc.a(lib_a-locale.o)
 .text._setlocale_r
                0x0000000000807860       0x7c c:/intelfpga_lite/16.1/nios2eds/bin/gnu/h-x86_64-mingw32/bin/../lib/gcc/nios2-elf/5.3.0/../../../../../H-x86_64-mingw32/nios2-elf/lib/mno-hw-mul\libc.a(lib_a-locale.o)
                0x0000000000807860                _setlocale_r
 .text.__locale_charset
                0x00000000008078dc        0xc c:/intelfpga_lite/16.1/nios2eds/bin/gnu/h-x86_64-mingw32/bin/../lib/gcc/nios2-elf/5.3.0/../../../../../H-x86_64-mingw32/nios2-elf/lib/mno-hw-mul\libc.a(lib_a-locale.o)
                0x00000000008078dc                __locale_charset
 .text.__locale_mb_cur_max
                0x00000000008078e8       0x10 c:/intelfpga_lite/16.1/nios2eds/bin/gnu/h-x86_64-mingw32/bin/../lib/gcc/nios2-elf/5.3.0/../../../../../H-x86_64-mingw32/nios2-elf/lib/mno-hw-mul\libc.a(lib_a-locale.o)
                0x00000000008078e8                __locale_mb_cur_max
 .text.__locale_msgcharset
                0x00000000008078f8        0xc c:/intelfpga_lite/16.1/nios2eds/bin/gnu/h-x86_64-mingw32/bin/../lib/gcc/nios2-elf/5.3.0/../../../../../H-x86_64-mingw32/nios2-elf/lib/mno-hw-mul\libc.a(lib_a-locale.o)
                0x00000000008078f8                __locale_msgcharset
 .text.__locale_cjk_lang
                0x0000000000807904        0x8 c:/intelfpga_lite/16.1/nios2eds/bin/gnu/h-x86_64-mingw32/bin/../lib/gcc/nios2-elf/5.3.0/../../../../../H-x86_64-mingw32/nios2-elf/lib/mno-hw-mul\libc.a(lib_a-locale.o)
                0x0000000000807904                __locale_cjk_lang
 .text._localeconv_r
                0x000000000080790c        0xc c:/intelfpga_lite/16.1/nios2eds/bin/gnu/h-x86_64-mingw32/bin/../lib/gcc/nios2-elf/5.3.0/../../../../../H-x86_64-mingw32/nios2-elf/lib/mno-hw-mul\libc.a(lib_a-locale.o)
                0x000000000080790c                _localeconv_r
 .text.setlocale
                0x0000000000807918       0x18 c:/intelfpga_lite/16.1/nios2eds/bin/gnu/h-x86_64-mingw32/bin/../lib/gcc/nios2-elf/5.3.0/../../../../../H-x86_64-mingw32/nios2-elf/lib/mno-hw-mul\libc.a(lib_a-locale.o)
                0x0000000000807918                setlocale
 .text.localeconv
                0x0000000000807930        0xc c:/intelfpga_lite/16.1/nios2eds/bin/gnu/h-x86_64-mingw32/bin/../lib/gcc/nios2-elf/5.3.0/../../../../../H-x86_64-mingw32/nios2-elf/lib/mno-hw-mul\libc.a(lib_a-locale.o)
                0x0000000000807930                localeconv
 .text          0x000000000080793c        0x0 c:/intelfpga_lite/16.1/nios2eds/bin/gnu/h-x86_64-mingw32/bin/../lib/gcc/nios2-elf/5.3.0/../../../../../H-x86_64-mingw32/nios2-elf/lib/mno-hw-mul\libc.a(lib_a-lseekr.o)
 .text._lseek_r
                0x000000000080793c       0x60 c:/intelfpga_lite/16.1/nios2eds/bin/gnu/h-x86_64-mingw32/bin/../lib/gcc/nios2-elf/5.3.0/../../../../../H-x86_64-mingw32/nios2-elf/lib/mno-hw-mul\libc.a(lib_a-lseekr.o)
                0x000000000080793c                _lseek_r
 .text          0x000000000080799c        0x0 c:/intelfpga_lite/16.1/nios2eds/bin/gnu/h-x86_64-mingw32/bin/../lib/gcc/nios2-elf/5.3.0/../../../../../H-x86_64-mingw32/nios2-elf/lib/mno-hw-mul\libc.a(lib_a-memmove.o)
 .text.memmove  0x000000000080799c      0x15c c:/intelfpga_lite/16.1/nios2eds/bin/gnu/h-x86_64-mingw32/bin/../lib/gcc/nios2-elf/5.3.0/../../../../../H-x86_64-mingw32/nios2-elf/lib/mno-hw-mul\libc.a(lib_a-memmove.o)
                0x000000000080799c                memmove
 .text          0x0000000000807af8        0x0 c:/intelfpga_lite/16.1/nios2eds/bin/gnu/h-x86_64-mingw32/bin/../lib/gcc/nios2-elf/5.3.0/../../../../../H-x86_64-mingw32/nios2-elf/lib/mno-hw-mul\libc.a(lib_a-mprec.o)
 .text._Balloc  0x0000000000807af8       0xa8 c:/intelfpga_lite/16.1/nios2eds/bin/gnu/h-x86_64-mingw32/bin/../lib/gcc/nios2-elf/5.3.0/../../../../../H-x86_64-mingw32/nios2-elf/lib/mno-hw-mul\libc.a(lib_a-mprec.o)
                0x0000000000807af8                _Balloc
 .text._Bfree   0x0000000000807ba0       0x28 c:/intelfpga_lite/16.1/nios2eds/bin/gnu/h-x86_64-mingw32/bin/../lib/gcc/nios2-elf/5.3.0/../../../../../H-x86_64-mingw32/nios2-elf/lib/mno-hw-mul\libc.a(lib_a-mprec.o)
                0x0000000000807ba0                _Bfree
 .text.__multadd
                0x0000000000807bc8      0x148 c:/intelfpga_lite/16.1/nios2eds/bin/gnu/h-x86_64-mingw32/bin/../lib/gcc/nios2-elf/5.3.0/../../../../../H-x86_64-mingw32/nios2-elf/lib/mno-hw-mul\libc.a(lib_a-mprec.o)
                0x0000000000807bc8                __multadd
 .text.__s2b    0x0000000000807d10      0x104 c:/intelfpga_lite/16.1/nios2eds/bin/gnu/h-x86_64-mingw32/bin/../lib/gcc/nios2-elf/5.3.0/../../../../../H-x86_64-mingw32/nios2-elf/lib/mno-hw-mul\libc.a(lib_a-mprec.o)
                0x0000000000807d10                __s2b
 .text.__hi0bits
                0x0000000000807e14       0x68 c:/intelfpga_lite/16.1/nios2eds/bin/gnu/h-x86_64-mingw32/bin/../lib/gcc/nios2-elf/5.3.0/../../../../../H-x86_64-mingw32/nios2-elf/lib/mno-hw-mul\libc.a(lib_a-mprec.o)
                0x0000000000807e14                __hi0bits
 .text.__lo0bits
                0x0000000000807e7c       0xb0 c:/intelfpga_lite/16.1/nios2eds/bin/gnu/h-x86_64-mingw32/bin/../lib/gcc/nios2-elf/5.3.0/../../../../../H-x86_64-mingw32/nios2-elf/lib/mno-hw-mul\libc.a(lib_a-mprec.o)
                0x0000000000807e7c                __lo0bits
 .text.__i2b    0x0000000000807f2c       0x3c c:/intelfpga_lite/16.1/nios2eds/bin/gnu/h-x86_64-mingw32/bin/../lib/gcc/nios2-elf/5.3.0/../../../../../H-x86_64-mingw32/nios2-elf/lib/mno-hw-mul\libc.a(lib_a-mprec.o)
                0x0000000000807f2c                __i2b
 .text.__multiply
                0x0000000000807f68      0x28c c:/intelfpga_lite/16.1/nios2eds/bin/gnu/h-x86_64-mingw32/bin/../lib/gcc/nios2-elf/5.3.0/../../../../../H-x86_64-mingw32/nios2-elf/lib/mno-hw-mul\libc.a(lib_a-mprec.o)
                0x0000000000807f68                __multiply
 .text.__pow5mult
                0x00000000008081f4      0x140 c:/intelfpga_lite/16.1/nios2eds/bin/gnu/h-x86_64-mingw32/bin/../lib/gcc/nios2-elf/5.3.0/../../../../../H-x86_64-mingw32/nios2-elf/lib/mno-hw-mul\libc.a(lib_a-mprec.o)
                0x00000000008081f4                __pow5mult
 .text.__lshift
                0x0000000000808334      0x148 c:/intelfpga_lite/16.1/nios2eds/bin/gnu/h-x86_64-mingw32/bin/../lib/gcc/nios2-elf/5.3.0/../../../../../H-x86_64-mingw32/nios2-elf/lib/mno-hw-mul\libc.a(lib_a-mprec.o)
                0x0000000000808334                __lshift
 .text.__mcmp   0x000000000080847c       0x60 c:/intelfpga_lite/16.1/nios2eds/bin/gnu/h-x86_64-mingw32/bin/../lib/gcc/nios2-elf/5.3.0/../../../../../H-x86_64-mingw32/nios2-elf/lib/mno-hw-mul\libc.a(lib_a-mprec.o)
                0x000000000080847c                __mcmp
 .text.__mdiff  0x00000000008084dc      0x1fc c:/intelfpga_lite/16.1/nios2eds/bin/gnu/h-x86_64-mingw32/bin/../lib/gcc/nios2-elf/5.3.0/../../../../../H-x86_64-mingw32/nios2-elf/lib/mno-hw-mul\libc.a(lib_a-mprec.o)
                0x00000000008084dc                __mdiff
 .text.__ulp    0x00000000008086d8       0x64 c:/intelfpga_lite/16.1/nios2eds/bin/gnu/h-x86_64-mingw32/bin/../lib/gcc/nios2-elf/5.3.0/../../../../../H-x86_64-mingw32/nios2-elf/lib/mno-hw-mul\libc.a(lib_a-mprec.o)
                0x00000000008086d8                __ulp
 .text.__b2d    0x000000000080873c      0x10c c:/intelfpga_lite/16.1/nios2eds/bin/gnu/h-x86_64-mingw32/bin/../lib/gcc/nios2-elf/5.3.0/../../../../../H-x86_64-mingw32/nios2-elf/lib/mno-hw-mul\libc.a(lib_a-mprec.o)
                0x000000000080873c                __b2d
 .text.__d2b    0x0000000000808848      0x14c c:/intelfpga_lite/16.1/nios2eds/bin/gnu/h-x86_64-mingw32/bin/../lib/gcc/nios2-elf/5.3.0/../../../../../H-x86_64-mingw32/nios2-elf/lib/mno-hw-mul\libc.a(lib_a-mprec.o)
                0x0000000000808848                __d2b
 .text.__ratio  0x0000000000808994       0xa4 c:/intelfpga_lite/16.1/nios2eds/bin/gnu/h-x86_64-mingw32/bin/../lib/gcc/nios2-elf/5.3.0/../../../../../H-x86_64-mingw32/nios2-elf/lib/mno-hw-mul\libc.a(lib_a-mprec.o)
                0x0000000000808994                __ratio
 .text._mprec_log10
                0x0000000000808a38       0x74 c:/intelfpga_lite/16.1/nios2eds/bin/gnu/h-x86_64-mingw32/bin/../lib/gcc/nios2-elf/5.3.0/../../../../../H-x86_64-mingw32/nios2-elf/lib/mno-hw-mul\libc.a(lib_a-mprec.o)
                0x0000000000808a38                _mprec_log10
 .text.__copybits
                0x0000000000808aac       0x78 c:/intelfpga_lite/16.1/nios2eds/bin/gnu/h-x86_64-mingw32/bin/../lib/gcc/nios2-elf/5.3.0/../../../../../H-x86_64-mingw32/nios2-elf/lib/mno-hw-mul\libc.a(lib_a-mprec.o)
                0x0000000000808aac                __copybits
 .text.__any_on
                0x0000000000808b24       0x8c c:/intelfpga_lite/16.1/nios2eds/bin/gnu/h-x86_64-mingw32/bin/../lib/gcc/nios2-elf/5.3.0/../../../../../H-x86_64-mingw32/nios2-elf/lib/mno-hw-mul\libc.a(lib_a-mprec.o)
                0x0000000000808b24                __any_on
 .text          0x0000000000808bb0        0x0 c:/intelfpga_lite/16.1/nios2eds/bin/gnu/h-x86_64-mingw32/bin/../lib/gcc/nios2-elf/5.3.0/../../../../../H-x86_64-mingw32/nios2-elf/lib/mno-hw-mul\libc.a(lib_a-readr.o)
 .text._read_r  0x0000000000808bb0       0x60 c:/intelfpga_lite/16.1/nios2eds/bin/gnu/h-x86_64-mingw32/bin/../lib/gcc/nios2-elf/5.3.0/../../../../../H-x86_64-mingw32/nios2-elf/lib/mno-hw-mul\libc.a(lib_a-readr.o)
                0x0000000000808bb0                _read_r
 .text          0x0000000000808c10        0x0 c:/intelfpga_lite/16.1/nios2eds/bin/gnu/h-x86_64-mingw32/bin/../lib/gcc/nios2-elf/5.3.0/../../../../../H-x86_64-mingw32/nios2-elf/lib/mno-hw-mul\libc.a(lib_a-reallocr.o)
 .text._realloc_r
                0x0000000000808c10      0x564 c:/intelfpga_lite/16.1/nios2eds/bin/gnu/h-x86_64-mingw32/bin/../lib/gcc/nios2-elf/5.3.0/../../../../../H-x86_64-mingw32/nios2-elf/lib/mno-hw-mul\libc.a(lib_a-reallocr.o)
                0x0000000000808c10                _realloc_r
 .text          0x0000000000809174        0x0 c:/intelfpga_lite/16.1/nios2eds/bin/gnu/h-x86_64-mingw32/bin/../lib/gcc/nios2-elf/5.3.0/../../../../../H-x86_64-mingw32/nios2-elf/lib/mno-hw-mul\libc.a(lib_a-s_fpclassify.o)
 .text.__fpclassifyd
                0x0000000000809174       0x74 c:/intelfpga_lite/16.1/nios2eds/bin/gnu/h-x86_64-mingw32/bin/../lib/gcc/nios2-elf/5.3.0/../../../../../H-x86_64-mingw32/nios2-elf/lib/mno-hw-mul\libc.a(lib_a-s_fpclassify.o)
                0x0000000000809174                __fpclassifyd
 .text          0x00000000008091e8        0x0 c:/intelfpga_lite/16.1/nios2eds/bin/gnu/h-x86_64-mingw32/bin/../lib/gcc/nios2-elf/5.3.0/../../../../../H-x86_64-mingw32/nios2-elf/lib/mno-hw-mul\libc.a(lib_a-strlen.o)
 .text.strlen   0x00000000008091e8       0x98 c:/intelfpga_lite/16.1/nios2eds/bin/gnu/h-x86_64-mingw32/bin/../lib/gcc/nios2-elf/5.3.0/../../../../../H-x86_64-mingw32/nios2-elf/lib/mno-hw-mul\libc.a(lib_a-strlen.o)
                0x00000000008091e8                strlen
 .text          0x0000000000809280        0x0 c:/intelfpga_lite/16.1/nios2eds/bin/gnu/h-x86_64-mingw32/bin/../lib/gcc/nios2-elf/5.3.0/../../../../../H-x86_64-mingw32/nios2-elf/lib/mno-hw-mul\libc.a(lib_a-vfiprintf.o)
 .text.__sprint_r.part.0
                0x0000000000809280       0xfc c:/intelfpga_lite/16.1/nios2eds/bin/gnu/h-x86_64-mingw32/bin/../lib/gcc/nios2-elf/5.3.0/../../../../../H-x86_64-mingw32/nios2-elf/lib/mno-hw-mul\libc.a(lib_a-vfiprintf.o)
 .text.__sprint_r
                0x000000000080937c       0x18 c:/intelfpga_lite/16.1/nios2eds/bin/gnu/h-x86_64-mingw32/bin/../lib/gcc/nios2-elf/5.3.0/../../../../../H-x86_64-mingw32/nios2-elf/lib/mno-hw-mul\libc.a(lib_a-vfiprintf.o)
                0x000000000080937c                __sprint_r
 .text.___vfiprintf_internal_r
                0x0000000000809394     0x150c c:/intelfpga_lite/16.1/nios2eds/bin/gnu/h-x86_64-mingw32/bin/../lib/gcc/nios2-elf/5.3.0/../../../../../H-x86_64-mingw32/nios2-elf/lib/mno-hw-mul\libc.a(lib_a-vfiprintf.o)
                0x0000000000809394                ___vfiprintf_internal_r
 .text.__vfiprintf_internal
                0x000000000080a8a0       0x1c c:/intelfpga_lite/16.1/nios2eds/bin/gnu/h-x86_64-mingw32/bin/../lib/gcc/nios2-elf/5.3.0/../../../../../H-x86_64-mingw32/nios2-elf/lib/mno-hw-mul\libc.a(lib_a-vfiprintf.o)
                0x000000000080a8a0                __vfiprintf_internal
 .text.__sbprintf
                0x000000000080a8bc       0xbc c:/intelfpga_lite/16.1/nios2eds/bin/gnu/h-x86_64-mingw32/bin/../lib/gcc/nios2-elf/5.3.0/../../../../../H-x86_64-mingw32/nios2-elf/lib/mno-hw-mul\libc.a(lib_a-vfiprintf.o)
 .text          0x000000000080a978        0x0 c:/intelfpga_lite/16.1/nios2eds/bin/gnu/h-x86_64-mingw32/bin/../lib/gcc/nios2-elf/5.3.0/../../../../../H-x86_64-mingw32/nios2-elf/lib/mno-hw-mul\libc.a(lib_a-callocr.o)
 .text._calloc_r
                0x000000000080a978       0xdc c:/intelfpga_lite/16.1/nios2eds/bin/gnu/h-x86_64-mingw32/bin/../lib/gcc/nios2-elf/5.3.0/../../../../../H-x86_64-mingw32/nios2-elf/lib/mno-hw-mul\libc.a(lib_a-callocr.o)
                0x000000000080a978                _calloc_r
 .text          0x000000000080aa54        0x0 c:/intelfpga_lite/16.1/nios2eds/bin/gnu/h-x86_64-mingw32/bin/../lib/gcc/nios2-elf/5.3.0/../../../../../H-x86_64-mingw32/nios2-elf/lib/mno-hw-mul\libc.a(lib_a-fputwc.o)
 .text.__fputwc
                0x000000000080aa54      0x164 c:/intelfpga_lite/16.1/nios2eds/bin/gnu/h-x86_64-mingw32/bin/../lib/gcc/nios2-elf/5.3.0/../../../../../H-x86_64-mingw32/nios2-elf/lib/mno-hw-mul\libc.a(lib_a-fputwc.o)
                0x000000000080aa54                __fputwc
 .text._fputwc_r
                0x000000000080abb8       0x24 c:/intelfpga_lite/16.1/nios2eds/bin/gnu/h-x86_64-mingw32/bin/../lib/gcc/nios2-elf/5.3.0/../../../../../H-x86_64-mingw32/nios2-elf/lib/mno-hw-mul\libc.a(lib_a-fputwc.o)
                0x000000000080abb8                _fputwc_r
 .text.fputwc   0x000000000080abdc       0x80 c:/intelfpga_lite/16.1/nios2eds/bin/gnu/h-x86_64-mingw32/bin/../lib/gcc/nios2-elf/5.3.0/../../../../../H-x86_64-mingw32/nios2-elf/lib/mno-hw-mul\libc.a(lib_a-fputwc.o)
                0x000000000080abdc                fputwc
 .text          0x000000000080ac5c        0x0 c:/intelfpga_lite/16.1/nios2eds/bin/gnu/h-x86_64-mingw32/bin/../lib/gcc/nios2-elf/5.3.0/../../../../../H-x86_64-mingw32/nios2-elf/lib/mno-hw-mul\libc.a(lib_a-wbuf.o)
 .text.__swbuf_r
                0x000000000080ac5c      0x140 c:/intelfpga_lite/16.1/nios2eds/bin/gnu/h-x86_64-mingw32/bin/../lib/gcc/nios2-elf/5.3.0/../../../../../H-x86_64-mingw32/nios2-elf/lib/mno-hw-mul\libc.a(lib_a-wbuf.o)
                0x000000000080ac5c                __swbuf_r
 .text.__swbuf  0x000000000080ad9c       0x18 c:/intelfpga_lite/16.1/nios2eds/bin/gnu/h-x86_64-mingw32/bin/../lib/gcc/nios2-elf/5.3.0/../../../../../H-x86_64-mingw32/nios2-elf/lib/mno-hw-mul\libc.a(lib_a-wbuf.o)
                0x000000000080ad9c                __swbuf
 .text          0x000000000080adb4        0x0 c:/intelfpga_lite/16.1/nios2eds/bin/gnu/h-x86_64-mingw32/bin/../lib/gcc/nios2-elf/5.3.0/../../../../../H-x86_64-mingw32/nios2-elf/lib/mno-hw-mul\libc.a(lib_a-wcrtomb.o)
 .text._wcrtomb_r
                0x000000000080adb4       0x9c c:/intelfpga_lite/16.1/nios2eds/bin/gnu/h-x86_64-mingw32/bin/../lib/gcc/nios2-elf/5.3.0/../../../../../H-x86_64-mingw32/nios2-elf/lib/mno-hw-mul\libc.a(lib_a-wcrtomb.o)
                0x000000000080adb4                _wcrtomb_r
 .text.wcrtomb  0x000000000080ae50       0xc0 c:/intelfpga_lite/16.1/nios2eds/bin/gnu/h-x86_64-mingw32/bin/../lib/gcc/nios2-elf/5.3.0/../../../../../H-x86_64-mingw32/nios2-elf/lib/mno-hw-mul\libc.a(lib_a-wcrtomb.o)
                0x000000000080ae50                wcrtomb
 .text          0x000000000080af10        0x0 c:/intelfpga_lite/16.1/nios2eds/bin/gnu/h-x86_64-mingw32/bin/../lib/gcc/nios2-elf/5.3.0/../../../../../H-x86_64-mingw32/nios2-elf/lib/mno-hw-mul\libc.a(lib_a-wctomb_r.o)
 .text.__ascii_wctomb
                0x000000000080af10       0x30 c:/intelfpga_lite/16.1/nios2eds/bin/gnu/h-x86_64-mingw32/bin/../lib/gcc/nios2-elf/5.3.0/../../../../../H-x86_64-mingw32/nios2-elf/lib/mno-hw-mul\libc.a(lib_a-wctomb_r.o)
                0x000000000080af10                __ascii_wctomb
 .text._wctomb_r
                0x000000000080af40       0x5c c:/intelfpga_lite/16.1/nios2eds/bin/gnu/h-x86_64-mingw32/bin/../lib/gcc/nios2-elf/5.3.0/../../../../../H-x86_64-mingw32/nios2-elf/lib/mno-hw-mul\libc.a(lib_a-wctomb_r.o)
                0x000000000080af40                _wctomb_r
 .text          0x000000000080af9c      0x10c c:/intelfpga_lite/16.1/nios2eds/bin/gnu/h-x86_64-mingw32/bin/../lib/gcc/nios2-elf/5.3.0/mno-hw-mul\libgcc.a(_muldi3.o)
                0x000000000080af9c                __muldi3
 .text          0x000000000080b0a8      0x5fc c:/intelfpga_lite/16.1/nios2eds/bin/gnu/h-x86_64-mingw32/bin/../lib/gcc/nios2-elf/5.3.0/mno-hw-mul\libgcc.a(_udivdi3.o)
                0x000000000080b0a8                __udivdi3
 .text          0x000000000080b6a4      0x5c4 c:/intelfpga_lite/16.1/nios2eds/bin/gnu/h-x86_64-mingw32/bin/../lib/gcc/nios2-elf/5.3.0/mno-hw-mul\libgcc.a(_umoddi3.o)
                0x000000000080b6a4                __umoddi3
 .text          0x000000000080bc68      0x1b4 c:/intelfpga_lite/16.1/nios2eds/bin/gnu/h-x86_64-mingw32/bin/../lib/gcc/nios2-elf/5.3.0/mno-hw-mul\libgcc.a(lib2-divmod.o)
                0x000000000080bc68                __divsi3
                0x000000000080bcec                __modsi3
                0x000000000080bd60                __udivsi3
                0x000000000080bdc4                __umodsi3
 .text          0x000000000080be1c       0x28 c:/intelfpga_lite/16.1/nios2eds/bin/gnu/h-x86_64-mingw32/bin/../lib/gcc/nios2-elf/5.3.0/mno-hw-mul\libgcc.a(lib2-mul.o)
                0x000000000080be1c                __mulsi3
 .text          0x000000000080be44      0x8ac c:/intelfpga_lite/16.1/nios2eds/bin/gnu/h-x86_64-mingw32/bin/../lib/gcc/nios2-elf/5.3.0/mno-hw-mul\libgcc.a(adddf3.o)
                0x000000000080be44                __adddf3
 .text          0x000000000080c6f0      0x9d0 c:/intelfpga_lite/16.1/nios2eds/bin/gnu/h-x86_64-mingw32/bin/../lib/gcc/nios2-elf/5.3.0/mno-hw-mul\libgcc.a(divdf3.o)
                0x000000000080c6f0                __divdf3
 .text          0x000000000080d0c0       0x88 c:/intelfpga_lite/16.1/nios2eds/bin/gnu/h-x86_64-mingw32/bin/../lib/gcc/nios2-elf/5.3.0/mno-hw-mul\libgcc.a(eqdf2.o)
                0x000000000080d0c0                __nedf2
                0x000000000080d0c0                __eqdf2
 .text          0x000000000080d148       0xdc c:/intelfpga_lite/16.1/nios2eds/bin/gnu/h-x86_64-mingw32/bin/../lib/gcc/nios2-elf/5.3.0/mno-hw-mul\libgcc.a(gedf2.o)
                0x000000000080d148                __gedf2
                0x000000000080d148                __gtdf2
 .text          0x000000000080d224       0xf4 c:/intelfpga_lite/16.1/nios2eds/bin/gnu/h-x86_64-mingw32/bin/../lib/gcc/nios2-elf/5.3.0/mno-hw-mul\libgcc.a(ledf2.o)
                0x000000000080d224                __ledf2
                0x000000000080d224                __ltdf2
 .text          0x000000000080d318      0x86c c:/intelfpga_lite/16.1/nios2eds/bin/gnu/h-x86_64-mingw32/bin/../lib/gcc/nios2-elf/5.3.0/mno-hw-mul\libgcc.a(muldf3.o)
                0x000000000080d318                __muldf3
 .text          0x000000000080db84      0x8fc c:/intelfpga_lite/16.1/nios2eds/bin/gnu/h-x86_64-mingw32/bin/../lib/gcc/nios2-elf/5.3.0/mno-hw-mul\libgcc.a(subdf3.o)
                0x000000000080db84                __subdf3
 .text          0x000000000080e480       0x80 c:/intelfpga_lite/16.1/nios2eds/bin/gnu/h-x86_64-mingw32/bin/../lib/gcc/nios2-elf/5.3.0/mno-hw-mul\libgcc.a(fixdfsi.o)
                0x000000000080e480                __fixdfsi
 .text          0x000000000080e500       0xdc c:/intelfpga_lite/16.1/nios2eds/bin/gnu/h-x86_64-mingw32/bin/../lib/gcc/nios2-elf/5.3.0/mno-hw-mul\libgcc.a(floatsidf.o)
                0x000000000080e500                __floatsidf
 .text          0x000000000080e5dc       0xa8 c:/intelfpga_lite/16.1/nios2eds/bin/gnu/h-x86_64-mingw32/bin/../lib/gcc/nios2-elf/5.3.0/mno-hw-mul\libgcc.a(floatunsidf.o)
                0x000000000080e5dc                __floatunsidf
 .text          0x000000000080e684        0x0 c:/intelfpga_lite/16.1/nios2eds/bin/gnu/h-x86_64-mingw32/bin/../lib/gcc/nios2-elf/5.3.0/mno-hw-mul\libgcc.a(_clz.o)
 .text          0x000000000080e684       0x64 c:/intelfpga_lite/16.1/nios2eds/bin/gnu/h-x86_64-mingw32/bin/../lib/gcc/nios2-elf/5.3.0/mno-hw-mul\libgcc.a(_clzsi2.o)
                0x000000000080e684                __clzsi2
 .text          0x000000000080e6e8      0x114 ../WAT_TEST_bsp/\libucosii_bsp.a(alt_close.o)
                0x000000000080e724                close
 .text          0x000000000080e7fc       0x2c ../WAT_TEST_bsp/\libucosii_bsp.a(alt_dev.o)
 .text          0x000000000080e828        0x0 ../WAT_TEST_bsp/\libucosii_bsp.a(alt_errno.o)
 .text          0x000000000080e828       0xf4 ../WAT_TEST_bsp/\libucosii_bsp.a(alt_fstat.o)
                0x000000000080e864                fstat
 .text          0x000000000080e91c      0x1b0 ../WAT_TEST_bsp/\libucosii_bsp.a(alt_iic.o)
                0x000000000080e91c                alt_ic_isr_register
                0x000000000080e96c                alt_ic_irq_enable
                0x000000000080e9f4                alt_ic_irq_disable
                0x000000000080ea80                alt_ic_irq_enabled
 .text          0x000000000080eacc       0xf0 ../WAT_TEST_bsp/\libucosii_bsp.a(alt_iic_isr_register.o)
                0x000000000080eacc                alt_iic_isr_register
 .text          0x000000000080ebbc        0x0 ../WAT_TEST_bsp/\libucosii_bsp.a(alt_irq_entry.o)
 .text          0x000000000080ebbc        0x0 ../WAT_TEST_bsp/\libucosii_bsp.a(alt_irq_handler.o)
 .text          0x000000000080ebbc        0x0 ../WAT_TEST_bsp/\libucosii_bsp.a(alt_irq_vars.o)
 .text          0x000000000080ebbc       0xe8 ../WAT_TEST_bsp/\libucosii_bsp.a(alt_isatty.o)
                0x000000000080ebf8                isatty
 .text          0x000000000080eca4      0x118 ../WAT_TEST_bsp/\libucosii_bsp.a(alt_lseek.o)
                0x000000000080ece0                lseek
 .text          0x000000000080edbc       0xbc ../WAT_TEST_bsp/\libucosii_bsp.a(alt_main.o)
                0x000000000080edbc                alt_main
 .text          0x000000000080ee78      0x284 ../WAT_TEST_bsp/\libucosii_bsp.a(alt_open.o)
                0x000000000080efa0                open
 .text          0x000000000080f0fc      0x140 ../WAT_TEST_bsp/\libucosii_bsp.a(alt_read.o)
                0x000000000080f138                read
 .text          0x000000000080f23c       0x84 ../WAT_TEST_bsp/\libucosii_bsp.a(alt_release_fd.o)
                0x000000000080f23c                alt_release_fd
 .text          0x000000000080f2c0       0xb0 ../WAT_TEST_bsp/\libucosii_bsp.a(alt_sbrk.o)
                0x000000000080f2c0                sbrk
 .text          0x000000000080f370      0x13c ../WAT_TEST_bsp/\libucosii_bsp.a(alt_write.o)
                0x000000000080f3ac                write
 .text          0x000000000080f4ac      0x124 ../WAT_TEST_bsp/\libucosii_bsp.a(alt_env_lock.o)
                0x000000000080f4ac                __env_lock
                0x000000000080f570                __env_unlock
 .text          0x000000000080f5d0      0x1ec ../WAT_TEST_bsp/\libucosii_bsp.a(alt_malloc_lock.o)
                0x000000000080f5d0                __malloc_lock
                0x000000000080f6f0                __malloc_unlock
 .text          0x000000000080f7bc     0x2014 ../WAT_TEST_bsp/\libucosii_bsp.a(os_core.o)
                0x000000000080f7bc                OSEventNameGet
                0x000000000080f8dc                OSEventNameSet
                0x000000000080fa1c                OSEventPendMulti
                0x000000000081002c                OSInit
                0x0000000000810084                OSIntEnter
                0x00000000008100d0                OSIntExit
                0x00000000008101c8                OSSchedLock
                0x0000000000810254                OSSchedUnlock
                0x0000000000810330                OSStart
                0x00000000008103a0                OSStatInit
                0x0000000000810450                OSTimeTick
                0x0000000000810670                OSVersion
                0x0000000000810690                OS_Dummy
                0x00000000008106b0                OS_EventTaskRdy
                0x0000000000810848                OS_EventTaskWait
                0x0000000000810958                OS_EventTaskWaitMulti
                0x0000000000810aa8                OS_EventTaskRemove
                0x0000000000810b60                OS_EventTaskRemoveMulti
                0x0000000000810c60                OS_EventWaitListInit
                0x0000000000811040                OS_MemClr
                0x0000000000811094                OS_MemCopy
                0x00000000008110fc                OS_Sched
                0x0000000000811240                OS_StrCopy
                0x00000000008112b4                OS_StrLen
                0x0000000000811308                OS_TaskIdle
                0x0000000000811364                OS_TaskStat
                0x0000000000811430                OS_TaskStatStkChk
                0x00000000008114fc                OS_TCBInit
 .text          0x00000000008117d0      0x190 ../WAT_TEST_bsp/\libucosii_bsp.a(os_dbg.o)
                0x00000000008117d0                OSDebugInit
 .text          0x0000000000811960     0x1714 ../WAT_TEST_bsp/\libucosii_bsp.a(os_flag.o)
                0x0000000000811960                OSFlagAccept
                0x0000000000811c68                OSFlagCreate
                0x0000000000811d70                OSFlagDel
                0x0000000000811fb8                OSFlagNameGet
                0x00000000008120e0                OSFlagNameSet
                0x000000000081222c                OSFlagPend
                0x00000000008127e4                OSFlagPendGetFlagsRdy
                0x0000000000812844                OSFlagPost
                0x0000000000812bd8                OSFlagQuery
                0x0000000000812dfc                OS_FlagInit
                0x0000000000812fd0                OS_FlagUnlink
 .text          0x0000000000813074      0x760 ../WAT_TEST_bsp/\libucosii_bsp.a(os_mem.o)
                0x0000000000813074                OSMemCreate
                0x0000000000813248                OSMemGet
                0x0000000000813338                OSMemNameGet
                0x0000000000813428                OSMemNameSet
                0x000000000081353c                OSMemPut
                0x0000000000813614                OSMemQuery
                0x00000000008136fc                OS_MemInit
 .text          0x00000000008137d4     0x1104 ../WAT_TEST_bsp/\libucosii_bsp.a(os_q.o)
                0x00000000008137d4                OSQAccept
                0x0000000000813914                OSQCreate
                0x0000000000813ac0                OSQDel
                0x0000000000813d40                OSQFlush
                0x0000000000813df8                OSQPend
                0x0000000000814084                OSQPendAbort
                0x00000000008141f0                OSQPost
                0x0000000000814358                OSQPostFront
                0x00000000008144c8                OSQPostOpt
                0x00000000008146d4                OSQQuery
                0x0000000000814830                OS_QInit
 .text          0x00000000008148d8      0xa60 ../WAT_TEST_bsp/\libucosii_bsp.a(os_sem.o)
                0x00000000008148d8                OSSemAccept
                0x0000000000814988                OSSemCreate
                0x0000000000814a60                OSSemDel
                0x0000000000814ca0                OSSemPend
                0x0000000000814eac                OSSemPendAbort
                0x0000000000815018                OSSemPost
                0x0000000000815128                OSSemQuery
                0x0000000000815238                OSSemSet
 .text          0x0000000000815338     0x176c ../WAT_TEST_bsp/\libucosii_bsp.a(os_task.o)
                0x0000000000815338                OSTaskChangePrio
                0x0000000000815828                OSTaskCreate
                0x00000000008159d4                OSTaskCreateExt
                0x0000000000815bb8                OSTaskDel
                0x0000000000815efc                OSTaskDelReq
                0x000000000081604c                OSTaskNameGet
                0x00000000008161e4                OSTaskNameSet
                0x0000000000816398                OSTaskResume
                0x000000000081656c                OSTaskStkChk
                0x000000000081672c                OSTaskSuspend
                0x0000000000816910                OSTaskQuery
                0x0000000000816a34                OS_TaskStkClr
 .text          0x0000000000816aa4      0x510 ../WAT_TEST_bsp/\libucosii_bsp.a(os_time.o)
                0x0000000000816aa4                OSTimeDly
                0x0000000000816ba8                OSTimeDlyHMSM
                0x0000000000816d24                OSTimeDlyResume
                0x0000000000816ef8                OSTimeGet
                0x0000000000816f54                OSTimeSet
 .text          0x0000000000816fb4      0x11c ../WAT_TEST_bsp/\libucosii_bsp.a(alt_sys_init.o)
                0x0000000000816fe8                alt_irq_init
                0x0000000000817020                alt_sys_init
 .text          0x00000000008170d0      0xafc ../WAT_TEST_bsp/\libucosii_bsp.a(altera_avalon_epcs_flash_controller.o)
                0x0000000000817104                alt_epcs_flash_init
                0x000000000081763c                alt_epcs_flash_write
                0x000000000081789c                alt_epcs_flash_get_info
                0x00000000008179bc                alt_epcs_flash_erase_block
                0x0000000000817a34                alt_epcs_flash_write_block
                0x0000000000817b34                alt_epcs_flash_read
 .text          0x0000000000817bcc      0x164 ../WAT_TEST_bsp/\libucosii_bsp.a(altera_avalon_jtag_uart_fd.o)
                0x0000000000817bcc                altera_avalon_jtag_uart_read_fd
                0x0000000000817c2c                altera_avalon_jtag_uart_write_fd
                0x0000000000817c8c                altera_avalon_jtag_uart_close_fd
                0x0000000000817cdc                altera_avalon_jtag_uart_ioctl_fd
 .text          0x0000000000817d30      0x558 ../WAT_TEST_bsp/\libucosii_bsp.a(altera_avalon_jtag_uart_init.o)
                0x0000000000817d30                altera_avalon_jtag_uart_init
                0x0000000000818220                altera_avalon_jtag_uart_close
 .text          0x0000000000818288       0xf0 ../WAT_TEST_bsp/\libucosii_bsp.a(altera_avalon_jtag_uart_ioctl.o)
                0x0000000000818288                altera_avalon_jtag_uart_ioctl
 .text          0x0000000000818378      0x2bc ../WAT_TEST_bsp/\libucosii_bsp.a(altera_avalon_jtag_uart_read.o)
                0x0000000000818378                altera_avalon_jtag_uart_read
 .text          0x0000000000818634      0x2c4 ../WAT_TEST_bsp/\libucosii_bsp.a(altera_avalon_jtag_uart_write.o)
                0x0000000000818634                altera_avalon_jtag_uart_write
 .text          0x00000000008188f8       0xf4 ../WAT_TEST_bsp/\libucosii_bsp.a(altera_avalon_timer_sc.o)
                0x0000000000818970                alt_avalon_timer_sc_init
 .text          0x00000000008189ec      0x110 ../WAT_TEST_bsp/\libucosii_bsp.a(altera_avalon_uart_fd.o)
                0x00000000008189ec                altera_avalon_uart_read_fd
                0x0000000000818a4c                altera_avalon_uart_write_fd
                0x0000000000818aac                altera_avalon_uart_close_fd
 .text          0x0000000000818afc      0x52c ../WAT_TEST_bsp/\libucosii_bsp.a(altera_avalon_uart_init.o)
                0x0000000000818afc                altera_avalon_uart_init
                0x0000000000818fd4                altera_avalon_uart_close
 .text          0x0000000000819028      0x2a4 ../WAT_TEST_bsp/\libucosii_bsp.a(altera_avalon_uart_read.o)
                0x0000000000819064                altera_avalon_uart_read
 .text          0x00000000008192cc      0x274 ../WAT_TEST_bsp/\libucosii_bsp.a(altera_avalon_uart_write.o)
                0x0000000000819308                altera_avalon_uart_write
 .text          0x0000000000819540      0x63c ../WAT_TEST_bsp/\libucosii_bsp.a(epcs_commands.o)
                0x0000000000819540                epcs_read_status_register
                0x0000000000819610                epcs_sector_erase
                0x000000000081970c                epcs_read_buffer
                0x0000000000819800                epcs_write_enable
                0x0000000000819854                epcs_write_status_register
                0x00000000008198c0                epcs_write_buffer
                0x00000000008199dc                epcs_read_electronic_signature
                0x0000000000819a44                epcs_read_device_id
                0x0000000000819ac4                epcs_enter_4_bytes_mode
                0x0000000000819b20                epcs_exit_4_bytes_mode
 .text          0x0000000000819b7c      0x12c ../WAT_TEST_bsp/\libucosii_bsp.a(alt_alarm_start.o)
                0x0000000000819b7c                alt_alarm_start
 .text          0x0000000000819ca8       0xe0 ../WAT_TEST_bsp/\libucosii_bsp.a(alt_dev_llist_insert.o)
                0x0000000000819ce4                alt_dev_llist_insert
 .text          0x0000000000819d88       0x60 ../WAT_TEST_bsp/\libucosii_bsp.a(alt_do_ctors.o)
                0x0000000000819d88                _do_ctors
 .text          0x0000000000819de8       0x60 ../WAT_TEST_bsp/\libucosii_bsp.a(alt_do_dtors.o)
                0x0000000000819de8                _do_dtors
 .text          0x0000000000819e48        0x0 ../WAT_TEST_bsp/\libucosii_bsp.a(alt_exception_entry.o)
 .text          0x0000000000819e48       0x90 ../WAT_TEST_bsp/\libucosii_bsp.a(alt_find_dev.o)
                0x0000000000819e48                alt_find_dev
 .text          0x0000000000819ed8      0x108 ../WAT_TEST_bsp/\libucosii_bsp.a(alt_find_file.o)
                0x0000000000819ed8                alt_find_file
 .text          0x0000000000819fe0       0xbc ../WAT_TEST_bsp/\libucosii_bsp.a(alt_flash_dev.o)
                0x0000000000819fe0                alt_flash_open_dev
                0x000000000081a048                alt_flash_close_dev
 .text          0x000000000081a09c       0xf4 ../WAT_TEST_bsp/\libucosii_bsp.a(alt_get_fd.o)
                0x000000000081a09c                alt_get_fd
 .text          0x000000000081a190       0x9c ../WAT_TEST_bsp/\libucosii_bsp.a(alt_instruction_exception_entry.o)
                0x000000000081a190                alt_exception_cause_generated_bad_addr
 .text          0x000000000081a22c      0x160 ../WAT_TEST_bsp/\libucosii_bsp.a(alt_io_redirect.o)
                0x000000000081a310                alt_io_redirect
 .text          0x000000000081a38c      0x1a4 ../WAT_TEST_bsp/\libucosii_bsp.a(alt_tick.o)
                0x000000000081a38c                alt_alarm_stop
                0x000000000081a428                alt_tick
 .text          0x000000000081a530       0x24 ../WAT_TEST_bsp/\libucosii_bsp.a(altera_nios2_gen2_irq.o)
                0x000000000081a530                altera_nios2_gen2_irq_init
 .text          0x000000000081a554       0xd0 ../WAT_TEST_bsp/\libucosii_bsp.a(os_cpu_a.o)
                0x000000000081a554                OSCtxSw
                0x000000000081a554                OSIntCtxSw
                0x000000000081a5e0                OSStartHighRdy
                0x000000000081a600                OSStartTsk
 .text          0x000000000081a624      0x288 ../WAT_TEST_bsp/\libucosii_bsp.a(os_cpu_c.o)
                0x000000000081a624                OSTaskStkInit
                0x000000000081a780                OSTaskCreateHook
                0x000000000081a7a4                OSTaskDelHook
                0x000000000081a7c8                OSTaskSwHook
                0x000000000081a7e8                OSTaskStatHook
                0x000000000081a808                OSTimeTickHook
                0x000000000081a828                OSInitHookBegin
                0x000000000081a848                OSInitHookEnd
                0x000000000081a868                OSTaskIdleHook
                0x000000000081a888                OSTCBInitHook
 .text          0x000000000081a8ac      0x1fc ../WAT_TEST_bsp/\libucosii_bsp.a(altera_avalon_spi.o)
                0x000000000081a8ac                alt_avalon_spi_command
 .text          0x000000000081aaa8        0x0 c:/intelfpga_lite/16.1/nios2eds/bin/gnu/h-x86_64-mingw32/bin/../lib/gcc/nios2-elf/5.3.0/../../../../../H-x86_64-mingw32/nios2-elf/lib/mno-hw-mul\libc.a(lib_a-atexit.o)
 .text.atexit   0x000000000081aaa8       0x14 c:/intelfpga_lite/16.1/nios2eds/bin/gnu/h-x86_64-mingw32/bin/../lib/gcc/nios2-elf/5.3.0/../../../../../H-x86_64-mingw32/nios2-elf/lib/mno-hw-mul\libc.a(lib_a-atexit.o)
                0x000000000081aaa8                atexit
 .text          0x000000000081aabc        0x0 c:/intelfpga_lite/16.1/nios2eds/bin/gnu/h-x86_64-mingw32/bin/../lib/gcc/nios2-elf/5.3.0/../../../../../H-x86_64-mingw32/nios2-elf/lib/mno-hw-mul\libc.a(lib_a-exit.o)
 .text.exit     0x000000000081aabc       0x38 c:/intelfpga_lite/16.1/nios2eds/bin/gnu/h-x86_64-mingw32/bin/../lib/gcc/nios2-elf/5.3.0/../../../../../H-x86_64-mingw32/nios2-elf/lib/mno-hw-mul\libc.a(lib_a-exit.o)
                0x000000000081aabc                exit
 .text          0x000000000081aaf4        0x0 c:/intelfpga_lite/16.1/nios2eds/bin/gnu/h-x86_64-mingw32/bin/../lib/gcc/nios2-elf/5.3.0/../../../../../H-x86_64-mingw32/nios2-elf/lib/mno-hw-mul\libc.a(lib_a-memcmp.o)
 .text.memcmp   0x000000000081aaf4       0x7c c:/intelfpga_lite/16.1/nios2eds/bin/gnu/h-x86_64-mingw32/bin/../lib/gcc/nios2-elf/5.3.0/../../../../../H-x86_64-mingw32/nios2-elf/lib/mno-hw-mul\libc.a(lib_a-memcmp.o)
                0x000000000081aaf4                memcmp
 .text          0x000000000081ab70        0x0 c:/intelfpga_lite/16.1/nios2eds/bin/gnu/h-x86_64-mingw32/bin/../lib/gcc/nios2-elf/5.3.0/../../../../../H-x86_64-mingw32/nios2-elf/lib/mno-hw-mul\libc.a(lib_a-__atexit.o)
 .text.__register_exitproc
                0x000000000081ab70      0x118 c:/intelfpga_lite/16.1/nios2eds/bin/gnu/h-x86_64-mingw32/bin/../lib/gcc/nios2-elf/5.3.0/../../../../../H-x86_64-mingw32/nios2-elf/lib/mno-hw-mul\libc.a(lib_a-__atexit.o)
                0x000000000081ab70                __register_exitproc
 .text          0x000000000081ac88        0x0 c:/intelfpga_lite/16.1/nios2eds/bin/gnu/h-x86_64-mingw32/bin/../lib/gcc/nios2-elf/5.3.0/../../../../../H-x86_64-mingw32/nios2-elf/lib/mno-hw-mul\libc.a(lib_a-__call_atexit.o)
 .text.__call_exitprocs
                0x000000000081ac88      0x180 c:/intelfpga_lite/16.1/nios2eds/bin/gnu/h-x86_64-mingw32/bin/../lib/gcc/nios2-elf/5.3.0/../../../../../H-x86_64-mingw32/nios2-elf/lib/mno-hw-mul\libc.a(lib_a-__call_atexit.o)
                0x000000000081ac88                __call_exitprocs
 .text          0x000000000081ae08       0x34 ../WAT_TEST_bsp/\libucosii_bsp.a(alt_exit.o)
                0x000000000081ae08                _exit
 *(.gnu.warning.*)
 *(.fini)
                [!provide]                        PROVIDE (__etext, ABSOLUTE (.))
                [!provide]                        PROVIDE (_etext, ABSOLUTE (.))
                [!provide]                        PROVIDE (etext, ABSOLUTE (.))
 *(.eh_frame_hdr)
                0x000000000081ae3c                . = ALIGN (0x4)
                [!provide]                        PROVIDE (__preinit_array_start, ABSOLUTE (.))
 *(.preinit_array)
                [!provide]                        PROVIDE (__preinit_array_end, ABSOLUTE (.))
                [!provide]                        PROVIDE (__init_array_start, ABSOLUTE (.))
 *(.init_array)
                [!provide]                        PROVIDE (__init_array_end, ABSOLUTE (.))
                [!provide]                        PROVIDE (__fini_array_start, ABSOLUTE (.))
 *(.fini_array)
                [!provide]                        PROVIDE (__fini_array_end, ABSOLUTE (.))
 *(.eh_frame)
 *(.gcc_except_table .gcc_except_table.*)
 *(.dynamic)
                0x000000000081ae3c                PROVIDE (__CTOR_LIST__, ABSOLUTE (.))
 *(.ctors)
 *(SORT(.ctors.*))
                0x000000000081ae3c                PROVIDE (__CTOR_END__, ABSOLUTE (.))
                0x000000000081ae3c                PROVIDE (__DTOR_LIST__, ABSOLUTE (.))
 *(.dtors)
 *(SORT(.dtors.*))
                0x000000000081ae3c                PROVIDE (__DTOR_END__, ABSOLUTE (.))
 *(.jcr)
                0x000000000081ae3c                . = ALIGN (0x4)

.rodata         0x000000000081ae3c      0x878
                [!provide]                        PROVIDE (__ram_rodata_start, ABSOLUTE (.))
                0x000000000081ae3c                . = ALIGN (0x4)
 *(.rodata .rodata.* .gnu.linkonce.r.*)
 .rodata        0x000000000081ae3c      0x195 obj/default/wat_test.o
 *fill*         0x000000000081afd1        0x3 
 .rodata.str1.4
                0x000000000081afd4        0x2 c:/intelfpga_lite/16.1/nios2eds/bin/gnu/h-x86_64-mingw32/bin/../lib/gcc/nios2-elf/5.3.0/../../../../../H-x86_64-mingw32/nios2-elf/lib/mno-hw-mul\libc.a(lib_a-impure.o)
 *fill*         0x000000000081afd6        0x2 
 .rodata.str1.4
                0x000000000081afd8       0x42 c:/intelfpga_lite/16.1/nios2eds/bin/gnu/h-x86_64-mingw32/bin/../lib/gcc/nios2-elf/5.3.0/../../../../../H-x86_64-mingw32/nios2-elf/lib/mno-hw-mul\libc.a(lib_a-vfprintf.o)
 .rodata.zeroes.4404
                0x000000000081b01a       0x10 c:/intelfpga_lite/16.1/nios2eds/bin/gnu/h-x86_64-mingw32/bin/../lib/gcc/nios2-elf/5.3.0/../../../../../H-x86_64-mingw32/nios2-elf/lib/mno-hw-mul\libc.a(lib_a-vfprintf.o)
 .rodata.blanks.4403
                0x000000000081b02a       0x10 c:/intelfpga_lite/16.1/nios2eds/bin/gnu/h-x86_64-mingw32/bin/../lib/gcc/nios2-elf/5.3.0/../../../../../H-x86_64-mingw32/nios2-elf/lib/mno-hw-mul\libc.a(lib_a-vfprintf.o)
 .rodata._ctype_
                0x000000000081b03a      0x101 c:/intelfpga_lite/16.1/nios2eds/bin/gnu/h-x86_64-mingw32/bin/../lib/gcc/nios2-elf/5.3.0/../../../../../H-x86_64-mingw32/nios2-elf/lib/mno-hw-mul\libc.a(lib_a-ctype_.o)
                0x000000000081b03a                _ctype_
 .rodata._ctype_b
                0x000000000081b13b      0x180 c:/intelfpga_lite/16.1/nios2eds/bin/gnu/h-x86_64-mingw32/bin/../lib/gcc/nios2-elf/5.3.0/../../../../../H-x86_64-mingw32/nios2-elf/lib/mno-hw-mul\libc.a(lib_a-ctype_.o)
 *fill*         0x000000000081b2bb        0x1 
 .rodata.str1.4
                0x000000000081b2bc       0x10 c:/intelfpga_lite/16.1/nios2eds/bin/gnu/h-x86_64-mingw32/bin/../lib/gcc/nios2-elf/5.3.0/../../../../../H-x86_64-mingw32/nios2-elf/lib/mno-hw-mul\libc.a(lib_a-dtoa.o)
                                         0x12 (size before relaxing)
 .rodata.str1.4
                0x000000000081b2cc        0xc c:/intelfpga_lite/16.1/nios2eds/bin/gnu/h-x86_64-mingw32/bin/../lib/gcc/nios2-elf/5.3.0/../../../../../H-x86_64-mingw32/nios2-elf/lib/mno-hw-mul\libc.a(lib_a-locale.o)
                                         0x12 (size before relaxing)
 .rodata.p05.2768
                0x000000000081b2d8        0xc c:/intelfpga_lite/16.1/nios2eds/bin/gnu/h-x86_64-mingw32/bin/../lib/gcc/nios2-elf/5.3.0/../../../../../H-x86_64-mingw32/nios2-elf/lib/mno-hw-mul\libc.a(lib_a-mprec.o)
 .rodata.__mprec_tinytens
                0x000000000081b2e4       0x28 c:/intelfpga_lite/16.1/nios2eds/bin/gnu/h-x86_64-mingw32/bin/../lib/gcc/nios2-elf/5.3.0/../../../../../H-x86_64-mingw32/nios2-elf/lib/mno-hw-mul\libc.a(lib_a-mprec.o)
                0x000000000081b2e4                __mprec_tinytens
 .rodata.__mprec_bigtens
                0x000000000081b30c       0x28 c:/intelfpga_lite/16.1/nios2eds/bin/gnu/h-x86_64-mingw32/bin/../lib/gcc/nios2-elf/5.3.0/../../../../../H-x86_64-mingw32/nios2-elf/lib/mno-hw-mul\libc.a(lib_a-mprec.o)
                0x000000000081b30c                __mprec_bigtens
 .rodata.__mprec_tens
                0x000000000081b334       0xc8 c:/intelfpga_lite/16.1/nios2eds/bin/gnu/h-x86_64-mingw32/bin/../lib/gcc/nios2-elf/5.3.0/../../../../../H-x86_64-mingw32/nios2-elf/lib/mno-hw-mul\libc.a(lib_a-mprec.o)
                0x000000000081b334                __mprec_tens
 .rodata.str1.4
                0x000000000081b3fc       0x2f c:/intelfpga_lite/16.1/nios2eds/bin/gnu/h-x86_64-mingw32/bin/../lib/gcc/nios2-elf/5.3.0/../../../../../H-x86_64-mingw32/nios2-elf/lib/mno-hw-mul\libc.a(lib_a-vfiprintf.o)
 .rodata.zeroes.4349
                0x000000000081b3fc       0x10 c:/intelfpga_lite/16.1/nios2eds/bin/gnu/h-x86_64-mingw32/bin/../lib/gcc/nios2-elf/5.3.0/../../../../../H-x86_64-mingw32/nios2-elf/lib/mno-hw-mul\libc.a(lib_a-vfiprintf.o)
 .rodata.blanks.4348
                0x000000000081b40c       0x10 c:/intelfpga_lite/16.1/nios2eds/bin/gnu/h-x86_64-mingw32/bin/../lib/gcc/nios2-elf/5.3.0/../../../../../H-x86_64-mingw32/nios2-elf/lib/mno-hw-mul\libc.a(lib_a-vfiprintf.o)
 .rodata        0x000000000081b41c      0x100 c:/intelfpga_lite/16.1/nios2eds/bin/gnu/h-x86_64-mingw32/bin/../lib/gcc/nios2-elf/5.3.0/mno-hw-mul\libgcc.a(_clz.o)
                0x000000000081b41c                __clz_tab
 .rodata        0x000000000081b51c        0xa ../WAT_TEST_bsp/\libucosii_bsp.a(alt_dev.o)
 *fill*         0x000000000081b526        0x2 
 .rodata        0x000000000081b528       0x11 ../WAT_TEST_bsp/\libucosii_bsp.a(alt_main.o)
 *fill*         0x000000000081b539        0x3 
 .rodata        0x000000000081b53c      0x11e ../WAT_TEST_bsp/\libucosii_bsp.a(os_core.o)
                0x000000000081b53c                OSUnMapTbl
 *fill*         0x000000000081b65a        0x2 
 .rodata        0x000000000081b65c       0x53 ../WAT_TEST_bsp/\libucosii_bsp.a(alt_sys_init.o)
 *fill*         0x000000000081b6af        0x1 
 .rodata        0x000000000081b6b0        0x2 ../WAT_TEST_bsp/\libucosii_bsp.a(os_cpu_c.o)
 *(.rodata1)
                0x000000000081b6b4                . = ALIGN (0x4)
 *fill*         0x000000000081b6b2        0x2 
                [!provide]                        PROVIDE (__ram_rodata_end, ABSOLUTE (.))
                [!provide]                        PROVIDE (__flash_rodata_start, LOADADDR (.rodata))

.rwdata         0x000000000081b6b4     0x1dec
                [!provide]                        PROVIDE (__ram_rwdata_start, ABSOLUTE (.))
                0x000000000081b6b4                . = ALIGN (0x4)
 *(.got.plt)
 *(.got)
 *(.data1)
 *(.data .data.* .gnu.linkonce.d.*)
 .data          0x000000000081b6b4        0x0 ../WAT_TEST_bsp//obj/HAL/src/crt0.o
 .data          0x000000000081b6b4        0x0 obj/default/wat_test.o
 .data          0x000000000081b6b4        0x0 c:/intelfpga_lite/16.1/nios2eds/bin/gnu/h-x86_64-mingw32/bin/../lib/gcc/nios2-elf/5.3.0/../../../../../H-x86_64-mingw32/nios2-elf/lib/mno-hw-mul\libc.a(lib_a-fgetc.o)
 .data          0x000000000081b6b4        0x0 c:/intelfpga_lite/16.1/nios2eds/bin/gnu/h-x86_64-mingw32/bin/../lib/gcc/nios2-elf/5.3.0/../../../../../H-x86_64-mingw32/nios2-elf/lib/mno-hw-mul\libc.a(lib_a-fgets.o)
 .data          0x000000000081b6b4        0x0 c:/intelfpga_lite/16.1/nios2eds/bin/gnu/h-x86_64-mingw32/bin/../lib/gcc/nios2-elf/5.3.0/../../../../../H-x86_64-mingw32/nios2-elf/lib/mno-hw-mul\libc.a(lib_a-findfp.o)
 .data          0x000000000081b6b4        0x0 c:/intelfpga_lite/16.1/nios2eds/bin/gnu/h-x86_64-mingw32/bin/../lib/gcc/nios2-elf/5.3.0/../../../../../H-x86_64-mingw32/nios2-elf/lib/mno-hw-mul\libc.a(lib_a-fopen.o)
 .data          0x000000000081b6b4        0x0 c:/intelfpga_lite/16.1/nios2eds/bin/gnu/h-x86_64-mingw32/bin/../lib/gcc/nios2-elf/5.3.0/../../../../../H-x86_64-mingw32/nios2-elf/lib/mno-hw-mul\libc.a(lib_a-fseek.o)
 .data          0x000000000081b6b4        0x0 c:/intelfpga_lite/16.1/nios2eds/bin/gnu/h-x86_64-mingw32/bin/../lib/gcc/nios2-elf/5.3.0/../../../../../H-x86_64-mingw32/nios2-elf/lib/mno-hw-mul\libc.a(lib_a-fseeko.o)
 .data          0x000000000081b6b4        0x0 c:/intelfpga_lite/16.1/nios2eds/bin/gnu/h-x86_64-mingw32/bin/../lib/gcc/nios2-elf/5.3.0/../../../../../H-x86_64-mingw32/nios2-elf/lib/mno-hw-mul\libc.a(lib_a-fstatr.o)
 .data          0x000000000081b6b4        0x0 c:/intelfpga_lite/16.1/nios2eds/bin/gnu/h-x86_64-mingw32/bin/../lib/gcc/nios2-elf/5.3.0/../../../../../H-x86_64-mingw32/nios2-elf/lib/mno-hw-mul\libc.a(lib_a-fwalk.o)
 .data          0x000000000081b6b4        0x0 c:/intelfpga_lite/16.1/nios2eds/bin/gnu/h-x86_64-mingw32/bin/../lib/gcc/nios2-elf/5.3.0/../../../../../H-x86_64-mingw32/nios2-elf/lib/mno-hw-mul\libc.a(lib_a-fwrite.o)
 .data          0x000000000081b6b4        0x0 c:/intelfpga_lite/16.1/nios2eds/bin/gnu/h-x86_64-mingw32/bin/../lib/gcc/nios2-elf/5.3.0/../../../../../H-x86_64-mingw32/nios2-elf/lib/mno-hw-mul\libc.a(lib_a-impure.o)
 .data.impure_data
                0x000000000081b6b4      0x424 c:/intelfpga_lite/16.1/nios2eds/bin/gnu/h-x86_64-mingw32/bin/../lib/gcc/nios2-elf/5.3.0/../../../../../H-x86_64-mingw32/nios2-elf/lib/mno-hw-mul\libc.a(lib_a-impure.o)
 .data          0x000000000081bad8        0x0 c:/intelfpga_lite/16.1/nios2eds/bin/gnu/h-x86_64-mingw32/bin/../lib/gcc/nios2-elf/5.3.0/../../../../../H-x86_64-mingw32/nios2-elf/lib/mno-hw-mul\libc.a(lib_a-int_errno.o)
 .data          0x000000000081bad8        0x0 c:/intelfpga_lite/16.1/nios2eds/bin/gnu/h-x86_64-mingw32/bin/../lib/gcc/nios2-elf/5.3.0/../../../../../H-x86_64-mingw32/nios2-elf/lib/mno-hw-mul\libc.a(lib_a-makebuf.o)
 .data          0x000000000081bad8        0x0 c:/intelfpga_lite/16.1/nios2eds/bin/gnu/h-x86_64-mingw32/bin/../lib/gcc/nios2-elf/5.3.0/../../../../../H-x86_64-mingw32/nios2-elf/lib/mno-hw-mul\libc.a(lib_a-mallocr.o)
 .data.__malloc_av_
                0x000000000081bad8      0x408 c:/intelfpga_lite/16.1/nios2eds/bin/gnu/h-x86_64-mingw32/bin/../lib/gcc/nios2-elf/5.3.0/../../../../../H-x86_64-mingw32/nios2-elf/lib/mno-hw-mul\libc.a(lib_a-mallocr.o)
                0x000000000081bad8                __malloc_av_
 .data          0x000000000081bee0        0x0 c:/intelfpga_lite/16.1/nios2eds/bin/gnu/h-x86_64-mingw32/bin/../lib/gcc/nios2-elf/5.3.0/../../../../../H-x86_64-mingw32/nios2-elf/lib/mno-hw-mul\libc.a(lib_a-memchr.o)
 .data          0x000000000081bee0        0x0 c:/intelfpga_lite/16.1/nios2eds/bin/gnu/h-x86_64-mingw32/bin/../lib/gcc/nios2-elf/5.3.0/../../../../../H-x86_64-mingw32/nios2-elf/lib/mno-hw-mul\libc.a(lib_a-memcpy.o)
 .data          0x000000000081bee0        0x0 c:/intelfpga_lite/16.1/nios2eds/bin/gnu/h-x86_64-mingw32/bin/../lib/gcc/nios2-elf/5.3.0/../../../../../H-x86_64-mingw32/nios2-elf/lib/mno-hw-mul\libc.a(lib_a-memset.o)
 .data          0x000000000081bee0        0x0 c:/intelfpga_lite/16.1/nios2eds/bin/gnu/h-x86_64-mingw32/bin/../lib/gcc/nios2-elf/5.3.0/../../../../../H-x86_64-mingw32/nios2-elf/lib/mno-hw-mul\libc.a(lib_a-openr.o)
 .data          0x000000000081bee0        0x0 c:/intelfpga_lite/16.1/nios2eds/bin/gnu/h-x86_64-mingw32/bin/../lib/gcc/nios2-elf/5.3.0/../../../../../H-x86_64-mingw32/nios2-elf/lib/mno-hw-mul\libc.a(lib_a-printf.o)
 .data          0x000000000081bee0        0x0 c:/intelfpga_lite/16.1/nios2eds/bin/gnu/h-x86_64-mingw32/bin/../lib/gcc/nios2-elf/5.3.0/../../../../../H-x86_64-mingw32/nios2-elf/lib/mno-hw-mul\libc.a(lib_a-refill.o)
 .data          0x000000000081bee0        0x0 c:/intelfpga_lite/16.1/nios2eds/bin/gnu/h-x86_64-mingw32/bin/../lib/gcc/nios2-elf/5.3.0/../../../../../H-x86_64-mingw32/nios2-elf/lib/mno-hw-mul\libc.a(lib_a-rget.o)
 .data          0x000000000081bee0        0x0 c:/intelfpga_lite/16.1/nios2eds/bin/gnu/h-x86_64-mingw32/bin/../lib/gcc/nios2-elf/5.3.0/../../../../../H-x86_64-mingw32/nios2-elf/lib/mno-hw-mul\libc.a(lib_a-sbrkr.o)
 .data          0x000000000081bee0        0x0 c:/intelfpga_lite/16.1/nios2eds/bin/gnu/h-x86_64-mingw32/bin/../lib/gcc/nios2-elf/5.3.0/../../../../../H-x86_64-mingw32/nios2-elf/lib/mno-hw-mul\libc.a(lib_a-stdio.o)
 .data          0x000000000081bee0        0x0 c:/intelfpga_lite/16.1/nios2eds/bin/gnu/h-x86_64-mingw32/bin/../lib/gcc/nios2-elf/5.3.0/../../../../../H-x86_64-mingw32/nios2-elf/lib/mno-hw-mul\libc.a(lib_a-strcmp.o)
 .data          0x000000000081bee0        0x0 c:/intelfpga_lite/16.1/nios2eds/bin/gnu/h-x86_64-mingw32/bin/../lib/gcc/nios2-elf/5.3.0/../../../../../H-x86_64-mingw32/nios2-elf/lib/mno-hw-mul\libc.a(lib_a-strncpy.o)
 .data          0x000000000081bee0        0x0 c:/intelfpga_lite/16.1/nios2eds/bin/gnu/h-x86_64-mingw32/bin/../lib/gcc/nios2-elf/5.3.0/../../../../../H-x86_64-mingw32/nios2-elf/lib/mno-hw-mul\libc.a(lib_a-strtoull.o)
 .data          0x000000000081bee0        0x0 c:/intelfpga_lite/16.1/nios2eds/bin/gnu/h-x86_64-mingw32/bin/../lib/gcc/nios2-elf/5.3.0/../../../../../H-x86_64-mingw32/nios2-elf/lib/mno-hw-mul\libc.a(lib_a-strtoull_r.o)
 .data          0x000000000081bee0        0x0 c:/intelfpga_lite/16.1/nios2eds/bin/gnu/h-x86_64-mingw32/bin/../lib/gcc/nios2-elf/5.3.0/../../../../../H-x86_64-mingw32/nios2-elf/lib/mno-hw-mul\libc.a(lib_a-vfprintf.o)
 .data          0x000000000081bee0        0x0 c:/intelfpga_lite/16.1/nios2eds/bin/gnu/h-x86_64-mingw32/bin/../lib/gcc/nios2-elf/5.3.0/../../../../../H-x86_64-mingw32/nios2-elf/lib/mno-hw-mul\libc.a(lib_a-writer.o)
 .data          0x000000000081bee0        0x0 c:/intelfpga_lite/16.1/nios2eds/bin/gnu/h-x86_64-mingw32/bin/../lib/gcc/nios2-elf/5.3.0/../../../../../H-x86_64-mingw32/nios2-elf/lib/mno-hw-mul\libc.a(lib_a-wsetup.o)
 .data          0x000000000081bee0        0x0 c:/intelfpga_lite/16.1/nios2eds/bin/gnu/h-x86_64-mingw32/bin/../lib/gcc/nios2-elf/5.3.0/../../../../../H-x86_64-mingw32/nios2-elf/lib/mno-hw-mul\libc.a(closer.o)
 .data          0x000000000081bee0        0x0 c:/intelfpga_lite/16.1/nios2eds/bin/gnu/h-x86_64-mingw32/bin/../lib/gcc/nios2-elf/5.3.0/../../../../../H-x86_64-mingw32/nios2-elf/lib/mno-hw-mul\libc.a(lib_a-ctype_.o)
 .data          0x000000000081bee0        0x0 c:/intelfpga_lite/16.1/nios2eds/bin/gnu/h-x86_64-mingw32/bin/../lib/gcc/nios2-elf/5.3.0/../../../../../H-x86_64-mingw32/nios2-elf/lib/mno-hw-mul\libc.a(lib_a-dtoa.o)
 .data          0x000000000081bee0        0x0 c:/intelfpga_lite/16.1/nios2eds/bin/gnu/h-x86_64-mingw32/bin/../lib/gcc/nios2-elf/5.3.0/../../../../../H-x86_64-mingw32/nios2-elf/lib/mno-hw-mul\libc.a(lib_a-fclose.o)
 .data          0x000000000081bee0        0x0 c:/intelfpga_lite/16.1/nios2eds/bin/gnu/h-x86_64-mingw32/bin/../lib/gcc/nios2-elf/5.3.0/../../../../../H-x86_64-mingw32/nios2-elf/lib/mno-hw-mul\libc.a(lib_a-fflush.o)
 .data          0x000000000081bee0        0x0 c:/intelfpga_lite/16.1/nios2eds/bin/gnu/h-x86_64-mingw32/bin/../lib/gcc/nios2-elf/5.3.0/../../../../../H-x86_64-mingw32/nios2-elf/lib/mno-hw-mul\libc.a(lib_a-flags.o)
 .data          0x000000000081bee0        0x0 c:/intelfpga_lite/16.1/nios2eds/bin/gnu/h-x86_64-mingw32/bin/../lib/gcc/nios2-elf/5.3.0/../../../../../H-x86_64-mingw32/nios2-elf/lib/mno-hw-mul\libc.a(lib_a-freer.o)
 .data          0x000000000081bee0        0x0 c:/intelfpga_lite/16.1/nios2eds/bin/gnu/h-x86_64-mingw32/bin/../lib/gcc/nios2-elf/5.3.0/../../../../../H-x86_64-mingw32/nios2-elf/lib/mno-hw-mul\libc.a(lib_a-fvwrite.o)
 .data          0x000000000081bee0        0x0 c:/intelfpga_lite/16.1/nios2eds/bin/gnu/h-x86_64-mingw32/bin/../lib/gcc/nios2-elf/5.3.0/../../../../../H-x86_64-mingw32/nios2-elf/lib/mno-hw-mul\libc.a(lib_a-isattyr.o)
 .data          0x000000000081bee0        0x0 c:/intelfpga_lite/16.1/nios2eds/bin/gnu/h-x86_64-mingw32/bin/../lib/gcc/nios2-elf/5.3.0/../../../../../H-x86_64-mingw32/nios2-elf/lib/mno-hw-mul\libc.a(lib_a-locale.o)
 .data.lc_message_charset
                0x000000000081bee0       0x20 c:/intelfpga_lite/16.1/nios2eds/bin/gnu/h-x86_64-mingw32/bin/../lib/gcc/nios2-elf/5.3.0/../../../../../H-x86_64-mingw32/nios2-elf/lib/mno-hw-mul\libc.a(lib_a-locale.o)
 .data.lc_ctype_charset
                0x000000000081bf00       0x20 c:/intelfpga_lite/16.1/nios2eds/bin/gnu/h-x86_64-mingw32/bin/../lib/gcc/nios2-elf/5.3.0/../../../../../H-x86_64-mingw32/nios2-elf/lib/mno-hw-mul\libc.a(lib_a-locale.o)
 .data.lconv    0x000000000081bf20       0x38 c:/intelfpga_lite/16.1/nios2eds/bin/gnu/h-x86_64-mingw32/bin/../lib/gcc/nios2-elf/5.3.0/../../../../../H-x86_64-mingw32/nios2-elf/lib/mno-hw-mul\libc.a(lib_a-locale.o)
 .data          0x000000000081bf58        0x0 c:/intelfpga_lite/16.1/nios2eds/bin/gnu/h-x86_64-mingw32/bin/../lib/gcc/nios2-elf/5.3.0/../../../../../H-x86_64-mingw32/nios2-elf/lib/mno-hw-mul\libc.a(lib_a-lseekr.o)
 .data          0x000000000081bf58        0x0 c:/intelfpga_lite/16.1/nios2eds/bin/gnu/h-x86_64-mingw32/bin/../lib/gcc/nios2-elf/5.3.0/../../../../../H-x86_64-mingw32/nios2-elf/lib/mno-hw-mul\libc.a(lib_a-memmove.o)
 .data          0x000000000081bf58        0x0 c:/intelfpga_lite/16.1/nios2eds/bin/gnu/h-x86_64-mingw32/bin/../lib/gcc/nios2-elf/5.3.0/../../../../../H-x86_64-mingw32/nios2-elf/lib/mno-hw-mul\libc.a(lib_a-mprec.o)
 .data          0x000000000081bf58        0x0 c:/intelfpga_lite/16.1/nios2eds/bin/gnu/h-x86_64-mingw32/bin/../lib/gcc/nios2-elf/5.3.0/../../../../../H-x86_64-mingw32/nios2-elf/lib/mno-hw-mul\libc.a(lib_a-readr.o)
 .data          0x000000000081bf58        0x0 c:/intelfpga_lite/16.1/nios2eds/bin/gnu/h-x86_64-mingw32/bin/../lib/gcc/nios2-elf/5.3.0/../../../../../H-x86_64-mingw32/nios2-elf/lib/mno-hw-mul\libc.a(lib_a-reallocr.o)
 .data          0x000000000081bf58        0x0 c:/intelfpga_lite/16.1/nios2eds/bin/gnu/h-x86_64-mingw32/bin/../lib/gcc/nios2-elf/5.3.0/../../../../../H-x86_64-mingw32/nios2-elf/lib/mno-hw-mul\libc.a(lib_a-s_fpclassify.o)
 .data          0x000000000081bf58        0x0 c:/intelfpga_lite/16.1/nios2eds/bin/gnu/h-x86_64-mingw32/bin/../lib/gcc/nios2-elf/5.3.0/../../../../../H-x86_64-mingw32/nios2-elf/lib/mno-hw-mul\libc.a(lib_a-strlen.o)
 .data          0x000000000081bf58        0x0 c:/intelfpga_lite/16.1/nios2eds/bin/gnu/h-x86_64-mingw32/bin/../lib/gcc/nios2-elf/5.3.0/../../../../../H-x86_64-mingw32/nios2-elf/lib/mno-hw-mul\libc.a(lib_a-vfiprintf.o)
 .data          0x000000000081bf58        0x0 c:/intelfpga_lite/16.1/nios2eds/bin/gnu/h-x86_64-mingw32/bin/../lib/gcc/nios2-elf/5.3.0/../../../../../H-x86_64-mingw32/nios2-elf/lib/mno-hw-mul\libc.a(lib_a-callocr.o)
 .data          0x000000000081bf58        0x0 c:/intelfpga_lite/16.1/nios2eds/bin/gnu/h-x86_64-mingw32/bin/../lib/gcc/nios2-elf/5.3.0/../../../../../H-x86_64-mingw32/nios2-elf/lib/mno-hw-mul\libc.a(lib_a-fputwc.o)
 .data          0x000000000081bf58        0x0 c:/intelfpga_lite/16.1/nios2eds/bin/gnu/h-x86_64-mingw32/bin/../lib/gcc/nios2-elf/5.3.0/../../../../../H-x86_64-mingw32/nios2-elf/lib/mno-hw-mul\libc.a(lib_a-wbuf.o)
 .data          0x000000000081bf58        0x0 c:/intelfpga_lite/16.1/nios2eds/bin/gnu/h-x86_64-mingw32/bin/../lib/gcc/nios2-elf/5.3.0/../../../../../H-x86_64-mingw32/nios2-elf/lib/mno-hw-mul\libc.a(lib_a-wcrtomb.o)
 .data          0x000000000081bf58        0x0 c:/intelfpga_lite/16.1/nios2eds/bin/gnu/h-x86_64-mingw32/bin/../lib/gcc/nios2-elf/5.3.0/../../../../../H-x86_64-mingw32/nios2-elf/lib/mno-hw-mul\libc.a(lib_a-wctomb_r.o)
 .data          0x000000000081bf58        0x0 c:/intelfpga_lite/16.1/nios2eds/bin/gnu/h-x86_64-mingw32/bin/../lib/gcc/nios2-elf/5.3.0/mno-hw-mul\libgcc.a(_muldi3.o)
 .data          0x000000000081bf58        0x0 c:/intelfpga_lite/16.1/nios2eds/bin/gnu/h-x86_64-mingw32/bin/../lib/gcc/nios2-elf/5.3.0/mno-hw-mul\libgcc.a(_udivdi3.o)
 .data          0x000000000081bf58        0x0 c:/intelfpga_lite/16.1/nios2eds/bin/gnu/h-x86_64-mingw32/bin/../lib/gcc/nios2-elf/5.3.0/mno-hw-mul\libgcc.a(_umoddi3.o)
 .data          0x000000000081bf58        0x0 c:/intelfpga_lite/16.1/nios2eds/bin/gnu/h-x86_64-mingw32/bin/../lib/gcc/nios2-elf/5.3.0/mno-hw-mul\libgcc.a(lib2-divmod.o)
 .data          0x000000000081bf58        0x0 c:/intelfpga_lite/16.1/nios2eds/bin/gnu/h-x86_64-mingw32/bin/../lib/gcc/nios2-elf/5.3.0/mno-hw-mul\libgcc.a(lib2-mul.o)