Archive member included to satisfy reference by file (symbol)

libjpeg\libjpeg2.a(jdapimin.o)
                              obj/default/imagepro.o (jpeg_CreateDecompress)
libjpeg\libjpeg2.a(jdapistd.o)
                              obj/default/imagepro.o (jpeg_start_decompress)
libjpeg\libjpeg2.a(jdatasrc.o)
                              obj/default/imagepro.o (jpeg_stdio_src)
libjpeg\libjpeg2.a(jdinput.o)
                              libjpeg\libjpeg2.a(jdapimin.o) (jinit_input_controller)
libjpeg\libjpeg2.a(jdmarker.o)
                              libjpeg\libjpeg2.a(jdatasrc.o) (jpeg_resync_to_restart)
libjpeg\libjpeg2.a(jdmaster.o)
                              libjpeg\libjpeg2.a(jdapistd.o) (jinit_master_decompress)
libjpeg\libjpeg2.a(jdmerge.o)
                              libjpeg\libjpeg2.a(jdmaster.o) (jinit_merged_upsampler)
libjpeg\libjpeg2.a(jdpostct.o)
                              libjpeg\libjpeg2.a(jdmaster.o) (jinit_d_post_controller)
libjpeg\libjpeg2.a(jdsample.o)
                              libjpeg\libjpeg2.a(jdmaster.o) (jinit_upsampler)
libjpeg\libjpeg2.a(jerror.o)  obj/default/imagepro.o (jpeg_std_error)
libjpeg\libjpeg2.a(jmemmgr.o)
                              libjpeg\libjpeg2.a(jdapimin.o) (jinit_memory_mgr)
libjpeg\libjpeg2.a(jmemnobs.o)
                              libjpeg\libjpeg2.a(jmemmgr.o) (jpeg_get_small)
libjpeg\libjpeg2.a(jquant1.o)
                              libjpeg\libjpeg2.a(jdmaster.o) (jinit_1pass_quantizer)
libjpeg\libjpeg2.a(jquant2.o)
                              libjpeg\libjpeg2.a(jdmaster.o) (jinit_2pass_quantizer)
libjpeg\libjpeg2.a(jutils.o)  libjpeg\libjpeg2.a(jdinput.o) (jpeg_natural_order)
libjpeg\libjpeg2.a(jcomapi.o)
                              libjpeg\libjpeg2.a(jdapimin.o) (jpeg_abort)
libjpeg\libjpeg2.a(jdarith.o)
                              libjpeg\libjpeg2.a(jdmaster.o) (jinit_arith_decoder)
libjpeg\libjpeg2.a(jdcoefct.o)
                              libjpeg\libjpeg2.a(jdmaster.o) (jinit_d_coef_controller)
libjpeg\libjpeg2.a(jdcolor.o)
                              libjpeg\libjpeg2.a(jdmaster.o) (jinit_color_deconverter)
libjpeg\libjpeg2.a(jddctmgr.o)
                              libjpeg\libjpeg2.a(jdmaster.o) (jinit_inverse_dct)
libjpeg\libjpeg2.a(jdhuff.o)  libjpeg\libjpeg2.a(jdmaster.o) (jinit_huff_decoder)
libjpeg\libjpeg2.a(jdmainct.o)
                              libjpeg\libjpeg2.a(jdmaster.o) (jinit_d_main_controller)
libjpeg\libjpeg2.a(jidctflt.o)
                              libjpeg\libjpeg2.a(jddctmgr.o) (jpeg_idct_float)
libjpeg\libjpeg2.a(jidctfst.o)
                              libjpeg\libjpeg2.a(jddctmgr.o) (jpeg_idct_ifast)
libjpeg\libjpeg2.a(jidctint.o)
                              libjpeg\libjpeg2.a(jddctmgr.o) (jpeg_idct_islow)
libjpeg\libjpeg2.a(jaricom.o)
                              libjpeg\libjpeg2.a(jdarith.o) (jpeg_aritab)
c:/scratchdir/nios2eds/bin/gnu/h-x86_64-mingw32/bin/../lib/gcc/nios2-elf/5.3.0/mno-hw-mul\libgcc.a(lib2-divmod.o)
                              libjpeg\libjpeg2.a(jdsample.o) (__divsi3)
c:/scratchdir/nios2eds/bin/gnu/h-x86_64-mingw32/bin/../lib/gcc/nios2-elf/5.3.0/mno-hw-mul\libgcc.a(lib2-mul.o)
                              obj/default/imagepro.o (__mulsi3)
c:/scratchdir/nios2eds/bin/gnu/h-x86_64-mingw32/bin/../lib/gcc/nios2-elf/5.3.0/mno-hw-mul\libgcc.a(addsf3.o)
                              libjpeg\libjpeg2.a(jidctflt.o) (__addsf3)
c:/scratchdir/nios2eds/bin/gnu/h-x86_64-mingw32/bin/../lib/gcc/nios2-elf/5.3.0/mno-hw-mul\libgcc.a(mulsf3.o)
                              libjpeg\libjpeg2.a(jidctflt.o) (__mulsf3)
c:/scratchdir/nios2eds/bin/gnu/h-x86_64-mingw32/bin/../lib/gcc/nios2-elf/5.3.0/mno-hw-mul\libgcc.a(subsf3.o)
                              libjpeg\libjpeg2.a(jidctflt.o) (__subsf3)
c:/scratchdir/nios2eds/bin/gnu/h-x86_64-mingw32/bin/../lib/gcc/nios2-elf/5.3.0/mno-hw-mul\libgcc.a(fixsfsi.o)
                              libjpeg\libjpeg2.a(jidctflt.o) (__fixsfsi)
c:/scratchdir/nios2eds/bin/gnu/h-x86_64-mingw32/bin/../lib/gcc/nios2-elf/5.3.0/mno-hw-mul\libgcc.a(floatsisf.o)
                              libjpeg\libjpeg2.a(jidctflt.o) (__floatsisf)
c:/scratchdir/nios2eds/bin/gnu/h-x86_64-mingw32/bin/../lib/gcc/nios2-elf/5.3.0/mno-hw-mul\libgcc.a(muldf3.o)
                              libjpeg\libjpeg2.a(jddctmgr.o) (__muldf3)
c:/scratchdir/nios2eds/bin/gnu/h-x86_64-mingw32/bin/../lib/gcc/nios2-elf/5.3.0/mno-hw-mul\libgcc.a(floatunsidf.o)
                              libjpeg\libjpeg2.a(jddctmgr.o) (__floatunsidf)
c:/scratchdir/nios2eds/bin/gnu/h-x86_64-mingw32/bin/../lib/gcc/nios2-elf/5.3.0/mno-hw-mul\libgcc.a(truncdfsf2.o)
                              libjpeg\libjpeg2.a(jddctmgr.o) (__truncdfsf2)
c:/scratchdir/nios2eds/bin/gnu/h-x86_64-mingw32/bin/../lib/gcc/nios2-elf/5.3.0/mno-hw-mul\libgcc.a(_clzsi2.o)
                              c:/scratchdir/nios2eds/bin/gnu/h-x86_64-mingw32/bin/../lib/gcc/nios2-elf/5.3.0/mno-hw-mul\libgcc.a(addsf3.o) (__clzsi2)
[...]
Memory Configuration

Name             Origin             Length             Attributes
sdram_controller_0 0x0000000000800000 0x0000000000800000
onchip_memory2_0_BEFORE_EXCEPTION 0x0000000001004000 0x0000000000000020
onchip_memory2_0 0x0000000001004020 0x0000000000003fe0
reset            0x0000000001009000 0x0000000000000020
epcs_flash_controller_0 0x0000000001009020 0x00000000000007e0
*default*        0x0000000000000000 0xffffffffffffffff

Linker script and memory map

LOAD ../WAT_TEST_bsp//obj/HAL/src/crt0.o
LOAD obj/default/camera.o
LOAD obj/default/imagepro.o
LOAD obj/default/interrupt_peripherals.o
LOAD obj/default/motor.o
LOAD obj/default/wat_main.o
LOAD obj/default/wifi.o
LOAD libjpeg\libjpeg2.a
LOAD c:/scratchdir/nios2eds/bin/gnu/h-x86_64-mingw32/bin/../lib/gcc/nios2-elf/5.3.0/../../../../../H-x86_64-mingw32/nios2-elf/lib/mno-hw-mul\libstdc++.a
LOAD c:/scratchdir/nios2eds/bin/gnu/h-x86_64-mingw32/bin/../lib/gcc/nios2-elf/5.3.0/../../../../../H-x86_64-mingw32/nios2-elf/lib/mno-hw-mul\libm.a
LOAD c:/scratchdir/nios2eds/bin/gnu/h-x86_64-mingw32/bin/../lib/gcc/nios2-elf/5.3.0/mno-hw-mul\libgcc.a
START GROUP
LOAD c:/scratchdir/nios2eds/bin/gnu/h-x86_64-mingw32/bin/../lib/gcc/nios2-elf/5.3.0/../../../../../H-x86_64-mingw32/nios2-elf/lib/mno-hw-mul\libc.a
LOAD c:/scratchdir/nios2eds/bin/gnu/h-x86_64-mingw32/bin/../lib/gcc/nios2-elf/5.3.0/mno-hw-mul\libgcc.a
LOAD ../WAT_TEST_bsp/\libucosii_bsp.a
LOAD c:/scratchdir/nios2eds/bin/gnu/h-x86_64-mingw32/bin/../lib/gcc/nios2-elf/5.3.0/../../../../../H-x86_64-mingw32/nios2-elf/lib/mno-hw-mul\libm.a
END GROUP
LOAD c:/scratchdir/nios2eds/bin/gnu/h-x86_64-mingw32/bin/../lib/gcc/nios2-elf/5.3.0/mno-hw-mul\libgcc.a
                0x0000000000800000                __alt_mem_sdram_controller_0 = 0x800000
                0x0000000001004000                __alt_mem_onchip_memory2_0 = 0x1004000
                0x0000000001009000                __alt_mem_epcs_flash_controller_0 = 0x1009000

.entry          0x0000000001009000        0x0
 *(.entry)
 .entry         0x0000000001009000        0x0 ../WAT_TEST_bsp//obj/HAL/src/crt0.o
                0x0000000001009000                __reset

.exceptions     0x0000000001004020      0x210
                [!provide]                        PROVIDE (__ram_exceptions_start, ABSOLUTE (.))
                0x0000000001004020                . = ALIGN (0x20)
 *(.irq)
 *(.exceptions.entry.label)
 .exceptions.entry.label
                0x0000000001004020        0x0 ../WAT_TEST_bsp/\libucosii_bsp.a(alt_irq_entry.o)
                0x0000000001004020                alt_irq_entry
 .exceptions.entry.label
                0x0000000001004020        0x0 ../WAT_TEST_bsp/\libucosii_bsp.a(alt_exception_entry.o)
                0x0000000001004020                alt_exception
 *(.exceptions.entry.user)
 *(.exceptions.entry.ecc_fatal)
 *(.exceptions.entry)
 .exceptions.entry
                0x0000000001004020       0x54 ../WAT_TEST_bsp/\libucosii_bsp.a(alt_exception_entry.o)
 *(.exceptions.irqtest.user)
 *(.exceptions.irqtest)
 .exceptions.irqtest
                0x0000000001004074       0x10 ../WAT_TEST_bsp/\libucosii_bsp.a(alt_irq_entry.o)
 *(.exceptions.irqhandler.user)
 *(.exceptions.irqhandler)
 .exceptions.irqhandler
                0x0000000001004084        0x4 ../WAT_TEST_bsp/\libucosii_bsp.a(alt_irq_entry.o)
 *(.exceptions.irqreturn.user)
 *(.exceptions.irqreturn)
 .exceptions.irqreturn
                0x0000000001004088        0x4 ../WAT_TEST_bsp/\libucosii_bsp.a(alt_irq_entry.o)
 *(.exceptions.notirq.label)
 .exceptions.notirq.label
                0x000000000100408c        0x0 ../WAT_TEST_bsp/\libucosii_bsp.a(alt_irq_entry.o)
 *(.exceptions.notirq.user)
 *(.exceptions.notirq)
 .exceptions.notirq
                0x000000000100408c        0x8 ../WAT_TEST_bsp/\libucosii_bsp.a(alt_exception_entry.o)
 *(.exceptions.soft.user)
 *(.exceptions.soft)
 *(.exceptions.unknown.user)
 *(.exceptions.unknown)
 .exceptions.unknown
                0x0000000001004094       0x14 ../WAT_TEST_bsp/\libucosii_bsp.a(alt_exception_entry.o)
 *(.exceptions.exit.label)
 .exceptions.exit.label
                0x00000000010040a8        0x0 ../WAT_TEST_bsp/\libucosii_bsp.a(alt_irq_entry.o)
 .exceptions.exit.label
                0x00000000010040a8        0x0 ../WAT_TEST_bsp/\libucosii_bsp.a(alt_exception_entry.o)
 *(.exceptions.exit.user)
 *(.exceptions.exit)
 .exceptions.exit
                0x00000000010040a8       0x54 ../WAT_TEST_bsp/\libucosii_bsp.a(alt_exception_entry.o)
 *(.exceptions)
 .exceptions    0x00000000010040fc       0xd4 ../WAT_TEST_bsp/\libucosii_bsp.a(alt_irq_handler.o)
                0x00000000010040fc                alt_irq_handler
 .exceptions    0x00000000010041d0       0x60 ../WAT_TEST_bsp/\libucosii_bsp.a(alt_instruction_exception_entry.o)
                0x00000000010041d0                alt_instruction_exception_entry
                [!provide]                        PROVIDE (__ram_exceptions_end, ABSOLUTE (.))
                [!provide]                        PROVIDE (__flash_exceptions_start, LOADADDR (.exceptions))

.text           0x0000000000800000    0x56024
                [!provide]                        PROVIDE (stext, ABSOLUTE (.))
 *(.interp)
 *(.hash)
 *(.dynsym)
 *(.dynstr)
 *(.gnu.version)
 *(.gnu.version_d)
 *(.gnu.version_r)
 *(.rel.init)
 *(.rela.init)
 *(.rel.text .rel.text.* .rel.gnu.linkonce.t.*)
 *(.rela.text .rela.text.* .rela.gnu.linkonce.t.*)
 *(.rel.fini)
 *(.rela.fini)
 *(.rel.rodata .rel.rodata.* .rel.gnu.linkonce.r.*)
 *(.rela.rodata .rela.rodata.* .rela.gnu.linkonce.r.*)
 *(.rel.data .rel.data.* .rel.gnu.linkonce.d.*)
 *(.rela.data .rela.data.* .rela.gnu.linkonce.d.*)
 *(.rel.tdata .rel.tdata.* .rel.gnu.linkonce.td.*)
 *(.rela.tdata .rela.tdata.* .rela.gnu.linkonce.td.*)
 *(.rel.tbss .rel.tbss.* .rel.gnu.linkonce.tb.*)
 *(.rela.tbss .rela.tbss.* .rela.gnu.linkonce.tb.*)
 *(.rel.ctors)
 *(.rela.ctors)
 *(.rel.dtors)
 *(.rela.dtors)
 *(.rel.got)
 *(.rela.got)
 *(.rel.sdata .rel.sdata.* .rel.gnu.linkonce.s.*)
 *(.rela.sdata .rela.sdata.* .rela.gnu.linkonce.s.*)
 *(.rel.sbss .rel.sbss.* .rel.gnu.linkonce.sb.*)
 *(.rela.sbss .rela.sbss.* .rela.gnu.linkonce.sb.*)
 *(.rel.sdata2 .rel.sdata2.* .rel.gnu.linkonce.s2.*)
 *(.rela.sdata2 .rela.sdata2.* .rela.gnu.linkonce.s2.*)
 *(.rel.sbss2 .rel.sbss2.* .rel.gnu.linkonce.sb2.*)
 *(.rela.sbss2 .rela.sbss2.* .rela.gnu.linkonce.sb2.*)
 *(.rel.bss .rel.bss.* .rel.gnu.linkonce.b.*)
 *(.rela.bss .rela.bss.* .rela.gnu.linkonce.b.*)
 *(.rel.plt)
 *(.rela.plt)
 *(.rel.dyn)
 *(.init)
 *(.plt)
 *(.text .stub .text.* .gnu.linkonce.t.*)
 .text          0x0000000000800000       0x38 ../WAT_TEST_bsp//obj/HAL/src/crt0.o
                0x0000000000800000                _start
 .text          0x0000000000800038      0x5b8 obj/default/camera.o
                0x0000000000800038                camera_task
                0x0000000000800418                cam_send_command
                0x0000000000800560                cam_uart_interrupt
 .text          0x00000000008005f0      0x3c8 obj/default/imagepro.o
                0x00000000008005f0                find_region
 .text          0x00000000008009b8       0xd8 obj/default/interrupt_peripherals.o
                0x00000000008009b8                sensor_interrupt
                0x0000000000800a24                button_interrupt
 .text          0x0000000000800a90      0x450 obj/default/motor.o
                0x0000000000800a90                motor_task
                0x0000000000800b90                motorStop
                0x0000000000800be0                motorForward
                0x0000000000800c20                motorReverse
                0x0000000000800c70                motorLeft
                0x0000000000800cb0                motorRight
                0x0000000000800cf0                motorControl
                0x0000000000800e04                rcControl
 .text          0x0000000000800ee0      0x1e4 obj/default/wat_main.o
                0x0000000000800ee0                main
 .text          0x00000000008010c4       0xf8 obj/default/wifi.o
                0x00000000008010c4                wifi_task
                0x0000000000801128                wifi_uart_interrupt
                0x0000000000801194                parseLog
 .text          0x00000000008011bc      0xb64 libjpeg\libjpeg2.a(jdapimin.o)
                0x00000000008011bc                jpeg_CreateDecompress
                0x00000000008013b4                jpeg_destroy_decompress
                0x00000000008013e8                jpeg_abort_decompress
                0x0000000000801844                jpeg_read_header
                0x000000000080193c                jpeg_consume_input
                0x0000000000801a9c                jpeg_input_complete
                0x0000000000801b28                jpeg_has_multiple_scans
                0x0000000000801bb4                jpeg_finish_decompress
 .text          0x0000000000801d20      0x7f0 libjpeg\libjpeg2.a(jdapistd.o)
                0x0000000000801d20                jpeg_start_decompress
                0x000000000080204c                jpeg_read_scanlines
                0x0000000000802190                jpeg_read_raw_data
                0x0000000000802324                jpeg_start_output
                0x00000000008023f8                jpeg_finish_output
 .text          0x0000000000802510      0x4dc libjpeg\libjpeg2.a(jdatasrc.o)
                0x00000000008027cc                jpeg_stdio_src
                0x00000000008028dc                jpeg_mem_src
 .text          0x00000000008029ec     0x1db4 libjpeg\libjpeg2.a(jdinput.o)
                0x00000000008029ec                jpeg_core_output_dimensions
                0x00000000008046ec                jinit_input_controller
 .text          0x00000000008047a0     0x5588 libjpeg\libjpeg2.a(jdmarker.o)
                0x000000000080972c                jpeg_resync_to_restart
                0x000000000080997c                jinit_marker_reader
                0x0000000000809aa4                jpeg_save_markers
                0x0000000000809c58                jpeg_set_marker_processor
 .text          0x0000000000809d28      0xff8 libjpeg\libjpeg2.a(jdmaster.o)
                0x0000000000809efc                jpeg_calc_output_dimensions
                0x000000000080aba0                jpeg_new_colormap
                0x000000000080ac98                jinit_master_decompress
 .text          0x000000000080ad20      0xff0 libjpeg\libjpeg2.a(jdmerge.o)
                0x000000000080bbc8                jinit_merged_upsampler
 .text          0x000000000080bd10      0x7ac libjpeg\libjpeg2.a(jdpostct.o)
                0x000000000080c330                jinit_d_post_controller
 .text          0x000000000080c4bc      0xad8 libjpeg\libjpeg2.a(jdsample.o)
                0x000000000080cbc4                jinit_upsampler
 .text          0x000000000080cf94      0x438 libjpeg\libjpeg2.a(jerror.o)
                0x000000000080d30c                jpeg_std_error
 .text          0x000000000080d3cc     0x1d30 libjpeg\libjpeg2.a(jmemmgr.o)
                0x000000000080ee3c                jinit_memory_mgr
 .text          0x000000000080f0fc      0x1b0 libjpeg\libjpeg2.a(jmemnobs.o)
                0x000000000080f0fc                jpeg_get_small
                0x000000000080f130                jpeg_free_small
                0x000000000080f16c                jpeg_get_large
                0x000000000080f1a0                jpeg_free_large
                0x000000000080f1dc                jpeg_mem_available
                0x000000000080f20c                jpeg_open_backing_store
                0x000000000080f264                jpeg_mem_init
                0x000000000080f288                jpeg_mem_term
 .text          0x000000000080f2ac     0x1980 libjpeg\libjpeg2.a(jquant1.o)
                0x0000000000810ae4                jinit_1pass_quantizer
 .text          0x0000000000810c2c     0x2874 libjpeg\libjpeg2.a(jquant2.o)
                0x0000000000813200                jinit_2pass_quantizer
 .text          0x00000000008134a0      0x1c4 libjpeg\libjpeg2.a(jutils.o)
                0x00000000008134a0                jdiv_round_up
                0x00000000008134e8                jround_up
                0x0000000000813544                jcopy_sample_rows
                0x0000000000813618                jcopy_block_row
 .text          0x0000000000813664      0x1a8 libjpeg\libjpeg2.a(jcomapi.o)
                0x0000000000813664                jpeg_abort
                0x0000000000813708                jpeg_destroy
                0x0000000000813764                jpeg_alloc_quant_table
                0x00000000008137b8                jpeg_alloc_huff_table
 .text          0x000000000081380c     0x1f9c libjpeg\libjpeg2.a(jdarith.o)
                0x0000000000815628                jinit_arith_decoder
 .text          0x00000000008157a8     0x1c40 libjpeg\libjpeg2.a(jdcoefct.o)
                0x000000000081716c                jinit_d_coef_controller
 .text          0x00000000008173e8     0x18b4 libjpeg\libjpeg2.a(jdcolor.o)
                0x0000000000818648                jinit_color_deconverter
 .text          0x0000000000818c9c      0x974 libjpeg\libjpeg2.a(jddctmgr.o)
                0x000000000081950c                jinit_inverse_dct
 .text          0x0000000000819610     0x36f8 libjpeg\libjpeg2.a(jdhuff.o)
                0x000000000081cb38                jinit_huff_decoder
 .text          0x000000000081cd08      0xff8 libjpeg\libjpeg2.a(jdmainct.o)
                0x000000000081db0c                jinit_d_main_controller
 .text          0x000000000081dd00      0xc5c libjpeg\libjpeg2.a(jidctflt.o)
                0x000000000081dd00                jpeg_idct_float
 .text          0x000000000081e95c      0xb00 libjpeg\libjpeg2.a(jidctfst.o)
                0x000000000081e95c                jpeg_idct_ifast
 .text          0x000000000081f45c    0x104ec libjpeg\libjpeg2.a(jidctint.o)
                0x000000000081f45c                jpeg_idct_islow
                0x00000000008200a0                jpeg_idct_7x7
                0x000000000082092c                jpeg_idct_6x6
                0x0000000000820f3c                jpeg_idct_5x5
                0x00000000008214b0                jpeg_idct_4x4
                0x00000000008218d8                jpeg_idct_3x3
                0x0000000000821c14                jpeg_idct_2x2
                0x0000000000821e50                jpeg_idct_1x1
                0x0000000000821f08                jpeg_idct_9x9
                0x0000000000822858                jpeg_idct_10x10
                0x00000000008232b0                jpeg_idct_11x11
                0x0000000000823f20                jpeg_idct_12x12
                0x0000000000824ad8                jpeg_idct_13x13
                0x0000000000825910                jpeg_idct_14x14
                0x00000000008266a0                jpeg_idct_15x15
                0x00000000008274c0                jpeg_idct_16x16
                0x0000000000828510                jpeg_idct_16x8
                0x00000000008293e8                jpeg_idct_14x7
                0x0000000000829f18                jpeg_idct_12x6
                0x000000000082a80c                jpeg_idct_10x5
                0x000000000082afe4                jpeg_idct_8x4
                0x000000000082b690                jpeg_idct_6x3
                0x000000000082bb18                jpeg_idct_4x2
                0x000000000082be04                jpeg_idct_2x1
                0x000000000082bf2c                jpeg_idct_8x16
                0x000000000082cbd8                jpeg_idct_7x14
                0x000000000082d6c4                jpeg_idct_6x12
                0x000000000082dfa0                jpeg_idct_5x10
                0x000000000082e794                jpeg_idct_4x8
                0x000000000082f03c                jpeg_idct_3x6
                0x000000000082f500                jpeg_idct_2x4
                0x000000000082f81c                jpeg_idct_1x2
 .text          0x000000000082f948        0x0 libjpeg\libjpeg2.a(jaricom.o)
 .text          0x000000000082f948      0x1b4 c:/scratchdir/nios2eds/bin/gnu/h-x86_64-mingw32/bin/../lib/gcc/nios2-elf/5.3.0/mno-hw-mul\libgcc.a(lib2-divmod.o)
                0x000000000082f948                __divsi3
                0x000000000082f9cc                __modsi3
                0x000000000082fa40                __udivsi3
                0x000000000082faa4                __umodsi3
 .text          0x000000000082fafc       0x28 c:/scratchdir/nios2eds/bin/gnu/h-x86_64-mingw32/bin/../lib/gcc/nios2-elf/5.3.0/mno-hw-mul\libgcc.a(lib2-mul.o)
                0x000000000082fafc                __mulsi3
 .text          0x000000000082fb24      0x4c8 c:/scratchdir/nios2eds/bin/gnu/h-x86_64-mingw32/bin/../lib/gcc/nios2-elf/5.3.0/mno-hw-mul\libgcc.a(addsf3.o)
                0x000000000082fb24                __addsf3
 .text          0x000000000082ffec      0x430 c:/scratchdir/nios2eds/bin/gnu/h-x86_64-mingw32/bin/../lib/gcc/nios2-elf/5.3.0/mno-hw-mul\libgcc.a(mulsf3.o)
                0x000000000082ffec                __mulsf3
 .text          0x000000000083041c      0x4e4 c:/scratchdir/nios2eds/bin/gnu/h-x86_64-mingw32/bin/../lib/gcc/nios2-elf/5.3.0/mno-hw-mul\libgcc.a(subsf3.o)
                0x000000000083041c                __subsf3
 .text          0x0000000000830900       0x70 c:/scratchdir/nios2eds/bin/gnu/h-x86_64-mingw32/bin/../lib/gcc/nios2-elf/5.3.0/mno-hw-mul\libgcc.a(fixsfsi.o)
                0x0000000000830900                __fixsfsi
 .text          0x0000000000830970      0x124 c:/scratchdir/nios2eds/bin/gnu/h-x86_64-mingw32/bin/../lib/gcc/nios2-elf/5.3.0/mno-hw-mul\libgcc.a(floatsisf.o)
                0x0000000000830970                __floatsisf
 .text          0x0000000000830a94      0x86c c:/scratchdir/nios2eds/bin/gnu/h-x86_64-mingw32/bin/../lib/gcc/nios2-elf/5.3.0/mno-hw-mul\libgcc.a(muldf3.o)
                0x0000000000830a94                __muldf3
 .text          0x0000000000831300       0xa8 c:/scratchdir/nios2eds/bin/gnu/h-x86_64-mingw32/bin/../lib/gcc/nios2-elf/5.3.0/mno-hw-mul\libgcc.a(floatunsidf.o)
                0x0000000000831300                __floatunsidf
 .text          0x00000000008313a8      0x1a8 c:/scratchdir/nios2eds/bin/gnu/h-x86_64-mingw32/bin/../lib/gcc/nios2-elf/5.3.0/mno-hw-mul\libgcc.a(truncdfsf2.o)
                0x00000000008313a8                __truncdfsf2
 .text          0x0000000000831550       0x64 c:/scratchdir/nios2eds/bin/gnu/h-x86_64-mingw32/bin/../lib/gcc/nios2-elf/5.3.0/mno-hw-mul\libgcc.a(_clzsi2.o)
                0x0000000000831550                __clzsi2
 .text          0x00000000008315b4        0x0 c:/scratchdir/nios2eds/bin/gnu/h-x86_64-mingw32/bin/../lib/gcc/nios2-elf/5.3.0/mno-hw-mul\libgcc.a(_clz.o)
 .text          0x00000000008315b4        0x0 c:/scratchdir/nios2eds/bin/gnu/h-x86_64-mingw32/bin/../lib/gcc/nios2-elf/5.3.0/../../../../../H-x86_64-mingw32/nios2-elf/lib/mno-hw-mul\libc.a(lib_a-clock.o)
 .text.clock    0x00000000008315b4       0x4c c:/scratchdir/nios2eds/bin/gnu/h-x86_64-mingw32/bin/../lib/gcc/nios2-elf/5.3.0/../../../../../H-x86_64-mingw32/nios2-elf/lib/mno-hw-mul\libc.a(lib_a-clock.o)
                0x00000000008315b4                clock
 .text          0x0000000000831600        0x0 c:/scratchdir/nios2eds/bin/gnu/h-x86_64-mingw32/bin/../lib/gcc/nios2-elf/5.3.0/../../../../../H-x86_64-mingw32/nios2-elf/lib/mno-hw-mul\libc.a(lib_a-exit.o)
 .text.exit     0x0000000000831600       0x38 c:/scratchdir/nios2eds/bin/gnu/h-x86_64-mingw32/bin/../lib/gcc/nios2-elf/5.3.0/../../../../../H-x86_64-mingw32/nios2-elf/lib/mno-hw-mul\libc.a(lib_a-exit.o)
                0x0000000000831600                exit
 .text          0x0000000000831638        0x0 c:/scratchdir/nios2eds/bin/gnu/h-x86_64-mingw32/bin/../lib/gcc/nios2-elf/5.3.0/../../../../../H-x86_64-mingw32/nios2-elf/lib/mno-hw-mul\libc.a(lib_a-fclose.o)
 .text._fclose_r
                0x0000000000831638       0xf0 c:/scratchdir/nios2eds/bin/gnu/h-x86_64-mingw32/bin/../lib/gcc/nios2-elf/5.3.0/../../../../../H-x86_64-mingw32/nios2-elf/lib/mno-hw-mul\libc.a(lib_a-fclose.o)
                0x0000000000831638                _fclose_r
 .text.fclose   0x0000000000831728       0x14 c:/scratchdir/nios2eds/bin/gnu/h-x86_64-mingw32/bin/../lib/gcc/nios2-elf/5.3.0/../../../../../H-x86_64-mingw32/nios2-elf/lib/mno-hw-mul\libc.a(lib_a-fclose.o)
                0x0000000000831728                fclose
 .text          0x000000000083173c        0x0 c:/scratchdir/nios2eds/bin/gnu/h-x86_64-mingw32/bin/../lib/gcc/nios2-elf/5.3.0/../../../../../H-x86_64-mingw32/nios2-elf/lib/mno-hw-mul\libc.a(lib_a-fflush.o)
 .text.__sflush_r
                0x000000000083173c      0x21c c:/scratchdir/nios2eds/bin/gnu/h-x86_64-mingw32/bin/../lib/gcc/nios2-elf/5.3.0/../../../../../H-x86_64-mingw32/nios2-elf/lib/mno-hw-mul\libc.a(lib_a-fflush.o)
                0x000000000083173c                __sflush_r
 .text._fflush_r
                0x0000000000831958       0x5c c:/scratchdir/nios2eds/bin/gnu/h-x86_64-mingw32/bin/../lib/gcc/nios2-elf/5.3.0/../../../../../H-x86_64-mingw32/nios2-elf/lib/mno-hw-mul\libc.a(lib_a-fflush.o)
                0x0000000000831958                _fflush_r
 .text.fflush   0x00000000008319b4       0x30 c:/scratchdir/nios2eds/bin/gnu/h-x86_64-mingw32/bin/../lib/gcc/nios2-elf/5.3.0/../../../../../H-x86_64-mingw32/nios2-elf/lib/mno-hw-mul\libc.a(lib_a-fflush.o)
                0x00000000008319b4                fflush
 .text          0x00000000008319e4        0x0 c:/scratchdir/nios2eds/bin/gnu/h-x86_64-mingw32/bin/../lib/gcc/nios2-elf/5.3.0/../../../../../H-x86_64-mingw32/nios2-elf/lib/mno-hw-mul\libc.a(lib_a-findfp.o)
 .text.__fp_unlock
                0x00000000008319e4        0x8 c:/scratchdir/nios2eds/bin/gnu/h-x86_64-mingw32/bin/../lib/gcc/nios2-elf/5.3.0/../../../../../H-x86_64-mingw32/nios2-elf/lib/mno-hw-mul\libc.a(lib_a-findfp.o)
 .text._cleanup_r
                0x00000000008319ec        0xc c:/scratchdir/nios2eds/bin/gnu/h-x86_64-mingw32/bin/../lib/gcc/nios2-elf/5.3.0/../../../../../H-x86_64-mingw32/nios2-elf/lib/mno-hw-mul\libc.a(lib_a-findfp.o)
                0x00000000008319ec                _cleanup_r
 .text.__sinit.part.1
                0x00000000008319f8      0x19c c:/scratchdir/nios2eds/bin/gnu/h-x86_64-mingw32/bin/../lib/gcc/nios2-elf/5.3.0/../../../../../H-x86_64-mingw32/nios2-elf/lib/mno-hw-mul\libc.a(lib_a-findfp.o)
 .text.__fp_lock
                0x0000000000831b94        0x8 c:/scratchdir/nios2eds/bin/gnu/h-x86_64-mingw32/bin/../lib/gcc/nios2-elf/5.3.0/../../../../../H-x86_64-mingw32/nios2-elf/lib/mno-hw-mul\libc.a(lib_a-findfp.o)
 .text.__sfmoreglue
                0x0000000000831b9c       0x78 c:/scratchdir/nios2eds/bin/gnu/h-x86_64-mingw32/bin/../lib/gcc/nios2-elf/5.3.0/../../../../../H-x86_64-mingw32/nios2-elf/lib/mno-hw-mul\libc.a(lib_a-findfp.o)
                0x0000000000831b9c                __sfmoreglue
 .text.__sfp    0x0000000000831c14      0x118 c:/scratchdir/nios2eds/bin/gnu/h-x86_64-mingw32/bin/../lib/gcc/nios2-elf/5.3.0/../../../../../H-x86_64-mingw32/nios2-elf/lib/mno-hw-mul\libc.a(lib_a-findfp.o)
                0x0000000000831c14                __sfp
 .text._cleanup
                0x0000000000831d2c       0x18 c:/scratchdir/nios2eds/bin/gnu/h-x86_64-mingw32/bin/../lib/gcc/nios2-elf/5.3.0/../../../../../H-x86_64-mingw32/nios2-elf/lib/mno-hw-mul\libc.a(lib_a-findfp.o)
                0x0000000000831d2c                _cleanup
 .text.__sinit  0x0000000000831d44       0x10 c:/scratchdir/nios2eds/bin/gnu/h-x86_64-mingw32/bin/../lib/gcc/nios2-elf/5.3.0/../../../../../H-x86_64-mingw32/nios2-elf/lib/mno-hw-mul\libc.a(lib_a-findfp.o)
                0x0000000000831d44                __sinit
 .text.__sfp_lock_acquire
                0x0000000000831d54        0x4 c:/scratchdir/nios2eds/bin/gnu/h-x86_64-mingw32/bin/../lib/gcc/nios2-elf/5.3.0/../../../../../H-x86_64-mingw32/nios2-elf/lib/mno-hw-mul\libc.a(lib_a-findfp.o)
                0x0000000000831d54                __sfp_lock_acquire
 .text.__sfp_lock_release
                0x0000000000831d58        0x4 c:/scratchdir/nios2eds/bin/gnu/h-x86_64-mingw32/bin/../lib/gcc/nios2-elf/5.3.0/../../../../../H-x86_64-mingw32/nios2-elf/lib/mno-hw-mul\libc.a(lib_a-findfp.o)
                0x0000000000831d58                __sfp_lock_release
 .text.__sinit_lock_acquire
                0x0000000000831d5c        0x4 c:/scratchdir/nios2eds/bin/gnu/h-x86_64-mingw32/bin/../lib/gcc/nios2-elf/5.3.0/../../../../../H-x86_64-mingw32/nios2-elf/lib/mno-hw-mul\libc.a(lib_a-findfp.o)
                0x0000000000831d5c                __sinit_lock_acquire
 .text.__sinit_lock_release
                0x0000000000831d60        0x4 c:/scratchdir/nios2eds/bin/gnu/h-x86_64-mingw32/bin/../lib/gcc/nios2-elf/5.3.0/../../../../../H-x86_64-mingw32/nios2-elf/lib/mno-hw-mul\libc.a(lib_a-findfp.o)
                0x0000000000831d60                __sinit_lock_release
 .text.__fp_lock_all
                0x0000000000831d64       0x18 c:/scratchdir/nios2eds/bin/gnu/h-x86_64-mingw32/bin/../lib/gcc/nios2-elf/5.3.0/../../../../../H-x86_64-mingw32/nios2-elf/lib/mno-hw-mul\libc.a(lib_a-findfp.o)
                0x0000000000831d64                __fp_lock_all
 .text.__fp_unlock_all
                0x0000000000831d7c       0x18 c:/scratchdir/nios2eds/bin/gnu/h-x86_64-mingw32/bin/../lib/gcc/nios2-elf/5.3.0/../../../../../H-x86_64-mingw32/nios2-elf/lib/mno-hw-mul\libc.a(lib_a-findfp.o)
                0x0000000000831d7c                __fp_unlock_all
 .text          0x0000000000831d94        0x0 c:/scratchdir/nios2eds/bin/gnu/h-x86_64-mingw32/bin/../lib/gcc/nios2-elf/5.3.0/../../../../../H-x86_64-mingw32/nios2-elf/lib/mno-hw-mul\libc.a(lib_a-fopen.o)
 .text._fopen_r
                0x0000000000831d94       0xf4 c:/scratchdir/nios2eds/bin/gnu/h-x86_64-mingw32/bin/../lib/gcc/nios2-elf/5.3.0/../../../../../H-x86_64-mingw32/nios2-elf/lib/mno-hw-mul\libc.a(lib_a-fopen.o)
                0x0000000000831d94                _fopen_r
 .text.fopen    0x0000000000831e88       0x18 c:/scratchdir/nios2eds/bin/gnu/h-x86_64-mingw32/bin/../lib/gcc/nios2-elf/5.3.0/../../../../../H-x86_64-mingw32/nios2-elf/lib/mno-hw-mul\libc.a(lib_a-fopen.o)
                0x0000000000831e88                fopen
 .text          0x0000000000831ea0        0x0 c:/scratchdir/nios2eds/bin/gnu/h-x86_64-mingw32/bin/../lib/gcc/nios2-elf/5.3.0/../../../../../H-x86_64-mingw32/nios2-elf/lib/mno-hw-mul\libc.a(lib_a-fprintf.o)
 .text._fprintf_r
                0x0000000000831ea0       0x28 c:/scratchdir/nios2eds/bin/gnu/h-x86_64-mingw32/bin/../lib/gcc/nios2-elf/5.3.0/../../../../../H-x86_64-mingw32/nios2-elf/lib/mno-hw-mul\libc.a(lib_a-fprintf.o)
                0x0000000000831ea0                _fprintf_r
 .text.fprintf  0x0000000000831ec8       0x24 c:/scratchdir/nios2eds/bin/gnu/h-x86_64-mingw32/bin/../lib/gcc/nios2-elf/5.3.0/../../../../../H-x86_64-mingw32/nios2-elf/lib/mno-hw-mul\libc.a(lib_a-fprintf.o)
                0x0000000000831ec8                fprintf
 .text          0x0000000000831eec        0x0 c:/scratchdir/nios2eds/bin/gnu/h-x86_64-mingw32/bin/../lib/gcc/nios2-elf/5.3.0/../../../../../H-x86_64-mingw32/nios2-elf/lib/mno-hw-mul\libc.a(lib_a-fread.o)
 .text._fread_r
                0x0000000000831eec      0x23c c:/scratchdir/nios2eds/bin/gnu/h-x86_64-mingw32/bin/../lib/gcc/nios2-elf/5.3.0/../../../../../H-x86_64-mingw32/nios2-elf/lib/mno-hw-mul\libc.a(lib_a-fread.o)
                0x0000000000831eec                _fread_r
 .text.fread    0x0000000000832128       0x34 c:/scratchdir/nios2eds/bin/gnu/h-x86_64-mingw32/bin/../lib/gcc/nios2-elf/5.3.0/../../../../../H-x86_64-mingw32/nios2-elf/lib/mno-hw-mul\libc.a(lib_a-fread.o)
                0x0000000000832128                fread
 .text          0x000000000083215c        0x0 c:/scratchdir/nios2eds/bin/gnu/h-x86_64-mingw32/bin/../lib/gcc/nios2-elf/5.3.0/../../../../../H-x86_64-mingw32/nios2-elf/lib/mno-hw-mul\libc.a(lib_a-freer.o)
 .text._malloc_trim_r
                0x000000000083215c      0x124 c:/scratchdir/nios2eds/bin/gnu/h-x86_64-mingw32/bin/../lib/gcc/nios2-elf/5.3.0/../../../../../H-x86_64-mingw32/nios2-elf/lib/mno-hw-mul\libc.a(lib_a-freer.o)
                0x000000000083215c                _malloc_trim_r
 .text._free_r  0x0000000000832280      0x310 c:/scratchdir/nios2eds/bin/gnu/h-x86_64-mingw32/bin/../lib/gcc/nios2-elf/5.3.0/../../../../../H-x86_64-mingw32/nios2-elf/lib/mno-hw-mul\libc.a(lib_a-freer.o)
                0x0000000000832280                _free_r
 .text          0x0000000000832590        0x0 c:/scratchdir/nios2eds/bin/gnu/h-x86_64-mingw32/bin/../lib/gcc/nios2-elf/5.3.0/../../../../../H-x86_64-mingw32/nios2-elf/lib/mno-hw-mul\libc.a(lib_a-fseek.o)
 .text._fseek_r
                0x0000000000832590        0x4 c:/scratchdir/nios2eds/bin/gnu/h-x86_64-mingw32/bin/../lib/gcc/nios2-elf/5.3.0/../../../../../H-x86_64-mingw32/nios2-elf/lib/mno-hw-mul\libc.a(lib_a-fseek.o)
                0x0000000000832590                _fseek_r
 .text.fseek    0x0000000000832594       0x1c c:/scratchdir/nios2eds/bin/gnu/h-x86_64-mingw32/bin/../lib/gcc/nios2-elf/5.3.0/../../../../../H-x86_64-mingw32/nios2-elf/lib/mno-hw-mul\libc.a(lib_a-fseek.o)
                0x0000000000832594                fseek
 .text          0x00000000008325b0        0x0 c:/scratchdir/nios2eds/bin/gnu/h-x86_64-mingw32/bin/../lib/gcc/nios2-elf/5.3.0/../../../../../H-x86_64-mingw32/nios2-elf/lib/mno-hw-mul\libc.a(lib_a-fseeko.o)
 .text._fseeko_r
                0x00000000008325b0      0x444 c:/scratchdir/nios2eds/bin/gnu/h-x86_64-mingw32/bin/../lib/gcc/nios2-elf/5.3.0/../../../../../H-x86_64-mingw32/nios2-elf/lib/mno-hw-mul\libc.a(lib_a-fseeko.o)
                0x00000000008325b0                _fseeko_r
 .text.fseeko   0x00000000008329f4       0x1c c:/scratchdir/nios2eds/bin/gnu/h-x86_64-mingw32/bin/../lib/gcc/nios2-elf/5.3.0/../../../../../H-x86_64-mingw32/nios2-elf/lib/mno-hw-mul\libc.a(lib_a-fseeko.o)
                0x00000000008329f4                fseeko
 .text          0x0000000000832a10        0x0 c:/scratchdir/nios2eds/bin/gnu/h-x86_64-mingw32/bin/../lib/gcc/nios2-elf/5.3.0/../../../../../H-x86_64-mingw32/nios2-elf/lib/mno-hw-mul\libc.a(lib_a-fstatr.o)
 .text._fstat_r
                0x0000000000832a10       0x5c c:/scratchdir/nios2eds/bin/gnu/h-x86_64-mingw32/bin/../lib/gcc/nios2-elf/5.3.0/../../../../../H-x86_64-mingw32/nios2-elf/lib/mno-hw-mul\libc.a(lib_a-fstatr.o)
                0x0000000000832a10                _fstat_r
 .text          0x0000000000832a6c        0x0 c:/scratchdir/nios2eds/bin/gnu/h-x86_64-mingw32/bin/../lib/gcc/nios2-elf/5.3.0/../../../../../H-x86_64-mingw32/nios2-elf/lib/mno-hw-mul\libc.a(lib_a-fwalk.o)
 .text._fwalk   0x0000000000832a6c       0xc4 c:/scratchdir/nios2eds/bin/gnu/h-x86_64-mingw32/bin/../lib/gcc/nios2-elf/5.3.0/../../../../../H-x86_64-mingw32/nios2-elf/lib/mno-hw-mul\libc.a(lib_a-fwalk.o)
                0x0000000000832a6c                _fwalk
 .text._fwalk_reent
                0x0000000000832b30       0xc4 c:/scratchdir/nios2eds/bin/gnu/h-x86_64-mingw32/bin/../lib/gcc/nios2-elf/5.3.0/../../../../../H-x86_64-mingw32/nios2-elf/lib/mno-hw-mul\libc.a(lib_a-fwalk.o)
                0x0000000000832b30                _fwalk_reent
 .text          0x0000000000832bf4        0x0 c:/scratchdir/nios2eds/bin/gnu/h-x86_64-mingw32/bin/../lib/gcc/nios2-elf/5.3.0/../../../../../H-x86_64-mingw32/nios2-elf/lib/mno-hw-mul\libc.a(lib_a-getenv.o)
 .text._findenv
                0x0000000000832bf4       0x18 c:/scratchdir/nios2eds/bin/gnu/h-x86_64-mingw32/bin/../lib/gcc/nios2-elf/5.3.0/../../../../../H-x86_64-mingw32/nios2-elf/lib/mno-hw-mul\libc.a(lib_a-getenv.o)
                0x0000000000832bf4                _findenv
 .text.getenv   0x0000000000832c0c       0x2c c:/scratchdir/nios2eds/bin/gnu/h-x86_64-mingw32/bin/../lib/gcc/nios2-elf/5.3.0/../../../../../H-x86_64-mingw32/nios2-elf/lib/mno-hw-mul\libc.a(lib_a-getenv.o)
                0x0000000000832c0c                getenv
 .text          0x0000000000832c38        0x0 c:/scratchdir/nios2eds/bin/gnu/h-x86_64-mingw32/bin/../lib/gcc/nios2-elf/5.3.0/../../../../../H-x86_64-mingw32/nios2-elf/lib/mno-hw-mul\libc.a(lib_a-getenv_r.o)
 .text._findenv_r
                0x0000000000832c38      0x104 c:/scratchdir/nios2eds/bin/gnu/h-x86_64-mingw32/bin/../lib/gcc/nios2-elf/5.3.0/../../../../../H-x86_64-mingw32/nios2-elf/lib/mno-hw-mul\libc.a(lib_a-getenv_r.o)
                0x0000000000832c38                _findenv_r
 .text._getenv_r
                0x0000000000832d3c       0x1c c:/scratchdir/nios2eds/bin/gnu/h-x86_64-mingw32/bin/../lib/gcc/nios2-elf/5.3.0/../../../../../H-x86_64-mingw32/nios2-elf/lib/mno-hw-mul\libc.a(lib_a-getenv_r.o)
                0x0000000000832d3c                _getenv_r
 .text          0x0000000000832d58        0x0 c:/scratchdir/nios2eds/bin/gnu/h-x86_64-mingw32/bin/../lib/gcc/nios2-elf/5.3.0/../../../../../H-x86_64-mingw32/nios2-elf/lib/mno-hw-mul\libc.a(lib_a-impure.o)
 .text          0x0000000000832d58        0x0 c:/scratchdir/nios2eds/bin/gnu/h-x86_64-mingw32/bin/../lib/gcc/nios2-elf/5.3.0/../../../../../H-x86_64-mingw32/nios2-elf/lib/mno-hw-mul\libc.a(lib_a-int_errno.o)
 .text          0x0000000000832d58        0x0 c:/scratchdir/nios2eds/bin/gnu/h-x86_64-mingw32/bin/../lib/gcc/nios2-elf/5.3.0/../../../../../H-x86_64-mingw32/nios2-elf/lib/mno-hw-mul\libc.a(lib_a-makebuf.o)
 .text.__smakebuf_r
                0x0000000000832d58      0x1bc c:/scratchdir/nios2eds/bin/gnu/h-x86_64-mingw32/bin/../lib/gcc/nios2-elf/5.3.0/../../../../../H-x86_64-mingw32/nios2-elf/lib/mno-hw-mul\libc.a(lib_a-makebuf.o)
                0x0000000000832d58                __smakebuf_r
 .text          0x0000000000832f14        0x0 c:/scratchdir/nios2eds/bin/gnu/h-x86_64-mingw32/bin/../lib/gcc/nios2-elf/5.3.0/../../../../../H-x86_64-mingw32/nios2-elf/lib/mno-hw-mul\libc.a(lib_a-malloc.o)
 .text.malloc   0x0000000000832f14       0x14 c:/scratchdir/nios2eds/bin/gnu/h-x86_64-mingw32/bin/../lib/gcc/nios2-elf/5.3.0/../../../../../H-x86_64-mingw32/nios2-elf/lib/mno-hw-mul\libc.a(lib_a-malloc.o)
                0x0000000000832f14                malloc
 .text.free     0x0000000000832f28       0x14 c:/scratchdir/nios2eds/bin/gnu/h-x86_64-mingw32/bin/../lib/gcc/nios2-elf/5.3.0/../../../../../H-x86_64-mingw32/nios2-elf/lib/mno-hw-mul\libc.a(lib_a-malloc.o)
                0x0000000000832f28                free
 .text          0x0000000000832f3c        0x0 c:/scratchdir/nios2eds/bin/gnu/h-x86_64-mingw32/bin/../lib/gcc/nios2-elf/5.3.0/../../../../../H-x86_64-mingw32/nios2-elf/lib/mno-hw-mul\libc.a(lib_a-mallocr.o)
 .text._malloc_r
                0x0000000000832f3c      0x80c c:/scratchdir/nios2eds/bin/gnu/h-x86_64-mingw32/bin/../lib/gcc/nios2-elf/5.3.0/../../../../../H-x86_64-mingw32/nios2-elf/lib/mno-hw-mul\libc.a(lib_a-mallocr.o)
                0x0000000000832f3c                _malloc_r
 .text          0x0000000000833748        0x0 c:/scratchdir/nios2eds/bin/gnu/h-x86_64-mingw32/bin/../lib/gcc/nios2-elf/5.3.0/../../../../../H-x86_64-mingw32/nios2-elf/lib/mno-hw-mul\libc.a(lib_a-memcpy.o)
 .text.memcpy   0x0000000000833748      0x148 c:/scratchdir/nios2eds/bin/gnu/h-x86_64-mingw32/bin/../lib/gcc/nios2-elf/5.3.0/../../../../../H-x86_64-mingw32/nios2-elf/lib/mno-hw-mul\libc.a(lib_a-memcpy.o)
                0x0000000000833748                memcpy
 .text          0x0000000000833890        0x0 c:/scratchdir/nios2eds/bin/gnu/h-x86_64-mingw32/bin/../lib/gcc/nios2-elf/5.3.0/../../../../../H-x86_64-mingw32/nios2-elf/lib/mno-hw-mul\libc.a(lib_a-memset.o)
 .text.memset   0x0000000000833890      0x128 c:/scratchdir/nios2eds/bin/gnu/h-x86_64-mingw32/bin/../lib/gcc/nios2-elf/5.3.0/../../../../../H-x86_64-mingw32/nios2-elf/lib/mno-hw-mul\libc.a(lib_a-memset.o)
                0x0000000000833890                memset
 .text          0x00000000008339b8        0x0 c:/scratchdir/nios2eds/bin/gnu/h-x86_64-mingw32/bin/../lib/gcc/nios2-elf/5.3.0/../../../../../H-x86_64-mingw32/nios2-elf/lib/mno-hw-mul\libc.a(lib_a-openr.o)
 .text._open_r  0x00000000008339b8       0x60 c:/scratchdir/nios2eds/bin/gnu/h-x86_64-mingw32/bin/../lib/gcc/nios2-elf/5.3.0/../../../../../H-x86_64-mingw32/nios2-elf/lib/mno-hw-mul\libc.a(lib_a-openr.o)
                0x00000000008339b8                _open_r
 .text          0x0000000000833a18        0x0 c:/scratchdir/nios2eds/bin/gnu/h-x86_64-mingw32/bin/../lib/gcc/nios2-elf/5.3.0/../../../../../H-x86_64-mingw32/nios2-elf/lib/mno-hw-mul\libc.a(lib_a-printf.o)
 .text._printf_r
                0x0000000000833a18       0x30 c:/scratchdir/nios2eds/bin/gnu/h-x86_64-mingw32/bin/../lib/gcc/nios2-elf/5.3.0/../../../../../H-x86_64-mingw32/nios2-elf/lib/mno-hw-mul\libc.a(lib_a-printf.o)
                0x0000000000833a18                _printf_r
 .text.printf   0x0000000000833a48       0x3c c:/scratchdir/nios2eds/bin/gnu/h-x86_64-mingw32/bin/../lib/gcc/nios2-elf/5.3.0/../../../../../H-x86_64-mingw32/nios2-elf/lib/mno-hw-mul\libc.a(lib_a-printf.o)
                0x0000000000833a48                printf
 .text          0x0000000000833a84        0x0 c:/scratchdir/nios2eds/bin/gnu/h-x86_64-mingw32/bin/../lib/gcc/nios2-elf/5.3.0/../../../../../H-x86_64-mingw32/nios2-elf/lib/mno-hw-mul\libc.a(lib_a-puts.o)
 .text._puts_r  0x0000000000833a84       0xc0 c:/scratchdir/nios2eds/bin/gnu/h-x86_64-mingw32/bin/../lib/gcc/nios2-elf/5.3.0/../../../../../H-x86_64-mingw32/nios2-elf/lib/mno-hw-mul\libc.a(lib_a-puts.o)
                0x0000000000833a84                _puts_r
 .text.puts     0x0000000000833b44       0x14 c:/scratchdir/nios2eds/bin/gnu/h-x86_64-mingw32/bin/../lib/gcc/nios2-elf/5.3.0/../../../../../H-x86_64-mingw32/nios2-elf/lib/mno-hw-mul\libc.a(lib_a-puts.o)
                0x0000000000833b44                puts
 .text          0x0000000000833b58        0x0 c:/scratchdir/nios2eds/bin/gnu/h-x86_64-mingw32/bin/../lib/gcc/nios2-elf/5.3.0/../../../../../H-x86_64-mingw32/nios2-elf/lib/mno-hw-mul\libc.a(lib_a-refill.o)
 .text.lflush   0x0000000000833b58       0x1c c:/scratchdir/nios2eds/bin/gnu/h-x86_64-mingw32/bin/../lib/gcc/nios2-elf/5.3.0/../../../../../H-x86_64-mingw32/nios2-elf/lib/mno-hw-mul\libc.a(lib_a-refill.o)
 .text.__srefill_r
                0x0000000000833b74      0x1d4 c:/scratchdir/nios2eds/bin/gnu/h-x86_64-mingw32/bin/../lib/gcc/nios2-elf/5.3.0/../../../../../H-x86_64-mingw32/nios2-elf/lib/mno-hw-mul\libc.a(lib_a-refill.o)
                0x0000000000833b74                __srefill_r
 .text          0x0000000000833d48        0x0 c:/scratchdir/nios2eds/bin/gnu/h-x86_64-mingw32/bin/../lib/gcc/nios2-elf/5.3.0/../../../../../H-x86_64-mingw32/nios2-elf/lib/mno-hw-mul\libc.a(lib_a-sbrkr.o)
 .text._sbrk_r  0x0000000000833d48       0x54 c:/scratchdir/nios2eds/bin/gnu/h-x86_64-mingw32/bin/../lib/gcc/nios2-elf/5.3.0/../../../../../H-x86_64-mingw32/nios2-elf/lib/mno-hw-mul\libc.a(lib_a-sbrkr.o)
                0x0000000000833d48                _sbrk_r
 .text          0x0000000000833d9c        0x0 c:/scratchdir/nios2eds/bin/gnu/h-x86_64-mingw32/bin/../lib/gcc/nios2-elf/5.3.0/../../../../../H-x86_64-mingw32/nios2-elf/lib/mno-hw-mul\libc.a(lib_a-sprintf.o)
 .text._sprintf_r
                0x0000000000833d9c       0x58 c:/scratchdir/nios2eds/bin/gnu/h-x86_64-mingw32/bin/../lib/gcc/nios2-elf/5.3.0/../../../../../H-x86_64-mingw32/nios2-elf/lib/mno-hw-mul\libc.a(lib_a-sprintf.o)
                0x0000000000833d9c                _sprintf_r
 .text.sprintf  0x0000000000833df4       0x6c c:/scratchdir/nios2eds/bin/gnu/h-x86_64-mingw32/bin/../lib/gcc/nios2-elf/5.3.0/../../../../../H-x86_64-mingw32/nios2-elf/lib/mno-hw-mul\libc.a(lib_a-sprintf.o)
                0x0000000000833df4                sprintf
 .text          0x0000000000833e60        0x0 c:/scratchdir/nios2eds/bin/gnu/h-x86_64-mingw32/bin/../lib/gcc/nios2-elf/5.3.0/../../../../../H-x86_64-mingw32/nios2-elf/lib/mno-hw-mul\libc.a(lib_a-sscanf.o)
 .text.sscanf   0x0000000000833e60       0x7c c:/scratchdir/nios2eds/bin/gnu/h-x86_64-mingw32/bin/../lib/gcc/nios2-elf/5.3.0/../../../../../H-x86_64-mingw32/nios2-elf/lib/mno-hw-mul\libc.a(lib_a-sscanf.o)
                0x0000000000833e60                sscanf
 .text._sscanf_r
                0x0000000000833edc       0x78 c:/scratchdir/nios2eds/bin/gnu/h-x86_64-mingw32/bin/../lib/gcc/nios2-elf/5.3.0/../../../../../H-x86_64-mingw32/nios2-elf/lib/mno-hw-mul\libc.a(lib_a-sscanf.o)
                0x0000000000833edc                _sscanf_r
 .text          0x0000000000833f54        0x0 c:/scratchdir/nios2eds/bin/gnu/h-x86_64-mingw32/bin/../lib/gcc/nios2-elf/5.3.0/../../../../../H-x86_64-mingw32/nios2-elf/lib/mno-hw-mul\libc.a(lib_a-stdio.o)
 .text.__sread  0x0000000000833f54       0x54 c:/scratchdir/nios2eds/bin/gnu/h-x86_64-mingw32/bin/../lib/gcc/nios2-elf/5.3.0/../../../../../H-x86_64-mingw32/nios2-elf/lib/mno-hw-mul\libc.a(lib_a-stdio.o)
                0x0000000000833f54                __sread
 .text.__seofread
                0x0000000000833fa8        0x8 c:/scratchdir/nios2eds/bin/gnu/h-x86_64-mingw32/bin/../lib/gcc/nios2-elf/5.3.0/../../../../../H-x86_64-mingw32/nios2-elf/lib/mno-hw-mul\libc.a(lib_a-stdio.o)
                0x0000000000833fa8                __seofread
 .text.__swrite
                0x0000000000833fb0       0x7c c:/scratchdir/nios2eds/bin/gnu/h-x86_64-mingw32/bin/../lib/gcc/nios2-elf/5.3.0/../../../../../H-x86_64-mingw32/nios2-elf/lib/mno-hw-mul\libc.a(lib_a-stdio.o)
                0x0000000000833fb0                __swrite
 .text.__sseek  0x000000000083402c       0x5c c:/scratchdir/nios2eds/bin/gnu/h-x86_64-mingw32/bin/../lib/gcc/nios2-elf/5.3.0/../../../../../H-x86_64-mingw32/nios2-elf/lib/mno-hw-mul\libc.a(lib_a-stdio.o)
                0x000000000083402c                __sseek
 .text.__sclose
                0x0000000000834088        0x8 c:/scratchdir/nios2eds/bin/gnu/h-x86_64-mingw32/bin/../lib/gcc/nios2-elf/5.3.0/../../../../../H-x86_64-mingw32/nios2-elf/lib/mno-hw-mul\libc.a(lib_a-stdio.o)
                0x0000000000834088                __sclose
 .text          0x0000000000834090        0x0 c:/scratchdir/nios2eds/bin/gnu/h-x86_64-mingw32/bin/../lib/gcc/nios2-elf/5.3.0/../../../../../H-x86_64-mingw32/nios2-elf/lib/mno-hw-mul\libc.a(lib_a-strlen.o)
 .text.strlen   0x0000000000834090       0x98 c:/scratchdir/nios2eds/bin/gnu/h-x86_64-mingw32/bin/../lib/gcc/nios2-elf/5.3.0/../../../../../H-x86_64-mingw32/nios2-elf/lib/mno-hw-mul\libc.a(lib_a-strlen.o)
                0x0000000000834090                strlen
 .text          0x0000000000834128        0x0 c:/scratchdir/nios2eds/bin/gnu/h-x86_64-mingw32/bin/../lib/gcc/nios2-elf/5.3.0/../../../../../H-x86_64-mingw32/nios2-elf/lib/mno-hw-mul\libc.a(lib_a-strncmp.o)
 .text.strncmp  0x0000000000834128       0xd0 c:/scratchdir/nios2eds/bin/gnu/h-x86_64-mingw32/bin/../lib/gcc/nios2-elf/5.3.0/../../../../../H-x86_64-mingw32/nios2-elf/lib/mno-hw-mul\libc.a(lib_a-strncmp.o)
                0x0000000000834128                strncmp
 .text          0x00000000008341f8        0x0 c:/scratchdir/nios2eds/bin/gnu/h-x86_64-mingw32/bin/../lib/gcc/nios2-elf/5.3.0/../../../../../H-x86_64-mingw32/nios2-elf/lib/mno-hw-mul\libc.a(lib_a-strncpy.o)
 .text.strncpy  0x00000000008341f8       0xec c:/scratchdir/nios2eds/bin/gnu/h-x86_64-mingw32/bin/../lib/gcc/nios2-elf/5.3.0/../../../../../H-x86_64-mingw32/nios2-elf/lib/mno-hw-mul\libc.a(lib_a-strncpy.o)
                0x00000000008341f8                strncpy
 .text          0x00000000008342e4        0x0 c:/scratchdir/nios2eds/bin/gnu/h-x86_64-mingw32/bin/../lib/gcc/nios2-elf/5.3.0/../../../../../H-x86_64-mingw32/nios2-elf/lib/mno-hw-mul\libc.a(lib_a-svfprintf.o)
 .text.___svfprintf_internal_r
                0x00000000008342e4     0x22bc c:/scratchdir/nios2eds/bin/gnu/h-x86_64-mingw32/bin/../lib/gcc/nios2-elf/5.3.0/../../../../../H-x86_64-mingw32/nios2-elf/lib/mno-hw-mul\libc.a(lib_a-svfprintf.o)
                0x00000000008342e4                ___svfprintf_internal_r
 .text          0x00000000008365a0        0x0 c:/scratchdir/nios2eds/bin/gnu/h-x86_64-mingw32/bin/../lib/gcc/nios2-elf/5.3.0/../../../../../H-x86_64-mingw32/nios2-elf/lib/mno-hw-mul\libc.a(lib_a-svfscanf.o)
 .text.__ssvfscanf_r
                0x00000000008365a0     0x198c c:/scratchdir/nios2eds/bin/gnu/h-x86_64-mingw32/bin/../lib/gcc/nios2-elf/5.3.0/../../../../../H-x86_64-mingw32/nios2-elf/lib/mno-hw-mul\libc.a(lib_a-svfscanf.o)
                0x00000000008365a0                __ssvfscanf_r
 .text          0x0000000000837f2c        0x0 c:/scratchdir/nios2eds/bin/gnu/h-x86_64-mingw32/bin/../lib/gcc/nios2-elf/5.3.0/../../../../../H-x86_64-mingw32/nios2-elf/lib/mno-hw-mul\libc.a(lib_a-timesr.o)
 .text._times_r
                0x0000000000837f2c        0x8 c:/scratchdir/nios2eds/bin/gnu/h-x86_64-mingw32/bin/../lib/gcc/nios2-elf/5.3.0/../../../../../H-x86_64-mingw32/nios2-elf/lib/mno-hw-mul\libc.a(lib_a-timesr.o)
                0x0000000000837f2c                _times_r
 .text          0x0000000000837f34        0x0 c:/scratchdir/nios2eds/bin/gnu/h-x86_64-mingw32/bin/../lib/gcc/nios2-elf/5.3.0/../../../../../H-x86_64-mingw32/nios2-elf/lib/mno-hw-mul\libc.a(lib_a-vfprintf.o)
 .text.___vfprintf_internal_r
                0x0000000000837f34     0x22dc c:/scratchdir/nios2eds/bin/gnu/h-x86_64-mingw32/bin/../lib/gcc/nios2-elf/5.3.0/../../../../../H-x86_64-mingw32/nios2-elf/lib/mno-hw-mul\libc.a(lib_a-vfprintf.o)
                0x0000000000837f34                ___vfprintf_internal_r
 .text.__vfprintf_internal
                0x000000000083a210       0x1c c:/scratchdir/nios2eds/bin/gnu/h-x86_64-mingw32/bin/../lib/gcc/nios2-elf/5.3.0/../../../../../H-x86_64-mingw32/nios2-elf/lib/mno-hw-mul\libc.a(lib_a-vfprintf.o)
                0x000000000083a210                __vfprintf_internal
 .text.__sbprintf
                0x000000000083a22c       0xbc c:/scratchdir/nios2eds/bin/gnu/h-x86_64-mingw32/bin/../lib/gcc/nios2-elf/5.3.0/../../../../../H-x86_64-mingw32/nios2-elf/lib/mno-hw-mul\libc.a(lib_a-vfprintf.o)
 .text          0x000000000083a2e8        0x0 c:/scratchdir/nios2eds/bin/gnu/h-x86_64-mingw32/bin/../lib/gcc/nios2-elf/5.3.0/../../../../../H-x86_64-mingw32/nios2-elf/lib/mno-hw-mul\libc.a(lib_a-writer.o)
 .text._write_r
                0x000000000083a2e8       0x60 c:/scratchdir/nios2eds/bin/gnu/h-x86_64-mingw32/bin/../lib/gcc/nios2-elf/5.3.0/../../../../../H-x86_64-mingw32/nios2-elf/lib/mno-hw-mul\libc.a(lib_a-writer.o)
                0x000000000083a2e8                _write_r
 .text          0x000000000083a348        0x0 c:/scratchdir/nios2eds/bin/gnu/h-x86_64-mingw32/bin/../lib/gcc/nios2-elf/5.3.0/../../../../../H-x86_64-mingw32/nios2-elf/lib/mno-hw-mul\libc.a(lib_a-wsetup.o)
 .text.__swsetup_r
                0x000000000083a348      0x154 c:/scratchdir/nios2eds/bin/gnu/h-x86_64-mingw32/bin/../lib/gcc/nios2-elf/5.3.0/../../../../../H-x86_64-mingw32/nios2-elf/lib/mno-hw-mul\libc.a(lib_a-wsetup.o)
                0x000000000083a348                __swsetup_r
 .text          0x000000000083a49c        0x0 c:/scratchdir/nios2eds/bin/gnu/h-x86_64-mingw32/bin/../lib/gcc/nios2-elf/5.3.0/../../../../../H-x86_64-mingw32/nios2-elf/lib/mno-hw-mul\libc.a(closer.o)
 .text._close_r
                0x000000000083a49c       0x54 c:/scratchdir/nios2eds/bin/gnu/h-x86_64-mingw32/bin/../lib/gcc/nios2-elf/5.3.0/../../../../../H-x86_64-mingw32/nios2-elf/lib/mno-hw-mul\libc.a(closer.o)
                0x000000000083a49c                _close_r
 .text          0x000000000083a4f0        0x0 c:/scratchdir/nios2eds/bin/gnu/h-x86_64-mingw32/bin/../lib/gcc/nios2-elf/5.3.0/../../../../../H-x86_64-mingw32/nios2-elf/lib/mno-hw-mul\libc.a(lib_a-__call_atexit.o)
 .text.__call_exitprocs
                0x000000000083a4f0      0x180 c:/scratchdir/nios2eds/bin/gnu/h-x86_64-mingw32/bin/../lib/gcc/nios2-elf/5.3.0/../../../../../H-x86_64-mingw32/nios2-elf/lib/mno-hw-mul\libc.a(lib_a-__call_atexit.o)
                0x000000000083a4f0                __call_exitprocs
 .text          0x000000000083a670        0x0 c:/scratchdir/nios2eds/bin/gnu/h-x86_64-mingw32/bin/../lib/gcc/nios2-elf/5.3.0/../../../../../H-x86_64-mingw32/nios2-elf/lib/mno-hw-mul\libc.a(lib_a-ctype_.o)
 .text          0x000000000083a670        0x0 c:/scratchdir/nios2eds/bin/gnu/h-x86_64-mingw32/bin/../lib/gcc/nios2-elf/5.3.0/../../../../../H-x86_64-mingw32/nios2-elf/lib/mno-hw-mul\libc.a(lib_a-dtoa.o)
 .text.quorem   0x000000000083a670      0x228 c:/scratchdir/nios2eds/bin/gnu/h-x86_64-mingw32/bin/../lib/gcc/nios2-elf/5.3.0/../../../../../H-x86_64-mingw32/nios2-elf/lib/mno-hw-mul\libc.a(lib_a-dtoa.o)
 .text._dtoa_r  0x000000000083a898     0x1688 c:/scratchdir/nios2eds/bin/gnu/h-x86_64-mingw32/bin/../lib/gcc/nios2-elf/5.3.0/../../../../../H-x86_64-mingw32/nios2-elf/lib/mno-hw-mul\libc.a(lib_a-dtoa.o)
                0x000000000083a898                _dtoa_r
 .text          0x000000000083bf20        0x0 c:/scratchdir/nios2eds/bin/gnu/h-x86_64-mingw32/bin/../lib/gcc/nios2-elf/5.3.0/../../../../../H-x86_64-mingw32/nios2-elf/lib/mno-hw-mul\libc.a(lib_a-environ.o)
 .text          0x000000000083bf20        0x0 c:/scratchdir/nios2eds/bin/gnu/h-x86_64-mingw32/bin/../lib/gcc/nios2-elf/5.3.0/../../../../../H-x86_64-mingw32/nios2-elf/lib/mno-hw-mul\libc.a(lib_a-flags.o)
 .text.__sflags
                0x000000000083bf20       0xac c:/scratchdir/nios2eds/bin/gnu/h-x86_64-mingw32/bin/../lib/gcc/nios2-elf/5.3.0/../../../../../H-x86_64-mingw32/nios2-elf/lib/mno-hw-mul\libc.a(lib_a-flags.o)
                0x000000000083bf20                __sflags
 .text          0x000000000083bfcc        0x0 c:/scratchdir/nios2eds/bin/gnu/h-x86_64-mingw32/bin/../lib/gcc/nios2-elf/5.3.0/../../../../../H-x86_64-mingw32/nios2-elf/lib/mno-hw-mul\libc.a(lib_a-fvwrite.o)
 .text.__sfvwrite_r
                0x000000000083bfcc      0x4c8 c:/scratchdir/nios2eds/bin/gnu/h-x86_64-mingw32/bin/../lib/gcc/nios2-elf/5.3.0/../../../../../H-x86_64-mingw32/nios2-elf/lib/mno-hw-mul\libc.a(lib_a-fvwrite.o)
                0x000000000083bfcc                __sfvwrite_r
 .text          0x000000000083c494        0x0 c:/scratchdir/nios2eds/bin/gnu/h-x86_64-mingw32/bin/../lib/gcc/nios2-elf/5.3.0/../../../../../H-x86_64-mingw32/nios2-elf/lib/mno-hw-mul\libc.a(lib_a-isattyr.o)
 .text._isatty_r
                0x000000000083c494       0x54 c:/scratchdir/nios2eds/bin/gnu/h-x86_64-mingw32/bin/../lib/gcc/nios2-elf/5.3.0/../../../../../H-x86_64-mingw32/nios2-elf/lib/mno-hw-mul\libc.a(lib_a-isattyr.o)
                0x000000000083c494                _isatty_r
 .text          0x000000000083c4e8        0x0 c:/scratchdir/nios2eds/bin/gnu/h-x86_64-mingw32/bin/../lib/gcc/nios2-elf/5.3.0/../../../../../H-x86_64-mingw32/nios2-elf/lib/mno-hw-mul\libc.a(lib_a-iswspace.o)
 .text.iswspace
                0x000000000083c4e8       0x30 c:/scratchdir/nios2eds/bin/gnu/h-x86_64-mingw32/bin/../lib/gcc/nios2-elf/5.3.0/../../../../../H-x86_64-mingw32/nios2-elf/lib/mno-hw-mul\libc.a(lib_a-iswspace.o)
                0x000000000083c4e8                iswspace
 .text          0x000000000083c518        0x0 c:/scratchdir/nios2eds/bin/gnu/h-x86_64-mingw32/bin/../lib/gcc/nios2-elf/5.3.0/../../../../../H-x86_64-mingw32/nios2-elf/lib/mno-hw-mul\libc.a(lib_a-locale.o)
 .text._setlocale_r
                0x000000000083c518       0x7c c:/scratchdir/nios2eds/bin/gnu/h-x86_64-mingw32/bin/../lib/gcc/nios2-elf/5.3.0/../../../../../H-x86_64-mingw32/nios2-elf/lib/mno-hw-mul\libc.a(lib_a-locale.o)
                0x000000000083c518                _setlocale_r
 .text.__locale_charset
                0x000000000083c594        0xc c:/scratchdir/nios2eds/bin/gnu/h-x86_64-mingw32/bin/../lib/gcc/nios2-elf/5.3.0/../../../../../H-x86_64-mingw32/nios2-elf/lib/mno-hw-mul\libc.a(lib_a-locale.o)
                0x000000000083c594                __locale_charset
 .text.__locale_mb_cur_max
                0x000000000083c5a0       0x10 c:/scratchdir/nios2eds/bin/gnu/h-x86_64-mingw32/bin/../lib/gcc/nios2-elf/5.3.0/../../../../../H-x86_64-mingw32/nios2-elf/lib/mno-hw-mul\libc.a(lib_a-locale.o)
                0x000000000083c5a0                __locale_mb_cur_max
 .text.__locale_msgcharset
                0x000000000083c5b0        0xc c:/scratchdir/nios2eds/bin/gnu/h-x86_64-mingw32/bin/../lib/gcc/nios2-elf/5.3.0/../../../../../H-x86_64-mingw32/nios2-elf/lib/mno-hw-mul\libc.a(lib_a-locale.o)
                0x000000000083c5b0                __locale_msgcharset
 .text.__locale_cjk_lang
                0x000000000083c5bc        0x8 c:/scratchdir/nios2eds/bin/gnu/h-x86_64-mingw32/bin/../lib/gcc/nios2-elf/5.3.0/../../../../../H-x86_64-mingw32/nios2-elf/lib/mno-hw-mul\libc.a(lib_a-locale.o)
                0x000000000083c5bc                __locale_cjk_lang
 .text._localeconv_r
                0x000000000083c5c4        0xc c:/scratchdir/nios2eds/bin/gnu/h-x86_64-mingw32/bin/../lib/gcc/nios2-elf/5.3.0/../../../../../H-x86_64-mingw32/nios2-elf/lib/mno-hw-mul\libc.a(lib_a-locale.o)
                0x000000000083c5c4                _localeconv_r
 .text.setlocale
                0x000000000083c5d0       0x18 c:/scratchdir/nios2eds/bin/gnu/h-x86_64-mingw32/bin/../lib/gcc/nios2-elf/5.3.0/../../../../../H-x86_64-mingw32/nios2-elf/lib/mno-hw-mul\libc.a(lib_a-locale.o)
                0x000000000083c5d0                setlocale
 .text.localeconv
                0x000000000083c5e8        0xc c:/scratchdir/nios2eds/bin/gnu/h-x86_64-mingw32/bin/../lib/gcc/nios2-elf/5.3.0/../../../../../H-x86_64-mingw32/nios2-elf/lib/mno-hw-mul\libc.a(lib_a-locale.o)
                0x000000000083c5e8                localeconv
 .text          0x000000000083c5f4        0x0 c:/scratchdir/nios2eds/bin/gnu/h-x86_64-mingw32/bin/../lib/gcc/nios2-elf/5.3.0/../../../../../H-x86_64-mingw32/nios2-elf/lib/mno-hw-mul\libc.a(lib_a-lseekr.o)
 .text._lseek_r
                0x000000000083c5f4       0x60 c:/scratchdir/nios2eds/bin/gnu/h-x86_64-mingw32/bin/../lib/gcc/nios2-elf/5.3.0/../../../../../H-x86_64-mingw32/nios2-elf/lib/mno-hw-mul\libc.a(lib_a-lseekr.o)
                0x000000000083c5f4                _lseek_r
 .text          0x000000000083c654        0x0 c:/scratchdir/nios2eds/bin/gnu/h-x86_64-mingw32/bin/../lib/gcc/nios2-elf/5.3.0/../../../../../H-x86_64-mingw32/nios2-elf/lib/mno-hw-mul\libc.a(lib_a-mbrtowc.o)
 .text._mbrtowc_r
                0x000000000083c654       0xac c:/scratchdir/nios2eds/bin/gnu/h-x86_64-mingw32/bin/../lib/gcc/nios2-elf/5.3.0/../../../../../H-x86_64-mingw32/nios2-elf/lib/mno-hw-mul\libc.a(lib_a-mbrtowc.o)
                0x000000000083c654                _mbrtowc_r
 .text.mbrtowc  0x000000000083c700       0xd8 c:/scratchdir/nios2eds/bin/gnu/h-x86_64-mingw32/bin/../lib/gcc/nios2-elf/5.3.0/../../../../../H-x86_64-mingw32/nios2-elf/lib/mno-hw-mul\libc.a(lib_a-mbrtowc.o)
                0x000000000083c700                mbrtowc
 .text          0x000000000083c7d8        0x0 c:/scratchdir/nios2eds/bin/gnu/h-x86_64-mingw32/bin/../lib/gcc/nios2-elf/5.3.0/../../../../../H-x86_64-mingw32/nios2-elf/lib/mno-hw-mul\libc.a(lib_a-mbtowc_r.o)
 .text.__ascii_mbtowc
                0x000000000083c7d8       0x44 c:/scratchdir/nios2eds/bin/gnu/h-x86_64-mingw32/bin/../lib/gcc/nios2-elf/5.3.0/../../../../../H-x86_64-mingw32/nios2-elf/lib/mno-hw-mul\libc.a(lib_a-mbtowc_r.o)
                0x000000000083c7d8                __ascii_mbtowc
 .text._mbtowc_r
                0x000000000083c81c       0x5c c:/scratchdir/nios2eds/bin/gnu/h-x86_64-mingw32/bin/../lib/gcc/nios2-elf/5.3.0/../../../../../H-x86_64-mingw32/nios2-elf/lib/mno-hw-mul\libc.a(lib_a-mbtowc_r.o)
                0x000000000083c81c                _mbtowc_r
 .text          0x000000000083c878        0x0 c:/scratchdir/nios2eds/bin/gnu/h-x86_64-mingw32/bin/../lib/gcc/nios2-elf/5.3.0/../../../../../H-x86_64-mingw32/nios2-elf/lib/mno-hw-mul\libc.a(lib_a-memchr.o)
 .text.memchr   0x000000000083c878       0xe4 c:/scratchdir/nios2eds/bin/gnu/h-x86_64-mingw32/bin/../lib/gcc/nios2-elf/5.3.0/../../../../../H-x86_64-mingw32/nios2-elf/lib/mno-hw-mul\libc.a(lib_a-memchr.o)
                0x000000000083c878                memchr
 .text          0x000000000083c95c        0x0 c:/scratchdir/nios2eds/bin/gnu/h-x86_64-mingw32/bin/../lib/gcc/nios2-elf/5.3.0/../../../../../H-x86_64-mingw32/nios2-elf/lib/mno-hw-mul\libc.a(lib_a-memmove.o)
 .text.memmove  0x000000000083c95c      0x15c c:/scratchdir/nios2eds/bin/gnu/h-x86_64-mingw32/bin/../lib/gcc/nios2-elf/5.3.0/../../../../../H-x86_64-mingw32/nios2-elf/lib/mno-hw-mul\libc.a(lib_a-memmove.o)
                0x000000000083c95c                memmove
 .text          0x000000000083cab8        0x0 c:/scratchdir/nios2eds/bin/gnu/h-x86_64-mingw32/bin/../lib/gcc/nios2-elf/5.3.0/../../../../../H-x86_64-mingw32/nios2-elf/lib/mno-hw-mul\libc.a(lib_a-mprec.o)
 .text._Balloc  0x000000000083cab8       0xa8 c:/scratchdir/nios2eds/bin/gnu/h-x86_64-mingw32/bin/../lib/gcc/nios2-elf/5.3.0/../../../../../H-x86_64-mingw32/nios2-elf/lib/mno-hw-mul\libc.a(lib_a-mprec.o)
                0x000000000083cab8                _Balloc
 .text._Bfree   0x000000000083cb60       0x28 c:/scratchdir/nios2eds/bin/gnu/h-x86_64-mingw32/bin/../lib/gcc/nios2-elf/5.3.0/../../../../../H-x86_64-mingw32/nios2-elf/lib/mno-hw-mul\libc.a(lib_a-mprec.o)
                0x000000000083cb60                _Bfree
 .text.__multadd
                0x000000000083cb88      0x148 c:/scratchdir/nios2eds/bin/gnu/h-x86_64-mingw32/bin/../lib/gcc/nios2-elf/5.3.0/../../../../../H-x86_64-mingw32/nios2-elf/lib/mno-hw-mul\libc.a(lib_a-mprec.o)
                0x000000000083cb88                __multadd
 .text.__s2b    0x000000000083ccd0      0x104 c:/scratchdir/nios2eds/bin/gnu/h-x86_64-mingw32/bin/../lib/gcc/nios2-elf/5.3.0/../../../../../H-x86_64-mingw32/nios2-elf/lib/mno-hw-mul\libc.a(lib_a-mprec.o)
                0x000000000083ccd0                __s2b
 .text.__hi0bits
                0x000000000083cdd4       0x68 c:/scratchdir/nios2eds/bin/gnu/h-x86_64-mingw32/bin/../lib/gcc/nios2-elf/5.3.0/../../../../../H-x86_64-mingw32/nios2-elf/lib/mno-hw-mul\libc.a(lib_a-mprec.o)
                0x000000000083cdd4                __hi0bits
 .text.__lo0bits
                0x000000000083ce3c       0xb0 c:/scratchdir/nios2eds/bin/gnu/h-x86_64-mingw32/bin/../lib/gcc/nios2-elf/5.3.0/../../../../../H-x86_64-mingw32/nios2-elf/lib/mno-hw-mul\libc.a(lib_a-mprec.o)
                0x000000000083ce3c                __lo0bits
 .text.__i2b    0x000000000083ceec       0x3c c:/scratchdir/nios2eds/bin/gnu/h-x86_64-mingw32/bin/../lib/gcc/nios2-elf/5.3.0/../../../../../H-x86_64-mingw32/nios2-elf/lib/mno-hw-mul\libc.a(lib_a-mprec.o)
                0x000000000083ceec                __i2b
 .text.__multiply
                0x000000000083cf28      0x28c c:/scratchdir/nios2eds/bin/gnu/h-x86_64-mingw32/bin/../lib/gcc/nios2-elf/5.3.0/../../../../../H-x86_64-mingw32/nios2-elf/lib/mno-hw-mul\libc.a(lib_a-mprec.o)
                0x000000000083cf28                __multiply
 .text.__pow5mult
                0x000000000083d1b4      0x140 c:/scratchdir/nios2eds/bin/gnu/h-x86_64-mingw32/bin/../lib/gcc/nios2-elf/5.3.0/../../../../../H-x86_64-mingw32/nios2-elf/lib/mno-hw-mul\libc.a(lib_a-mprec.o)
                0x000000000083d1b4                __pow5mult
 .text.__lshift
                0x000000000083d2f4      0x148 c:/scratchdir/nios2eds/bin/gnu/h-x86_64-mingw32/bin/../lib/gcc/nios2-elf/5.3.0/../../../../../H-x86_64-mingw32/nios2-elf/lib/mno-hw-mul\libc.a(lib_a-mprec.o)
                0x000000000083d2f4                __lshift
 .text.__mcmp   0x000000000083d43c       0x60 c:/scratchdir/nios2eds/bin/gnu/h-x86_64-mingw32/bin/../lib/gcc/nios2-elf/5.3.0/../../../../../H-x86_64-mingw32/nios2-elf/lib/mno-hw-mul\libc.a(lib_a-mprec.o)
                0x000000000083d43c                __mcmp
 .text.__mdiff  0x000000000083d49c      0x1fc c:/scratchdir/nios2eds/bin/gnu/h-x86_64-mingw32/bin/../lib/gcc/nios2-elf/5.3.0/../../../../../H-x86_64-mingw32/nios2-elf/lib/mno-hw-mul\libc.a(lib_a-mprec.o)
                0x000000000083d49c                __mdiff
 .text.__ulp    0x000000000083d698       0x64 c:/scratchdir/nios2eds/bin/gnu/h-x86_64-mingw32/bin/../lib/gcc/nios2-elf/5.3.0/../../../../../H-x86_64-mingw32/nios2-elf/lib/mno-hw-mul\libc.a(lib_a-mprec.o)
                0x000000000083d698                __ulp
 .text.__b2d    0x000000000083d6fc      0x10c c:/scratchdir/nios2eds/bin/gnu/h-x86_64-mingw32/bin/../lib/gcc/nios2-elf/5.3.0/../../../../../H-x86_64-mingw32/nios2-elf/lib/mno-hw-mul\libc.a(lib_a-mprec.o)
                0x000000000083d6fc                __b2d
 .text.__d2b    0x000000000083d808      0x14c c:/scratchdir/nios2eds/bin/gnu/h-x86_64-mingw32/bin/../lib/gcc/nios2-elf/5.3.0/../../../../../H-x86_64-mingw32/nios2-elf/lib/mno-hw-mul\libc.a(lib_a-mprec.o)
                0x000000000083d808                __d2b
 .text.__ratio  0x000000000083d954       0xa4 c:/scratchdir/nios2eds/bin/gnu/h-x86_64-mingw32/bin/../lib/gcc/nios2-elf/5.3.0/../../../../../H-x86_64-mingw32/nios2-elf/lib/mno-hw-mul\libc.a(lib_a-mprec.o)
                0x000000000083d954                __ratio
 .text._mprec_log10
                0x000000000083d9f8       0x74 c:/scratchdir/nios2eds/bin/gnu/h-x86_64-mingw32/bin/../lib/gcc/nios2-elf/5.3.0/../../../../../H-x86_64-mingw32/nios2-elf/lib/mno-hw-mul\libc.a(lib_a-mprec.o)
                0x000000000083d9f8                _mprec_log10
 .text.__copybits
                0x000000000083da6c       0x78 c:/scratchdir/nios2eds/bin/gnu/h-x86_64-mingw32/bin/../lib/gcc/nios2-elf/5.3.0/../../../../../H-x86_64-mingw32/nios2-elf/lib/mno-hw-mul\libc.a(lib_a-mprec.o)
                0x000000000083da6c                __copybits
 .text.__any_on
                0x000000000083dae4       0x8c c:/scratchdir/nios2eds/bin/gnu/h-x86_64-mingw32/bin/../lib/gcc/nios2-elf/5.3.0/../../../../../H-x86_64-mingw32/nios2-elf/lib/mno-hw-mul\libc.a(lib_a-mprec.o)
                0x000000000083dae4                __any_on
 .text          0x000000000083db70        0x0 c:/scratchdir/nios2eds/bin/gnu/h-x86_64-mingw32/bin/../lib/gcc/nios2-elf/5.3.0/../../../../../H-x86_64-mingw32/nios2-elf/lib/mno-hw-mul\libc.a(lib_a-readr.o)
 .text._read_r  0x000000000083db70       0x60 c:/scratchdir/nios2eds/bin/gnu/h-x86_64-mingw32/bin/../lib/gcc/nios2-elf/5.3.0/../../../../../H-x86_64-mingw32/nios2-elf/lib/mno-hw-mul\libc.a(lib_a-readr.o)
                0x000000000083db70                _read_r
 .text          0x000000000083dbd0        0x0 c:/scratchdir/nios2eds/bin/gnu/h-x86_64-mingw32/bin/../lib/gcc/nios2-elf/5.3.0/../../../../../H-x86_64-mingw32/nios2-elf/lib/mno-hw-mul\libc.a(lib_a-reallocr.o)
 .text._realloc_r
                0x000000000083dbd0      0x564 c:/scratchdir/nios2eds/bin/gnu/h-x86_64-mingw32/bin/../lib/gcc/nios2-elf/5.3.0/../../../../../H-x86_64-mingw32/nios2-elf/lib/mno-hw-mul\libc.a(lib_a-reallocr.o)
                0x000000000083dbd0                _realloc_r
 .text          0x000000000083e134        0x0 c:/scratchdir/nios2eds/bin/gnu/h-x86_64-mingw32/bin/../lib/gcc/nios2-elf/5.3.0/../../../../../H-x86_64-mingw32/nios2-elf/lib/mno-hw-mul\libc.a(lib_a-s_fpclassify.o)
 .text.__fpclassifyd
                0x000000000083e134       0x74 c:/scratchdir/nios2eds/bin/gnu/h-x86_64-mingw32/bin/../lib/gcc/nios2-elf/5.3.0/../../../../../H-x86_64-mingw32/nios2-elf/lib/mno-hw-mul\libc.a(lib_a-s_fpclassify.o)
                0x000000000083e134                __fpclassifyd
 .text          0x000000000083e1a8        0x0 c:/scratchdir/nios2eds/bin/gnu/h-x86_64-mingw32/bin/../lib/gcc/nios2-elf/5.3.0/../../../../../H-x86_64-mingw32/nios2-elf/lib/mno-hw-mul\libc.a(lib_a-sccl.o)
 .text.__sccl   0x000000000083e1a8       0xd0 c:/scratchdir/nios2eds/bin/gnu/h-x86_64-mingw32/bin/../lib/gcc/nios2-elf/5.3.0/../../../../../H-x86_64-mingw32/nios2-elf/lib/mno-hw-mul\libc.a(lib_a-sccl.o)
                0x000000000083e1a8                __sccl
 .text          0x000000000083e278        0x0 c:/scratchdir/nios2eds/bin/gnu/h-x86_64-mingw32/bin/../lib/gcc/nios2-elf/5.3.0/../../../../../H-x86_64-mingw32/nios2-elf/lib/mno-hw-mul\libc.a(lib_a-sf_nan.o)
 .text.nanf     0x000000000083e278        0x8 c:/scratchdir/nios2eds/bin/gnu/h-x86_64-mingw32/bin/../lib/gcc/nios2-elf/5.3.0/../../../../../H-x86_64-mingw32/nios2-elf/lib/mno-hw-mul\libc.a(lib_a-sf_nan.o)
                0x000000000083e278                nanf
 .text          0x000000000083e280        0x0 c:/scratchdir/nios2eds/bin/gnu/h-x86_64-mingw32/bin/../lib/gcc/nios2-elf/5.3.0/../../../../../H-x86_64-mingw32/nios2-elf/lib/mno-hw-mul\libc.a(lib_a-strcmp.o)
 .text.strcmp   0x000000000083e280       0xdc c:/scratchdir/nios2eds/bin/gnu/h-x86_64-mingw32/bin/../lib/gcc/nios2-elf/5.3.0/../../../../../H-x86_64-mingw32/nios2-elf/lib/mno-hw-mul\libc.a(lib_a-strcmp.o)
                0x000000000083e280                strcmp
 .text          0x000000000083e35c        0x0 c:/scratchdir/nios2eds/bin/gnu/h-x86_64-mingw32/bin/../lib/gcc/nios2-elf/5.3.0/../../../../../H-x86_64-mingw32/nios2-elf/lib/mno-hw-mul\libc.a(lib_a-strtod.o)
 .text.sulp     0x000000000083e35c       0x64 c:/scratchdir/nios2eds/bin/gnu/h-x86_64-mingw32/bin/../lib/gcc/nios2-elf/5.3.0/../../../../../H-x86_64-mingw32/nios2-elf/lib/mno-hw-mul\libc.a(lib_a-strtod.o)
 .text._strtod_r
                0x000000000083e3c0     0x15e4 c:/scratchdir/nios2eds/bin/gnu/h-x86_64-mingw32/bin/../lib/gcc/nios2-elf/5.3.0/../../../../../H-x86_64-mingw32/nios2-elf/lib/mno-hw-mul\libc.a(lib_a-strtod.o)
                0x000000000083e3c0                _strtod_r
 .text.strtod   0x000000000083f9a4       0x18 c:/scratchdir/nios2eds/bin/gnu/h-x86_64-mingw32/bin/../lib/gcc/nios2-elf/5.3.0/../../../../../H-x86_64-mingw32/nios2-elf/lib/mno-hw-mul\libc.a(lib_a-strtod.o)
                0x000000000083f9a4                strtod
 .text.strtof   0x000000000083f9bc      0x100 c:/scratchdir/nios2eds/bin/gnu/h-x86_64-mingw32/bin/../lib/gcc/nios2-elf/5.3.0/../../../../../H-x86_64-mingw32/nios2-elf/lib/mno-hw-mul\libc.a(lib_a-strtod.o)
                0x000000000083f9bc                strtof
 .text          0x000000000083fabc        0x0 c:/scratchdir/nios2eds/bin/gnu/h-x86_64-mingw32/bin/../lib/gcc/nios2-elf/5.3.0/../../../../../H-x86_64-mingw32/nios2-elf/lib/mno-hw-mul\libc.a(lib_a-strtol.o)
 .text._strtol_r
                0x000000000083fabc      0x258 c:/scratchdir/nios2eds/bin/gnu/h-x86_64-mingw32/bin/../lib/gcc/nios2-elf/5.3.0/../../../../../H-x86_64-mingw32/nios2-elf/lib/mno-hw-mul\libc.a(lib_a-strtol.o)
                0x000000000083fabc                _strtol_r
 .text.strtol   0x000000000083fd14       0x1c c:/scratchdir/nios2eds/bin/gnu/h-x86_64-mingw32/bin/../lib/gcc/nios2-elf/5.3.0/../../../../../H-x86_64-mingw32/nios2-elf/lib/mno-hw-mul\libc.a(lib_a-strtol.o)
                0x000000000083fd14                strtol
 .text          0x000000000083fd30        0x0 c:/scratchdir/nios2eds/bin/gnu/h-x86_64-mingw32/bin/../lib/gcc/nios2-elf/5.3.0/../../../../../H-x86_64-mingw32/nios2-elf/lib/mno-hw-mul\libc.a(lib_a-strtoll_r.o)
 .text._strtoll_r
                0x000000000083fd30      0x304 c:/scratchdir/nios2eds/bin/gnu/h-x86_64-mingw32/bin/../lib/gcc/nios2-elf/5.3.0/../../../../../H-x86_64-mingw32/nios2-elf/lib/mno-hw-mul\libc.a(lib_a-strtoll_r.o)
                0x000000000083fd30                _strtoll_r
 .text          0x0000000000840034        0x0 c:/scratchdir/nios2eds/bin/gnu/h-x86_64-mingw32/bin/../lib/gcc/nios2-elf/5.3.0/../../../../../H-x86_64-mingw32/nios2-elf/lib/mno-hw-mul\libc.a(lib_a-strtoul.o)
 .text._strtoul_r
                0x0000000000840034      0x278 c:/scratchdir/nios2eds/bin/gnu/h-x86_64-mingw32/bin/../lib/gcc/nios2-elf/5.3.0/../../../../../H-x86_64-mingw32/nios2-elf/lib/mno-hw-mul\libc.a(lib_a-strtoul.o)
                0x0000000000840034                _strtoul_r
 .text.strtoul  0x00000000008402ac       0x1c c:/scratchdir/nios2eds/bin/gnu/h-x86_64-mingw32/bin/../lib/gcc/nios2-elf/5.3.0/../../../../../H-x86_64-mingw32/nios2-elf/lib/mno-hw-mul\libc.a(lib_a-strtoul.o)
                0x00000000008402ac                strtoul
 .text          0x00000000008402c8        0x0 c:/scratchdir/nios2eds/bin/gnu/h-x86_64-mingw32/bin/../lib/gcc/nios2-elf/5.3.0/../../../../../H-x86_64-mingw32/nios2-elf/lib/mno-hw-mul\libc.a(lib_a-strtoull_r.o)
 .text._strtoull_r
                0x00000000008402c8      0x320 c:/scratchdir/nios2eds/bin/gnu/h-x86_64-mingw32/bin/../lib/gcc/nios2-elf/5.3.0/../../../../../H-x86_64-mingw32/nios2-elf/lib/mno-hw-mul\libc.a(lib_a-strtoull_r.o)
                0x00000000008402c8                _strtoull_r
 .text          0x00000000008405e8        0x0 c:/scratchdir/nios2eds/bin/gnu/h-x86_64-mingw32/bin/../lib/gcc/nios2-elf/5.3.0/../../../../../H-x86_64-mingw32/nios2-elf/lib/mno-hw-mul\libc.a(lib_a-svfiprintf.o)
 .text.__ssprint_r
                0x00000000008405e8      0x1d0 c:/scratchdir/nios2eds/bin/gnu/h-x86_64-mingw32/bin/../lib/gcc/nios2-elf/5.3.0/../../../../../H-x86_64-mingw32/nios2-elf/lib/mno-hw-mul\libc.a(lib_a-svfiprintf.o)
                0x00000000008405e8                __ssprint_r
 .text.___svfiprintf_internal_r
                0x00000000008407b8     0x13a0 c:/scratchdir/nios2eds/bin/gnu/h-x86_64-mingw32/bin/../lib/gcc/nios2-elf/5.3.0/../../../../../H-x86_64-mingw32/nios2-elf/lib/mno-hw-mul\libc.a(lib_a-svfiprintf.o)
                0x00000000008407b8                ___svfiprintf_internal_r
 .text          0x0000000000841b58        0x0 c:/scratchdir/nios2eds/bin/gnu/h-x86_64-mingw32/bin/../lib/gcc/nios2-elf/5.3.0/../../../../../H-x86_64-mingw32/nios2-elf/lib/mno-hw-mul\libc.a(lib_a-svfiscanf.o)
 .text._sungetc_r
                0x0000000000841b58      0x108 c:/scratchdir/nios2eds/bin/gnu/h-x86_64-mingw32/bin/../lib/gcc/nios2-elf/5.3.0/../../../../../H-x86_64-mingw32/nios2-elf/lib/mno-hw-mul\libc.a(lib_a-svfiscanf.o)
                0x0000000000841b58                _sungetc_r
 .text.__ssrefill_r
                0x0000000000841c60       0x70 c:/scratchdir/nios2eds/bin/gnu/h-x86_64-mingw32/bin/../lib/gcc/nios2-elf/5.3.0/../../../../../H-x86_64-mingw32/nios2-elf/lib/mno-hw-mul\libc.a(lib_a-svfiscanf.o)
                0x0000000000841c60                __ssrefill_r
 .text._sfread_r
                0x0000000000841cd0      0x100 c:/scratchdir/nios2eds/bin/gnu/h-x86_64-mingw32/bin/../lib/gcc/nios2-elf/5.3.0/../../../../../H-x86_64-mingw32/nios2-elf/lib/mno-hw-mul\libc.a(lib_a-svfiscanf.o)
                0x0000000000841cd0                _sfread_r
 .text.__ssvfiscanf_r
                0x0000000000841dd0     0x114c c:/scratchdir/nios2eds/bin/gnu/h-x86_64-mingw32/bin/../lib/gcc/nios2-elf/5.3.0/../../../../../H-x86_64-mingw32/nios2-elf/lib/mno-hw-mul\libc.a(lib_a-svfiscanf.o)
                0x0000000000841dd0                __ssvfiscanf_r
 .text          0x0000000000842f1c        0x0 c:/scratchdir/nios2eds/bin/gnu/h-x86_64-mingw32/bin/../lib/gcc/nios2-elf/5.3.0/../../../../../H-x86_64-mingw32/nios2-elf/lib/mno-hw-mul\libc.a(lib_a-ungetc.o)
 .text.__submore
                0x0000000000842f1c       0xd4 c:/scratchdir/nios2eds/bin/gnu/h-x86_64-mingw32/bin/../lib/gcc/nios2-elf/5.3.0/../../../../../H-x86_64-mingw32/nios2-elf/lib/mno-hw-mul\libc.a(lib_a-ungetc.o)
                0x0000000000842f1c                __submore
 .text._ungetc_r
                0x0000000000842ff0      0x194 c:/scratchdir/nios2eds/bin/gnu/h-x86_64-mingw32/bin/../lib/gcc/nios2-elf/5.3.0/../../../../../H-x86_64-mingw32/nios2-elf/lib/mno-hw-mul\libc.a(lib_a-ungetc.o)
                0x0000000000842ff0                _ungetc_r
 .text.ungetc   0x0000000000843184       0x18 c:/scratchdir/nios2eds/bin/gnu/h-x86_64-mingw32/bin/../lib/gcc/nios2-elf/5.3.0/../../../../../H-x86_64-mingw32/nios2-elf/lib/mno-hw-mul\libc.a(lib_a-ungetc.o)
                0x0000000000843184                ungetc
 .text          0x000000000084319c        0x0 c:/scratchdir/nios2eds/bin/gnu/h-x86_64-mingw32/bin/../lib/gcc/nios2-elf/5.3.0/../../../../../H-x86_64-mingw32/nios2-elf/lib/mno-hw-mul\libc.a(lib_a-vfiprintf.o)
 .text.__sprint_r.part.0
                0x000000000084319c       0xfc c:/scratchdir/nios2eds/bin/gnu/h-x86_64-mingw32/bin/../lib/gcc/nios2-elf/5.3.0/../../../../../H-x86_64-mingw32/nios2-elf/lib/mno-hw-mul\libc.a(lib_a-vfiprintf.o)
 .text.__sprint_r
                0x0000000000843298       0x18 c:/scratchdir/nios2eds/bin/gnu/h-x86_64-mingw32/bin/../lib/gcc/nios2-elf/5.3.0/../../../../../H-x86_64-mingw32/nios2-elf/lib/mno-hw-mul\libc.a(lib_a-vfiprintf.o)
                0x0000000000843298                __sprint_r
 .text.___vfiprintf_internal_r
                0x00000000008432b0     0x150c c:/scratchdir/nios2eds/bin/gnu/h-x86_64-mingw32/bin/../lib/gcc/nios2-elf/5.3.0/../../../../../H-x86_64-mingw32/nios2-elf/lib/mno-hw-mul\libc.a(lib_a-vfiprintf.o)
                0x00000000008432b0                ___vfiprintf_internal_r
 .text.__vfiprintf_internal
                0x00000000008447bc       0x1c c:/scratchdir/nios2eds/bin/gnu/h-x86_64-mingw32/bin/../lib/gcc/nios2-elf/5.3.0/../../../../../H-x86_64-mingw32/nios2-elf/lib/mno-hw-mul\libc.a(lib_a-vfiprintf.o)
                0x00000000008447bc                __vfiprintf_internal
 .text.__sbprintf
                0x00000000008447d8       0xbc c:/scratchdir/nios2eds/bin/gnu/h-x86_64-mingw32/bin/../lib/gcc/nios2-elf/5.3.0/../../../../../H-x86_64-mingw32/nios2-elf/lib/mno-hw-mul\libc.a(lib_a-vfiprintf.o)
 .text          0x0000000000844894        0x0 c:/scratchdir/nios2eds/bin/gnu/h-x86_64-mingw32/bin/../lib/gcc/nios2-elf/5.3.0/../../../../../H-x86_64-mingw32/nios2-elf/lib/mno-hw-mul\libc.a(lib_a-callocr.o)
 .text._calloc_r
                0x0000000000844894       0xdc c:/scratchdir/nios2eds/bin/gnu/h-x86_64-mingw32/bin/../lib/gcc/nios2-elf/5.3.0/../../../../../H-x86_64-mingw32/nios2-elf/lib/mno-hw-mul\libc.a(lib_a-callocr.o)
                0x0000000000844894                _calloc_r
 .text          0x0000000000844970        0x0 c:/scratchdir/nios2eds/bin/gnu/h-x86_64-mingw32/bin/../lib/gcc/nios2-elf/5.3.0/../../../../../H-x86_64-mingw32/nios2-elf/lib/mno-hw-mul\libc.a(lib_a-fputwc.o)
 .text.__fputwc
                0x0000000000844970      0x164 c:/scratchdir/nios2eds/bin/gnu/h-x86_64-mingw32/bin/../lib/gcc/nios2-elf/5.3.0/../../../../../H-x86_64-mingw32/nios2-elf/lib/mno-hw-mul\libc.a(lib_a-fputwc.o)
                0x0000000000844970                __fputwc
 .text._fputwc_r
                0x0000000000844ad4       0x24 c:/scratchdir/nios2eds/bin/gnu/h-x86_64-mingw32/bin/../lib/gcc/nios2-elf/5.3.0/../../../../../H-x86_64-mingw32/nios2-elf/lib/mno-hw-mul\libc.a(lib_a-fputwc.o)
                0x0000000000844ad4                _fputwc_r
 .text.fputwc   0x0000000000844af8       0x80 c:/scratchdir/nios2eds/bin/gnu/h-x86_64-mingw32/bin/../lib/gcc/nios2-elf/5.3.0/../../../../../H-x86_64-mingw32/nios2-elf/lib/mno-hw-mul\libc.a(lib_a-fputwc.o)
                0x0000000000844af8                fputwc
 .text          0x0000000000844b78        0x0 c:/scratchdir/nios2eds/bin/gnu/h-x86_64-mingw32/bin/../lib/gcc/nios2-elf/5.3.0/../../../../../H-x86_64-mingw32/nios2-elf/lib/mno-hw-mul\libc.a(lib_a-gdtoa-gethex.o)
 .text.rshift   0x0000000000844b78      0x100 c:/scratchdir/nios2eds/bin/gnu/h-x86_64-mingw32/bin/../lib/gcc/nios2-elf/5.3.0/../../../../../H-x86_64-mingw32/nios2-elf/lib/mno-hw-mul\libc.a(lib_a-gdtoa-gethex.o)
 .text.__gethex
                0x0000000000844c78      0x850 c:/scratchdir/nios2eds/bin/gnu/h-x86_64-mingw32/bin/../lib/gcc/nios2-elf/5.3.0/../../../../../H-x86_64-mingw32/nios2-elf/lib/mno-hw-mul\libc.a(lib_a-gdtoa-gethex.o)
                0x0000000000844c78                __gethex
 .text          0x00000000008454c8        0x0 c:/scratchdir/nios2eds/bin/gnu/h-x86_64-mingw32/bin/../lib/gcc/nios2-elf/5.3.0/../../../../../H-x86_64-mingw32/nios2-elf/lib/mno-hw-mul\libc.a(lib_a-gdtoa-hexnan.o)
 .text.__hexnan
                0x00000000008454c8      0x25c c:/scratchdir/nios2eds/bin/gnu/h-x86_64-mingw32/bin/../lib/gcc/nios2-elf/5.3.0/../../../../../H-x86_64-mingw32/nios2-elf/lib/mno-hw-mul\libc.a(lib_a-gdtoa-hexnan.o)
                0x00000000008454c8                __hexnan
 .text          0x0000000000845724        0x0 c:/scratchdir/nios2eds/bin/gnu/h-x86_64-mingw32/bin/../lib/gcc/nios2-elf/5.3.0/../../../../../H-x86_64-mingw32/nios2-elf/lib/mno-hw-mul\libc.a(lib_a-wbuf.o)
 .text.__swbuf_r
                0x0000000000845724      0x140 c:/scratchdir/nios2eds/bin/gnu/h-x86_64-mingw32/bin/../lib/gcc/nios2-elf/5.3.0/../../../../../H-x86_64-mingw32/nios2-elf/lib/mno-hw-mul\libc.a(lib_a-wbuf.o)
                0x0000000000845724                __swbuf_r
 .text.__swbuf  0x0000000000845864       0x18 c:/scratchdir/nios2eds/bin/gnu/h-x86_64-mingw32/bin/../lib/gcc/nios2-elf/5.3.0/../../../../../H-x86_64-mingw32/nios2-elf/lib/mno-hw-mul\libc.a(lib_a-wbuf.o)
                0x0000000000845864                __swbuf
 .text          0x000000000084587c        0x0 c:/scratchdir/nios2eds/bin/gnu/h-x86_64-mingw32/bin/../lib/gcc/nios2-elf/5.3.0/../../../../../H-x86_64-mingw32/nios2-elf/lib/mno-hw-mul\libc.a(lib_a-wcrtomb.o)
 .text._wcrtomb_r
                0x000000000084587c       0x9c c:/scratchdir/nios2eds/bin/gnu/h-x86_64-mingw32/bin/../lib/gcc/nios2-elf/5.3.0/../../../../../H-x86_64-mingw32/nios2-elf/lib/mno-hw-mul\libc.a(lib_a-wcrtomb.o)
                0x000000000084587c                _wcrtomb_r
 .text.wcrtomb  0x0000000000845918       0xc0 c:/scratchdir/nios2eds/bin/gnu/h-x86_64-mingw32/bin/../lib/gcc/nios2-elf/5.3.0/../../../../../H-x86_64-mingw32/nios2-elf/lib/mno-hw-mul\libc.a(lib_a-wcrtomb.o)
                0x0000000000845918                wcrtomb
 .text          0x00000000008459d8        0x0 c:/scratchdir/nios2eds/bin/gnu/h-x86_64-mingw32/bin/../lib/gcc/nios2-elf/5.3.0/../../../../../H-x86_64-mingw32/nios2-elf/lib/mno-hw-mul\libc.a(lib_a-wctomb_r.o)
 .text.__ascii_wctomb
                0x00000000008459d8       0x30 c:/scratchdir/nios2eds/bin/gnu/h-x86_64-mingw32/bin/../lib/gcc/nios2-elf/5.3.0/../../../../../H-x86_64-mingw32/nios2-elf/lib/mno-hw-mul\libc.a(lib_a-wctomb_r.o)
                0x00000000008459d8                __ascii_wctomb
 .text._wctomb_r
                0x0000000000845a08       0x5c c:/scratchdir/nios2eds/bin/gnu/h-x86_64-mingw32/bin/../lib/gcc/nios2-elf/5.3.0/../../../../../H-x86_64-mingw32/nios2-elf/lib/mno-hw-mul\libc.a(lib_a-wctomb_r.o)
                0x0000000000845a08                _wctomb_r
 .text          0x0000000000845a64      0x10c c:/scratchdir/nios2eds/bin/gnu/h-x86_64-mingw32/bin/../lib/gcc/nios2-elf/5.3.0/mno-hw-mul\libgcc.a(_muldi3.o)
                0x0000000000845a64                __muldi3
 .text          0x0000000000845b70       0x74 c:/scratchdir/nios2eds/bin/gnu/h-x86_64-mingw32/bin/../lib/gcc/nios2-elf/5.3.0/mno-hw-mul\libgcc.a(_fixunsdfsi.o)
                0x0000000000845b70                __fixunsdfsi
 .text          0x0000000000845be4      0x5fc c:/scratchdir/nios2eds/bin/gnu/h-x86_64-mingw32/bin/../lib/gcc/nios2-elf/5.3.0/mno-hw-mul\libgcc.a(_udivdi3.o)
                0x0000000000845be4                __udivdi3
 .text          0x00000000008461e0      0x5c4 c:/scratchdir/nios2eds/bin/gnu/h-x86_64-mingw32/bin/../lib/gcc/nios2-elf/5.3.0/mno-hw-mul\libgcc.a(_umoddi3.o)
                0x00000000008461e0                __umoddi3
 .text          0x00000000008467a4       0x78 c:/scratchdir/nios2eds/bin/gnu/h-x86_64-mingw32/bin/../lib/gcc/nios2-elf/5.3.0/mno-hw-mul\libgcc.a(eqsf2.o)
                0x00000000008467a4                __eqsf2
                0x00000000008467a4                __nesf2
 .text          0x000000000084681c       0xbc c:/scratchdir/nios2eds/bin/gnu/h-x86_64-mingw32/bin/../lib/gcc/nios2-elf/5.3.0/mno-hw-mul\libgcc.a(gesf2.o)
                0x000000000084681c                __gesf2
                0x000000000084681c                __gtsf2
 .text          0x00000000008468d8       0xc8 c:/scratchdir/nios2eds/bin/gnu/h-x86_64-mingw32/bin/../lib/gcc/nios2-elf/5.3.0/mno-hw-mul\libgcc.a(lesf2.o)
                0x00000000008468d8                __ltsf2
                0x00000000008468d8                __lesf2
 .text          0x00000000008469a0      0x8ac c:/scratchdir/nios2eds/bin/gnu/h-x86_64-mingw32/bin/../lib/gcc/nios2-elf/5.3.0/mno-hw-mul\libgcc.a(adddf3.o)
                0x00000000008469a0                __adddf3
 .text          0x000000000084724c      0x9d0 c:/scratchdir/nios2eds/bin/gnu/h-x86_64-mingw32/bin/../lib/gcc/nios2-elf/5.3.0/mno-hw-mul\libgcc.a(divdf3.o)
                0x000000000084724c                __divdf3
 .text          0x0000000000847c1c       0x88 c:/scratchdir/nios2eds/bin/gnu/h-x86_64-mingw32/bin/../lib/gcc/nios2-elf/5.3.0/mno-hw-mul\libgcc.a(eqdf2.o)
                0x0000000000847c1c                __nedf2
                0x0000000000847c1c                __eqdf2
 .text          0x0000000000847ca4       0xdc c:/scratchdir/nios2eds/bin/gnu/h-x86_64-mingw32/bin/../lib/gcc/nios2-elf/5.3.0/mno-hw-mul\libgcc.a(gedf2.o)
                0x0000000000847ca4                __gedf2
                0x0000000000847ca4                __gtdf2
 .text          0x0000000000847d80       0xf4 c:/scratchdir/nios2eds/bin/gnu/h-x86_64-mingw32/bin/../lib/gcc/nios2-elf/5.3.0/mno-hw-mul\libgcc.a(ledf2.o)
                0x0000000000847d80                __ledf2
                0x0000000000847d80                __ltdf2
 .text          0x0000000000847e74      0x8fc c:/scratchdir/nios2eds/bin/gnu/h-x86_64-mingw32/bin/../lib/gcc/nios2-elf/5.3.0/mno-hw-mul\libgcc.a(subdf3.o)
                0x0000000000847e74                __subdf3
 .text          0x0000000000848770       0x80 c:/scratchdir/nios2eds/bin/gnu/h-x86_64-mingw32/bin/../lib/gcc/nios2-elf/5.3.0/mno-hw-mul\libgcc.a(fixdfsi.o)
                0x0000000000848770                __fixdfsi
 .text          0x00000000008487f0       0xdc c:/scratchdir/nios2eds/bin/gnu/h-x86_64-mingw32/bin/../lib/gcc/nios2-elf/5.3.0/mno-hw-mul\libgcc.a(floatsidf.o)
                0x00000000008487f0                __floatsidf
 .text          0x00000000008488cc      0x114 ../WAT_TEST_bsp/\libucosii_bsp.a(alt_close.o)
                0x0000000000848908                close
 .text          0x00000000008489e0       0x2c ../WAT_TEST_bsp/\libucosii_bsp.a(alt_dev.o)
 .text          0x0000000000848a0c        0x0 ../WAT_TEST_bsp/\libucosii_bsp.a(alt_errno.o)
 .text          0x0000000000848a0c       0x34 ../WAT_TEST_bsp/\libucosii_bsp.a(alt_exit.o)
                0x0000000000848a0c                _exit
 .text          0x0000000000848a40       0xf4 ../WAT_TEST_bsp/\libucosii_bsp.a(alt_fstat.o)
                0x0000000000848a7c                fstat
 .text          0x0000000000848b34      0x1b0 ../WAT_TEST_bsp/\libucosii_bsp.a(alt_iic.o)
                0x0000000000848b34                alt_ic_isr_register
                0x0000000000848b84                alt_ic_irq_enable
                0x0000000000848c0c                alt_ic_irq_disable
                0x0000000000848c98                alt_ic_irq_enabled
 .text          0x0000000000848ce4       0xf0 ../WAT_TEST_bsp/\libucosii_bsp.a(alt_iic_isr_register.o)
                0x0000000000848ce4                alt_iic_isr_register
 .text          0x0000000000848dd4        0x0 ../WAT_TEST_bsp/\libucosii_bsp.a(alt_irq_entry.o)
 .text          0x0000000000848dd4        0x0 ../WAT_TEST_bsp/\libucosii_bsp.a(alt_irq_handler.o)
 .text          0x0000000000848dd4        0x0 ../WAT_TEST_bsp/\libucosii_bsp.a(alt_irq_vars.o)
 .text          0x0000000000848dd4       0xe8 ../WAT_TEST_bsp/\libucosii_bsp.a(alt_isatty.o)
                0x0000000000848e10                isatty
 .text          0x0000000000848ebc      0x118 ../WAT_TEST_bsp/\libucosii_bsp.a(alt_lseek.o)
                0x0000000000848ef8                lseek
 .text          0x0000000000848fd4       0xbc ../WAT_TEST_bsp/\libucosii_bsp.a(alt_main.o)
                0x0000000000848fd4                alt_main
 .text          0x0000000000849090      0x284 ../WAT_TEST_bsp/\libucosii_bsp.a(alt_open.o)
                0x00000000008491b8                open
 .text          0x0000000000849314      0x140 ../WAT_TEST_bsp/\libucosii_bsp.a(alt_read.o)
                0x0000000000849350                read
 .text          0x0000000000849454       0x84 ../WAT_TEST_bsp/\libucosii_bsp.a(alt_release_fd.o)
                0x0000000000849454                alt_release_fd
 .text          0x00000000008494d8       0xb0 ../WAT_TEST_bsp/\libucosii_bsp.a(alt_sbrk.o)
                0x00000000008494d8                sbrk
 .text          0x0000000000849588       0xb4 ../WAT_TEST_bsp/\libucosii_bsp.a(alt_times.o)
                0x00000000008495c4                times
 .text          0x000000000084963c      0x13c ../WAT_TEST_bsp/\libucosii_bsp.a(alt_write.o)
                0x0000000000849678                write
 .text          0x0000000000849778      0x124 ../WAT_TEST_bsp/\libucosii_bsp.a(alt_env_lock.o)
                0x0000000000849778                __env_lock
                0x000000000084983c                __env_unlock
 .text          0x000000000084989c      0x1ec ../WAT_TEST_bsp/\libucosii_bsp.a(alt_malloc_lock.o)
                0x000000000084989c                __malloc_lock
                0x00000000008499bc                __malloc_unlock
 .text          0x0000000000849a88     0x2014 ../WAT_TEST_bsp/\libucosii_bsp.a(os_core.o)
                0x0000000000849a88                OSEventNameGet
                0x0000000000849ba8                OSEventNameSet
                0x0000000000849ce8                OSEventPendMulti
                0x000000000084a2f8                OSInit
                0x000000000084a350                OSIntEnter
                0x000000000084a39c                OSIntExit
                0x000000000084a494                OSSchedLock
                0x000000000084a520                OSSchedUnlock
                0x000000000084a5fc                OSStart
                0x000000000084a66c                OSStatInit
                0x000000000084a71c                OSTimeTick
                0x000000000084a93c                OSVersion
                0x000000000084a95c                OS_Dummy
                0x000000000084a97c                OS_EventTaskRdy
                0x000000000084ab14                OS_EventTaskWait
                0x000000000084ac24                OS_EventTaskWaitMulti
                0x000000000084ad74                OS_EventTaskRemove
                0x000000000084ae2c                OS_EventTaskRemoveMulti
                0x000000000084af2c                OS_EventWaitListInit
                0x000000000084b30c                OS_MemClr
                0x000000000084b360                OS_MemCopy
                0x000000000084b3c8                OS_Sched
                0x000000000084b50c                OS_StrCopy
                0x000000000084b580                OS_StrLen
                0x000000000084b5d4                OS_TaskIdle
                0x000000000084b630                OS_TaskStat
                0x000000000084b6fc                OS_TaskStatStkChk
                0x000000000084b7c8                OS_TCBInit
 .text          0x000000000084ba9c      0x190 ../WAT_TEST_bsp/\libucosii_bsp.a(os_dbg.o)
                0x000000000084ba9c                OSDebugInit
 .text          0x000000000084bc2c     0x1714 ../WAT_TEST_bsp/\libucosii_bsp.a(os_flag.o)
                0x000000000084bc2c                OSFlagAccept
                0x000000000084bf34                OSFlagCreate
                0x000000000084c03c                OSFlagDel
                0x000000000084c284                OSFlagNameGet
                0x000000000084c3ac                OSFlagNameSet
                0x000000000084c4f8                OSFlagPend
                0x000000000084cab0                OSFlagPendGetFlagsRdy
                0x000000000084cb10                OSFlagPost
                0x000000000084cea4                OSFlagQuery
                0x000000000084d0c8                OS_FlagInit
                0x000000000084d29c                OS_FlagUnlink
 .text          0x000000000084d340      0x760 ../WAT_TEST_bsp/\libucosii_bsp.a(os_mem.o)
                0x000000000084d340                OSMemCreate
                0x000000000084d514                OSMemGet
                0x000000000084d604                OSMemNameGet
                0x000000000084d6f4                OSMemNameSet
                0x000000000084d808                OSMemPut
                0x000000000084d8e0                OSMemQuery
                0x000000000084d9c8                OS_MemInit
 .text          0x000000000084daa0     0x1104 ../WAT_TEST_bsp/\libucosii_bsp.a(os_q.o)
                0x000000000084daa0                OSQAccept
                0x000000000084dbe0                OSQCreate
                0x000000000084dd8c                OSQDel
                0x000000000084e00c                OSQFlush
                0x000000000084e0c4                OSQPend
                0x000000000084e350                OSQPendAbort
                0x000000000084e4bc                OSQPost
                0x000000000084e624                OSQPostFront
                0x000000000084e794                OSQPostOpt
                0x000000000084e9a0                OSQQuery
                0x000000000084eafc                OS_QInit
 .text          0x000000000084eba4      0xa60 ../WAT_TEST_bsp/\libucosii_bsp.a(os_sem.o)
                0x000000000084eba4                OSSemAccept
                0x000000000084ec54                OSSemCreate
                0x000000000084ed2c                OSSemDel
                0x000000000084ef6c                OSSemPend
                0x000000000084f178                OSSemPendAbort
                0x000000000084f2e4                OSSemPost
                0x000000000084f3f4                OSSemQuery
                0x000000000084f504                OSSemSet
 .text          0x000000000084f604     0x176c ../WAT_TEST_bsp/\libucosii_bsp.a(os_task.o)
                0x000000000084f604                OSTaskChangePrio
                0x000000000084faf4                OSTaskCreate
                0x000000000084fca0                OSTaskCreateExt
                0x000000000084fe84                OSTaskDel
                0x00000000008501c8                OSTaskDelReq
                0x0000000000850318                OSTaskNameGet
                0x00000000008504b0                OSTaskNameSet
                0x0000000000850664                OSTaskResume
                0x0000000000850838                OSTaskStkChk
                0x00000000008509f8                OSTaskSuspend
                0x0000000000850bdc                OSTaskQuery
                0x0000000000850d00                OS_TaskStkClr
 .text          0x0000000000850d70      0x510 ../WAT_TEST_bsp/\libucosii_bsp.a(os_time.o)
                0x0000000000850d70                OSTimeDly
                0x0000000000850e74                OSTimeDlyHMSM
                0x0000000000850ff0                OSTimeDlyResume
                0x00000000008511c4                OSTimeGet
                0x0000000000851220                OSTimeSet
 .text          0x0000000000851280      0x128 ../WAT_TEST_bsp/\libucosii_bsp.a(alt_sys_init.o)
                0x00000000008512b4                alt_irq_init
                0x00000000008512ec                alt_sys_init
 .text          0x00000000008513a8      0xafc ../WAT_TEST_bsp/\libucosii_bsp.a(altera_avalon_epcs_flash_controller.o)
                0x00000000008513dc                alt_epcs_flash_init
                0x0000000000851914                alt_epcs_flash_write
                0x0000000000851b74                alt_epcs_flash_get_info
                0x0000000000851c94                alt_epcs_flash_erase_block
                0x0000000000851d0c                alt_epcs_flash_write_block
                0x0000000000851e0c                alt_epcs_flash_read
 .text          0x0000000000851ea4      0x164 ../WAT_TEST_bsp/\libucosii_bsp.a(altera_avalon_jtag_uart_fd.o)
                0x0000000000851ea4                altera_avalon_jtag_uart_read_fd
                0x0000000000851f04                altera_avalon_jtag_uart_write_fd
                0x0000000000851f64                altera_avalon_jtag_uart_close_fd
                0x0000000000851fb4                altera_avalon_jtag_uart_ioctl_fd
 .text          0x0000000000852008      0x558 ../WAT_TEST_bsp/\libucosii_bsp.a(altera_avalon_jtag_uart_init.o)
                0x0000000000852008                altera_avalon_jtag_uart_init
                0x00000000008524f8                altera_avalon_jtag_uart_close
 .text          0x0000000000852560       0xf0 ../WAT_TEST_bsp/\libucosii_bsp.a(altera_avalon_jtag_uart_ioctl.o)
                0x0000000000852560                altera_avalon_jtag_uart_ioctl
 .text          0x0000000000852650      0x2bc ../WAT_TEST_bsp/\libucosii_bsp.a(altera_avalon_jtag_uart_read.o)
                0x0000000000852650                altera_avalon_jtag_uart_read
 .text          0x000000000085290c      0x2c4 ../WAT_TEST_bsp/\libucosii_bsp.a(altera_avalon_jtag_uart_write.o)
                0x000000000085290c                altera_avalon_jtag_uart_write
 .text          0x0000000000852bd0       0xf4 ../WAT_TEST_bsp/\libucosii_bsp.a(altera_avalon_timer_sc.o)
                0x0000000000852c48                alt_avalon_timer_sc_init
 .text          0x0000000000852cc4      0x110 ../WAT_TEST_bsp/\libucosii_bsp.a(altera_avalon_uart_fd.o)
                0x0000000000852cc4                altera_avalon_uart_read_fd
                0x0000000000852d24                altera_avalon_uart_write_fd
                0x0000000000852d84                altera_avalon_uart_close_fd
 .text          0x0000000000852dd4      0x52c ../WAT_TEST_bsp/\libucosii_bsp.a(altera_avalon_uart_init.o)
                0x0000000000852dd4                altera_avalon_uart_init
                0x00000000008532ac                altera_avalon_uart_close
 .text          0x0000000000853300      0x2a4 ../WAT_TEST_bsp/\libucosii_bsp.a(altera_avalon_uart_read.o)
                0x000000000085333c                altera_avalon_uart_read
 .text          0x00000000008535a4      0x274 ../WAT_TEST_bsp/\libucosii_bsp.a(altera_avalon_uart_write.o)
                0x00000000008535e0                altera_avalon_uart_write
 .text          0x0000000000853818      0x484 ../WAT_TEST_bsp/\libucosii_bsp.a(altera_hostfs.o)
                0x0000000000853818                alt_hostfs_open
                0x0000000000853934                alt_hostfs_close
                0x0000000000853978                alt_hostfs_read
                0x00000000008539e4                alt_hostfs_write
                0x0000000000853a50                alt_hostfs_seek
                0x0000000000853ab8                alt_hostfs_fstat
 .text          0x0000000000853c9c      0x63c ../WAT_TEST_bsp/\libucosii_bsp.a(epcs_commands.o)
                0x0000000000853c9c                epcs_read_status_register
                0x0000000000853d6c                epcs_sector_erase
                0x0000000000853e68                epcs_read_buffer