Archive member included to satisfy reference by file (symbol)

libjpeg\libjpeg2.a(jdapimin.o)
                              obj/default/imagepro.o (jpeg_CreateDecompress)
libjpeg\libjpeg2.a(jdapistd.o)
                              obj/default/imagepro.o (jpeg_start_decompress)
libjpeg\libjpeg2.a(jdatasrc.o)
                              obj/default/imagepro.o (jpeg_stdio_src)
libjpeg\libjpeg2.a(jdinput.o)
                              libjpeg\libjpeg2.a(jdapimin.o) (jinit_input_controller)
libjpeg\libjpeg2.a(jdmarker.o)
                              libjpeg\libjpeg2.a(jdatasrc.o) (jpeg_resync_to_restart)
libjpeg\libjpeg2.a(jdmaster.o)
                              libjpeg\libjpeg2.a(jdapistd.o) (jinit_master_decompress)
libjpeg\libjpeg2.a(jdmerge.o)
                              libjpeg\libjpeg2.a(jdmaster.o) (jinit_merged_upsampler)
libjpeg\libjpeg2.a(jdpostct.o)
                              libjpeg\libjpeg2.a(jdmaster.o) (jinit_d_post_controller)
libjpeg\libjpeg2.a(jdsample.o)
                              libjpeg\libjpeg2.a(jdmaster.o) (jinit_upsampler)
libjpeg\libjpeg2.a(jerror.o)  obj/default/imagepro.o (jpeg_std_error)
libjpeg\libjpeg2.a(jmemmgr.o)
                              libjpeg\libjpeg2.a(jdapimin.o) (jinit_memory_mgr)
libjpeg\libjpeg2.a(jmemnobs.o)
                              libjpeg\libjpeg2.a(jmemmgr.o) (jpeg_get_small)
libjpeg\libjpeg2.a(jquant1.o)
                              libjpeg\libjpeg2.a(jdmaster.o) (jinit_1pass_quantizer)
libjpeg\libjpeg2.a(jquant2.o)
                              libjpeg\libjpeg2.a(jdmaster.o) (jinit_2pass_quantizer)
libjpeg\libjpeg2.a(jutils.o)  libjpeg\libjpeg2.a(jdinput.o) (jpeg_natural_order)
libjpeg\libjpeg2.a(jcomapi.o)
                              libjpeg\libjpeg2.a(jdapimin.o) (jpeg_abort)
libjpeg\libjpeg2.a(jdarith.o)
                              libjpeg\libjpeg2.a(jdmaster.o) (jinit_arith_decoder)
libjpeg\libjpeg2.a(jdcoefct.o)
                              libjpeg\libjpeg2.a(jdmaster.o) (jinit_d_coef_controller)
libjpeg\libjpeg2.a(jdcolor.o)
                              libjpeg\libjpeg2.a(jdmaster.o) (jinit_color_deconverter)
libjpeg\libjpeg2.a(jddctmgr.o)
                              libjpeg\libjpeg2.a(jdmaster.o) (jinit_inverse_dct)
libjpeg\libjpeg2.a(jdhuff.o)  libjpeg\libjpeg2.a(jdmaster.o) (jinit_huff_decoder)
libjpeg\libjpeg2.a(jdmainct.o)
                              libjpeg\libjpeg2.a(jdmaster.o) (jinit_d_main_controller)
libjpeg\libjpeg2.a(jidctflt.o)
                              libjpeg\libjpeg2.a(jddctmgr.o) (jpeg_idct_float)
libjpeg\libjpeg2.a(jidctfst.o)
                              libjpeg\libjpeg2.a(jddctmgr.o) (jpeg_idct_ifast)
libjpeg\libjpeg2.a(jidctint.o)
                              libjpeg\libjpeg2.a(jddctmgr.o) (jpeg_idct_islow)
libjpeg\libjpeg2.a(jaricom.o)
                              libjpeg\libjpeg2.a(jdarith.o) (jpeg_aritab)
c:/scratchdir/nios2eds/bin/gnu/h-x86_64-mingw32/bin/../lib/gcc/nios2-elf/5.3.0/mno-hw-mul\libgcc.a(lib2-divmod.o)
                              libjpeg\libjpeg2.a(jdsample.o) (__divsi3)
c:/scratchdir/nios2eds/bin/gnu/h-x86_64-mingw32/bin/../lib/gcc/nios2-elf/5.3.0/mno-hw-mul\libgcc.a(lib2-mul.o)
                              obj/default/imagepro.o (__mulsi3)
c:/scratchdir/nios2eds/bin/gnu/h-x86_64-mingw32/bin/../lib/gcc/nios2-elf/5.3.0/mno-hw-mul\libgcc.a(addsf3.o)
                              libjpeg\libjpeg2.a(jidctflt.o) (__addsf3)
c:/scratchdir/nios2eds/bin/gnu/h-x86_64-mingw32/bin/../lib/gcc/nios2-elf/5.3.0/mno-hw-mul\libgcc.a(mulsf3.o)
                              libjpeg\libjpeg2.a(jidctflt.o) (__mulsf3)
c:/scratchdir/nios2eds/bin/gnu/h-x86_64-mingw32/bin/../lib/gcc/nios2-elf/5.3.0/mno-hw-mul\libgcc.a(subsf3.o)
                              libjpeg\libjpeg2.a(jidctflt.o) (__subsf3)
c:/scratchdir/nios2eds/bin/gnu/h-x86_64-mingw32/bin/../lib/gcc/nios2-elf/5.3.0/mno-hw-mul\libgcc.a(fixsfsi.o)
                              libjpeg\libjpeg2.a(jidctflt.o) (__fixsfsi)
c:/scratchdir/nios2eds/bin/gnu/h-x86_64-mingw32/bin/../lib/gcc/nios2-elf/5.3.0/mno-hw-mul\libgcc.a(floatsisf.o)
                              libjpeg\libjpeg2.a(jidctflt.o) (__floatsisf)
c:/scratchdir/nios2eds/bin/gnu/h-x86_64-mingw32/bin/../lib/gcc/nios2-elf/5.3.0/mno-hw-mul\libgcc.a(muldf3.o)
                              libjpeg\libjpeg2.a(jddctmgr.o) (__muldf3)
c:/scratchdir/nios2eds/bin/gnu/h-x86_64-mingw32/bin/../lib/gcc/nios2-elf/5.3.0/mno-hw-mul\libgcc.a(floatunsidf.o)
                              libjpeg\libjpeg2.a(jddctmgr.o) (__floatunsidf)
c:/scratchdir/nios2eds/bin/gnu/h-x86_64-mingw32/bin/../lib/gcc/nios2-elf/5.3.0/mno-hw-mul\libgcc.a(truncdfsf2.o)
                              libjpeg\libjpeg2.a(jddctmgr.o) (__truncdfsf2)
c:/scratchdir/nios2eds/bin/gnu/h-x86_64-mingw32/bin/../lib/gcc/nios2-elf/5.3.0/mno-hw-mul\libgcc.a(_clzsi2.o)
                              c:/scratchdir/nios2eds/bin/gnu/h-x86_64-mingw32/bin/../lib/gcc/nios2-elf/5.3.0/mno-hw-mul\libgcc.a(addsf3.o) (__clzsi2)
[...]
Memory Configuration

Name             Origin             Length             Attributes
sdram_controller_0 0x0000000000800000 0x0000000000800000
onchip_memory2_0_BEFORE_EXCEPTION 0x0000000001004000 0x0000000000000020
onchip_memory2_0 0x0000000001004020 0x0000000000003fe0
reset            0x0000000001009000 0x0000000000000020
epcs_flash_controller_0 0x0000000001009020 0x00000000000007e0
*default*        0x0000000000000000 0xffffffffffffffff

Linker script and memory map

LOAD ../WAT_TEST_bsp//obj/HAL/src/crt0.o
LOAD obj/default/camera.o
LOAD obj/default/imagepro.o
LOAD obj/default/interrupt_peripherals.o
LOAD obj/default/motor.o
LOAD obj/default/wat_main.o
LOAD obj/default/wifi.o
LOAD libjpeg\libjpeg2.a
LOAD c:/scratchdir/nios2eds/bin/gnu/h-x86_64-mingw32/bin/../lib/gcc/nios2-elf/5.3.0/../../../../../H-x86_64-mingw32/nios2-elf/lib/mno-hw-mul\libstdc++.a
LOAD c:/scratchdir/nios2eds/bin/gnu/h-x86_64-mingw32/bin/../lib/gcc/nios2-elf/5.3.0/../../../../../H-x86_64-mingw32/nios2-elf/lib/mno-hw-mul\libm.a
LOAD c:/scratchdir/nios2eds/bin/gnu/h-x86_64-mingw32/bin/../lib/gcc/nios2-elf/5.3.0/mno-hw-mul\libgcc.a
START GROUP
LOAD c:/scratchdir/nios2eds/bin/gnu/h-x86_64-mingw32/bin/../lib/gcc/nios2-elf/5.3.0/../../../../../H-x86_64-mingw32/nios2-elf/lib/mno-hw-mul\libc.a
LOAD c:/scratchdir/nios2eds/bin/gnu/h-x86_64-mingw32/bin/../lib/gcc/nios2-elf/5.3.0/mno-hw-mul\libgcc.a
LOAD ../WAT_TEST_bsp/\libucosii_bsp.a
LOAD c:/scratchdir/nios2eds/bin/gnu/h-x86_64-mingw32/bin/../lib/gcc/nios2-elf/5.3.0/../../../../../H-x86_64-mingw32/nios2-elf/lib/mno-hw-mul\libm.a
END GROUP
LOAD c:/scratchdir/nios2eds/bin/gnu/h-x86_64-mingw32/bin/../lib/gcc/nios2-elf/5.3.0/mno-hw-mul\libgcc.a
                0x0000000000800000                __alt_mem_sdram_controller_0 = 0x800000
                0x0000000001004000                __alt_mem_onchip_memory2_0 = 0x1004000
                0x0000000001009000                __alt_mem_epcs_flash_controller_0 = 0x1009000

.entry          0x0000000001009000        0x0
 *(.entry)
 .entry         0x0000000001009000        0x0 ../WAT_TEST_bsp//obj/HAL/src/crt0.o
                0x0000000001009000                __reset

.exceptions     0x0000000001004020      0x210
                [!provide]                        PROVIDE (__ram_exceptions_start, ABSOLUTE (.))
                0x0000000001004020                . = ALIGN (0x20)
 *(.irq)
 *(.exceptions.entry.label)
 .exceptions.entry.label
                0x0000000001004020        0x0 ../WAT_TEST_bsp/\libucosii_bsp.a(alt_irq_entry.o)
                0x0000000001004020                alt_irq_entry
 .exceptions.entry.label
                0x0000000001004020        0x0 ../WAT_TEST_bsp/\libucosii_bsp.a(alt_exception_entry.o)
                0x0000000001004020                alt_exception
 *(.exceptions.entry.user)
 *(.exceptions.entry.ecc_fatal)
 *(.exceptions.entry)
 .exceptions.entry
                0x0000000001004020       0x54 ../WAT_TEST_bsp/\libucosii_bsp.a(alt_exception_entry.o)
 *(.exceptions.irqtest.user)
 *(.exceptions.irqtest)
 .exceptions.irqtest
                0x0000000001004074       0x10 ../WAT_TEST_bsp/\libucosii_bsp.a(alt_irq_entry.o)
 *(.exceptions.irqhandler.user)
 *(.exceptions.irqhandler)
 .exceptions.irqhandler
                0x0000000001004084        0x4 ../WAT_TEST_bsp/\libucosii_bsp.a(alt_irq_entry.o)
 *(.exceptions.irqreturn.user)
 *(.exceptions.irqreturn)
 .exceptions.irqreturn
                0x0000000001004088        0x4 ../WAT_TEST_bsp/\libucosii_bsp.a(alt_irq_entry.o)
 *(.exceptions.notirq.label)
 .exceptions.notirq.label
                0x000000000100408c        0x0 ../WAT_TEST_bsp/\libucosii_bsp.a(alt_irq_entry.o)
 *(.exceptions.notirq.user)
 *(.exceptions.notirq)
 .exceptions.notirq
                0x000000000100408c        0x8 ../WAT_TEST_bsp/\libucosii_bsp.a(alt_exception_entry.o)
 *(.exceptions.soft.user)
 *(.exceptions.soft)
 *(.exceptions.unknown.user)
 *(.exceptions.unknown)
 .exceptions.unknown
                0x0000000001004094       0x14 ../WAT_TEST_bsp/\libucosii_bsp.a(alt_exception_entry.o)
 *(.exceptions.exit.label)
 .exceptions.exit.label
                0x00000000010040a8        0x0 ../WAT_TEST_bsp/\libucosii_bsp.a(alt_irq_entry.o)
 .exceptions.exit.label
                0x00000000010040a8        0x0 ../WAT_TEST_bsp/\libucosii_bsp.a(alt_exception_entry.o)
 *(.exceptions.exit.user)
 *(.exceptions.exit)
 .exceptions.exit
                0x00000000010040a8       0x54 ../WAT_TEST_bsp/\libucosii_bsp.a(alt_exception_entry.o)
 *(.exceptions)
 .exceptions    0x00000000010040fc       0xd4 ../WAT_TEST_bsp/\libucosii_bsp.a(alt_irq_handler.o)
                0x00000000010040fc                alt_irq_handler
 .exceptions    0x00000000010041d0       0x60 ../WAT_TEST_bsp/\libucosii_bsp.a(alt_instruction_exception_entry.o)
                0x00000000010041d0                alt_instruction_exception_entry
                [!provide]                        PROVIDE (__ram_exceptions_end, ABSOLUTE (.))
                [!provide]                        PROVIDE (__flash_exceptions_start, LOADADDR (.exceptions))

.text           0x0000000000800000    0x56020
                [!provide]                        PROVIDE (stext, ABSOLUTE (.))
 *(.interp)
 *(.hash)
 *(.dynsym)
 *(.dynstr)
 *(.gnu.version)
 *(.gnu.version_d)
 *(.gnu.version_r)
 *(.rel.init)
 *(.rela.init)
 *(.rel.text .rel.text.* .rel.gnu.linkonce.t.*)
 *(.rela.text .rela.text.* .rela.gnu.linkonce.t.*)
 *(.rel.fini)
 *(.rela.fini)
 *(.rel.rodata .rel.rodata.* .rel.gnu.linkonce.r.*)
 *(.rela.rodata .rela.rodata.* .rela.gnu.linkonce.r.*)
 *(.rel.data .rel.data.* .rel.gnu.linkonce.d.*)
 *(.rela.data .rela.data.* .rela.gnu.linkonce.d.*)
 *(.rel.tdata .rel.tdata.* .rel.gnu.linkonce.td.*)
 *(.rela.tdata .rela.tdata.* .rela.gnu.linkonce.td.*)
 *(.rel.tbss .rel.tbss.* .rel.gnu.linkonce.tb.*)
 *(.rela.tbss .rela.tbss.* .rela.gnu.linkonce.tb.*)
 *(.rel.ctors)
 *(.rela.ctors)
 *(.rel.dtors)
 *(.rela.dtors)
 *(.rel.got)
 *(.rela.got)
 *(.rel.sdata .rel.sdata.* .rel.gnu.linkonce.s.*)
 *(.rela.sdata .rela.sdata.* .rela.gnu.linkonce.s.*)
 *(.rel.sbss .rel.sbss.* .rel.gnu.linkonce.sb.*)
 *(.rela.sbss .rela.sbss.* .rela.gnu.linkonce.sb.*)
 *(.rel.sdata2 .rel.sdata2.* .rel.gnu.linkonce.s2.*)
 *(.rela.sdata2 .rela.sdata2.* .rela.gnu.linkonce.s2.*)
 *(.rel.sbss2 .rel.sbss2.* .rel.gnu.linkonce.sb2.*)
 *(.rela.sbss2 .rela.sbss2.* .rela.gnu.linkonce.sb2.*)
 *(.rel.bss .rel.bss.* .rel.gnu.linkonce.b.*)
 *(.rela.bss .rela.bss.* .rela.gnu.linkonce.b.*)
 *(.rel.plt)
 *(.rela.plt)
 *(.rel.dyn)
 *(.init)
 *(.plt)
 *(.text .stub .text.* .gnu.linkonce.t.*)
 .text          0x0000000000800000       0x38 ../WAT_TEST_bsp//obj/HAL/src/crt0.o
                0x0000000000800000                _start
 .text          0x0000000000800038      0x5b8 obj/default/camera.o
                0x0000000000800038                camera_task
                0x0000000000800418                cam_send_command
                0x0000000000800560                cam_uart_interrupt
 .text          0x00000000008005f0      0x3c8 obj/default/imagepro.o
                0x00000000008005f0                find_region
 .text          0x00000000008009b8       0xb0 obj/default/interrupt_peripherals.o
                0x00000000008009b8                sensor_interrupt
                0x00000000008009fc                button_interrupt
 .text          0x0000000000800a68      0x3c4 obj/default/motor.o
                0x0000000000800a68                motor_task
                0x0000000000800bdc                motorStop
                0x0000000000800c1c                motorForward
                0x0000000000800c5c                motorReverse
                0x0000000000800c9c                motorLeft
                0x0000000000800cdc                motorRight
                0x0000000000800d1c                motorControl
 .text          0x0000000000800e2c      0x1c8 obj/default/wat_main.o
                0x0000000000800e2c                main
 .text          0x0000000000800ff4      0x1c4 obj/default/wifi.o
                0x0000000000800ff4                wifi_task
                0x0000000000801070                wifi_uart_interrupt
                0x00000000008010dc                rcControl
 .text          0x00000000008011b8      0xb64 libjpeg\libjpeg2.a(jdapimin.o)
                0x00000000008011b8                jpeg_CreateDecompress
                0x00000000008013b0                jpeg_destroy_decompress
                0x00000000008013e4                jpeg_abort_decompress
                0x0000000000801840                jpeg_read_header
                0x0000000000801938                jpeg_consume_input
                0x0000000000801a98                jpeg_input_complete
                0x0000000000801b24                jpeg_has_multiple_scans
                0x0000000000801bb0                jpeg_finish_decompress
 .text          0x0000000000801d1c      0x7f0 libjpeg\libjpeg2.a(jdapistd.o)
                0x0000000000801d1c                jpeg_start_decompress
                0x0000000000802048                jpeg_read_scanlines
                0x000000000080218c                jpeg_read_raw_data
                0x0000000000802320                jpeg_start_output
                0x00000000008023f4                jpeg_finish_output
 .text          0x000000000080250c      0x4dc libjpeg\libjpeg2.a(jdatasrc.o)
                0x00000000008027c8                jpeg_stdio_src
                0x00000000008028d8                jpeg_mem_src
 .text          0x00000000008029e8     0x1db4 libjpeg\libjpeg2.a(jdinput.o)
                0x00000000008029e8                jpeg_core_output_dimensions
                0x00000000008046e8                jinit_input_controller
 .text          0x000000000080479c     0x5588 libjpeg\libjpeg2.a(jdmarker.o)
                0x0000000000809728                jpeg_resync_to_restart
                0x0000000000809978                jinit_marker_reader
                0x0000000000809aa0                jpeg_save_markers
                0x0000000000809c54                jpeg_set_marker_processor
 .text          0x0000000000809d24      0xff8 libjpeg\libjpeg2.a(jdmaster.o)
                0x0000000000809ef8                jpeg_calc_output_dimensions
                0x000000000080ab9c                jpeg_new_colormap
                0x000000000080ac94                jinit_master_decompress
 .text          0x000000000080ad1c      0xff0 libjpeg\libjpeg2.a(jdmerge.o)
                0x000000000080bbc4                jinit_merged_upsampler
 .text          0x000000000080bd0c      0x7ac libjpeg\libjpeg2.a(jdpostct.o)
                0x000000000080c32c                jinit_d_post_controller
 .text          0x000000000080c4b8      0xad8 libjpeg\libjpeg2.a(jdsample.o)
                0x000000000080cbc0                jinit_upsampler
 .text          0x000000000080cf90      0x438 libjpeg\libjpeg2.a(jerror.o)
                0x000000000080d308                jpeg_std_error
 .text          0x000000000080d3c8     0x1d30 libjpeg\libjpeg2.a(jmemmgr.o)
                0x000000000080ee38                jinit_memory_mgr
 .text          0x000000000080f0f8      0x1b0 libjpeg\libjpeg2.a(jmemnobs.o)
                0x000000000080f0f8                jpeg_get_small
                0x000000000080f12c                jpeg_free_small
                0x000000000080f168                jpeg_get_large
                0x000000000080f19c                jpeg_free_large
                0x000000000080f1d8                jpeg_mem_available
                0x000000000080f208                jpeg_open_backing_store
                0x000000000080f260                jpeg_mem_init
                0x000000000080f284                jpeg_mem_term
 .text          0x000000000080f2a8     0x1980 libjpeg\libjpeg2.a(jquant1.o)
                0x0000000000810ae0                jinit_1pass_quantizer
 .text          0x0000000000810c28     0x2874 libjpeg\libjpeg2.a(jquant2.o)
                0x00000000008131fc                jinit_2pass_quantizer
 .text          0x000000000081349c      0x1c4 libjpeg\libjpeg2.a(jutils.o)
                0x000000000081349c                jdiv_round_up
                0x00000000008134e4                jround_up
                0x0000000000813540                jcopy_sample_rows
                0x0000000000813614                jcopy_block_row
 .text          0x0000000000813660      0x1a8 libjpeg\libjpeg2.a(jcomapi.o)
                0x0000000000813660                jpeg_abort
                0x0000000000813704                jpeg_destroy
                0x0000000000813760                jpeg_alloc_quant_table
                0x00000000008137b4                jpeg_alloc_huff_table
 .text          0x0000000000813808     0x1f9c libjpeg\libjpeg2.a(jdarith.o)
                0x0000000000815624                jinit_arith_decoder
 .text          0x00000000008157a4     0x1c40 libjpeg\libjpeg2.a(jdcoefct.o)
                0x0000000000817168                jinit_d_coef_controller
 .text          0x00000000008173e4     0x18b4 libjpeg\libjpeg2.a(jdcolor.o)
                0x0000000000818644                jinit_color_deconverter
 .text          0x0000000000818c98      0x974 libjpeg\libjpeg2.a(jddctmgr.o)
                0x0000000000819508                jinit_inverse_dct
 .text          0x000000000081960c     0x36f8 libjpeg\libjpeg2.a(jdhuff.o)
                0x000000000081cb34                jinit_huff_decoder
 .text          0x000000000081cd04      0xff8 libjpeg\libjpeg2.a(jdmainct.o)
                0x000000000081db08                jinit_d_main_controller
 .text          0x000000000081dcfc      0xc5c libjpeg\libjpeg2.a(jidctflt.o)
                0x000000000081dcfc                jpeg_idct_float
 .text          0x000000000081e958      0xb00 libjpeg\libjpeg2.a(jidctfst.o)
                0x000000000081e958                jpeg_idct_ifast
 .text          0x000000000081f458    0x104ec libjpeg\libjpeg2.a(jidctint.o)
                0x000000000081f458                jpeg_idct_islow
                0x000000000082009c                jpeg_idct_7x7
                0x0000000000820928                jpeg_idct_6x6
                0x0000000000820f38                jpeg_idct_5x5
                0x00000000008214ac                jpeg_idct_4x4
                0x00000000008218d4                jpeg_idct_3x3
                0x0000000000821c10                jpeg_idct_2x2
                0x0000000000821e4c                jpeg_idct_1x1
                0x0000000000821f04                jpeg_idct_9x9
                0x0000000000822854                jpeg_idct_10x10
                0x00000000008232ac                jpeg_idct_11x11
                0x0000000000823f1c                jpeg_idct_12x12
                0x0000000000824ad4                jpeg_idct_13x13
                0x000000000082590c                jpeg_idct_14x14
                0x000000000082669c                jpeg_idct_15x15
                0x00000000008274bc                jpeg_idct_16x16
                0x000000000082850c                jpeg_idct_16x8
                0x00000000008293e4                jpeg_idct_14x7
                0x0000000000829f14                jpeg_idct_12x6
                0x000000000082a808                jpeg_idct_10x5
                0x000000000082afe0                jpeg_idct_8x4
                0x000000000082b68c                jpeg_idct_6x3
                0x000000000082bb14                jpeg_idct_4x2
                0x000000000082be00                jpeg_idct_2x1
                0x000000000082bf28                jpeg_idct_8x16
                0x000000000082cbd4                jpeg_idct_7x14
                0x000000000082d6c0                jpeg_idct_6x12
                0x000000000082df9c                jpeg_idct_5x10
                0x000000000082e790                jpeg_idct_4x8
                0x000000000082f038                jpeg_idct_3x6
                0x000000000082f4fc                jpeg_idct_2x4
                0x000000000082f818                jpeg_idct_1x2
 .text          0x000000000082f944        0x0 libjpeg\libjpeg2.a(jaricom.o)
 .text          0x000000000082f944      0x1b4 c:/scratchdir/nios2eds/bin/gnu/h-x86_64-mingw32/bin/../lib/gcc/nios2-elf/5.3.0/mno-hw-mul\libgcc.a(lib2-divmod.o)
                0x000000000082f944                __divsi3
                0x000000000082f9c8                __modsi3
                0x000000000082fa3c                __udivsi3
                0x000000000082faa0                __umodsi3
 .text          0x000000000082faf8       0x28 c:/scratchdir/nios2eds/bin/gnu/h-x86_64-mingw32/bin/../lib/gcc/nios2-elf/5.3.0/mno-hw-mul\libgcc.a(lib2-mul.o)
                0x000000000082faf8                __mulsi3
 .text          0x000000000082fb20      0x4c8 c:/scratchdir/nios2eds/bin/gnu/h-x86_64-mingw32/bin/../lib/gcc/nios2-elf/5.3.0/mno-hw-mul\libgcc.a(addsf3.o)
                0x000000000082fb20                __addsf3
 .text          0x000000000082ffe8      0x430 c:/scratchdir/nios2eds/bin/gnu/h-x86_64-mingw32/bin/../lib/gcc/nios2-elf/5.3.0/mno-hw-mul\libgcc.a(mulsf3.o)
                0x000000000082ffe8                __mulsf3
 .text          0x0000000000830418      0x4e4 c:/scratchdir/nios2eds/bin/gnu/h-x86_64-mingw32/bin/../lib/gcc/nios2-elf/5.3.0/mno-hw-mul\libgcc.a(subsf3.o)
                0x0000000000830418                __subsf3
 .text          0x00000000008308fc       0x70 c:/scratchdir/nios2eds/bin/gnu/h-x86_64-mingw32/bin/../lib/gcc/nios2-elf/5.3.0/mno-hw-mul\libgcc.a(fixsfsi.o)
                0x00000000008308fc                __fixsfsi
 .text          0x000000000083096c      0x124 c:/scratchdir/nios2eds/bin/gnu/h-x86_64-mingw32/bin/../lib/gcc/nios2-elf/5.3.0/mno-hw-mul\libgcc.a(floatsisf.o)
                0x000000000083096c                __floatsisf
 .text          0x0000000000830a90      0x86c c:/scratchdir/nios2eds/bin/gnu/h-x86_64-mingw32/bin/../lib/gcc/nios2-elf/5.3.0/mno-hw-mul\libgcc.a(muldf3.o)
                0x0000000000830a90                __muldf3
 .text          0x00000000008312fc       0xa8 c:/scratchdir/nios2eds/bin/gnu/h-x86_64-mingw32/bin/../lib/gcc/nios2-elf/5.3.0/mno-hw-mul\libgcc.a(floatunsidf.o)
                0x00000000008312fc                __floatunsidf
 .text          0x00000000008313a4      0x1a8 c:/scratchdir/nios2eds/bin/gnu/h-x86_64-mingw32/bin/../lib/gcc/nios2-elf/5.3.0/mno-hw-mul\libgcc.a(truncdfsf2.o)
                0x00000000008313a4                __truncdfsf2
 .text          0x000000000083154c       0x64 c:/scratchdir/nios2eds/bin/gnu/h-x86_64-mingw32/bin/../lib/gcc/nios2-elf/5.3.0/mno-hw-mul\libgcc.a(_clzsi2.o)
                0x000000000083154c                __clzsi2
 .text          0x00000000008315b0        0x0 c:/scratchdir/nios2eds/bin/gnu/h-x86_64-mingw32/bin/../lib/gcc/nios2-elf/5.3.0/mno-hw-mul\libgcc.a(_clz.o)
 .text          0x00000000008315b0        0x0 c:/scratchdir/nios2eds/bin/gnu/h-x86_64-mingw32/bin/../lib/gcc/nios2-elf/5.3.0/../../../../../H-x86_64-mingw32/nios2-elf/lib/mno-hw-mul\libc.a(lib_a-clock.o)
 .text.clock    0x00000000008315b0       0x4c c:/scratchdir/nios2eds/bin/gnu/h-x86_64-mingw32/bin/../lib/gcc/nios2-elf/5.3.0/../../../../../H-x86_64-mingw32/nios2-elf/lib/mno-hw-mul\libc.a(lib_a-clock.o)
                0x00000000008315b0                clock
 .text          0x00000000008315fc        0x0 c:/scratchdir/nios2eds/bin/gnu/h-x86_64-mingw32/bin/../lib/gcc/nios2-elf/5.3.0/../../../../../H-x86_64-mingw32/nios2-elf/lib/mno-hw-mul\libc.a(lib_a-exit.o)
 .text.exit     0x00000000008315fc       0x38 c:/scratchdir/nios2eds/bin/gnu/h-x86_64-mingw32/bin/../lib/gcc/nios2-elf/5.3.0/../../../../../H-x86_64-mingw32/nios2-elf/lib/mno-hw-mul\libc.a(lib_a-exit.o)
                0x00000000008315fc                exit
 .text          0x0000000000831634        0x0 c:/scratchdir/nios2eds/bin/gnu/h-x86_64-mingw32/bin/../lib/gcc/nios2-elf/5.3.0/../../../../../H-x86_64-mingw32/nios2-elf/lib/mno-hw-mul\libc.a(lib_a-fclose.o)
 .text._fclose_r
                0x0000000000831634       0xf0 c:/scratchdir/nios2eds/bin/gnu/h-x86_64-mingw32/bin/../lib/gcc/nios2-elf/5.3.0/../../../../../H-x86_64-mingw32/nios2-elf/lib/mno-hw-mul\libc.a(lib_a-fclose.o)
                0x0000000000831634                _fclose_r
 .text.fclose   0x0000000000831724       0x14 c:/scratchdir/nios2eds/bin/gnu/h-x86_64-mingw32/bin/../lib/gcc/nios2-elf/5.3.0/../../../../../H-x86_64-mingw32/nios2-elf/lib/mno-hw-mul\libc.a(lib_a-fclose.o)
                0x0000000000831724                fclose
 .text          0x0000000000831738        0x0 c:/scratchdir/nios2eds/bin/gnu/h-x86_64-mingw32/bin/../lib/gcc/nios2-elf/5.3.0/../../../../../H-x86_64-mingw32/nios2-elf/lib/mno-hw-mul\libc.a(lib_a-fflush.o)
 .text.__sflush_r
                0x0000000000831738      0x21c c:/scratchdir/nios2eds/bin/gnu/h-x86_64-mingw32/bin/../lib/gcc/nios2-elf/5.3.0/../../../../../H-x86_64-mingw32/nios2-elf/lib/mno-hw-mul\libc.a(lib_a-fflush.o)
                0x0000000000831738                __sflush_r
 .text._fflush_r
                0x0000000000831954       0x5c c:/scratchdir/nios2eds/bin/gnu/h-x86_64-mingw32/bin/../lib/gcc/nios2-elf/5.3.0/../../../../../H-x86_64-mingw32/nios2-elf/lib/mno-hw-mul\libc.a(lib_a-fflush.o)
                0x0000000000831954                _fflush_r
 .text.fflush   0x00000000008319b0       0x30 c:/scratchdir/nios2eds/bin/gnu/h-x86_64-mingw32/bin/../lib/gcc/nios2-elf/5.3.0/../../../../../H-x86_64-mingw32/nios2-elf/lib/mno-hw-mul\libc.a(lib_a-fflush.o)
                0x00000000008319b0                fflush
 .text          0x00000000008319e0        0x0 c:/scratchdir/nios2eds/bin/gnu/h-x86_64-mingw32/bin/../lib/gcc/nios2-elf/5.3.0/../../../../../H-x86_64-mingw32/nios2-elf/lib/mno-hw-mul\libc.a(lib_a-findfp.o)
 .text.__fp_unlock
                0x00000000008319e0        0x8 c:/scratchdir/nios2eds/bin/gnu/h-x86_64-mingw32/bin/../lib/gcc/nios2-elf/5.3.0/../../../../../H-x86_64-mingw32/nios2-elf/lib/mno-hw-mul\libc.a(lib_a-findfp.o)
 .text._cleanup_r
                0x00000000008319e8        0xc c:/scratchdir/nios2eds/bin/gnu/h-x86_64-mingw32/bin/../lib/gcc/nios2-elf/5.3.0/../../../../../H-x86_64-mingw32/nios2-elf/lib/mno-hw-mul\libc.a(lib_a-findfp.o)
                0x00000000008319e8                _cleanup_r
 .text.__sinit.part.1
                0x00000000008319f4      0x19c c:/scratchdir/nios2eds/bin/gnu/h-x86_64-mingw32/bin/../lib/gcc/nios2-elf/5.3.0/../../../../../H-x86_64-mingw32/nios2-elf/lib/mno-hw-mul\libc.a(lib_a-findfp.o)
 .text.__fp_lock
                0x0000000000831b90        0x8 c:/scratchdir/nios2eds/bin/gnu/h-x86_64-mingw32/bin/../lib/gcc/nios2-elf/5.3.0/../../../../../H-x86_64-mingw32/nios2-elf/lib/mno-hw-mul\libc.a(lib_a-findfp.o)
 .text.__sfmoreglue
                0x0000000000831b98       0x78 c:/scratchdir/nios2eds/bin/gnu/h-x86_64-mingw32/bin/../lib/gcc/nios2-elf/5.3.0/../../../../../H-x86_64-mingw32/nios2-elf/lib/mno-hw-mul\libc.a(lib_a-findfp.o)
                0x0000000000831b98                __sfmoreglue
 .text.__sfp    0x0000000000831c10      0x118 c:/scratchdir/nios2eds/bin/gnu/h-x86_64-mingw32/bin/../lib/gcc/nios2-elf/5.3.0/../../../../../H-x86_64-mingw32/nios2-elf/lib/mno-hw-mul\libc.a(lib_a-findfp.o)
                0x0000000000831c10                __sfp
 .text._cleanup
                0x0000000000831d28       0x18 c:/scratchdir/nios2eds/bin/gnu/h-x86_64-mingw32/bin/../lib/gcc/nios2-elf/5.3.0/../../../../../H-x86_64-mingw32/nios2-elf/lib/mno-hw-mul\libc.a(lib_a-findfp.o)
                0x0000000000831d28                _cleanup
 .text.__sinit  0x0000000000831d40       0x10 c:/scratchdir/nios2eds/bin/gnu/h-x86_64-mingw32/bin/../lib/gcc/nios2-elf/5.3.0/../../../../../H-x86_64-mingw32/nios2-elf/lib/mno-hw-mul\libc.a(lib_a-findfp.o)
                0x0000000000831d40                __sinit
 .text.__sfp_lock_acquire
                0x0000000000831d50        0x4 c:/scratchdir/nios2eds/bin/gnu/h-x86_64-mingw32/bin/../lib/gcc/nios2-elf/5.3.0/../../../../../H-x86_64-mingw32/nios2-elf/lib/mno-hw-mul\libc.a(lib_a-findfp.o)
                0x0000000000831d50                __sfp_lock_acquire
 .text.__sfp_lock_release
                0x0000000000831d54        0x4 c:/scratchdir/nios2eds/bin/gnu/h-x86_64-mingw32/bin/../lib/gcc/nios2-elf/5.3.0/../../../../../H-x86_64-mingw32/nios2-elf/lib/mno-hw-mul\libc.a(lib_a-findfp.o)
                0x0000000000831d54                __sfp_lock_release
 .text.__sinit_lock_acquire
                0x0000000000831d58        0x4 c:/scratchdir/nios2eds/bin/gnu/h-x86_64-mingw32/bin/../lib/gcc/nios2-elf/5.3.0/../../../../../H-x86_64-mingw32/nios2-elf/lib/mno-hw-mul\libc.a(lib_a-findfp.o)
                0x0000000000831d58                __sinit_lock_acquire
 .text.__sinit_lock_release
                0x0000000000831d5c        0x4 c:/scratchdir/nios2eds/bin/gnu/h-x86_64-mingw32/bin/../lib/gcc/nios2-elf/5.3.0/../../../../../H-x86_64-mingw32/nios2-elf/lib/mno-hw-mul\libc.a(lib_a-findfp.o)
                0x0000000000831d5c                __sinit_lock_release
 .text.__fp_lock_all
                0x0000000000831d60       0x18 c:/scratchdir/nios2eds/bin/gnu/h-x86_64-mingw32/bin/../lib/gcc/nios2-elf/5.3.0/../../../../../H-x86_64-mingw32/nios2-elf/lib/mno-hw-mul\libc.a(lib_a-findfp.o)
                0x0000000000831d60                __fp_lock_all
 .text.__fp_unlock_all
                0x0000000000831d78       0x18 c:/scratchdir/nios2eds/bin/gnu/h-x86_64-mingw32/bin/../lib/gcc/nios2-elf/5.3.0/../../../../../H-x86_64-mingw32/nios2-elf/lib/mno-hw-mul\libc.a(lib_a-findfp.o)
                0x0000000000831d78                __fp_unlock_all
 .text          0x0000000000831d90        0x0 c:/scratchdir/nios2eds/bin/gnu/h-x86_64-mingw32/bin/../lib/gcc/nios2-elf/5.3.0/../../../../../H-x86_64-mingw32/nios2-elf/lib/mno-hw-mul\libc.a(lib_a-fopen.o)
 .text._fopen_r
                0x0000000000831d90       0xf4 c:/scratchdir/nios2eds/bin/gnu/h-x86_64-mingw32/bin/../lib/gcc/nios2-elf/5.3.0/../../../../../H-x86_64-mingw32/nios2-elf/lib/mno-hw-mul\libc.a(lib_a-fopen.o)
                0x0000000000831d90                _fopen_r
 .text.fopen    0x0000000000831e84       0x18 c:/scratchdir/nios2eds/bin/gnu/h-x86_64-mingw32/bin/../lib/gcc/nios2-elf/5.3.0/../../../../../H-x86_64-mingw32/nios2-elf/lib/mno-hw-mul\libc.a(lib_a-fopen.o)
                0x0000000000831e84                fopen
 .text          0x0000000000831e9c        0x0 c:/scratchdir/nios2eds/bin/gnu/h-x86_64-mingw32/bin/../lib/gcc/nios2-elf/5.3.0/../../../../../H-x86_64-mingw32/nios2-elf/lib/mno-hw-mul\libc.a(lib_a-fprintf.o)
 .text._fprintf_r
                0x0000000000831e9c       0x28 c:/scratchdir/nios2eds/bin/gnu/h-x86_64-mingw32/bin/../lib/gcc/nios2-elf/5.3.0/../../../../../H-x86_64-mingw32/nios2-elf/lib/mno-hw-mul\libc.a(lib_a-fprintf.o)
                0x0000000000831e9c                _fprintf_r
 .text.fprintf  0x0000000000831ec4       0x24 c:/scratchdir/nios2eds/bin/gnu/h-x86_64-mingw32/bin/../lib/gcc/nios2-elf/5.3.0/../../../../../H-x86_64-mingw32/nios2-elf/lib/mno-hw-mul\libc.a(lib_a-fprintf.o)
                0x0000000000831ec4                fprintf
 .text          0x0000000000831ee8        0x0 c:/scratchdir/nios2eds/bin/gnu/h-x86_64-mingw32/bin/../lib/gcc/nios2-elf/5.3.0/../../../../../H-x86_64-mingw32/nios2-elf/lib/mno-hw-mul\libc.a(lib_a-fread.o)
 .text._fread_r
                0x0000000000831ee8      0x23c c:/scratchdir/nios2eds/bin/gnu/h-x86_64-mingw32/bin/../lib/gcc/nios2-elf/5.3.0/../../../../../H-x86_64-mingw32/nios2-elf/lib/mno-hw-mul\libc.a(lib_a-fread.o)
                0x0000000000831ee8                _fread_r
 .text.fread    0x0000000000832124       0x34 c:/scratchdir/nios2eds/bin/gnu/h-x86_64-mingw32/bin/../lib/gcc/nios2-elf/5.3.0/../../../../../H-x86_64-mingw32/nios2-elf/lib/mno-hw-mul\libc.a(lib_a-fread.o)
                0x0000000000832124                fread
 .text          0x0000000000832158        0x0 c:/scratchdir/nios2eds/bin/gnu/h-x86_64-mingw32/bin/../lib/gcc/nios2-elf/5.3.0/../../../../../H-x86_64-mingw32/nios2-elf/lib/mno-hw-mul\libc.a(lib_a-freer.o)
 .text._malloc_trim_r
                0x0000000000832158      0x124 c:/scratchdir/nios2eds/bin/gnu/h-x86_64-mingw32/bin/../lib/gcc/nios2-elf/5.3.0/../../../../../H-x86_64-mingw32/nios2-elf/lib/mno-hw-mul\libc.a(lib_a-freer.o)
                0x0000000000832158                _malloc_trim_r
 .text._free_r  0x000000000083227c      0x310 c:/scratchdir/nios2eds/bin/gnu/h-x86_64-mingw32/bin/../lib/gcc/nios2-elf/5.3.0/../../../../../H-x86_64-mingw32/nios2-elf/lib/mno-hw-mul\libc.a(lib_a-freer.o)
                0x000000000083227c                _free_r
 .text          0x000000000083258c        0x0 c:/scratchdir/nios2eds/bin/gnu/h-x86_64-mingw32/bin/../lib/gcc/nios2-elf/5.3.0/../../../../../H-x86_64-mingw32/nios2-elf/lib/mno-hw-mul\libc.a(lib_a-fseek.o)
 .text._fseek_r
                0x000000000083258c        0x4 c:/scratchdir/nios2eds/bin/gnu/h-x86_64-mingw32/bin/../lib/gcc/nios2-elf/5.3.0/../../../../../H-x86_64-mingw32/nios2-elf/lib/mno-hw-mul\libc.a(lib_a-fseek.o)
                0x000000000083258c                _fseek_r
 .text.fseek    0x0000000000832590       0x1c c:/scratchdir/nios2eds/bin/gnu/h-x86_64-mingw32/bin/../lib/gcc/nios2-elf/5.3.0/../../../../../H-x86_64-mingw32/nios2-elf/lib/mno-hw-mul\libc.a(lib_a-fseek.o)
                0x0000000000832590                fseek
 .text          0x00000000008325ac        0x0 c:/scratchdir/nios2eds/bin/gnu/h-x86_64-mingw32/bin/../lib/gcc/nios2-elf/5.3.0/../../../../../H-x86_64-mingw32/nios2-elf/lib/mno-hw-mul\libc.a(lib_a-fseeko.o)
 .text._fseeko_r
                0x00000000008325ac      0x444 c:/scratchdir/nios2eds/bin/gnu/h-x86_64-mingw32/bin/../lib/gcc/nios2-elf/5.3.0/../../../../../H-x86_64-mingw32/nios2-elf/lib/mno-hw-mul\libc.a(lib_a-fseeko.o)
                0x00000000008325ac                _fseeko_r
 .text.fseeko   0x00000000008329f0       0x1c c:/scratchdir/nios2eds/bin/gnu/h-x86_64-mingw32/bin/../lib/gcc/nios2-elf/5.3.0/../../../../../H-x86_64-mingw32/nios2-elf/lib/mno-hw-mul\libc.a(lib_a-fseeko.o)
                0x00000000008329f0                fseeko
 .text          0x0000000000832a0c        0x0 c:/scratchdir/nios2eds/bin/gnu/h-x86_64-mingw32/bin/../lib/gcc/nios2-elf/5.3.0/../../../../../H-x86_64-mingw32/nios2-elf/lib/mno-hw-mul\libc.a(lib_a-fstatr.o)
 .text._fstat_r
                0x0000000000832a0c       0x5c c:/scratchdir/nios2eds/bin/gnu/h-x86_64-mingw32/bin/../lib/gcc/nios2-elf/5.3.0/../../../../../H-x86_64-mingw32/nios2-elf/lib/mno-hw-mul\libc.a(lib_a-fstatr.o)
                0x0000000000832a0c                _fstat_r
 .text          0x0000000000832a68        0x0 c:/scratchdir/nios2eds/bin/gnu/h-x86_64-mingw32/bin/../lib/gcc/nios2-elf/5.3.0/../../../../../H-x86_64-mingw32/nios2-elf/lib/mno-hw-mul\libc.a(lib_a-fwalk.o)
 .text._fwalk   0x0000000000832a68       0xc4 c:/scratchdir/nios2eds/bin/gnu/h-x86_64-mingw32/bin/../lib/gcc/nios2-elf/5.3.0/../../../../../H-x86_64-mingw32/nios2-elf/lib/mno-hw-mul\libc.a(lib_a-fwalk.o)
                0x0000000000832a68                _fwalk
 .text._fwalk_reent
                0x0000000000832b2c       0xc4 c:/scratchdir/nios2eds/bin/gnu/h-x86_64-mingw32/bin/../lib/gcc/nios2-elf/5.3.0/../../../../../H-x86_64-mingw32/nios2-elf/lib/mno-hw-mul\libc.a(lib_a-fwalk.o)
                0x0000000000832b2c                _fwalk_reent
 .text          0x0000000000832bf0        0x0 c:/scratchdir/nios2eds/bin/gnu/h-x86_64-mingw32/bin/../lib/gcc/nios2-elf/5.3.0/../../../../../H-x86_64-mingw32/nios2-elf/lib/mno-hw-mul\libc.a(lib_a-getenv.o)
 .text._findenv
                0x0000000000832bf0       0x18 c:/scratchdir/nios2eds/bin/gnu/h-x86_64-mingw32/bin/../lib/gcc/nios2-elf/5.3.0/../../../../../H-x86_64-mingw32/nios2-elf/lib/mno-hw-mul\libc.a(lib_a-getenv.o)
                0x0000000000832bf0                _findenv
 .text.getenv   0x0000000000832c08       0x2c c:/scratchdir/nios2eds/bin/gnu/h-x86_64-mingw32/bin/../lib/gcc/nios2-elf/5.3.0/../../../../../H-x86_64-mingw32/nios2-elf/lib/mno-hw-mul\libc.a(lib_a-getenv.o)
                0x0000000000832c08                getenv
 .text          0x0000000000832c34        0x0 c:/scratchdir/nios2eds/bin/gnu/h-x86_64-mingw32/bin/../lib/gcc/nios2-elf/5.3.0/../../../../../H-x86_64-mingw32/nios2-elf/lib/mno-hw-mul\libc.a(lib_a-getenv_r.o)
 .text._findenv_r
                0x0000000000832c34      0x104 c:/scratchdir/nios2eds/bin/gnu/h-x86_64-mingw32/bin/../lib/gcc/nios2-elf/5.3.0/../../../../../H-x86_64-mingw32/nios2-elf/lib/mno-hw-mul\libc.a(lib_a-getenv_r.o)
                0x0000000000832c34                _findenv_r
 .text._getenv_r
                0x0000000000832d38       0x1c c:/scratchdir/nios2eds/bin/gnu/h-x86_64-mingw32/bin/../lib/gcc/nios2-elf/5.3.0/../../../../../H-x86_64-mingw32/nios2-elf/lib/mno-hw-mul\libc.a(lib_a-getenv_r.o)
                0x0000000000832d38                _getenv_r
 .text          0x0000000000832d54        0x0 c:/scratchdir/nios2eds/bin/gnu/h-x86_64-mingw32/bin/../lib/gcc/nios2-elf/5.3.0/../../../../../H-x86_64-mingw32/nios2-elf/lib/mno-hw-mul\libc.a(lib_a-impure.o)
 .text          0x0000000000832d54        0x0 c:/scratchdir/nios2eds/bin/gnu/h-x86_64-mingw32/bin/../lib/gcc/nios2-elf/5.3.0/../../../../../H-x86_64-mingw32/nios2-elf/lib/mno-hw-mul\libc.a(lib_a-int_errno.o)
 .text          0x0000000000832d54        0x0 c:/scratchdir/nios2eds/bin/gnu/h-x86_64-mingw32/bin/../lib/gcc/nios2-elf/5.3.0/../../../../../H-x86_64-mingw32/nios2-elf/lib/mno-hw-mul\libc.a(lib_a-makebuf.o)
 .text.__smakebuf_r
                0x0000000000832d54      0x1bc c:/scratchdir/nios2eds/bin/gnu/h-x86_64-mingw32/bin/../lib/gcc/nios2-elf/5.3.0/../../../../../H-x86_64-mingw32/nios2-elf/lib/mno-hw-mul\libc.a(lib_a-makebuf.o)
                0x0000000000832d54                __smakebuf_r
 .text          0x0000000000832f10        0x0 c:/scratchdir/nios2eds/bin/gnu/h-x86_64-mingw32/bin/../lib/gcc/nios2-elf/5.3.0/../../../../../H-x86_64-mingw32/nios2-elf/lib/mno-hw-mul\libc.a(lib_a-malloc.o)
 .text.malloc   0x0000000000832f10       0x14 c:/scratchdir/nios2eds/bin/gnu/h-x86_64-mingw32/bin/../lib/gcc/nios2-elf/5.3.0/../../../../../H-x86_64-mingw32/nios2-elf/lib/mno-hw-mul\libc.a(lib_a-malloc.o)
                0x0000000000832f10                malloc
 .text.free     0x0000000000832f24       0x14 c:/scratchdir/nios2eds/bin/gnu/h-x86_64-mingw32/bin/../lib/gcc/nios2-elf/5.3.0/../../../../../H-x86_64-mingw32/nios2-elf/lib/mno-hw-mul\libc.a(lib_a-malloc.o)
                0x0000000000832f24                free
 .text          0x0000000000832f38        0x0 c:/scratchdir/nios2eds/bin/gnu/h-x86_64-mingw32/bin/../lib/gcc/nios2-elf/5.3.0/../../../../../H-x86_64-mingw32/nios2-elf/lib/mno-hw-mul\libc.a(lib_a-mallocr.o)
 .text._malloc_r
                0x0000000000832f38      0x80c c:/scratchdir/nios2eds/bin/gnu/h-x86_64-mingw32/bin/../lib/gcc/nios2-elf/5.3.0/../../../../../H-x86_64-mingw32/nios2-elf/lib/mno-hw-mul\libc.a(lib_a-mallocr.o)
                0x0000000000832f38                _malloc_r
 .text          0x0000000000833744        0x0 c:/scratchdir/nios2eds/bin/gnu/h-x86_64-mingw32/bin/../lib/gcc/nios2-elf/5.3.0/../../../../../H-x86_64-mingw32/nios2-elf/lib/mno-hw-mul\libc.a(lib_a-memcpy.o)
 .text.memcpy   0x0000000000833744      0x148 c:/scratchdir/nios2eds/bin/gnu/h-x86_64-mingw32/bin/../lib/gcc/nios2-elf/5.3.0/../../../../../H-x86_64-mingw32/nios2-elf/lib/mno-hw-mul\libc.a(lib_a-memcpy.o)
                0x0000000000833744                memcpy
 .text          0x000000000083388c        0x0 c:/scratchdir/nios2eds/bin/gnu/h-x86_64-mingw32/bin/../lib/gcc/nios2-elf/5.3.0/../../../../../H-x86_64-mingw32/nios2-elf/lib/mno-hw-mul\libc.a(lib_a-memset.o)
 .text.memset   0x000000000083388c      0x128 c:/scratchdir/nios2eds/bin/gnu/h-x86_64-mingw32/bin/../lib/gcc/nios2-elf/5.3.0/../../../../../H-x86_64-mingw32/nios2-elf/lib/mno-hw-mul\libc.a(lib_a-memset.o)
                0x000000000083388c                memset
 .text          0x00000000008339b4        0x0 c:/scratchdir/nios2eds/bin/gnu/h-x86_64-mingw32/bin/../lib/gcc/nios2-elf/5.3.0/../../../../../H-x86_64-mingw32/nios2-elf/lib/mno-hw-mul\libc.a(lib_a-openr.o)
 .text._open_r  0x00000000008339b4       0x60 c:/scratchdir/nios2eds/bin/gnu/h-x86_64-mingw32/bin/../lib/gcc/nios2-elf/5.3.0/../../../../../H-x86_64-mingw32/nios2-elf/lib/mno-hw-mul\libc.a(lib_a-openr.o)
                0x00000000008339b4                _open_r
 .text          0x0000000000833a14        0x0 c:/scratchdir/nios2eds/bin/gnu/h-x86_64-mingw32/bin/../lib/gcc/nios2-elf/5.3.0/../../../../../H-x86_64-mingw32/nios2-elf/lib/mno-hw-mul\libc.a(lib_a-printf.o)
 .text._printf_r
                0x0000000000833a14       0x30 c:/scratchdir/nios2eds/bin/gnu/h-x86_64-mingw32/bin/../lib/gcc/nios2-elf/5.3.0/../../../../../H-x86_64-mingw32/nios2-elf/lib/mno-hw-mul\libc.a(lib_a-printf.o)
                0x0000000000833a14                _printf_r
 .text.printf   0x0000000000833a44       0x3c c:/scratchdir/nios2eds/bin/gnu/h-x86_64-mingw32/bin/../lib/gcc/nios2-elf/5.3.0/../../../../../H-x86_64-mingw32/nios2-elf/lib/mno-hw-mul\libc.a(lib_a-printf.o)
                0x0000000000833a44                printf
 .text          0x0000000000833a80        0x0 c:/scratchdir/nios2eds/bin/gnu/h-x86_64-mingw32/bin/../lib/gcc/nios2-elf/5.3.0/../../../../../H-x86_64-mingw32/nios2-elf/lib/mno-hw-mul\libc.a(lib_a-puts.o)
 .text._puts_r  0x0000000000833a80       0xc0 c:/scratchdir/nios2eds/bin/gnu/h-x86_64-mingw32/bin/../lib/gcc/nios2-elf/5.3.0/../../../../../H-x86_64-mingw32/nios2-elf/lib/mno-hw-mul\libc.a(lib_a-puts.o)
                0x0000000000833a80                _puts_r
 .text.puts     0x0000000000833b40       0x14 c:/scratchdir/nios2eds/bin/gnu/h-x86_64-mingw32/bin/../lib/gcc/nios2-elf/5.3.0/../../../../../H-x86_64-mingw32/nios2-elf/lib/mno-hw-mul\libc.a(lib_a-puts.o)
                0x0000000000833b40                puts
 .text          0x0000000000833b54        0x0 c:/scratchdir/nios2eds/bin/gnu/h-x86_64-mingw32/bin/../lib/gcc/nios2-elf/5.3.0/../../../../../H-x86_64-mingw32/nios2-elf/lib/mno-hw-mul\libc.a(lib_a-refill.o)
 .text.lflush   0x0000000000833b54       0x1c c:/scratchdir/nios2eds/bin/gnu/h-x86_64-mingw32/bin/../lib/gcc/nios2-elf/5.3.0/../../../../../H-x86_64-mingw32/nios2-elf/lib/mno-hw-mul\libc.a(lib_a-refill.o)
 .text.__srefill_r
                0x0000000000833b70      0x1d4 c:/scratchdir/nios2eds/bin/gnu/h-x86_64-mingw32/bin/../lib/gcc/nios2-elf/5.3.0/../../../../../H-x86_64-mingw32/nios2-elf/lib/mno-hw-mul\libc.a(lib_a-refill.o)
                0x0000000000833b70                __srefill_r
 .text          0x0000000000833d44        0x0 c:/scratchdir/nios2eds/bin/gnu/h-x86_64-mingw32/bin/../lib/gcc/nios2-elf/5.3.0/../../../../../H-x86_64-mingw32/nios2-elf/lib/mno-hw-mul\libc.a(lib_a-sbrkr.o)
 .text._sbrk_r  0x0000000000833d44       0x54 c:/scratchdir/nios2eds/bin/gnu/h-x86_64-mingw32/bin/../lib/gcc/nios2-elf/5.3.0/../../../../../H-x86_64-mingw32/nios2-elf/lib/mno-hw-mul\libc.a(lib_a-sbrkr.o)
                0x0000000000833d44                _sbrk_r
 .text          0x0000000000833d98        0x0 c:/scratchdir/nios2eds/bin/gnu/h-x86_64-mingw32/bin/../lib/gcc/nios2-elf/5.3.0/../../../../../H-x86_64-mingw32/nios2-elf/lib/mno-hw-mul\libc.a(lib_a-sprintf.o)
 .text._sprintf_r
                0x0000000000833d98       0x58 c:/scratchdir/nios2eds/bin/gnu/h-x86_64-mingw32/bin/../lib/gcc/nios2-elf/5.3.0/../../../../../H-x86_64-mingw32/nios2-elf/lib/mno-hw-mul\libc.a(lib_a-sprintf.o)
                0x0000000000833d98                _sprintf_r
 .text.sprintf  0x0000000000833df0       0x6c c:/scratchdir/nios2eds/bin/gnu/h-x86_64-mingw32/bin/../lib/gcc/nios2-elf/5.3.0/../../../../../H-x86_64-mingw32/nios2-elf/lib/mno-hw-mul\libc.a(lib_a-sprintf.o)
                0x0000000000833df0                sprintf
 .text          0x0000000000833e5c        0x0 c:/scratchdir/nios2eds/bin/gnu/h-x86_64-mingw32/bin/../lib/gcc/nios2-elf/5.3.0/../../../../../H-x86_64-mingw32/nios2-elf/lib/mno-hw-mul\libc.a(lib_a-sscanf.o)
 .text.sscanf   0x0000000000833e5c       0x7c c:/scratchdir/nios2eds/bin/gnu/h-x86_64-mingw32/bin/../lib/gcc/nios2-elf/5.3.0/../../../../../H-x86_64-mingw32/nios2-elf/lib/mno-hw-mul\libc.a(lib_a-sscanf.o)
                0x0000000000833e5c                sscanf
 .text._sscanf_r
                0x0000000000833ed8       0x78 c:/scratchdir/nios2eds/bin/gnu/h-x86_64-mingw32/bin/../lib/gcc/nios2-elf/5.3.0/../../../../../H-x86_64-mingw32/nios2-elf/lib/mno-hw-mul\libc.a(lib_a-sscanf.o)
                0x0000000000833ed8                _sscanf_r
 .text          0x0000000000833f50        0x0 c:/scratchdir/nios2eds/bin/gnu/h-x86_64-mingw32/bin/../lib/gcc/nios2-elf/5.3.0/../../../../../H-x86_64-mingw32/nios2-elf/lib/mno-hw-mul\libc.a(lib_a-stdio.o)
 .text.__sread  0x0000000000833f50       0x54 c:/scratchdir/nios2eds/bin/gnu/h-x86_64-mingw32/bin/../lib/gcc/nios2-elf/5.3.0/../../../../../H-x86_64-mingw32/nios2-elf/lib/mno-hw-mul\libc.a(lib_a-stdio.o)
                0x0000000000833f50                __sread
 .text.__seofread
                0x0000000000833fa4        0x8 c:/scratchdir/nios2eds/bin/gnu/h-x86_64-mingw32/bin/../lib/gcc/nios2-elf/5.3.0/../../../../../H-x86_64-mingw32/nios2-elf/lib/mno-hw-mul\libc.a(lib_a-stdio.o)
                0x0000000000833fa4                __seofread
 .text.__swrite
                0x0000000000833fac       0x7c c:/scratchdir/nios2eds/bin/gnu/h-x86_64-mingw32/bin/../lib/gcc/nios2-elf/5.3.0/../../../../../H-x86_64-mingw32/nios2-elf/lib/mno-hw-mul\libc.a(lib_a-stdio.o)
                0x0000000000833fac                __swrite
 .text.__sseek  0x0000000000834028       0x5c c:/scratchdir/nios2eds/bin/gnu/h-x86_64-mingw32/bin/../lib/gcc/nios2-elf/5.3.0/../../../../../H-x86_64-mingw32/nios2-elf/lib/mno-hw-mul\libc.a(lib_a-stdio.o)
                0x0000000000834028                __sseek
 .text.__sclose
                0x0000000000834084        0x8 c:/scratchdir/nios2eds/bin/gnu/h-x86_64-mingw32/bin/../lib/gcc/nios2-elf/5.3.0/../../../../../H-x86_64-mingw32/nios2-elf/lib/mno-hw-mul\libc.a(lib_a-stdio.o)
                0x0000000000834084                __sclose
 .text          0x000000000083408c        0x0 c:/scratchdir/nios2eds/bin/gnu/h-x86_64-mingw32/bin/../lib/gcc/nios2-elf/5.3.0/../../../../../H-x86_64-mingw32/nios2-elf/lib/mno-hw-mul\libc.a(lib_a-strlen.o)
 .text.strlen   0x000000000083408c       0x98 c:/scratchdir/nios2eds/bin/gnu/h-x86_64-mingw32/bin/../lib/gcc/nios2-elf/5.3.0/../../../../../H-x86_64-mingw32/nios2-elf/lib/mno-hw-mul\libc.a(lib_a-strlen.o)
                0x000000000083408c                strlen
 .text          0x0000000000834124        0x0 c:/scratchdir/nios2eds/bin/gnu/h-x86_64-mingw32/bin/../lib/gcc/nios2-elf/5.3.0/../../../../../H-x86_64-mingw32/nios2-elf/lib/mno-hw-mul\libc.a(lib_a-strncmp.o)
 .text.strncmp  0x0000000000834124       0xd0 c:/scratchdir/nios2eds/bin/gnu/h-x86_64-mingw32/bin/../lib/gcc/nios2-elf/5.3.0/../../../../../H-x86_64-mingw32/nios2-elf/lib/mno-hw-mul\libc.a(lib_a-strncmp.o)
                0x0000000000834124                strncmp
 .text          0x00000000008341f4        0x0 c:/scratchdir/nios2eds/bin/gnu/h-x86_64-mingw32/bin/../lib/gcc/nios2-elf/5.3.0/../../../../../H-x86_64-mingw32/nios2-elf/lib/mno-hw-mul\libc.a(lib_a-strncpy.o)
 .text.strncpy  0x00000000008341f4       0xec c:/scratchdir/nios2eds/bin/gnu/h-x86_64-mingw32/bin/../lib/gcc/nios2-elf/5.3.0/../../../../../H-x86_64-mingw32/nios2-elf/lib/mno-hw-mul\libc.a(lib_a-strncpy.o)
                0x00000000008341f4                strncpy
 .text          0x00000000008342e0        0x0 c:/scratchdir/nios2eds/bin/gnu/h-x86_64-mingw32/bin/../lib/gcc/nios2-elf/5.3.0/../../../../../H-x86_64-mingw32/nios2-elf/lib/mno-hw-mul\libc.a(lib_a-svfprintf.o)
 .text.___svfprintf_internal_r
                0x00000000008342e0     0x22bc c:/scratchdir/nios2eds/bin/gnu/h-x86_64-mingw32/bin/../lib/gcc/nios2-elf/5.3.0/../../../../../H-x86_64-mingw32/nios2-elf/lib/mno-hw-mul\libc.a(lib_a-svfprintf.o)
                0x00000000008342e0                ___svfprintf_internal_r
 .text          0x000000000083659c        0x0 c:/scratchdir/nios2eds/bin/gnu/h-x86_64-mingw32/bin/../lib/gcc/nios2-elf/5.3.0/../../../../../H-x86_64-mingw32/nios2-elf/lib/mno-hw-mul\libc.a(lib_a-svfscanf.o)
 .text.__ssvfscanf_r
                0x000000000083659c     0x198c c:/scratchdir/nios2eds/bin/gnu/h-x86_64-mingw32/bin/../lib/gcc/nios2-elf/5.3.0/../../../../../H-x86_64-mingw32/nios2-elf/lib/mno-hw-mul\libc.a(lib_a-svfscanf.o)
                0x000000000083659c                __ssvfscanf_r
 .text          0x0000000000837f28        0x0 c:/scratchdir/nios2eds/bin/gnu/h-x86_64-mingw32/bin/../lib/gcc/nios2-elf/5.3.0/../../../../../H-x86_64-mingw32/nios2-elf/lib/mno-hw-mul\libc.a(lib_a-timesr.o)
 .text._times_r
                0x0000000000837f28        0x8 c:/scratchdir/nios2eds/bin/gnu/h-x86_64-mingw32/bin/../lib/gcc/nios2-elf/5.3.0/../../../../../H-x86_64-mingw32/nios2-elf/lib/mno-hw-mul\libc.a(lib_a-timesr.o)
                0x0000000000837f28                _times_r
 .text          0x0000000000837f30        0x0 c:/scratchdir/nios2eds/bin/gnu/h-x86_64-mingw32/bin/../lib/gcc/nios2-elf/5.3.0/../../../../../H-x86_64-mingw32/nios2-elf/lib/mno-hw-mul\libc.a(lib_a-vfprintf.o)
 .text.___vfprintf_internal_r
                0x0000000000837f30     0x22dc c:/scratchdir/nios2eds/bin/gnu/h-x86_64-mingw32/bin/../lib/gcc/nios2-elf/5.3.0/../../../../../H-x86_64-mingw32/nios2-elf/lib/mno-hw-mul\libc.a(lib_a-vfprintf.o)
                0x0000000000837f30                ___vfprintf_internal_r
 .text.__vfprintf_internal
                0x000000000083a20c       0x1c c:/scratchdir/nios2eds/bin/gnu/h-x86_64-mingw32/bin/../lib/gcc/nios2-elf/5.3.0/../../../../../H-x86_64-mingw32/nios2-elf/lib/mno-hw-mul\libc.a(lib_a-vfprintf.o)
                0x000000000083a20c                __vfprintf_internal
 .text.__sbprintf
                0x000000000083a228       0xbc c:/scratchdir/nios2eds/bin/gnu/h-x86_64-mingw32/bin/../lib/gcc/nios2-elf/5.3.0/../../../../../H-x86_64-mingw32/nios2-elf/lib/mno-hw-mul\libc.a(lib_a-vfprintf.o)
 .text          0x000000000083a2e4        0x0 c:/scratchdir/nios2eds/bin/gnu/h-x86_64-mingw32/bin/../lib/gcc/nios2-elf/5.3.0/../../../../../H-x86_64-mingw32/nios2-elf/lib/mno-hw-mul\libc.a(lib_a-writer.o)
 .text._write_r
                0x000000000083a2e4       0x60 c:/scratchdir/nios2eds/bin/gnu/h-x86_64-mingw32/bin/../lib/gcc/nios2-elf/5.3.0/../../../../../H-x86_64-mingw32/nios2-elf/lib/mno-hw-mul\libc.a(lib_a-writer.o)
                0x000000000083a2e4                _write_r
 .text          0x000000000083a344        0x0 c:/scratchdir/nios2eds/bin/gnu/h-x86_64-mingw32/bin/../lib/gcc/nios2-elf/5.3.0/../../../../../H-x86_64-mingw32/nios2-elf/lib/mno-hw-mul\libc.a(lib_a-wsetup.o)
 .text.__swsetup_r
                0x000000000083a344      0x154 c:/scratchdir/nios2eds/bin/gnu/h-x86_64-mingw32/bin/../lib/gcc/nios2-elf/5.3.0/../../../../../H-x86_64-mingw32/nios2-elf/lib/mno-hw-mul\libc.a(lib_a-wsetup.o)
                0x000000000083a344                __swsetup_r
 .text          0x000000000083a498        0x0 c:/scratchdir/nios2eds/bin/gnu/h-x86_64-mingw32/bin/../lib/gcc/nios2-elf/5.3.0/../../../../../H-x86_64-mingw32/nios2-elf/lib/mno-hw-mul\libc.a(closer.o)
 .text._close_r
                0x000000000083a498       0x54 c:/scratchdir/nios2eds/bin/gnu/h-x86_64-mingw32/bin/../lib/gcc/nios2-elf/5.3.0/../../../../../H-x86_64-mingw32/nios2-elf/lib/mno-hw-mul\libc.a(closer.o)
                0x000000000083a498                _close_r
 .text          0x000000000083a4ec        0x0 c:/scratchdir/nios2eds/bin/gnu/h-x86_64-mingw32/bin/../lib/gcc/nios2-elf/5.3.0/../../../../../H-x86_64-mingw32/nios2-elf/lib/mno-hw-mul\libc.a(lib_a-__call_atexit.o)
 .text.__call_exitprocs
                0x000000000083a4ec      0x180 c:/scratchdir/nios2eds/bin/gnu/h-x86_64-mingw32/bin/../lib/gcc/nios2-elf/5.3.0/../../../../../H-x86_64-mingw32/nios2-elf/lib/mno-hw-mul\libc.a(lib_a-__call_atexit.o)
                0x000000000083a4ec                __call_exitprocs
 .text          0x000000000083a66c        0x0 c:/scratchdir/nios2eds/bin/gnu/h-x86_64-mingw32/bin/../lib/gcc/nios2-elf/5.3.0/../../../../../H-x86_64-mingw32/nios2-elf/lib/mno-hw-mul\libc.a(lib_a-ctype_.o)
 .text          0x000000000083a66c        0x0 c:/scratchdir/nios2eds/bin/gnu/h-x86_64-mingw32/bin/../lib/gcc/nios2-elf/5.3.0/../../../../../H-x86_64-mingw32/nios2-elf/lib/mno-hw-mul\libc.a(lib_a-dtoa.o)
 .text.quorem   0x000000000083a66c      0x228 c:/scratchdir/nios2eds/bin/gnu/h-x86_64-mingw32/bin/../lib/gcc/nios2-elf/5.3.0/../../../../../H-x86_64-mingw32/nios2-elf/lib/mno-hw-mul\libc.a(lib_a-dtoa.o)
 .text._dtoa_r  0x000000000083a894     0x1688 c:/scratchdir/nios2eds/bin/gnu/h-x86_64-mingw32/bin/../lib/gcc/nios2-elf/5.3.0/../../../../../H-x86_64-mingw32/nios2-elf/lib/mno-hw-mul\libc.a(lib_a-dtoa.o)
                0x000000000083a894                _dtoa_r
 .text          0x000000000083bf1c        0x0 c:/scratchdir/nios2eds/bin/gnu/h-x86_64-mingw32/bin/../lib/gcc/nios2-elf/5.3.0/../../../../../H-x86_64-mingw32/nios2-elf/lib/mno-hw-mul\libc.a(lib_a-environ.o)
 .text          0x000000000083bf1c        0x0 c:/scratchdir/nios2eds/bin/gnu/h-x86_64-mingw32/bin/../lib/gcc/nios2-elf/5.3.0/../../../../../H-x86_64-mingw32/nios2-elf/lib/mno-hw-mul\libc.a(lib_a-flags.o)
 .text.__sflags
                0x000000000083bf1c       0xac c:/scratchdir/nios2eds/bin/gnu/h-x86_64-mingw32/bin/../lib/gcc/nios2-elf/5.3.0/../../../../../H-x86_64-mingw32/nios2-elf/lib/mno-hw-mul\libc.a(lib_a-flags.o)
                0x000000000083bf1c                __sflags
 .text          0x000000000083bfc8        0x0 c:/scratchdir/nios2eds/bin/gnu/h-x86_64-mingw32/bin/../lib/gcc/nios2-elf/5.3.0/../../../../../H-x86_64-mingw32/nios2-elf/lib/mno-hw-mul\libc.a(lib_a-fvwrite.o)
 .text.__sfvwrite_r
                0x000000000083bfc8      0x4c8 c:/scratchdir/nios2eds/bin/gnu/h-x86_64-mingw32/bin/../lib/gcc/nios2-elf/5.3.0/../../../../../H-x86_64-mingw32/nios2-elf/lib/mno-hw-mul\libc.a(lib_a-fvwrite.o)
                0x000000000083bfc8                __sfvwrite_r
 .text          0x000000000083c490        0x0 c:/scratchdir/nios2eds/bin/gnu/h-x86_64-mingw32/bin/../lib/gcc/nios2-elf/5.3.0/../../../../../H-x86_64-mingw32/nios2-elf/lib/mno-hw-mul\libc.a(lib_a-isattyr.o)
 .text._isatty_r
                0x000000000083c490       0x54 c:/scratchdir/nios2eds/bin/gnu/h-x86_64-mingw32/bin/../lib/gcc/nios2-elf/5.3.0/../../../../../H-x86_64-mingw32/nios2-elf/lib/mno-hw-mul\libc.a(lib_a-isattyr.o)
                0x000000000083c490                _isatty_r
 .text          0x000000000083c4e4        0x0 c:/scratchdir/nios2eds/bin/gnu/h-x86_64-mingw32/bin/../lib/gcc/nios2-elf/5.3.0/../../../../../H-x86_64-mingw32/nios2-elf/lib/mno-hw-mul\libc.a(lib_a-iswspace.o)
 .text.iswspace
                0x000000000083c4e4       0x30 c:/scratchdir/nios2eds/bin/gnu/h-x86_64-mingw32/bin/../lib/gcc/nios2-elf/5.3.0/../../../../../H-x86_64-mingw32/nios2-elf/lib/mno-hw-mul\libc.a(lib_a-iswspace.o)
                0x000000000083c4e4                iswspace
 .text          0x000000000083c514        0x0 c:/scratchdir/nios2eds/bin/gnu/h-x86_64-mingw32/bin/../lib/gcc/nios2-elf/5.3.0/../../../../../H-x86_64-mingw32/nios2-elf/lib/mno-hw-mul\libc.a(lib_a-locale.o)
 .text._setlocale_r
                0x000000000083c514       0x7c c:/scratchdir/nios2eds/bin/gnu/h-x86_64-mingw32/bin/../lib/gcc/nios2-elf/5.3.0/../../../../../H-x86_64-mingw32/nios2-elf/lib/mno-hw-mul\libc.a(lib_a-locale.o)
                0x000000000083c514                _setlocale_r
 .text.__locale_charset
                0x000000000083c590        0xc c:/scratchdir/nios2eds/bin/gnu/h-x86_64-mingw32/bin/../lib/gcc/nios2-elf/5.3.0/../../../../../H-x86_64-mingw32/nios2-elf/lib/mno-hw-mul\libc.a(lib_a-locale.o)
                0x000000000083c590                __locale_charset
 .text.__locale_mb_cur_max
                0x000000000083c59c       0x10 c:/scratchdir/nios2eds/bin/gnu/h-x86_64-mingw32/bin/../lib/gcc/nios2-elf/5.3.0/../../../../../H-x86_64-mingw32/nios2-elf/lib/mno-hw-mul\libc.a(lib_a-locale.o)
                0x000000000083c59c                __locale_mb_cur_max
 .text.__locale_msgcharset
                0x000000000083c5ac        0xc c:/scratchdir/nios2eds/bin/gnu/h-x86_64-mingw32/bin/../lib/gcc/nios2-elf/5.3.0/../../../../../H-x86_64-mingw32/nios2-elf/lib/mno-hw-mul\libc.a(lib_a-locale.o)
                0x000000000083c5ac                __locale_msgcharset
 .text.__locale_cjk_lang
                0x000000000083c5b8        0x8 c:/scratchdir/nios2eds/bin/gnu/h-x86_64-mingw32/bin/../lib/gcc/nios2-elf/5.3.0/../../../../../H-x86_64-mingw32/nios2-elf/lib/mno-hw-mul\libc.a(lib_a-locale.o)
                0x000000000083c5b8                __locale_cjk_lang
 .text._localeconv_r
                0x000000000083c5c0        0xc c:/scratchdir/nios2eds/bin/gnu/h-x86_64-mingw32/bin/../lib/gcc/nios2-elf/5.3.0/../../../../../H-x86_64-mingw32/nios2-elf/lib/mno-hw-mul\libc.a(lib_a-locale.o)
                0x000000000083c5c0                _localeconv_r
 .text.setlocale
                0x000000000083c5cc       0x18 c:/scratchdir/nios2eds/bin/gnu/h-x86_64-mingw32/bin/../lib/gcc/nios2-elf/5.3.0/../../../../../H-x86_64-mingw32/nios2-elf/lib/mno-hw-mul\libc.a(lib_a-locale.o)
                0x000000000083c5cc                setlocale
 .text.localeconv
                0x000000000083c5e4        0xc c:/scratchdir/nios2eds/bin/gnu/h-x86_64-mingw32/bin/../lib/gcc/nios2-elf/5.3.0/../../../../../H-x86_64-mingw32/nios2-elf/lib/mno-hw-mul\libc.a(lib_a-locale.o)
                0x000000000083c5e4                localeconv
 .text          0x000000000083c5f0        0x0 c:/scratchdir/nios2eds/bin/gnu/h-x86_64-mingw32/bin/../lib/gcc/nios2-elf/5.3.0/../../../../../H-x86_64-mingw32/nios2-elf/lib/mno-hw-mul\libc.a(lib_a-lseekr.o)
 .text._lseek_r
                0x000000000083c5f0       0x60 c:/scratchdir/nios2eds/bin/gnu/h-x86_64-mingw32/bin/../lib/gcc/nios2-elf/5.3.0/../../../../../H-x86_64-mingw32/nios2-elf/lib/mno-hw-mul\libc.a(lib_a-lseekr.o)
                0x000000000083c5f0                _lseek_r
 .text          0x000000000083c650        0x0 c:/scratchdir/nios2eds/bin/gnu/h-x86_64-mingw32/bin/../lib/gcc/nios2-elf/5.3.0/../../../../../H-x86_64-mingw32/nios2-elf/lib/mno-hw-mul\libc.a(lib_a-mbrtowc.o)
 .text._mbrtowc_r
                0x000000000083c650       0xac c:/scratchdir/nios2eds/bin/gnu/h-x86_64-mingw32/bin/../lib/gcc/nios2-elf/5.3.0/../../../../../H-x86_64-mingw32/nios2-elf/lib/mno-hw-mul\libc.a(lib_a-mbrtowc.o)
                0x000000000083c650                _mbrtowc_r
 .text.mbrtowc  0x000000000083c6fc       0xd8 c:/scratchdir/nios2eds/bin/gnu/h-x86_64-mingw32/bin/../lib/gcc/nios2-elf/5.3.0/../../../../../H-x86_64-mingw32/nios2-elf/lib/mno-hw-mul\libc.a(lib_a-mbrtowc.o)
                0x000000000083c6fc                mbrtowc
 .text          0x000000000083c7d4        0x0 c:/scratchdir/nios2eds/bin/gnu/h-x86_64-mingw32/bin/../lib/gcc/nios2-elf/5.3.0/../../../../../H-x86_64-mingw32/nios2-elf/lib/mno-hw-mul\libc.a(lib_a-mbtowc_r.o)
 .text.__ascii_mbtowc
                0x000000000083c7d4       0x44 c:/scratchdir/nios2eds/bin/gnu/h-x86_64-mingw32/bin/../lib/gcc/nios2-elf/5.3.0/../../../../../H-x86_64-mingw32/nios2-elf/lib/mno-hw-mul\libc.a(lib_a-mbtowc_r.o)
                0x000000000083c7d4                __ascii_mbtowc
 .text._mbtowc_r
                0x000000000083c818       0x5c c:/scratchdir/nios2eds/bin/gnu/h-x86_64-mingw32/bin/../lib/gcc/nios2-elf/5.3.0/../../../../../H-x86_64-mingw32/nios2-elf/lib/mno-hw-mul\libc.a(lib_a-mbtowc_r.o)
                0x000000000083c818                _mbtowc_r
 .text          0x000000000083c874        0x0 c:/scratchdir/nios2eds/bin/gnu/h-x86_64-mingw32/bin/../lib/gcc/nios2-elf/5.3.0/../../../../../H-x86_64-mingw32/nios2-elf/lib/mno-hw-mul\libc.a(lib_a-memchr.o)
 .text.memchr   0x000000000083c874       0xe4 c:/scratchdir/nios2eds/bin/gnu/h-x86_64-mingw32/bin/../lib/gcc/nios2-elf/5.3.0/../../../../../H-x86_64-mingw32/nios2-elf/lib/mno-hw-mul\libc.a(lib_a-memchr.o)
                0x000000000083c874                memchr
 .text          0x000000000083c958        0x0 c:/scratchdir/nios2eds/bin/gnu/h-x86_64-mingw32/bin/../lib/gcc/nios2-elf/5.3.0/../../../../../H-x86_64-mingw32/nios2-elf/lib/mno-hw-mul\libc.a(lib_a-memmove.o)
 .text.memmove  0x000000000083c958      0x15c c:/scratchdir/nios2eds/bin/gnu/h-x86_64-mingw32/bin/../lib/gcc/nios2-elf/5.3.0/../../../../../H-x86_64-mingw32/nios2-elf/lib/mno-hw-mul\libc.a(lib_a-memmove.o)
                0x000000000083c958                memmove
 .text          0x000000000083cab4        0x0 c:/scratchdir/nios2eds/bin/gnu/h-x86_64-mingw32/bin/../lib/gcc/nios2-elf/5.3.0/../../../../../H-x86_64-mingw32/nios2-elf/lib/mno-hw-mul\libc.a(lib_a-mprec.o)
 .text._Balloc  0x000000000083cab4       0xa8 c:/scratchdir/nios2eds/bin/gnu/h-x86_64-mingw32/bin/../lib/gcc/nios2-elf/5.3.0/../../../../../H-x86_64-mingw32/nios2-elf/lib/mno-hw-mul\libc.a(lib_a-mprec.o)
                0x000000000083cab4                _Balloc
 .text._Bfree   0x000000000083cb5c       0x28 c:/scratchdir/nios2eds/bin/gnu/h-x86_64-mingw32/bin/../lib/gcc/nios2-elf/5.3.0/../../../../../H-x86_64-mingw32/nios2-elf/lib/mno-hw-mul\libc.a(lib_a-mprec.o)
                0x000000000083cb5c                _Bfree
 .text.__multadd
                0x000000000083cb84      0x148 c:/scratchdir/nios2eds/bin/gnu/h-x86_64-mingw32/bin/../lib/gcc/nios2-elf/5.3.0/../../../../../H-x86_64-mingw32/nios2-elf/lib/mno-hw-mul\libc.a(lib_a-mprec.o)
                0x000000000083cb84                __multadd
 .text.__s2b    0x000000000083cccc      0x104 c:/scratchdir/nios2eds/bin/gnu/h-x86_64-mingw32/bin/../lib/gcc/nios2-elf/5.3.0/../../../../../H-x86_64-mingw32/nios2-elf/lib/mno-hw-mul\libc.a(lib_a-mprec.o)
                0x000000000083cccc                __s2b
 .text.__hi0bits
                0x000000000083cdd0       0x68 c:/scratchdir/nios2eds/bin/gnu/h-x86_64-mingw32/bin/../lib/gcc/nios2-elf/5.3.0/../../../../../H-x86_64-mingw32/nios2-elf/lib/mno-hw-mul\libc.a(lib_a-mprec.o)
                0x000000000083cdd0                __hi0bits
 .text.__lo0bits
                0x000000000083ce38       0xb0 c:/scratchdir/nios2eds/bin/gnu/h-x86_64-mingw32/bin/../lib/gcc/nios2-elf/5.3.0/../../../../../H-x86_64-mingw32/nios2-elf/lib/mno-hw-mul\libc.a(lib_a-mprec.o)
                0x000000000083ce38                __lo0bits
 .text.__i2b    0x000000000083cee8       0x3c c:/scratchdir/nios2eds/bin/gnu/h-x86_64-mingw32/bin/../lib/gcc/nios2-elf/5.3.0/../../../../../H-x86_64-mingw32/nios2-elf/lib/mno-hw-mul\libc.a(lib_a-mprec.o)
                0x000000000083cee8                __i2b
 .text.__multiply
                0x000000000083cf24      0x28c c:/scratchdir/nios2eds/bin/gnu/h-x86_64-mingw32/bin/../lib/gcc/nios2-elf/5.3.0/../../../../../H-x86_64-mingw32/nios2-elf/lib/mno-hw-mul\libc.a(lib_a-mprec.o)
                0x000000000083cf24                __multiply
 .text.__pow5mult
                0x000000000083d1b0      0x140 c:/scratchdir/nios2eds/bin/gnu/h-x86_64-mingw32/bin/../lib/gcc/nios2-elf/5.3.0/../../../../../H-x86_64-mingw32/nios2-elf/lib/mno-hw-mul\libc.a(lib_a-mprec.o)
                0x000000000083d1b0                __pow5mult
 .text.__lshift
                0x000000000083d2f0      0x148 c:/scratchdir/nios2eds/bin/gnu/h-x86_64-mingw32/bin/../lib/gcc/nios2-elf/5.3.0/../../../../../H-x86_64-mingw32/nios2-elf/lib/mno-hw-mul\libc.a(lib_a-mprec.o)
                0x000000000083d2f0                __lshift
 .text.__mcmp   0x000000000083d438       0x60 c:/scratchdir/nios2eds/bin/gnu/h-x86_64-mingw32/bin/../lib/gcc/nios2-elf/5.3.0/../../../../../H-x86_64-mingw32/nios2-elf/lib/mno-hw-mul\libc.a(lib_a-mprec.o)
                0x000000000083d438                __mcmp
 .text.__mdiff  0x000000000083d498      0x1fc c:/scratchdir/nios2eds/bin/gnu/h-x86_64-mingw32/bin/../lib/gcc/nios2-elf/5.3.0/../../../../../H-x86_64-mingw32/nios2-elf/lib/mno-hw-mul\libc.a(lib_a-mprec.o)
                0x000000000083d498                __mdiff
 .text.__ulp    0x000000000083d694       0x64 c:/scratchdir/nios2eds/bin/gnu/h-x86_64-mingw32/bin/../lib/gcc/nios2-elf/5.3.0/../../../../../H-x86_64-mingw32/nios2-elf/lib/mno-hw-mul\libc.a(lib_a-mprec.o)
                0x000000000083d694                __ulp
 .text.__b2d    0x000000000083d6f8      0x10c c:/scratchdir/nios2eds/bin/gnu/h-x86_64-mingw32/bin/../lib/gcc/nios2-elf/5.3.0/../../../../../H-x86_64-mingw32/nios2-elf/lib/mno-hw-mul\libc.a(lib_a-mprec.o)
                0x000000000083d6f8                __b2d
 .text.__d2b    0x000000000083d804      0x14c c:/scratchdir/nios2eds/bin/gnu/h-x86_64-mingw32/bin/../lib/gcc/nios2-elf/5.3.0/../../../../../H-x86_64-mingw32/nios2-elf/lib/mno-hw-mul\libc.a(lib_a-mprec.o)
                0x000000000083d804                __d2b
 .text.__ratio  0x000000000083d950       0xa4 c:/scratchdir/nios2eds/bin/gnu/h-x86_64-mingw32/bin/../lib/gcc/nios2-elf/5.3.0/../../../../../H-x86_64-mingw32/nios2-elf/lib/mno-hw-mul\libc.a(lib_a-mprec.o)
                0x000000000083d950                __ratio
 .text._mprec_log10
                0x000000000083d9f4       0x74 c:/scratchdir/nios2eds/bin/gnu/h-x86_64-mingw32/bin/../lib/gcc/nios2-elf/5.3.0/../../../../../H-x86_64-mingw32/nios2-elf/lib/mno-hw-mul\libc.a(lib_a-mprec.o)
                0x000000000083d9f4                _mprec_log10
 .text.__copybits
                0x000000000083da68       0x78 c:/scratchdir/nios2eds/bin/gnu/h-x86_64-mingw32/bin/../lib/gcc/nios2-elf/5.3.0/../../../../../H-x86_64-mingw32/nios2-elf/lib/mno-hw-mul\libc.a(lib_a-mprec.o)
                0x000000000083da68                __copybits
 .text.__any_on
                0x000000000083dae0       0x8c c:/scratchdir/nios2eds/bin/gnu/h-x86_64-mingw32/bin/../lib/gcc/nios2-elf/5.3.0/../../../../../H-x86_64-mingw32/nios2-elf/lib/mno-hw-mul\libc.a(lib_a-mprec.o)
                0x000000000083dae0                __any_on
 .text          0x000000000083db6c        0x0 c:/scratchdir/nios2eds/bin/gnu/h-x86_64-mingw32/bin/../lib/gcc/nios2-elf/5.3.0/../../../../../H-x86_64-mingw32/nios2-elf/lib/mno-hw-mul\libc.a(lib_a-readr.o)
 .text._read_r  0x000000000083db6c       0x60 c:/scratchdir/nios2eds/bin/gnu/h-x86_64-mingw32/bin/../lib/gcc/nios2-elf/5.3.0/../../../../../H-x86_64-mingw32/nios2-elf/lib/mno-hw-mul\libc.a(lib_a-readr.o)
                0x000000000083db6c                _read_r
 .text          0x000000000083dbcc        0x0 c:/scratchdir/nios2eds/bin/gnu/h-x86_64-mingw32/bin/../lib/gcc/nios2-elf/5.3.0/../../../../../H-x86_64-mingw32/nios2-elf/lib/mno-hw-mul\libc.a(lib_a-reallocr.o)
 .text._realloc_r
                0x000000000083dbcc      0x564 c:/scratchdir/nios2eds/bin/gnu/h-x86_64-mingw32/bin/../lib/gcc/nios2-elf/5.3.0/../../../../../H-x86_64-mingw32/nios2-elf/lib/mno-hw-mul\libc.a(lib_a-reallocr.o)
                0x000000000083dbcc                _realloc_r
 .text          0x000000000083e130        0x0 c:/scratchdir/nios2eds/bin/gnu/h-x86_64-mingw32/bin/../lib/gcc/nios2-elf/5.3.0/../../../../../H-x86_64-mingw32/nios2-elf/lib/mno-hw-mul\libc.a(lib_a-s_fpclassify.o)
 .text.__fpclassifyd
                0x000000000083e130       0x74 c:/scratchdir/nios2eds/bin/gnu/h-x86_64-mingw32/bin/../lib/gcc/nios2-elf/5.3.0/../../../../../H-x86_64-mingw32/nios2-elf/lib/mno-hw-mul\libc.a(lib_a-s_fpclassify.o)
                0x000000000083e130                __fpclassifyd
 .text          0x000000000083e1a4        0x0 c:/scratchdir/nios2eds/bin/gnu/h-x86_64-mingw32/bin/../lib/gcc/nios2-elf/5.3.0/../../../../../H-x86_64-mingw32/nios2-elf/lib/mno-hw-mul\libc.a(lib_a-sccl.o)
 .text.__sccl   0x000000000083e1a4       0xd0 c:/scratchdir/nios2eds/bin/gnu/h-x86_64-mingw32/bin/../lib/gcc/nios2-elf/5.3.0/../../../../../H-x86_64-mingw32/nios2-elf/lib/mno-hw-mul\libc.a(lib_a-sccl.o)
                0x000000000083e1a4                __sccl
 .text          0x000000000083e274        0x0 c:/scratchdir/nios2eds/bin/gnu/h-x86_64-mingw32/bin/../lib/gcc/nios2-elf/5.3.0/../../../../../H-x86_64-mingw32/nios2-elf/lib/mno-hw-mul\libc.a(lib_a-sf_nan.o)
 .text.nanf     0x000000000083e274        0x8 c:/scratchdir/nios2eds/bin/gnu/h-x86_64-mingw32/bin/../lib/gcc/nios2-elf/5.3.0/../../../../../H-x86_64-mingw32/nios2-elf/lib/mno-hw-mul\libc.a(lib_a-sf_nan.o)
                0x000000000083e274                nanf
 .text          0x000000000083e27c        0x0 c:/scratchdir/nios2eds/bin/gnu/h-x86_64-mingw32/bin/../lib/gcc/nios2-elf/5.3.0/../../../../../H-x86_64-mingw32/nios2-elf/lib/mno-hw-mul\libc.a(lib_a-strcmp.o)
 .text.strcmp   0x000000000083e27c       0xdc c:/scratchdir/nios2eds/bin/gnu/h-x86_64-mingw32/bin/../lib/gcc/nios2-elf/5.3.0/../../../../../H-x86_64-mingw32/nios2-elf/lib/mno-hw-mul\libc.a(lib_a-strcmp.o)
                0x000000000083e27c                strcmp
 .text          0x000000000083e358        0x0 c:/scratchdir/nios2eds/bin/gnu/h-x86_64-mingw32/bin/../lib/gcc/nios2-elf/5.3.0/../../../../../H-x86_64-mingw32/nios2-elf/lib/mno-hw-mul\libc.a(lib_a-strtod.o)
 .text.sulp     0x000000000083e358       0x64 c:/scratchdir/nios2eds/bin/gnu/h-x86_64-mingw32/bin/../lib/gcc/nios2-elf/5.3.0/../../../../../H-x86_64-mingw32/nios2-elf/lib/mno-hw-mul\libc.a(lib_a-strtod.o)
 .text._strtod_r
                0x000000000083e3bc     0x15e4 c:/scratchdir/nios2eds/bin/gnu/h-x86_64-mingw32/bin/../lib/gcc/nios2-elf/5.3.0/../../../../../H-x86_64-mingw32/nios2-elf/lib/mno-hw-mul\libc.a(lib_a-strtod.o)
                0x000000000083e3bc                _strtod_r
 .text.strtod   0x000000000083f9a0       0x18 c:/scratchdir/nios2eds/bin/gnu/h-x86_64-mingw32/bin/../lib/gcc/nios2-elf/5.3.0/../../../../../H-x86_64-mingw32/nios2-elf/lib/mno-hw-mul\libc.a(lib_a-strtod.o)
                0x000000000083f9a0                strtod
 .text.strtof   0x000000000083f9b8      0x100 c:/scratchdir/nios2eds/bin/gnu/h-x86_64-mingw32/bin/../lib/gcc/nios2-elf/5.3.0/../../../../../H-x86_64-mingw32/nios2-elf/lib/mno-hw-mul\libc.a(lib_a-strtod.o)
                0x000000000083f9b8                strtof
 .text          0x000000000083fab8        0x0 c:/scratchdir/nios2eds/bin/gnu/h-x86_64-mingw32/bin/../lib/gcc/nios2-elf/5.3.0/../../../../../H-x86_64-mingw32/nios2-elf/lib/mno-hw-mul\libc.a(lib_a-strtol.o)
 .text._strtol_r
                0x000000000083fab8      0x258 c:/scratchdir/nios2eds/bin/gnu/h-x86_64-mingw32/bin/../lib/gcc/nios2-elf/5.3.0/../../../../../H-x86_64-mingw32/nios2-elf/lib/mno-hw-mul\libc.a(lib_a-strtol.o)
                0x000000000083fab8                _strtol_r
 .text.strtol   0x000000000083fd10       0x1c c:/scratchdir/nios2eds/bin/gnu/h-x86_64-mingw32/bin/../lib/gcc/nios2-elf/5.3.0/../../../../../H-x86_64-mingw32/nios2-elf/lib/mno-hw-mul\libc.a(lib_a-strtol.o)
                0x000000000083fd10                strtol
 .text          0x000000000083fd2c        0x0 c:/scratchdir/nios2eds/bin/gnu/h-x86_64-mingw32/bin/../lib/gcc/nios2-elf/5.3.0/../../../../../H-x86_64-mingw32/nios2-elf/lib/mno-hw-mul\libc.a(lib_a-strtoll_r.o)
 .text._strtoll_r
                0x000000000083fd2c      0x304 c:/scratchdir/nios2eds/bin/gnu/h-x86_64-mingw32/bin/../lib/gcc/nios2-elf/5.3.0/../../../../../H-x86_64-mingw32/nios2-elf/lib/mno-hw-mul\libc.a(lib_a-strtoll_r.o)
                0x000000000083fd2c                _strtoll_r
 .text          0x0000000000840030        0x0 c:/scratchdir/nios2eds/bin/gnu/h-x86_64-mingw32/bin/../lib/gcc/nios2-elf/5.3.0/../../../../../H-x86_64-mingw32/nios2-elf/lib/mno-hw-mul\libc.a(lib_a-strtoul.o)
 .text._strtoul_r
                0x0000000000840030      0x278 c:/scratchdir/nios2eds/bin/gnu/h-x86_64-mingw32/bin/../lib/gcc/nios2-elf/5.3.0/../../../../../H-x86_64-mingw32/nios2-elf/lib/mno-hw-mul\libc.a(lib_a-strtoul.o)
                0x0000000000840030                _strtoul_r
 .text.strtoul  0x00000000008402a8       0x1c c:/scratchdir/nios2eds/bin/gnu/h-x86_64-mingw32/bin/../lib/gcc/nios2-elf/5.3.0/../../../../../H-x86_64-mingw32/nios2-elf/lib/mno-hw-mul\libc.a(lib_a-strtoul.o)
                0x00000000008402a8                strtoul
 .text          0x00000000008402c4        0x0 c:/scratchdir/nios2eds/bin/gnu/h-x86_64-mingw32/bin/../lib/gcc/nios2-elf/5.3.0/../../../../../H-x86_64-mingw32/nios2-elf/lib/mno-hw-mul\libc.a(lib_a-strtoull_r.o)
 .text._strtoull_r
                0x00000000008402c4      0x320 c:/scratchdir/nios2eds/bin/gnu/h-x86_64-mingw32/bin/../lib/gcc/nios2-elf/5.3.0/../../../../../H-x86_64-mingw32/nios2-elf/lib/mno-hw-mul\libc.a(lib_a-strtoull_r.o)
                0x00000000008402c4                _strtoull_r
 .text          0x00000000008405e4        0x0 c:/scratchdir/nios2eds/bin/gnu/h-x86_64-mingw32/bin/../lib/gcc/nios2-elf/5.3.0/../../../../../H-x86_64-mingw32/nios2-elf/lib/mno-hw-mul\libc.a(lib_a-svfiprintf.o)
 .text.__ssprint_r
                0x00000000008405e4      0x1d0 c:/scratchdir/nios2eds/bin/gnu/h-x86_64-mingw32/bin/../lib/gcc/nios2-elf/5.3.0/../../../../../H-x86_64-mingw32/nios2-elf/lib/mno-hw-mul\libc.a(lib_a-svfiprintf.o)
                0x00000000008405e4                __ssprint_r
 .text.___svfiprintf_internal_r
                0x00000000008407b4     0x13a0 c:/scratchdir/nios2eds/bin/gnu/h-x86_64-mingw32/bin/../lib/gcc/nios2-elf/5.3.0/../../../../../H-x86_64-mingw32/nios2-elf/lib/mno-hw-mul\libc.a(lib_a-svfiprintf.o)
                0x00000000008407b4                ___svfiprintf_internal_r
 .text          0x0000000000841b54        0x0 c:/scratchdir/nios2eds/bin/gnu/h-x86_64-mingw32/bin/../lib/gcc/nios2-elf/5.3.0/../../../../../H-x86_64-mingw32/nios2-elf/lib/mno-hw-mul\libc.a(lib_a-svfiscanf.o)
 .text._sungetc_r
                0x0000000000841b54      0x108 c:/scratchdir/nios2eds/bin/gnu/h-x86_64-mingw32/bin/../lib/gcc/nios2-elf/5.3.0/../../../../../H-x86_64-mingw32/nios2-elf/lib/mno-hw-mul\libc.a(lib_a-svfiscanf.o)
                0x0000000000841b54                _sungetc_r
 .text.__ssrefill_r
                0x0000000000841c5c       0x70 c:/scratchdir/nios2eds/bin/gnu/h-x86_64-mingw32/bin/../lib/gcc/nios2-elf/5.3.0/../../../../../H-x86_64-mingw32/nios2-elf/lib/mno-hw-mul\libc.a(lib_a-svfiscanf.o)
                0x0000000000841c5c                __ssrefill_r
 .text._sfread_r
                0x0000000000841ccc      0x100 c:/scratchdir/nios2eds/bin/gnu/h-x86_64-mingw32/bin/../lib/gcc/nios2-elf/5.3.0/../../../../../H-x86_64-mingw32/nios2-elf/lib/mno-hw-mul\libc.a(lib_a-svfiscanf.o)
                0x0000000000841ccc                _sfread_r
 .text.__ssvfiscanf_r
                0x0000000000841dcc     0x114c c:/scratchdir/nios2eds/bin/gnu/h-x86_64-mingw32/bin/../lib/gcc/nios2-elf/5.3.0/../../../../../H-x86_64-mingw32/nios2-elf/lib/mno-hw-mul\libc.a(lib_a-svfiscanf.o)
                0x0000000000841dcc                __ssvfiscanf_r
 .text          0x0000000000842f18        0x0 c:/scratchdir/nios2eds/bin/gnu/h-x86_64-mingw32/bin/../lib/gcc/nios2-elf/5.3.0/../../../../../H-x86_64-mingw32/nios2-elf/lib/mno-hw-mul\libc.a(lib_a-ungetc.o)
 .text.__submore
                0x0000000000842f18       0xd4 c:/scratchdir/nios2eds/bin/gnu/h-x86_64-mingw32/bin/../lib/gcc/nios2-elf/5.3.0/../../../../../H-x86_64-mingw32/nios2-elf/lib/mno-hw-mul\libc.a(lib_a-ungetc.o)
                0x0000000000842f18                __submore
 .text._ungetc_r
                0x0000000000842fec      0x194 c:/scratchdir/nios2eds/bin/gnu/h-x86_64-mingw32/bin/../lib/gcc/nios2-elf/5.3.0/../../../../../H-x86_64-mingw32/nios2-elf/lib/mno-hw-mul\libc.a(lib_a-ungetc.o)
                0x0000000000842fec                _ungetc_r
 .text.ungetc   0x0000000000843180       0x18 c:/scratchdir/nios2eds/bin/gnu/h-x86_64-mingw32/bin/../lib/gcc/nios2-elf/5.3.0/../../../../../H-x86_64-mingw32/nios2-elf/lib/mno-hw-mul\libc.a(lib_a-ungetc.o)
                0x0000000000843180                ungetc
 .text          0x0000000000843198        0x0 c:/scratchdir/nios2eds/bin/gnu/h-x86_64-mingw32/bin/../lib/gcc/nios2-elf/5.3.0/../../../../../H-x86_64-mingw32/nios2-elf/lib/mno-hw-mul\libc.a(lib_a-vfiprintf.o)
 .text.__sprint_r.part.0
                0x0000000000843198       0xfc c:/scratchdir/nios2eds/bin/gnu/h-x86_64-mingw32/bin/../lib/gcc/nios2-elf/5.3.0/../../../../../H-x86_64-mingw32/nios2-elf/lib/mno-hw-mul\libc.a(lib_a-vfiprintf.o)
 .text.__sprint_r
                0x0000000000843294       0x18 c:/scratchdir/nios2eds/bin/gnu/h-x86_64-mingw32/bin/../lib/gcc/nios2-elf/5.3.0/../../../../../H-x86_64-mingw32/nios2-elf/lib/mno-hw-mul\libc.a(lib_a-vfiprintf.o)
                0x0000000000843294                __sprint_r
 .text.___vfiprintf_internal_r
                0x00000000008432ac     0x150c c:/scratchdir/nios2eds/bin/gnu/h-x86_64-mingw32/bin/../lib/gcc/nios2-elf/5.3.0/../../../../../H-x86_64-mingw32/nios2-elf/lib/mno-hw-mul\libc.a(lib_a-vfiprintf.o)
                0x00000000008432ac                ___vfiprintf_internal_r
 .text.__vfiprintf_internal
                0x00000000008447b8       0x1c c:/scratchdir/nios2eds/bin/gnu/h-x86_64-mingw32/bin/../lib/gcc/nios2-elf/5.3.0/../../../../../H-x86_64-mingw32/nios2-elf/lib/mno-hw-mul\libc.a(lib_a-vfiprintf.o)
                0x00000000008447b8                __vfiprintf_internal
 .text.__sbprintf
                0x00000000008447d4       0xbc c:/scratchdir/nios2eds/bin/gnu/h-x86_64-mingw32/bin/../lib/gcc/nios2-elf/5.3.0/../../../../../H-x86_64-mingw32/nios2-elf/lib/mno-hw-mul\libc.a(lib_a-vfiprintf.o)
 .text          0x0000000000844890        0x0 c:/scratchdir/nios2eds/bin/gnu/h-x86_64-mingw32/bin/../lib/gcc/nios2-elf/5.3.0/../../../../../H-x86_64-mingw32/nios2-elf/lib/mno-hw-mul\libc.a(lib_a-callocr.o)
 .text._calloc_r
                0x0000000000844890       0xdc c:/scratchdir/nios2eds/bin/gnu/h-x86_64-mingw32/bin/../lib/gcc/nios2-elf/5.3.0/../../../../../H-x86_64-mingw32/nios2-elf/lib/mno-hw-mul\libc.a(lib_a-callocr.o)
                0x0000000000844890                _calloc_r
 .text          0x000000000084496c        0x0 c:/scratchdir/nios2eds/bin/gnu/h-x86_64-mingw32/bin/../lib/gcc/nios2-elf/5.3.0/../../../../../H-x86_64-mingw32/nios2-elf/lib/mno-hw-mul\libc.a(lib_a-fputwc.o)
 .text.__fputwc
                0x000000000084496c      0x164 c:/scratchdir/nios2eds/bin/gnu/h-x86_64-mingw32/bin/../lib/gcc/nios2-elf/5.3.0/../../../../../H-x86_64-mingw32/nios2-elf/lib/mno-hw-mul\libc.a(lib_a-fputwc.o)
                0x000000000084496c                __fputwc
 .text._fputwc_r
                0x0000000000844ad0       0x24 c:/scratchdir/nios2eds/bin/gnu/h-x86_64-mingw32/bin/../lib/gcc/nios2-elf/5.3.0/../../../../../H-x86_64-mingw32/nios2-elf/lib/mno-hw-mul\libc.a(lib_a-fputwc.o)
                0x0000000000844ad0                _fputwc_r
 .text.fputwc   0x0000000000844af4       0x80 c:/scratchdir/nios2eds/bin/gnu/h-x86_64-mingw32/bin/../lib/gcc/nios2-elf/5.3.0/../../../../../H-x86_64-mingw32/nios2-elf/lib/mno-hw-mul\libc.a(lib_a-fputwc.o)
                0x0000000000844af4                fputwc
 .text          0x0000000000844b74        0x0 c:/scratchdir/nios2eds/bin/gnu/h-x86_64-mingw32/bin/../lib/gcc/nios2-elf/5.3.0/../../../../../H-x86_64-mingw32/nios2-elf/lib/mno-hw-mul\libc.a(lib_a-gdtoa-gethex.o)
 .text.rshift   0x0000000000844b74      0x100 c:/scratchdir/nios2eds/bin/gnu/h-x86_64-mingw32/bin/../lib/gcc/nios2-elf/5.3.0/../../../../../H-x86_64-mingw32/nios2-elf/lib/mno-hw-mul\libc.a(lib_a-gdtoa-gethex.o)
 .text.__gethex
                0x0000000000844c74      0x850 c:/scratchdir/nios2eds/bin/gnu/h-x86_64-mingw32/bin/../lib/gcc/nios2-elf/5.3.0/../../../../../H-x86_64-mingw32/nios2-elf/lib/mno-hw-mul\libc.a(lib_a-gdtoa-gethex.o)
                0x0000000000844c74                __gethex
 .text          0x00000000008454c4        0x0 c:/scratchdir/nios2eds/bin/gnu/h-x86_64-mingw32/bin/../lib/gcc/nios2-elf/5.3.0/../../../../../H-x86_64-mingw32/nios2-elf/lib/mno-hw-mul\libc.a(lib_a-gdtoa-hexnan.o)
 .text.__hexnan
                0x00000000008454c4      0x25c c:/scratchdir/nios2eds/bin/gnu/h-x86_64-mingw32/bin/../lib/gcc/nios2-elf/5.3.0/../../../../../H-x86_64-mingw32/nios2-elf/lib/mno-hw-mul\libc.a(lib_a-gdtoa-hexnan.o)
                0x00000000008454c4                __hexnan
 .text          0x0000000000845720        0x0 c:/scratchdir/nios2eds/bin/gnu/h-x86_64-mingw32/bin/../lib/gcc/nios2-elf/5.3.0/../../../../../H-x86_64-mingw32/nios2-elf/lib/mno-hw-mul\libc.a(lib_a-wbuf.o)
 .text.__swbuf_r
                0x0000000000845720      0x140 c:/scratchdir/nios2eds/bin/gnu/h-x86_64-mingw32/bin/../lib/gcc/nios2-elf/5.3.0/../../../../../H-x86_64-mingw32/nios2-elf/lib/mno-hw-mul\libc.a(lib_a-wbuf.o)
                0x0000000000845720                __swbuf_r
 .text.__swbuf  0x0000000000845860       0x18 c:/scratchdir/nios2eds/bin/gnu/h-x86_64-mingw32/bin/../lib/gcc/nios2-elf/5.3.0/../../../../../H-x86_64-mingw32/nios2-elf/lib/mno-hw-mul\libc.a(lib_a-wbuf.o)
                0x0000000000845860                __swbuf
 .text          0x0000000000845878        0x0 c:/scratchdir/nios2eds/bin/gnu/h-x86_64-mingw32/bin/../lib/gcc/nios2-elf/5.3.0/../../../../../H-x86_64-mingw32/nios2-elf/lib/mno-hw-mul\libc.a(lib_a-wcrtomb.o)
 .text._wcrtomb_r
                0x0000000000845878       0x9c c:/scratchdir/nios2eds/bin/gnu/h-x86_64-mingw32/bin/../lib/gcc/nios2-elf/5.3.0/../../../../../H-x86_64-mingw32/nios2-elf/lib/mno-hw-mul\libc.a(lib_a-wcrtomb.o)
                0x0000000000845878                _wcrtomb_r
 .text.wcrtomb  0x0000000000845914       0xc0 c:/scratchdir/nios2eds/bin/gnu/h-x86_64-mingw32/bin/../lib/gcc/nios2-elf/5.3.0/../../../../../H-x86_64-mingw32/nios2-elf/lib/mno-hw-mul\libc.a(lib_a-wcrtomb.o)
                0x0000000000845914                wcrtomb
 .text          0x00000000008459d4        0x0 c:/scratchdir/nios2eds/bin/gnu/h-x86_64-mingw32/bin/../lib/gcc/nios2-elf/5.3.0/../../../../../H-x86_64-mingw32/nios2-elf/lib/mno-hw-mul\libc.a(lib_a-wctomb_r.o)
 .text.__ascii_wctomb
                0x00000000008459d4       0x30 c:/scratchdir/nios2eds/bin/gnu/h-x86_64-mingw32/bin/../lib/gcc/nios2-elf/5.3.0/../../../../../H-x86_64-mingw32/nios2-elf/lib/mno-hw-mul\libc.a(lib_a-wctomb_r.o)
                0x00000000008459d4                __ascii_wctomb
 .text._wctomb_r
                0x0000000000845a04       0x5c c:/scratchdir/nios2eds/bin/gnu/h-x86_64-mingw32/bin/../lib/gcc/nios2-elf/5.3.0/../../../../../H-x86_64-mingw32/nios2-elf/lib/mno-hw-mul\libc.a(lib_a-wctomb_r.o)
                0x0000000000845a04                _wctomb_r
 .text          0x0000000000845a60      0x10c c:/scratchdir/nios2eds/bin/gnu/h-x86_64-mingw32/bin/../lib/gcc/nios2-elf/5.3.0/mno-hw-mul\libgcc.a(_muldi3.o)
                0x0000000000845a60                __muldi3
 .text          0x0000000000845b6c       0x74 c:/scratchdir/nios2eds/bin/gnu/h-x86_64-mingw32/bin/../lib/gcc/nios2-elf/5.3.0/mno-hw-mul\libgcc.a(_fixunsdfsi.o)
                0x0000000000845b6c                __fixunsdfsi
 .text          0x0000000000845be0      0x5fc c:/scratchdir/nios2eds/bin/gnu/h-x86_64-mingw32/bin/../lib/gcc/nios2-elf/5.3.0/mno-hw-mul\libgcc.a(_udivdi3.o)
                0x0000000000845be0                __udivdi3
 .text          0x00000000008461dc      0x5c4 c:/scratchdir/nios2eds/bin/gnu/h-x86_64-mingw32/bin/../lib/gcc/nios2-elf/5.3.0/mno-hw-mul\libgcc.a(_umoddi3.o)
                0x00000000008461dc                __umoddi3
 .text          0x00000000008467a0       0x78 c:/scratchdir/nios2eds/bin/gnu/h-x86_64-mingw32/bin/../lib/gcc/nios2-elf/5.3.0/mno-hw-mul\libgcc.a(eqsf2.o)
                0x00000000008467a0                __eqsf2
                0x00000000008467a0                __nesf2
 .text          0x0000000000846818       0xbc c:/scratchdir/nios2eds/bin/gnu/h-x86_64-mingw32/bin/../lib/gcc/nios2-elf/5.3.0/mno-hw-mul\libgcc.a(gesf2.o)
                0x0000000000846818                __gesf2
                0x0000000000846818                __gtsf2
 .text          0x00000000008468d4       0xc8 c:/scratchdir/nios2eds/bin/gnu/h-x86_64-mingw32/bin/../lib/gcc/nios2-elf/5.3.0/mno-hw-mul\libgcc.a(lesf2.o)
                0x00000000008468d4                __ltsf2
                0x00000000008468d4                __lesf2
 .text          0x000000000084699c      0x8ac c:/scratchdir/nios2eds/bin/gnu/h-x86_64-mingw32/bin/../lib/gcc/nios2-elf/5.3.0/mno-hw-mul\libgcc.a(adddf3.o)
                0x000000000084699c                __adddf3
 .text          0x0000000000847248      0x9d0 c:/scratchdir/nios2eds/bin/gnu/h-x86_64-mingw32/bin/../lib/gcc/nios2-elf/5.3.0/mno-hw-mul\libgcc.a(divdf3.o)
                0x0000000000847248                __divdf3
 .text          0x0000000000847c18       0x88 c:/scratchdir/nios2eds/bin/gnu/h-x86_64-mingw32/bin/../lib/gcc/nios2-elf/5.3.0/mno-hw-mul\libgcc.a(eqdf2.o)
                0x0000000000847c18                __nedf2
                0x0000000000847c18                __eqdf2
 .text          0x0000000000847ca0       0xdc c:/scratchdir/nios2eds/bin/gnu/h-x86_64-mingw32/bin/../lib/gcc/nios2-elf/5.3.0/mno-hw-mul\libgcc.a(gedf2.o)
                0x0000000000847ca0                __gedf2
                0x0000000000847ca0                __gtdf2
 .text          0x0000000000847d7c       0xf4 c:/scratchdir/nios2eds/bin/gnu/h-x86_64-mingw32/bin/../lib/gcc/nios2-elf/5.3.0/mno-hw-mul\libgcc.a(ledf2.o)
                0x0000000000847d7c                __ledf2
                0x0000000000847d7c                __ltdf2
 .text          0x0000000000847e70      0x8fc c:/scratchdir/nios2eds/bin/gnu/h-x86_64-mingw32/bin/../lib/gcc/nios2-elf/5.3.0/mno-hw-mul\libgcc.a(subdf3.o)
                0x0000000000847e70                __subdf3
 .text          0x000000000084876c       0x80 c:/scratchdir/nios2eds/bin/gnu/h-x86_64-mingw32/bin/../lib/gcc/nios2-elf/5.3.0/mno-hw-mul\libgcc.a(fixdfsi.o)
                0x000000000084876c                __fixdfsi
 .text          0x00000000008487ec       0xdc c:/scratchdir/nios2eds/bin/gnu/h-x86_64-mingw32/bin/../lib/gcc/nios2-elf/5.3.0/mno-hw-mul\libgcc.a(floatsidf.o)
                0x00000000008487ec                __floatsidf
 .text          0x00000000008488c8      0x114 ../WAT_TEST_bsp/\libucosii_bsp.a(alt_close.o)
                0x0000000000848904                close
 .text          0x00000000008489dc       0x2c ../WAT_TEST_bsp/\libucosii_bsp.a(alt_dev.o)
 .text          0x0000000000848a08        0x0 ../WAT_TEST_bsp/\libucosii_bsp.a(alt_errno.o)
 .text          0x0000000000848a08       0x34 ../WAT_TEST_bsp/\libucosii_bsp.a(alt_exit.o)
                0x0000000000848a08                _exit
 .text          0x0000000000848a3c       0xf4 ../WAT_TEST_bsp/\libucosii_bsp.a(alt_fstat.o)
                0x0000000000848a78                fstat
 .text          0x0000000000848b30      0x1b0 ../WAT_TEST_bsp/\libucosii_bsp.a(alt_iic.o)
                0x0000000000848b30                alt_ic_isr_register
                0x0000000000848b80                alt_ic_irq_enable
                0x0000000000848c08                alt_ic_irq_disable
                0x0000000000848c94                alt_ic_irq_enabled
 .text          0x0000000000848ce0       0xf0 ../WAT_TEST_bsp/\libucosii_bsp.a(alt_iic_isr_register.o)
                0x0000000000848ce0                alt_iic_isr_register
 .text          0x0000000000848dd0        0x0 ../WAT_TEST_bsp/\libucosii_bsp.a(alt_irq_entry.o)
 .text          0x0000000000848dd0        0x0 ../WAT_TEST_bsp/\libucosii_bsp.a(alt_irq_handler.o)
 .text          0x0000000000848dd0        0x0 ../WAT_TEST_bsp/\libucosii_bsp.a(alt_irq_vars.o)
 .text          0x0000000000848dd0       0xe8 ../WAT_TEST_bsp/\libucosii_bsp.a(alt_isatty.o)
                0x0000000000848e0c                isatty
 .text          0x0000000000848eb8      0x118 ../WAT_TEST_bsp/\libucosii_bsp.a(alt_lseek.o)
                0x0000000000848ef4                lseek
 .text          0x0000000000848fd0       0xbc ../WAT_TEST_bsp/\libucosii_bsp.a(alt_main.o)
                0x0000000000848fd0                alt_main
 .text          0x000000000084908c      0x284 ../WAT_TEST_bsp/\libucosii_bsp.a(alt_open.o)
                0x00000000008491b4                open
 .text          0x0000000000849310      0x140 ../WAT_TEST_bsp/\libucosii_bsp.a(alt_read.o)
                0x000000000084934c                read
 .text          0x0000000000849450       0x84 ../WAT_TEST_bsp/\libucosii_bsp.a(alt_release_fd.o)
                0x0000000000849450                alt_release_fd
 .text          0x00000000008494d4       0xb0 ../WAT_TEST_bsp/\libucosii_bsp.a(alt_sbrk.o)
                0x00000000008494d4                sbrk
 .text          0x0000000000849584       0xb4 ../WAT_TEST_bsp/\libucosii_bsp.a(alt_times.o)
                0x00000000008495c0                times
 .text          0x0000000000849638      0x13c ../WAT_TEST_bsp/\libucosii_bsp.a(alt_write.o)
                0x0000000000849674                write
 .text          0x0000000000849774      0x124 ../WAT_TEST_bsp/\libucosii_bsp.a(alt_env_lock.o)
                0x0000000000849774                __env_lock
                0x0000000000849838                __env_unlock
 .text          0x0000000000849898      0x1ec ../WAT_TEST_bsp/\libucosii_bsp.a(alt_malloc_lock.o)
                0x0000000000849898                __malloc_lock
                0x00000000008499b8                __malloc_unlock
 .text          0x0000000000849a84     0x2014 ../WAT_TEST_bsp/\libucosii_bsp.a(os_core.o)
                0x0000000000849a84                OSEventNameGet
                0x0000000000849ba4                OSEventNameSet
                0x0000000000849ce4                OSEventPendMulti
                0x000000000084a2f4                OSInit
                0x000000000084a34c                OSIntEnter
                0x000000000084a398                OSIntExit
                0x000000000084a490                OSSchedLock
                0x000000000084a51c                OSSchedUnlock
                0x000000000084a5f8                OSStart
                0x000000000084a668                OSStatInit
                0x000000000084a718                OSTimeTick
                0x000000000084a938                OSVersion
                0x000000000084a958                OS_Dummy
                0x000000000084a978                OS_EventTaskRdy
                0x000000000084ab10                OS_EventTaskWait
                0x000000000084ac20                OS_EventTaskWaitMulti
                0x000000000084ad70                OS_EventTaskRemove
                0x000000000084ae28                OS_EventTaskRemoveMulti
                0x000000000084af28                OS_EventWaitListInit
                0x000000000084b308                OS_MemClr
                0x000000000084b35c                OS_MemCopy
                0x000000000084b3c4                OS_Sched
                0x000000000084b508                OS_StrCopy
                0x000000000084b57c                OS_StrLen
                0x000000000084b5d0                OS_TaskIdle
                0x000000000084b62c                OS_TaskStat
                0x000000000084b6f8                OS_TaskStatStkChk
                0x000000000084b7c4                OS_TCBInit
 .text          0x000000000084ba98      0x190 ../WAT_TEST_bsp/\libucosii_bsp.a(os_dbg.o)
                0x000000000084ba98                OSDebugInit
 .text          0x000000000084bc28     0x1714 ../WAT_TEST_bsp/\libucosii_bsp.a(os_flag.o)
                0x000000000084bc28                OSFlagAccept
                0x000000000084bf30                OSFlagCreate
                0x000000000084c038                OSFlagDel
                0x000000000084c280                OSFlagNameGet
                0x000000000084c3a8                OSFlagNameSet
                0x000000000084c4f4                OSFlagPend
                0x000000000084caac                OSFlagPendGetFlagsRdy
                0x000000000084cb0c                OSFlagPost
                0x000000000084cea0                OSFlagQuery
                0x000000000084d0c4                OS_FlagInit
                0x000000000084d298                OS_FlagUnlink
 .text          0x000000000084d33c      0x760 ../WAT_TEST_bsp/\libucosii_bsp.a(os_mem.o)
                0x000000000084d33c                OSMemCreate
                0x000000000084d510                OSMemGet
                0x000000000084d600                OSMemNameGet
                0x000000000084d6f0                OSMemNameSet
                0x000000000084d804                OSMemPut
                0x000000000084d8dc                OSMemQuery
                0x000000000084d9c4                OS_MemInit
 .text          0x000000000084da9c     0x1104 ../WAT_TEST_bsp/\libucosii_bsp.a(os_q.o)
                0x000000000084da9c                OSQAccept
                0x000000000084dbdc                OSQCreate
                0x000000000084dd88                OSQDel
                0x000000000084e008                OSQFlush
                0x000000000084e0c0                OSQPend
                0x000000000084e34c                OSQPendAbort
                0x000000000084e4b8                OSQPost
                0x000000000084e620                OSQPostFront
                0x000000000084e790                OSQPostOpt
                0x000000000084e99c                OSQQuery
                0x000000000084eaf8                OS_QInit
 .text          0x000000000084eba0      0xa60 ../WAT_TEST_bsp/\libucosii_bsp.a(os_sem.o)
                0x000000000084eba0                OSSemAccept
                0x000000000084ec50                OSSemCreate
                0x000000000084ed28                OSSemDel
                0x000000000084ef68                OSSemPend
                0x000000000084f174                OSSemPendAbort
                0x000000000084f2e0                OSSemPost
                0x000000000084f3f0                OSSemQuery
                0x000000000084f500                OSSemSet
 .text          0x000000000084f600     0x176c ../WAT_TEST_bsp/\libucosii_bsp.a(os_task.o)
                0x000000000084f600                OSTaskChangePrio
                0x000000000084faf0                OSTaskCreate
                0x000000000084fc9c                OSTaskCreateExt
                0x000000000084fe80                OSTaskDel
                0x00000000008501c4                OSTaskDelReq
                0x0000000000850314                OSTaskNameGet
                0x00000000008504ac                OSTaskNameSet
                0x0000000000850660                OSTaskResume
                0x0000000000850834                OSTaskStkChk
                0x00000000008509f4                OSTaskSuspend
                0x0000000000850bd8                OSTaskQuery
                0x0000000000850cfc                OS_TaskStkClr
 .text          0x0000000000850d6c      0x510 ../WAT_TEST_bsp/\libucosii_bsp.a(os_time.o)
                0x0000000000850d6c                OSTimeDly
                0x0000000000850e70                OSTimeDlyHMSM
                0x0000000000850fec                OSTimeDlyResume
                0x00000000008511c0                OSTimeGet
                0x000000000085121c                OSTimeSet
 .text          0x000000000085127c      0x128 ../WAT_TEST_bsp/\libucosii_bsp.a(alt_sys_init.o)
                0x00000000008512b0                alt_irq_init
                0x00000000008512e8                alt_sys_init
 .text          0x00000000008513a4      0xafc ../WAT_TEST_bsp/\libucosii_bsp.a(altera_avalon_epcs_flash_controller.o)
                0x00000000008513d8                alt_epcs_flash_init
                0x0000000000851910                alt_epcs_flash_write
                0x0000000000851b70                alt_epcs_flash_get_info
                0x0000000000851c90                alt_epcs_flash_erase_block
                0x0000000000851d08                alt_epcs_flash_write_block
                0x0000000000851e08                alt_epcs_flash_read
 .text          0x0000000000851ea0      0x164 ../WAT_TEST_bsp/\libucosii_bsp.a(altera_avalon_jtag_uart_fd.o)
                0x0000000000851ea0                altera_avalon_jtag_uart_read_fd
                0x0000000000851f00                altera_avalon_jtag_uart_write_fd
                0x0000000000851f60                altera_avalon_jtag_uart_close_fd
                0x0000000000851fb0                altera_avalon_jtag_uart_ioctl_fd
 .text          0x0000000000852004      0x558 ../WAT_TEST_bsp/\libucosii_bsp.a(altera_avalon_jtag_uart_init.o)
                0x0000000000852004                altera_avalon_jtag_uart_init
                0x00000000008524f4                altera_avalon_jtag_uart_close
 .text          0x000000000085255c       0xf0 ../WAT_TEST_bsp/\libucosii_bsp.a(altera_avalon_jtag_uart_ioctl.o)
                0x000000000085255c                altera_avalon_jtag_uart_ioctl
 .text          0x000000000085264c      0x2bc ../WAT_TEST_bsp/\libucosii_bsp.a(altera_avalon_jtag_uart_read.o)
                0x000000000085264c                altera_avalon_jtag_uart_read
 .text          0x0000000000852908      0x2c4 ../WAT_TEST_bsp/\libucosii_bsp.a(altera_avalon_jtag_uart_write.o)
                0x0000000000852908                altera_avalon_jtag_uart_write
 .text          0x0000000000852bcc       0xf4 ../WAT_TEST_bsp/\libucosii_bsp.a(altera_avalon_timer_sc.o)
                0x0000000000852c44                alt_avalon_timer_sc_init
 .text          0x0000000000852cc0      0x110 ../WAT_TEST_bsp/\libucosii_bsp.a(altera_avalon_uart_fd.o)
                0x0000000000852cc0                altera_avalon_uart_read_fd
                0x0000000000852d20                altera_avalon_uart_write_fd
                0x0000000000852d80                altera_avalon_uart_close_fd
 .text          0x0000000000852dd0      0x52c ../WAT_TEST_bsp/\libucosii_bsp.a(altera_avalon_uart_init.o)
                0x0000000000852dd0                altera_avalon_uart_init
                0x00000000008532a8                altera_avalon_uart_close
 .text          0x00000000008532fc      0x2a4 ../WAT_TEST_bsp/\libucosii_bsp.a(altera_avalon_uart_read.o)
                0x0000000000853338                altera_avalon_uart_read
 .text          0x00000000008535a0      0x274 ../WAT_TEST_bsp/\libucosii_bsp.a(altera_avalon_uart_write.o)
                0x00000000008535dc                altera_avalon_uart_write
 .text          0x0000000000853814      0x484 ../WAT_TEST_bsp/\libucosii_bsp.a(altera_hostfs.o)
                0x0000000000853814                alt_hostfs_open
                0x0000000000853930                alt_hostfs_close
                0x0000000000853974                alt_hostfs_read
                0x00000000008539e0                alt_hostfs_write
                0x0000000000853a4c                alt_hostfs_seek
                0x0000000000853ab4                alt_hostfs_fstat
 .text          0x0000000000853c98      0x63c ../WAT_TEST_bsp/\libucosii_bsp.a(epcs_commands.o)
                0x0000000000853c98                epcs_read_status_register
                0x0000000000853d68                epcs_sector_erase
                0x0000000000853e64                epcs_read_buffer
                0x0000000000853f58                epcs_write_enable