Archive member included to satisfy reference by file (symbol)

libjpeg\libjpeg2.a(jdapimin.o)
                              obj/default/imagepro.o (jpeg_CreateDecompress)
libjpeg\libjpeg2.a(jdapistd.o)
                              obj/default/imagepro.o (jpeg_start_decompress)
libjpeg\libjpeg2.a(jdatasrc.o)
                              obj/default/imagepro.o (jpeg_stdio_src)
libjpeg\libjpeg2.a(jdinput.o)
                              libjpeg\libjpeg2.a(jdapimin.o) (jinit_input_controller)
libjpeg\libjpeg2.a(jdmarker.o)
                              libjpeg\libjpeg2.a(jdatasrc.o) (jpeg_resync_to_restart)
libjpeg\libjpeg2.a(jdmaster.o)
                              libjpeg\libjpeg2.a(jdapistd.o) (jinit_master_decompress)
libjpeg\libjpeg2.a(jdmerge.o)
                              libjpeg\libjpeg2.a(jdmaster.o) (jinit_merged_upsampler)
libjpeg\libjpeg2.a(jdpostct.o)
                              libjpeg\libjpeg2.a(jdmaster.o) (jinit_d_post_controller)
libjpeg\libjpeg2.a(jdsample.o)
                              libjpeg\libjpeg2.a(jdmaster.o) (jinit_upsampler)
libjpeg\libjpeg2.a(jerror.o)  obj/default/imagepro.o (jpeg_std_error)
libjpeg\libjpeg2.a(jmemmgr.o)
                              libjpeg\libjpeg2.a(jdapimin.o) (jinit_memory_mgr)
libjpeg\libjpeg2.a(jmemnobs.o)
                              libjpeg\libjpeg2.a(jmemmgr.o) (jpeg_get_small)
libjpeg\libjpeg2.a(jquant1.o)
                              libjpeg\libjpeg2.a(jdmaster.o) (jinit_1pass_quantizer)
libjpeg\libjpeg2.a(jquant2.o)
                              libjpeg\libjpeg2.a(jdmaster.o) (jinit_2pass_quantizer)
libjpeg\libjpeg2.a(jutils.o)  libjpeg\libjpeg2.a(jdinput.o) (jpeg_natural_order)
libjpeg\libjpeg2.a(jcomapi.o)
                              libjpeg\libjpeg2.a(jdapimin.o) (jpeg_abort)
libjpeg\libjpeg2.a(jdarith.o)
                              libjpeg\libjpeg2.a(jdmaster.o) (jinit_arith_decoder)
libjpeg\libjpeg2.a(jdcoefct.o)
                              libjpeg\libjpeg2.a(jdmaster.o) (jinit_d_coef_controller)
libjpeg\libjpeg2.a(jdcolor.o)
                              libjpeg\libjpeg2.a(jdmaster.o) (jinit_color_deconverter)
libjpeg\libjpeg2.a(jddctmgr.o)
                              libjpeg\libjpeg2.a(jdmaster.o) (jinit_inverse_dct)
libjpeg\libjpeg2.a(jdhuff.o)  libjpeg\libjpeg2.a(jdmaster.o) (jinit_huff_decoder)
libjpeg\libjpeg2.a(jdmainct.o)
                              libjpeg\libjpeg2.a(jdmaster.o) (jinit_d_main_controller)
libjpeg\libjpeg2.a(jidctflt.o)
                              libjpeg\libjpeg2.a(jddctmgr.o) (jpeg_idct_float)
libjpeg\libjpeg2.a(jidctfst.o)
                              libjpeg\libjpeg2.a(jddctmgr.o) (jpeg_idct_ifast)
libjpeg\libjpeg2.a(jidctint.o)
                              libjpeg\libjpeg2.a(jddctmgr.o) (jpeg_idct_islow)
libjpeg\libjpeg2.a(jaricom.o)
                              libjpeg\libjpeg2.a(jdarith.o) (jpeg_aritab)
c:/scratchdir/nios2eds/bin/gnu/h-x86_64-mingw32/bin/../lib/gcc/nios2-elf/5.3.0/mno-hw-mul\libgcc.a(lib2-divmod.o)
                              libjpeg\libjpeg2.a(jdsample.o) (__divsi3)
c:/scratchdir/nios2eds/bin/gnu/h-x86_64-mingw32/bin/../lib/gcc/nios2-elf/5.3.0/mno-hw-mul\libgcc.a(lib2-mul.o)
                              obj/default/imagepro.o (__mulsi3)
c:/scratchdir/nios2eds/bin/gnu/h-x86_64-mingw32/bin/../lib/gcc/nios2-elf/5.3.0/mno-hw-mul\libgcc.a(addsf3.o)
                              libjpeg\libjpeg2.a(jidctflt.o) (__addsf3)
c:/scratchdir/nios2eds/bin/gnu/h-x86_64-mingw32/bin/../lib/gcc/nios2-elf/5.3.0/mno-hw-mul\libgcc.a(mulsf3.o)
                              libjpeg\libjpeg2.a(jidctflt.o) (__mulsf3)
c:/scratchdir/nios2eds/bin/gnu/h-x86_64-mingw32/bin/../lib/gcc/nios2-elf/5.3.0/mno-hw-mul\libgcc.a(subsf3.o)
                              libjpeg\libjpeg2.a(jidctflt.o) (__subsf3)
c:/scratchdir/nios2eds/bin/gnu/h-x86_64-mingw32/bin/../lib/gcc/nios2-elf/5.3.0/mno-hw-mul\libgcc.a(fixsfsi.o)
                              libjpeg\libjpeg2.a(jidctflt.o) (__fixsfsi)
c:/scratchdir/nios2eds/bin/gnu/h-x86_64-mingw32/bin/../lib/gcc/nios2-elf/5.3.0/mno-hw-mul\libgcc.a(floatsisf.o)
                              libjpeg\libjpeg2.a(jidctflt.o) (__floatsisf)
c:/scratchdir/nios2eds/bin/gnu/h-x86_64-mingw32/bin/../lib/gcc/nios2-elf/5.3.0/mno-hw-mul\libgcc.a(muldf3.o)
                              libjpeg\libjpeg2.a(jddctmgr.o) (__muldf3)
c:/scratchdir/nios2eds/bin/gnu/h-x86_64-mingw32/bin/../lib/gcc/nios2-elf/5.3.0/mno-hw-mul\libgcc.a(floatunsidf.o)
                              libjpeg\libjpeg2.a(jddctmgr.o) (__floatunsidf)
c:/scratchdir/nios2eds/bin/gnu/h-x86_64-mingw32/bin/../lib/gcc/nios2-elf/5.3.0/mno-hw-mul\libgcc.a(truncdfsf2.o)
                              libjpeg\libjpeg2.a(jddctmgr.o) (__truncdfsf2)
c:/scratchdir/nios2eds/bin/gnu/h-x86_64-mingw32/bin/../lib/gcc/nios2-elf/5.3.0/mno-hw-mul\libgcc.a(_clzsi2.o)
                              c:/scratchdir/nios2eds/bin/gnu/h-x86_64-mingw32/bin/../lib/gcc/nios2-elf/5.3.0/mno-hw-mul\libgcc.a(addsf3.o) (__clzsi2)
[...]
Memory Configuration

Name             Origin             Length             Attributes
sdram_controller_0 0x0000000000800000 0x0000000000800000
onchip_memory2_0_BEFORE_EXCEPTION 0x0000000001004000 0x0000000000000020
onchip_memory2_0 0x0000000001004020 0x0000000000003fe0
reset            0x0000000001009000 0x0000000000000020
epcs_flash_controller_0 0x0000000001009020 0x00000000000007e0
*default*        0x0000000000000000 0xffffffffffffffff

Linker script and memory map

LOAD ../WAT_TEST_bsp//obj/HAL/src/crt0.o
LOAD obj/default/camera.o
LOAD obj/default/imagepro.o
LOAD obj/default/interrupt_peripherals.o
LOAD obj/default/motor.o
LOAD obj/default/wat_main.o
LOAD obj/default/wifi.o
LOAD libjpeg\libjpeg2.a
LOAD c:/scratchdir/nios2eds/bin/gnu/h-x86_64-mingw32/bin/../lib/gcc/nios2-elf/5.3.0/../../../../../H-x86_64-mingw32/nios2-elf/lib/mno-hw-mul\libstdc++.a
LOAD c:/scratchdir/nios2eds/bin/gnu/h-x86_64-mingw32/bin/../lib/gcc/nios2-elf/5.3.0/../../../../../H-x86_64-mingw32/nios2-elf/lib/mno-hw-mul\libm.a
LOAD c:/scratchdir/nios2eds/bin/gnu/h-x86_64-mingw32/bin/../lib/gcc/nios2-elf/5.3.0/mno-hw-mul\libgcc.a
START GROUP
LOAD c:/scratchdir/nios2eds/bin/gnu/h-x86_64-mingw32/bin/../lib/gcc/nios2-elf/5.3.0/../../../../../H-x86_64-mingw32/nios2-elf/lib/mno-hw-mul\libc.a
LOAD c:/scratchdir/nios2eds/bin/gnu/h-x86_64-mingw32/bin/../lib/gcc/nios2-elf/5.3.0/mno-hw-mul\libgcc.a
LOAD ../WAT_TEST_bsp/\libucosii_bsp.a
LOAD c:/scratchdir/nios2eds/bin/gnu/h-x86_64-mingw32/bin/../lib/gcc/nios2-elf/5.3.0/../../../../../H-x86_64-mingw32/nios2-elf/lib/mno-hw-mul\libm.a
END GROUP
LOAD c:/scratchdir/nios2eds/bin/gnu/h-x86_64-mingw32/bin/../lib/gcc/nios2-elf/5.3.0/mno-hw-mul\libgcc.a
                0x0000000000800000                __alt_mem_sdram_controller_0 = 0x800000
                0x0000000001004000                __alt_mem_onchip_memory2_0 = 0x1004000
                0x0000000001009000                __alt_mem_epcs_flash_controller_0 = 0x1009000

.entry          0x0000000001009000        0x0
 *(.entry)
 .entry         0x0000000001009000        0x0 ../WAT_TEST_bsp//obj/HAL/src/crt0.o
                0x0000000001009000                __reset

.exceptions     0x0000000001004020      0x210
                [!provide]                        PROVIDE (__ram_exceptions_start, ABSOLUTE (.))
                0x0000000001004020                . = ALIGN (0x20)
 *(.irq)
 *(.exceptions.entry.label)
 .exceptions.entry.label
                0x0000000001004020        0x0 ../WAT_TEST_bsp/\libucosii_bsp.a(alt_irq_entry.o)
                0x0000000001004020                alt_irq_entry
 .exceptions.entry.label
                0x0000000001004020        0x0 ../WAT_TEST_bsp/\libucosii_bsp.a(alt_exception_entry.o)
                0x0000000001004020                alt_exception
 *(.exceptions.entry.user)
 *(.exceptions.entry.ecc_fatal)
 *(.exceptions.entry)
 .exceptions.entry
                0x0000000001004020       0x54 ../WAT_TEST_bsp/\libucosii_bsp.a(alt_exception_entry.o)
 *(.exceptions.irqtest.user)
 *(.exceptions.irqtest)
 .exceptions.irqtest
                0x0000000001004074       0x10 ../WAT_TEST_bsp/\libucosii_bsp.a(alt_irq_entry.o)
 *(.exceptions.irqhandler.user)
 *(.exceptions.irqhandler)
 .exceptions.irqhandler
                0x0000000001004084        0x4 ../WAT_TEST_bsp/\libucosii_bsp.a(alt_irq_entry.o)
 *(.exceptions.irqreturn.user)
 *(.exceptions.irqreturn)
 .exceptions.irqreturn
                0x0000000001004088        0x4 ../WAT_TEST_bsp/\libucosii_bsp.a(alt_irq_entry.o)
 *(.exceptions.notirq.label)
 .exceptions.notirq.label
                0x000000000100408c        0x0 ../WAT_TEST_bsp/\libucosii_bsp.a(alt_irq_entry.o)
 *(.exceptions.notirq.user)
 *(.exceptions.notirq)
 .exceptions.notirq
                0x000000000100408c        0x8 ../WAT_TEST_bsp/\libucosii_bsp.a(alt_exception_entry.o)
 *(.exceptions.soft.user)
 *(.exceptions.soft)
 *(.exceptions.unknown.user)
 *(.exceptions.unknown)
 .exceptions.unknown
                0x0000000001004094       0x14 ../WAT_TEST_bsp/\libucosii_bsp.a(alt_exception_entry.o)
 *(.exceptions.exit.label)
 .exceptions.exit.label
                0x00000000010040a8        0x0 ../WAT_TEST_bsp/\libucosii_bsp.a(alt_irq_entry.o)
 .exceptions.exit.label
                0x00000000010040a8        0x0 ../WAT_TEST_bsp/\libucosii_bsp.a(alt_exception_entry.o)
 *(.exceptions.exit.user)
 *(.exceptions.exit)
 .exceptions.exit
                0x00000000010040a8       0x54 ../WAT_TEST_bsp/\libucosii_bsp.a(alt_exception_entry.o)
 *(.exceptions)
 .exceptions    0x00000000010040fc       0xd4 ../WAT_TEST_bsp/\libucosii_bsp.a(alt_irq_handler.o)
                0x00000000010040fc                alt_irq_handler
 .exceptions    0x00000000010041d0       0x60 ../WAT_TEST_bsp/\libucosii_bsp.a(alt_instruction_exception_entry.o)
                0x00000000010041d0                alt_instruction_exception_entry
                [!provide]                        PROVIDE (__ram_exceptions_end, ABSOLUTE (.))
                [!provide]                        PROVIDE (__flash_exceptions_start, LOADADDR (.exceptions))

.text           0x0000000000800000    0x56bb4
                [!provide]                        PROVIDE (stext, ABSOLUTE (.))
 *(.interp)
 *(.hash)
 *(.dynsym)
 *(.dynstr)
 *(.gnu.version)
 *(.gnu.version_d)
 *(.gnu.version_r)
 *(.rel.init)
 *(.rela.init)
 *(.rel.text .rel.text.* .rel.gnu.linkonce.t.*)
 *(.rela.text .rela.text.* .rela.gnu.linkonce.t.*)
 *(.rel.fini)
 *(.rela.fini)
 *(.rel.rodata .rel.rodata.* .rel.gnu.linkonce.r.*)
 *(.rela.rodata .rela.rodata.* .rela.gnu.linkonce.r.*)
 *(.rel.data .rel.data.* .rel.gnu.linkonce.d.*)
 *(.rela.data .rela.data.* .rela.gnu.linkonce.d.*)
 *(.rel.tdata .rel.tdata.* .rel.gnu.linkonce.td.*)
 *(.rela.tdata .rela.tdata.* .rela.gnu.linkonce.td.*)
 *(.rel.tbss .rel.tbss.* .rel.gnu.linkonce.tb.*)
 *(.rela.tbss .rela.tbss.* .rela.gnu.linkonce.tb.*)
 *(.rel.ctors)
 *(.rela.ctors)
 *(.rel.dtors)
 *(.rela.dtors)
 *(.rel.got)
 *(.rela.got)
 *(.rel.sdata .rel.sdata.* .rel.gnu.linkonce.s.*)
 *(.rela.sdata .rela.sdata.* .rela.gnu.linkonce.s.*)
 *(.rel.sbss .rel.sbss.* .rel.gnu.linkonce.sb.*)
 *(.rela.sbss .rela.sbss.* .rela.gnu.linkonce.sb.*)
 *(.rel.sdata2 .rel.sdata2.* .rel.gnu.linkonce.s2.*)
 *(.rela.sdata2 .rela.sdata2.* .rela.gnu.linkonce.s2.*)
 *(.rel.sbss2 .rel.sbss2.* .rel.gnu.linkonce.sb2.*)
 *(.rela.sbss2 .rela.sbss2.* .rela.gnu.linkonce.sb2.*)
 *(.rel.bss .rel.bss.* .rel.gnu.linkonce.b.*)
 *(.rela.bss .rela.bss.* .rela.gnu.linkonce.b.*)
 *(.rel.plt)
 *(.rela.plt)
 *(.rel.dyn)
 *(.init)
 *(.plt)
 *(.text .stub .text.* .gnu.linkonce.t.*)
 .text          0x0000000000800000       0x38 ../WAT_TEST_bsp//obj/HAL/src/crt0.o
                0x0000000000800000                _start
 .text          0x0000000000800038      0xd80 obj/default/camera.o
                0x0000000000800038                camera_task
                0x0000000000800b64                cam_send_command
                0x0000000000800d28                cam_uart_interrupt
 .text          0x0000000000800db8      0x578 obj/default/imagepro.o
                0x0000000000800db8                find_region
 .text          0x0000000000801330       0x50 obj/default/interrupt_peripherals.o
                0x0000000000801330                sensor_interrupt
 .text          0x0000000000801380      0x558 obj/default/motor.o
                0x0000000000801380                motor_task
                0x000000000080150c                motorStop
                0x000000000080154c                motorForward
                0x0000000000801594                motorReverse
                0x00000000008015e8                motorLeft
                0x000000000080163c                motorRight
                0x0000000000801690                motorControl
                0x00000000008017b8                rcControl
                0x0000000000801894                motorEStop
 .text          0x00000000008018d8      0x1f4 obj/default/wat_main.o
                0x00000000008018d8                main
 .text          0x0000000000801acc       0xf8 obj/default/wifi.o
                0x0000000000801acc                wifi_task
                0x0000000000801b30                wifi_uart_interrupt
                0x0000000000801b9c                parseLog
 .text          0x0000000000801bc4      0xb64 libjpeg\libjpeg2.a(jdapimin.o)
                0x0000000000801bc4                jpeg_CreateDecompress
                0x0000000000801dbc                jpeg_destroy_decompress
                0x0000000000801df0                jpeg_abort_decompress
                0x000000000080224c                jpeg_read_header
                0x0000000000802344                jpeg_consume_input
                0x00000000008024a4                jpeg_input_complete
                0x0000000000802530                jpeg_has_multiple_scans
                0x00000000008025bc                jpeg_finish_decompress
 .text          0x0000000000802728      0x7f0 libjpeg\libjpeg2.a(jdapistd.o)
                0x0000000000802728                jpeg_start_decompress
                0x0000000000802a54                jpeg_read_scanlines
                0x0000000000802b98                jpeg_read_raw_data
                0x0000000000802d2c                jpeg_start_output
                0x0000000000802e00                jpeg_finish_output
 .text          0x0000000000802f18      0x4dc libjpeg\libjpeg2.a(jdatasrc.o)
                0x00000000008031d4                jpeg_stdio_src
                0x00000000008032e4                jpeg_mem_src
 .text          0x00000000008033f4     0x1db4 libjpeg\libjpeg2.a(jdinput.o)
                0x00000000008033f4                jpeg_core_output_dimensions
                0x00000000008050f4                jinit_input_controller
 .text          0x00000000008051a8     0x5588 libjpeg\libjpeg2.a(jdmarker.o)
                0x000000000080a134                jpeg_resync_to_restart
                0x000000000080a384                jinit_marker_reader
                0x000000000080a4ac                jpeg_save_markers
                0x000000000080a660                jpeg_set_marker_processor
 .text          0x000000000080a730      0xff8 libjpeg\libjpeg2.a(jdmaster.o)
                0x000000000080a904                jpeg_calc_output_dimensions
                0x000000000080b5a8                jpeg_new_colormap
                0x000000000080b6a0                jinit_master_decompress
 .text          0x000000000080b728      0xff0 libjpeg\libjpeg2.a(jdmerge.o)
                0x000000000080c5d0                jinit_merged_upsampler
 .text          0x000000000080c718      0x7ac libjpeg\libjpeg2.a(jdpostct.o)
                0x000000000080cd38                jinit_d_post_controller
 .text          0x000000000080cec4      0xad8 libjpeg\libjpeg2.a(jdsample.o)
                0x000000000080d5cc                jinit_upsampler
 .text          0x000000000080d99c      0x438 libjpeg\libjpeg2.a(jerror.o)
                0x000000000080dd14                jpeg_std_error
 .text          0x000000000080ddd4     0x1d30 libjpeg\libjpeg2.a(jmemmgr.o)
                0x000000000080f844                jinit_memory_mgr
 .text          0x000000000080fb04      0x1b0 libjpeg\libjpeg2.a(jmemnobs.o)
                0x000000000080fb04                jpeg_get_small
                0x000000000080fb38                jpeg_free_small
                0x000000000080fb74                jpeg_get_large
                0x000000000080fba8                jpeg_free_large
                0x000000000080fbe4                jpeg_mem_available
                0x000000000080fc14                jpeg_open_backing_store
                0x000000000080fc6c                jpeg_mem_init
                0x000000000080fc90                jpeg_mem_term
 .text          0x000000000080fcb4     0x1980 libjpeg\libjpeg2.a(jquant1.o)
                0x00000000008114ec                jinit_1pass_quantizer
 .text          0x0000000000811634     0x2874 libjpeg\libjpeg2.a(jquant2.o)
                0x0000000000813c08                jinit_2pass_quantizer
 .text          0x0000000000813ea8      0x1c4 libjpeg\libjpeg2.a(jutils.o)
                0x0000000000813ea8                jdiv_round_up
                0x0000000000813ef0                jround_up
                0x0000000000813f4c                jcopy_sample_rows
                0x0000000000814020                jcopy_block_row
 .text          0x000000000081406c      0x1a8 libjpeg\libjpeg2.a(jcomapi.o)
                0x000000000081406c                jpeg_abort
                0x0000000000814110                jpeg_destroy
                0x000000000081416c                jpeg_alloc_quant_table
                0x00000000008141c0                jpeg_alloc_huff_table
 .text          0x0000000000814214     0x1f9c libjpeg\libjpeg2.a(jdarith.o)
                0x0000000000816030                jinit_arith_decoder
 .text          0x00000000008161b0     0x1c40 libjpeg\libjpeg2.a(jdcoefct.o)
                0x0000000000817b74                jinit_d_coef_controller
 .text          0x0000000000817df0     0x18b4 libjpeg\libjpeg2.a(jdcolor.o)
                0x0000000000819050                jinit_color_deconverter
 .text          0x00000000008196a4      0x974 libjpeg\libjpeg2.a(jddctmgr.o)
                0x0000000000819f14                jinit_inverse_dct
 .text          0x000000000081a018     0x36f8 libjpeg\libjpeg2.a(jdhuff.o)
                0x000000000081d540                jinit_huff_decoder
 .text          0x000000000081d710      0xff8 libjpeg\libjpeg2.a(jdmainct.o)
                0x000000000081e514                jinit_d_main_controller
 .text          0x000000000081e708      0xc5c libjpeg\libjpeg2.a(jidctflt.o)
                0x000000000081e708                jpeg_idct_float
 .text          0x000000000081f364      0xb00 libjpeg\libjpeg2.a(jidctfst.o)
                0x000000000081f364                jpeg_idct_ifast
 .text          0x000000000081fe64    0x104ec libjpeg\libjpeg2.a(jidctint.o)
                0x000000000081fe64                jpeg_idct_islow
                0x0000000000820aa8                jpeg_idct_7x7
                0x0000000000821334                jpeg_idct_6x6
                0x0000000000821944                jpeg_idct_5x5
                0x0000000000821eb8                jpeg_idct_4x4
                0x00000000008222e0                jpeg_idct_3x3
                0x000000000082261c                jpeg_idct_2x2
                0x0000000000822858                jpeg_idct_1x1
                0x0000000000822910                jpeg_idct_9x9
                0x0000000000823260                jpeg_idct_10x10
                0x0000000000823cb8                jpeg_idct_11x11
                0x0000000000824928                jpeg_idct_12x12
                0x00000000008254e0                jpeg_idct_13x13
                0x0000000000826318                jpeg_idct_14x14
                0x00000000008270a8                jpeg_idct_15x15
                0x0000000000827ec8                jpeg_idct_16x16
                0x0000000000828f18                jpeg_idct_16x8
                0x0000000000829df0                jpeg_idct_14x7
                0x000000000082a920                jpeg_idct_12x6
                0x000000000082b214                jpeg_idct_10x5
                0x000000000082b9ec                jpeg_idct_8x4
                0x000000000082c098                jpeg_idct_6x3
                0x000000000082c520                jpeg_idct_4x2
                0x000000000082c80c                jpeg_idct_2x1
                0x000000000082c934                jpeg_idct_8x16
                0x000000000082d5e0                jpeg_idct_7x14
                0x000000000082e0cc                jpeg_idct_6x12
                0x000000000082e9a8                jpeg_idct_5x10
                0x000000000082f19c                jpeg_idct_4x8
                0x000000000082fa44                jpeg_idct_3x6
                0x000000000082ff08                jpeg_idct_2x4
                0x0000000000830224                jpeg_idct_1x2
 .text          0x0000000000830350        0x0 libjpeg\libjpeg2.a(jaricom.o)
 .text          0x0000000000830350      0x1b4 c:/scratchdir/nios2eds/bin/gnu/h-x86_64-mingw32/bin/../lib/gcc/nios2-elf/5.3.0/mno-hw-mul\libgcc.a(lib2-divmod.o)
                0x0000000000830350                __divsi3
                0x00000000008303d4                __modsi3
                0x0000000000830448                __udivsi3
                0x00000000008304ac                __umodsi3
 .text          0x0000000000830504       0x28 c:/scratchdir/nios2eds/bin/gnu/h-x86_64-mingw32/bin/../lib/gcc/nios2-elf/5.3.0/mno-hw-mul\libgcc.a(lib2-mul.o)
                0x0000000000830504                __mulsi3
 .text          0x000000000083052c      0x4c8 c:/scratchdir/nios2eds/bin/gnu/h-x86_64-mingw32/bin/../lib/gcc/nios2-elf/5.3.0/mno-hw-mul\libgcc.a(addsf3.o)
                0x000000000083052c                __addsf3
 .text          0x00000000008309f4      0x430 c:/scratchdir/nios2eds/bin/gnu/h-x86_64-mingw32/bin/../lib/gcc/nios2-elf/5.3.0/mno-hw-mul\libgcc.a(mulsf3.o)
                0x00000000008309f4                __mulsf3
 .text          0x0000000000830e24      0x4e4 c:/scratchdir/nios2eds/bin/gnu/h-x86_64-mingw32/bin/../lib/gcc/nios2-elf/5.3.0/mno-hw-mul\libgcc.a(subsf3.o)
                0x0000000000830e24                __subsf3
 .text          0x0000000000831308       0x70 c:/scratchdir/nios2eds/bin/gnu/h-x86_64-mingw32/bin/../lib/gcc/nios2-elf/5.3.0/mno-hw-mul\libgcc.a(fixsfsi.o)
                0x0000000000831308                __fixsfsi
 .text          0x0000000000831378      0x124 c:/scratchdir/nios2eds/bin/gnu/h-x86_64-mingw32/bin/../lib/gcc/nios2-elf/5.3.0/mno-hw-mul\libgcc.a(floatsisf.o)
                0x0000000000831378                __floatsisf
 .text          0x000000000083149c      0x86c c:/scratchdir/nios2eds/bin/gnu/h-x86_64-mingw32/bin/../lib/gcc/nios2-elf/5.3.0/mno-hw-mul\libgcc.a(muldf3.o)
                0x000000000083149c                __muldf3
 .text          0x0000000000831d08       0xa8 c:/scratchdir/nios2eds/bin/gnu/h-x86_64-mingw32/bin/../lib/gcc/nios2-elf/5.3.0/mno-hw-mul\libgcc.a(floatunsidf.o)
                0x0000000000831d08                __floatunsidf
 .text          0x0000000000831db0      0x1a8 c:/scratchdir/nios2eds/bin/gnu/h-x86_64-mingw32/bin/../lib/gcc/nios2-elf/5.3.0/mno-hw-mul\libgcc.a(truncdfsf2.o)
                0x0000000000831db0                __truncdfsf2
 .text          0x0000000000831f58       0x64 c:/scratchdir/nios2eds/bin/gnu/h-x86_64-mingw32/bin/../lib/gcc/nios2-elf/5.3.0/mno-hw-mul\libgcc.a(_clzsi2.o)
                0x0000000000831f58                __clzsi2
 .text          0x0000000000831fbc        0x0 c:/scratchdir/nios2eds/bin/gnu/h-x86_64-mingw32/bin/../lib/gcc/nios2-elf/5.3.0/mno-hw-mul\libgcc.a(_clz.o)
 .text          0x0000000000831fbc        0x0 c:/scratchdir/nios2eds/bin/gnu/h-x86_64-mingw32/bin/../lib/gcc/nios2-elf/5.3.0/../../../../../H-x86_64-mingw32/nios2-elf/lib/mno-hw-mul\libc.a(lib_a-clock.o)
 .text.clock    0x0000000000831fbc       0x4c c:/scratchdir/nios2eds/bin/gnu/h-x86_64-mingw32/bin/../lib/gcc/nios2-elf/5.3.0/../../../../../H-x86_64-mingw32/nios2-elf/lib/mno-hw-mul\libc.a(lib_a-clock.o)
                0x0000000000831fbc                clock
 .text          0x0000000000832008        0x0 c:/scratchdir/nios2eds/bin/gnu/h-x86_64-mingw32/bin/../lib/gcc/nios2-elf/5.3.0/../../../../../H-x86_64-mingw32/nios2-elf/lib/mno-hw-mul\libc.a(lib_a-exit.o)
 .text.exit     0x0000000000832008       0x38 c:/scratchdir/nios2eds/bin/gnu/h-x86_64-mingw32/bin/../lib/gcc/nios2-elf/5.3.0/../../../../../H-x86_64-mingw32/nios2-elf/lib/mno-hw-mul\libc.a(lib_a-exit.o)
                0x0000000000832008                exit
 .text          0x0000000000832040        0x0 c:/scratchdir/nios2eds/bin/gnu/h-x86_64-mingw32/bin/../lib/gcc/nios2-elf/5.3.0/../../../../../H-x86_64-mingw32/nios2-elf/lib/mno-hw-mul\libc.a(lib_a-fclose.o)
 .text._fclose_r
                0x0000000000832040       0xf0 c:/scratchdir/nios2eds/bin/gnu/h-x86_64-mingw32/bin/../lib/gcc/nios2-elf/5.3.0/../../../../../H-x86_64-mingw32/nios2-elf/lib/mno-hw-mul\libc.a(lib_a-fclose.o)
                0x0000000000832040                _fclose_r
 .text.fclose   0x0000000000832130       0x14 c:/scratchdir/nios2eds/bin/gnu/h-x86_64-mingw32/bin/../lib/gcc/nios2-elf/5.3.0/../../../../../H-x86_64-mingw32/nios2-elf/lib/mno-hw-mul\libc.a(lib_a-fclose.o)
                0x0000000000832130                fclose
 .text          0x0000000000832144        0x0 c:/scratchdir/nios2eds/bin/gnu/h-x86_64-mingw32/bin/../lib/gcc/nios2-elf/5.3.0/../../../../../H-x86_64-mingw32/nios2-elf/lib/mno-hw-mul\libc.a(lib_a-fflush.o)
 .text.__sflush_r
                0x0000000000832144      0x21c c:/scratchdir/nios2eds/bin/gnu/h-x86_64-mingw32/bin/../lib/gcc/nios2-elf/5.3.0/../../../../../H-x86_64-mingw32/nios2-elf/lib/mno-hw-mul\libc.a(lib_a-fflush.o)
                0x0000000000832144                __sflush_r
 .text._fflush_r
                0x0000000000832360       0x5c c:/scratchdir/nios2eds/bin/gnu/h-x86_64-mingw32/bin/../lib/gcc/nios2-elf/5.3.0/../../../../../H-x86_64-mingw32/nios2-elf/lib/mno-hw-mul\libc.a(lib_a-fflush.o)
                0x0000000000832360                _fflush_r
 .text.fflush   0x00000000008323bc       0x30 c:/scratchdir/nios2eds/bin/gnu/h-x86_64-mingw32/bin/../lib/gcc/nios2-elf/5.3.0/../../../../../H-x86_64-mingw32/nios2-elf/lib/mno-hw-mul\libc.a(lib_a-fflush.o)
                0x00000000008323bc                fflush
 .text          0x00000000008323ec        0x0 c:/scratchdir/nios2eds/bin/gnu/h-x86_64-mingw32/bin/../lib/gcc/nios2-elf/5.3.0/../../../../../H-x86_64-mingw32/nios2-elf/lib/mno-hw-mul\libc.a(lib_a-findfp.o)
 .text.__fp_unlock
                0x00000000008323ec        0x8 c:/scratchdir/nios2eds/bin/gnu/h-x86_64-mingw32/bin/../lib/gcc/nios2-elf/5.3.0/../../../../../H-x86_64-mingw32/nios2-elf/lib/mno-hw-mul\libc.a(lib_a-findfp.o)
 .text._cleanup_r
                0x00000000008323f4        0xc c:/scratchdir/nios2eds/bin/gnu/h-x86_64-mingw32/bin/../lib/gcc/nios2-elf/5.3.0/../../../../../H-x86_64-mingw32/nios2-elf/lib/mno-hw-mul\libc.a(lib_a-findfp.o)
                0x00000000008323f4                _cleanup_r
 .text.__sinit.part.1
                0x0000000000832400      0x19c c:/scratchdir/nios2eds/bin/gnu/h-x86_64-mingw32/bin/../lib/gcc/nios2-elf/5.3.0/../../../../../H-x86_64-mingw32/nios2-elf/lib/mno-hw-mul\libc.a(lib_a-findfp.o)
 .text.__fp_lock
                0x000000000083259c        0x8 c:/scratchdir/nios2eds/bin/gnu/h-x86_64-mingw32/bin/../lib/gcc/nios2-elf/5.3.0/../../../../../H-x86_64-mingw32/nios2-elf/lib/mno-hw-mul\libc.a(lib_a-findfp.o)
 .text.__sfmoreglue
                0x00000000008325a4       0x78 c:/scratchdir/nios2eds/bin/gnu/h-x86_64-mingw32/bin/../lib/gcc/nios2-elf/5.3.0/../../../../../H-x86_64-mingw32/nios2-elf/lib/mno-hw-mul\libc.a(lib_a-findfp.o)
                0x00000000008325a4                __sfmoreglue
 .text.__sfp    0x000000000083261c      0x118 c:/scratchdir/nios2eds/bin/gnu/h-x86_64-mingw32/bin/../lib/gcc/nios2-elf/5.3.0/../../../../../H-x86_64-mingw32/nios2-elf/lib/mno-hw-mul\libc.a(lib_a-findfp.o)
                0x000000000083261c                __sfp
 .text._cleanup
                0x0000000000832734       0x18 c:/scratchdir/nios2eds/bin/gnu/h-x86_64-mingw32/bin/../lib/gcc/nios2-elf/5.3.0/../../../../../H-x86_64-mingw32/nios2-elf/lib/mno-hw-mul\libc.a(lib_a-findfp.o)
                0x0000000000832734                _cleanup
 .text.__sinit  0x000000000083274c       0x10 c:/scratchdir/nios2eds/bin/gnu/h-x86_64-mingw32/bin/../lib/gcc/nios2-elf/5.3.0/../../../../../H-x86_64-mingw32/nios2-elf/lib/mno-hw-mul\libc.a(lib_a-findfp.o)
                0x000000000083274c                __sinit
 .text.__sfp_lock_acquire
                0x000000000083275c        0x4 c:/scratchdir/nios2eds/bin/gnu/h-x86_64-mingw32/bin/../lib/gcc/nios2-elf/5.3.0/../../../../../H-x86_64-mingw32/nios2-elf/lib/mno-hw-mul\libc.a(lib_a-findfp.o)
                0x000000000083275c                __sfp_lock_acquire
 .text.__sfp_lock_release
                0x0000000000832760        0x4 c:/scratchdir/nios2eds/bin/gnu/h-x86_64-mingw32/bin/../lib/gcc/nios2-elf/5.3.0/../../../../../H-x86_64-mingw32/nios2-elf/lib/mno-hw-mul\libc.a(lib_a-findfp.o)
                0x0000000000832760                __sfp_lock_release
 .text.__sinit_lock_acquire
                0x0000000000832764        0x4 c:/scratchdir/nios2eds/bin/gnu/h-x86_64-mingw32/bin/../lib/gcc/nios2-elf/5.3.0/../../../../../H-x86_64-mingw32/nios2-elf/lib/mno-hw-mul\libc.a(lib_a-findfp.o)
                0x0000000000832764                __sinit_lock_acquire
 .text.__sinit_lock_release
                0x0000000000832768        0x4 c:/scratchdir/nios2eds/bin/gnu/h-x86_64-mingw32/bin/../lib/gcc/nios2-elf/5.3.0/../../../../../H-x86_64-mingw32/nios2-elf/lib/mno-hw-mul\libc.a(lib_a-findfp.o)
                0x0000000000832768                __sinit_lock_release
 .text.__fp_lock_all
                0x000000000083276c       0x18 c:/scratchdir/nios2eds/bin/gnu/h-x86_64-mingw32/bin/../lib/gcc/nios2-elf/5.3.0/../../../../../H-x86_64-mingw32/nios2-elf/lib/mno-hw-mul\libc.a(lib_a-findfp.o)
                0x000000000083276c                __fp_lock_all
 .text.__fp_unlock_all
                0x0000000000832784       0x18 c:/scratchdir/nios2eds/bin/gnu/h-x86_64-mingw32/bin/../lib/gcc/nios2-elf/5.3.0/../../../../../H-x86_64-mingw32/nios2-elf/lib/mno-hw-mul\libc.a(lib_a-findfp.o)
                0x0000000000832784                __fp_unlock_all
 .text          0x000000000083279c        0x0 c:/scratchdir/nios2eds/bin/gnu/h-x86_64-mingw32/bin/../lib/gcc/nios2-elf/5.3.0/../../../../../H-x86_64-mingw32/nios2-elf/lib/mno-hw-mul\libc.a(lib_a-fopen.o)
 .text._fopen_r
                0x000000000083279c       0xf4 c:/scratchdir/nios2eds/bin/gnu/h-x86_64-mingw32/bin/../lib/gcc/nios2-elf/5.3.0/../../../../../H-x86_64-mingw32/nios2-elf/lib/mno-hw-mul\libc.a(lib_a-fopen.o)
                0x000000000083279c                _fopen_r
 .text.fopen    0x0000000000832890       0x18 c:/scratchdir/nios2eds/bin/gnu/h-x86_64-mingw32/bin/../lib/gcc/nios2-elf/5.3.0/../../../../../H-x86_64-mingw32/nios2-elf/lib/mno-hw-mul\libc.a(lib_a-fopen.o)
                0x0000000000832890                fopen
 .text          0x00000000008328a8        0x0 c:/scratchdir/nios2eds/bin/gnu/h-x86_64-mingw32/bin/../lib/gcc/nios2-elf/5.3.0/../../../../../H-x86_64-mingw32/nios2-elf/lib/mno-hw-mul\libc.a(lib_a-fprintf.o)
 .text._fprintf_r
                0x00000000008328a8       0x28 c:/scratchdir/nios2eds/bin/gnu/h-x86_64-mingw32/bin/../lib/gcc/nios2-elf/5.3.0/../../../../../H-x86_64-mingw32/nios2-elf/lib/mno-hw-mul\libc.a(lib_a-fprintf.o)
                0x00000000008328a8                _fprintf_r
 .text.fprintf  0x00000000008328d0       0x24 c:/scratchdir/nios2eds/bin/gnu/h-x86_64-mingw32/bin/../lib/gcc/nios2-elf/5.3.0/../../../../../H-x86_64-mingw32/nios2-elf/lib/mno-hw-mul\libc.a(lib_a-fprintf.o)
                0x00000000008328d0                fprintf
 .text          0x00000000008328f4        0x0 c:/scratchdir/nios2eds/bin/gnu/h-x86_64-mingw32/bin/../lib/gcc/nios2-elf/5.3.0/../../../../../H-x86_64-mingw32/nios2-elf/lib/mno-hw-mul\libc.a(lib_a-fread.o)
 .text._fread_r
                0x00000000008328f4      0x23c c:/scratchdir/nios2eds/bin/gnu/h-x86_64-mingw32/bin/../lib/gcc/nios2-elf/5.3.0/../../../../../H-x86_64-mingw32/nios2-elf/lib/mno-hw-mul\libc.a(lib_a-fread.o)
                0x00000000008328f4                _fread_r
 .text.fread    0x0000000000832b30       0x34 c:/scratchdir/nios2eds/bin/gnu/h-x86_64-mingw32/bin/../lib/gcc/nios2-elf/5.3.0/../../../../../H-x86_64-mingw32/nios2-elf/lib/mno-hw-mul\libc.a(lib_a-fread.o)
                0x0000000000832b30                fread
 .text          0x0000000000832b64        0x0 c:/scratchdir/nios2eds/bin/gnu/h-x86_64-mingw32/bin/../lib/gcc/nios2-elf/5.3.0/../../../../../H-x86_64-mingw32/nios2-elf/lib/mno-hw-mul\libc.a(lib_a-freer.o)
 .text._malloc_trim_r
                0x0000000000832b64      0x124 c:/scratchdir/nios2eds/bin/gnu/h-x86_64-mingw32/bin/../lib/gcc/nios2-elf/5.3.0/../../../../../H-x86_64-mingw32/nios2-elf/lib/mno-hw-mul\libc.a(lib_a-freer.o)
                0x0000000000832b64                _malloc_trim_r
 .text._free_r  0x0000000000832c88      0x310 c:/scratchdir/nios2eds/bin/gnu/h-x86_64-mingw32/bin/../lib/gcc/nios2-elf/5.3.0/../../../../../H-x86_64-mingw32/nios2-elf/lib/mno-hw-mul\libc.a(lib_a-freer.o)
                0x0000000000832c88                _free_r
 .text          0x0000000000832f98        0x0 c:/scratchdir/nios2eds/bin/gnu/h-x86_64-mingw32/bin/../lib/gcc/nios2-elf/5.3.0/../../../../../H-x86_64-mingw32/nios2-elf/lib/mno-hw-mul\libc.a(lib_a-fseek.o)
 .text._fseek_r
                0x0000000000832f98        0x4 c:/scratchdir/nios2eds/bin/gnu/h-x86_64-mingw32/bin/../lib/gcc/nios2-elf/5.3.0/../../../../../H-x86_64-mingw32/nios2-elf/lib/mno-hw-mul\libc.a(lib_a-fseek.o)
                0x0000000000832f98                _fseek_r
 .text.fseek    0x0000000000832f9c       0x1c c:/scratchdir/nios2eds/bin/gnu/h-x86_64-mingw32/bin/../lib/gcc/nios2-elf/5.3.0/../../../../../H-x86_64-mingw32/nios2-elf/lib/mno-hw-mul\libc.a(lib_a-fseek.o)
                0x0000000000832f9c                fseek
 .text          0x0000000000832fb8        0x0 c:/scratchdir/nios2eds/bin/gnu/h-x86_64-mingw32/bin/../lib/gcc/nios2-elf/5.3.0/../../../../../H-x86_64-mingw32/nios2-elf/lib/mno-hw-mul\libc.a(lib_a-fseeko.o)
 .text._fseeko_r
                0x0000000000832fb8      0x444 c:/scratchdir/nios2eds/bin/gnu/h-x86_64-mingw32/bin/../lib/gcc/nios2-elf/5.3.0/../../../../../H-x86_64-mingw32/nios2-elf/lib/mno-hw-mul\libc.a(lib_a-fseeko.o)
                0x0000000000832fb8                _fseeko_r
 .text.fseeko   0x00000000008333fc       0x1c c:/scratchdir/nios2eds/bin/gnu/h-x86_64-mingw32/bin/../lib/gcc/nios2-elf/5.3.0/../../../../../H-x86_64-mingw32/nios2-elf/lib/mno-hw-mul\libc.a(lib_a-fseeko.o)
                0x00000000008333fc                fseeko
 .text          0x0000000000833418        0x0 c:/scratchdir/nios2eds/bin/gnu/h-x86_64-mingw32/bin/../lib/gcc/nios2-elf/5.3.0/../../../../../H-x86_64-mingw32/nios2-elf/lib/mno-hw-mul\libc.a(lib_a-fstatr.o)
 .text._fstat_r
                0x0000000000833418       0x5c c:/scratchdir/nios2eds/bin/gnu/h-x86_64-mingw32/bin/../lib/gcc/nios2-elf/5.3.0/../../../../../H-x86_64-mingw32/nios2-elf/lib/mno-hw-mul\libc.a(lib_a-fstatr.o)
                0x0000000000833418                _fstat_r
 .text          0x0000000000833474        0x0 c:/scratchdir/nios2eds/bin/gnu/h-x86_64-mingw32/bin/../lib/gcc/nios2-elf/5.3.0/../../../../../H-x86_64-mingw32/nios2-elf/lib/mno-hw-mul\libc.a(lib_a-fwalk.o)
 .text._fwalk   0x0000000000833474       0xc4 c:/scratchdir/nios2eds/bin/gnu/h-x86_64-mingw32/bin/../lib/gcc/nios2-elf/5.3.0/../../../../../H-x86_64-mingw32/nios2-elf/lib/mno-hw-mul\libc.a(lib_a-fwalk.o)
                0x0000000000833474                _fwalk
 .text._fwalk_reent
                0x0000000000833538       0xc4 c:/scratchdir/nios2eds/bin/gnu/h-x86_64-mingw32/bin/../lib/gcc/nios2-elf/5.3.0/../../../../../H-x86_64-mingw32/nios2-elf/lib/mno-hw-mul\libc.a(lib_a-fwalk.o)
                0x0000000000833538                _fwalk_reent
 .text          0x00000000008335fc        0x0 c:/scratchdir/nios2eds/bin/gnu/h-x86_64-mingw32/bin/../lib/gcc/nios2-elf/5.3.0/../../../../../H-x86_64-mingw32/nios2-elf/lib/mno-hw-mul\libc.a(lib_a-getenv.o)
 .text._findenv
                0x00000000008335fc       0x18 c:/scratchdir/nios2eds/bin/gnu/h-x86_64-mingw32/bin/../lib/gcc/nios2-elf/5.3.0/../../../../../H-x86_64-mingw32/nios2-elf/lib/mno-hw-mul\libc.a(lib_a-getenv.o)
                0x00000000008335fc                _findenv
 .text.getenv   0x0000000000833614       0x2c c:/scratchdir/nios2eds/bin/gnu/h-x86_64-mingw32/bin/../lib/gcc/nios2-elf/5.3.0/../../../../../H-x86_64-mingw32/nios2-elf/lib/mno-hw-mul\libc.a(lib_a-getenv.o)
                0x0000000000833614                getenv
 .text          0x0000000000833640        0x0 c:/scratchdir/nios2eds/bin/gnu/h-x86_64-mingw32/bin/../lib/gcc/nios2-elf/5.3.0/../../../../../H-x86_64-mingw32/nios2-elf/lib/mno-hw-mul\libc.a(lib_a-getenv_r.o)
 .text._findenv_r
                0x0000000000833640      0x104 c:/scratchdir/nios2eds/bin/gnu/h-x86_64-mingw32/bin/../lib/gcc/nios2-elf/5.3.0/../../../../../H-x86_64-mingw32/nios2-elf/lib/mno-hw-mul\libc.a(lib_a-getenv_r.o)
                0x0000000000833640                _findenv_r
 .text._getenv_r
                0x0000000000833744       0x1c c:/scratchdir/nios2eds/bin/gnu/h-x86_64-mingw32/bin/../lib/gcc/nios2-elf/5.3.0/../../../../../H-x86_64-mingw32/nios2-elf/lib/mno-hw-mul\libc.a(lib_a-getenv_r.o)
                0x0000000000833744                _getenv_r
 .text          0x0000000000833760        0x0 c:/scratchdir/nios2eds/bin/gnu/h-x86_64-mingw32/bin/../lib/gcc/nios2-elf/5.3.0/../../../../../H-x86_64-mingw32/nios2-elf/lib/mno-hw-mul\libc.a(lib_a-impure.o)
 .text          0x0000000000833760        0x0 c:/scratchdir/nios2eds/bin/gnu/h-x86_64-mingw32/bin/../lib/gcc/nios2-elf/5.3.0/../../../../../H-x86_64-mingw32/nios2-elf/lib/mno-hw-mul\libc.a(lib_a-int_errno.o)
 .text          0x0000000000833760        0x0 c:/scratchdir/nios2eds/bin/gnu/h-x86_64-mingw32/bin/../lib/gcc/nios2-elf/5.3.0/../../../../../H-x86_64-mingw32/nios2-elf/lib/mno-hw-mul\libc.a(lib_a-makebuf.o)
 .text.__smakebuf_r
                0x0000000000833760      0x1bc c:/scratchdir/nios2eds/bin/gnu/h-x86_64-mingw32/bin/../lib/gcc/nios2-elf/5.3.0/../../../../../H-x86_64-mingw32/nios2-elf/lib/mno-hw-mul\libc.a(lib_a-makebuf.o)
                0x0000000000833760                __smakebuf_r
 .text          0x000000000083391c        0x0 c:/scratchdir/nios2eds/bin/gnu/h-x86_64-mingw32/bin/../lib/gcc/nios2-elf/5.3.0/../../../../../H-x86_64-mingw32/nios2-elf/lib/mno-hw-mul\libc.a(lib_a-malloc.o)
 .text.malloc   0x000000000083391c       0x14 c:/scratchdir/nios2eds/bin/gnu/h-x86_64-mingw32/bin/../lib/gcc/nios2-elf/5.3.0/../../../../../H-x86_64-mingw32/nios2-elf/lib/mno-hw-mul\libc.a(lib_a-malloc.o)
                0x000000000083391c                malloc
 .text.free     0x0000000000833930       0x14 c:/scratchdir/nios2eds/bin/gnu/h-x86_64-mingw32/bin/../lib/gcc/nios2-elf/5.3.0/../../../../../H-x86_64-mingw32/nios2-elf/lib/mno-hw-mul\libc.a(lib_a-malloc.o)
                0x0000000000833930                free
 .text          0x0000000000833944        0x0 c:/scratchdir/nios2eds/bin/gnu/h-x86_64-mingw32/bin/../lib/gcc/nios2-elf/5.3.0/../../../../../H-x86_64-mingw32/nios2-elf/lib/mno-hw-mul\libc.a(lib_a-mallocr.o)
 .text._malloc_r
                0x0000000000833944      0x80c c:/scratchdir/nios2eds/bin/gnu/h-x86_64-mingw32/bin/../lib/gcc/nios2-elf/5.3.0/../../../../../H-x86_64-mingw32/nios2-elf/lib/mno-hw-mul\libc.a(lib_a-mallocr.o)
                0x0000000000833944                _malloc_r
 .text          0x0000000000834150        0x0 c:/scratchdir/nios2eds/bin/gnu/h-x86_64-mingw32/bin/../lib/gcc/nios2-elf/5.3.0/../../../../../H-x86_64-mingw32/nios2-elf/lib/mno-hw-mul\libc.a(lib_a-memcpy.o)
 .text.memcpy   0x0000000000834150      0x148 c:/scratchdir/nios2eds/bin/gnu/h-x86_64-mingw32/bin/../lib/gcc/nios2-elf/5.3.0/../../../../../H-x86_64-mingw32/nios2-elf/lib/mno-hw-mul\libc.a(lib_a-memcpy.o)
                0x0000000000834150                memcpy
 .text          0x0000000000834298        0x0 c:/scratchdir/nios2eds/bin/gnu/h-x86_64-mingw32/bin/../lib/gcc/nios2-elf/5.3.0/../../../../../H-x86_64-mingw32/nios2-elf/lib/mno-hw-mul\libc.a(lib_a-memset.o)
 .text.memset   0x0000000000834298      0x128 c:/scratchdir/nios2eds/bin/gnu/h-x86_64-mingw32/bin/../lib/gcc/nios2-elf/5.3.0/../../../../../H-x86_64-mingw32/nios2-elf/lib/mno-hw-mul\libc.a(lib_a-memset.o)
                0x0000000000834298                memset
 .text          0x00000000008343c0        0x0 c:/scratchdir/nios2eds/bin/gnu/h-x86_64-mingw32/bin/../lib/gcc/nios2-elf/5.3.0/../../../../../H-x86_64-mingw32/nios2-elf/lib/mno-hw-mul\libc.a(lib_a-openr.o)
 .text._open_r  0x00000000008343c0       0x60 c:/scratchdir/nios2eds/bin/gnu/h-x86_64-mingw32/bin/../lib/gcc/nios2-elf/5.3.0/../../../../../H-x86_64-mingw32/nios2-elf/lib/mno-hw-mul\libc.a(lib_a-openr.o)
                0x00000000008343c0                _open_r
 .text          0x0000000000834420        0x0 c:/scratchdir/nios2eds/bin/gnu/h-x86_64-mingw32/bin/../lib/gcc/nios2-elf/5.3.0/../../../../../H-x86_64-mingw32/nios2-elf/lib/mno-hw-mul\libc.a(lib_a-printf.o)
 .text._printf_r
                0x0000000000834420       0x30 c:/scratchdir/nios2eds/bin/gnu/h-x86_64-mingw32/bin/../lib/gcc/nios2-elf/5.3.0/../../../../../H-x86_64-mingw32/nios2-elf/lib/mno-hw-mul\libc.a(lib_a-printf.o)
                0x0000000000834420                _printf_r
 .text.printf   0x0000000000834450       0x3c c:/scratchdir/nios2eds/bin/gnu/h-x86_64-mingw32/bin/../lib/gcc/nios2-elf/5.3.0/../../../../../H-x86_64-mingw32/nios2-elf/lib/mno-hw-mul\libc.a(lib_a-printf.o)
                0x0000000000834450                printf
 .text          0x000000000083448c        0x0 c:/scratchdir/nios2eds/bin/gnu/h-x86_64-mingw32/bin/../lib/gcc/nios2-elf/5.3.0/../../../../../H-x86_64-mingw32/nios2-elf/lib/mno-hw-mul\libc.a(lib_a-putc.o)
 .text._putc_r  0x000000000083448c       0xa0 c:/scratchdir/nios2eds/bin/gnu/h-x86_64-mingw32/bin/../lib/gcc/nios2-elf/5.3.0/../../../../../H-x86_64-mingw32/nios2-elf/lib/mno-hw-mul\libc.a(lib_a-putc.o)
                0x000000000083448c                _putc_r
 .text.putc     0x000000000083452c       0xc8 c:/scratchdir/nios2eds/bin/gnu/h-x86_64-mingw32/bin/../lib/gcc/nios2-elf/5.3.0/../../../../../H-x86_64-mingw32/nios2-elf/lib/mno-hw-mul\libc.a(lib_a-putc.o)
                0x000000000083452c                putc
 .text          0x00000000008345f4        0x0 c:/scratchdir/nios2eds/bin/gnu/h-x86_64-mingw32/bin/../lib/gcc/nios2-elf/5.3.0/../../../../../H-x86_64-mingw32/nios2-elf/lib/mno-hw-mul\libc.a(lib_a-putchar.o)
 .text._putchar_r
                0x00000000008345f4        0x8 c:/scratchdir/nios2eds/bin/gnu/h-x86_64-mingw32/bin/../lib/gcc/nios2-elf/5.3.0/../../../../../H-x86_64-mingw32/nios2-elf/lib/mno-hw-mul\libc.a(lib_a-putchar.o)
                0x00000000008345f4                _putchar_r
 .text.putchar  0x00000000008345fc       0x18 c:/scratchdir/nios2eds/bin/gnu/h-x86_64-mingw32/bin/../lib/gcc/nios2-elf/5.3.0/../../../../../H-x86_64-mingw32/nios2-elf/lib/mno-hw-mul\libc.a(lib_a-putchar.o)
                0x00000000008345fc                putchar
 .text          0x0000000000834614        0x0 c:/scratchdir/nios2eds/bin/gnu/h-x86_64-mingw32/bin/../lib/gcc/nios2-elf/5.3.0/../../../../../H-x86_64-mingw32/nios2-elf/lib/mno-hw-mul\libc.a(lib_a-puts.o)
 .text._puts_r  0x0000000000834614       0xc0 c:/scratchdir/nios2eds/bin/gnu/h-x86_64-mingw32/bin/../lib/gcc/nios2-elf/5.3.0/../../../../../H-x86_64-mingw32/nios2-elf/lib/mno-hw-mul\libc.a(lib_a-puts.o)
                0x0000000000834614                _puts_r
 .text.puts     0x00000000008346d4       0x14 c:/scratchdir/nios2eds/bin/gnu/h-x86_64-mingw32/bin/../lib/gcc/nios2-elf/5.3.0/../../../../../H-x86_64-mingw32/nios2-elf/lib/mno-hw-mul\libc.a(lib_a-puts.o)
                0x00000000008346d4                puts
 .text          0x00000000008346e8        0x0 c:/scratchdir/nios2eds/bin/gnu/h-x86_64-mingw32/bin/../lib/gcc/nios2-elf/5.3.0/../../../../../H-x86_64-mingw32/nios2-elf/lib/mno-hw-mul\libc.a(lib_a-refill.o)
 .text.lflush   0x00000000008346e8       0x1c c:/scratchdir/nios2eds/bin/gnu/h-x86_64-mingw32/bin/../lib/gcc/nios2-elf/5.3.0/../../../../../H-x86_64-mingw32/nios2-elf/lib/mno-hw-mul\libc.a(lib_a-refill.o)
 .text.__srefill_r
                0x0000000000834704      0x1d4 c:/scratchdir/nios2eds/bin/gnu/h-x86_64-mingw32/bin/../lib/gcc/nios2-elf/5.3.0/../../../../../H-x86_64-mingw32/nios2-elf/lib/mno-hw-mul\libc.a(lib_a-refill.o)
                0x0000000000834704                __srefill_r
 .text          0x00000000008348d8        0x0 c:/scratchdir/nios2eds/bin/gnu/h-x86_64-mingw32/bin/../lib/gcc/nios2-elf/5.3.0/../../../../../H-x86_64-mingw32/nios2-elf/lib/mno-hw-mul\libc.a(lib_a-sbrkr.o)
 .text._sbrk_r  0x00000000008348d8       0x54 c:/scratchdir/nios2eds/bin/gnu/h-x86_64-mingw32/bin/../lib/gcc/nios2-elf/5.3.0/../../../../../H-x86_64-mingw32/nios2-elf/lib/mno-hw-mul\libc.a(lib_a-sbrkr.o)
                0x00000000008348d8                _sbrk_r
 .text          0x000000000083492c        0x0 c:/scratchdir/nios2eds/bin/gnu/h-x86_64-mingw32/bin/../lib/gcc/nios2-elf/5.3.0/../../../../../H-x86_64-mingw32/nios2-elf/lib/mno-hw-mul\libc.a(lib_a-sprintf.o)
 .text._sprintf_r
                0x000000000083492c       0x58 c:/scratchdir/nios2eds/bin/gnu/h-x86_64-mingw32/bin/../lib/gcc/nios2-elf/5.3.0/../../../../../H-x86_64-mingw32/nios2-elf/lib/mno-hw-mul\libc.a(lib_a-sprintf.o)
                0x000000000083492c                _sprintf_r
 .text.sprintf  0x0000000000834984       0x6c c:/scratchdir/nios2eds/bin/gnu/h-x86_64-mingw32/bin/../lib/gcc/nios2-elf/5.3.0/../../../../../H-x86_64-mingw32/nios2-elf/lib/mno-hw-mul\libc.a(lib_a-sprintf.o)
                0x0000000000834984                sprintf
 .text          0x00000000008349f0        0x0 c:/scratchdir/nios2eds/bin/gnu/h-x86_64-mingw32/bin/../lib/gcc/nios2-elf/5.3.0/../../../../../H-x86_64-mingw32/nios2-elf/lib/mno-hw-mul\libc.a(lib_a-sscanf.o)
 .text.sscanf   0x00000000008349f0       0x7c c:/scratchdir/nios2eds/bin/gnu/h-x86_64-mingw32/bin/../lib/gcc/nios2-elf/5.3.0/../../../../../H-x86_64-mingw32/nios2-elf/lib/mno-hw-mul\libc.a(lib_a-sscanf.o)
                0x00000000008349f0                sscanf
 .text._sscanf_r
                0x0000000000834a6c       0x78 c:/scratchdir/nios2eds/bin/gnu/h-x86_64-mingw32/bin/../lib/gcc/nios2-elf/5.3.0/../../../../../H-x86_64-mingw32/nios2-elf/lib/mno-hw-mul\libc.a(lib_a-sscanf.o)
                0x0000000000834a6c                _sscanf_r
 .text          0x0000000000834ae4        0x0 c:/scratchdir/nios2eds/bin/gnu/h-x86_64-mingw32/bin/../lib/gcc/nios2-elf/5.3.0/../../../../../H-x86_64-mingw32/nios2-elf/lib/mno-hw-mul\libc.a(lib_a-stdio.o)
 .text.__sread  0x0000000000834ae4       0x54 c:/scratchdir/nios2eds/bin/gnu/h-x86_64-mingw32/bin/../lib/gcc/nios2-elf/5.3.0/../../../../../H-x86_64-mingw32/nios2-elf/lib/mno-hw-mul\libc.a(lib_a-stdio.o)
                0x0000000000834ae4                __sread
 .text.__seofread
                0x0000000000834b38        0x8 c:/scratchdir/nios2eds/bin/gnu/h-x86_64-mingw32/bin/../lib/gcc/nios2-elf/5.3.0/../../../../../H-x86_64-mingw32/nios2-elf/lib/mno-hw-mul\libc.a(lib_a-stdio.o)
                0x0000000000834b38                __seofread
 .text.__swrite
                0x0000000000834b40       0x7c c:/scratchdir/nios2eds/bin/gnu/h-x86_64-mingw32/bin/../lib/gcc/nios2-elf/5.3.0/../../../../../H-x86_64-mingw32/nios2-elf/lib/mno-hw-mul\libc.a(lib_a-stdio.o)
                0x0000000000834b40                __swrite
 .text.__sseek  0x0000000000834bbc       0x5c c:/scratchdir/nios2eds/bin/gnu/h-x86_64-mingw32/bin/../lib/gcc/nios2-elf/5.3.0/../../../../../H-x86_64-mingw32/nios2-elf/lib/mno-hw-mul\libc.a(lib_a-stdio.o)
                0x0000000000834bbc                __sseek
 .text.__sclose
                0x0000000000834c18        0x8 c:/scratchdir/nios2eds/bin/gnu/h-x86_64-mingw32/bin/../lib/gcc/nios2-elf/5.3.0/../../../../../H-x86_64-mingw32/nios2-elf/lib/mno-hw-mul\libc.a(lib_a-stdio.o)
                0x0000000000834c18                __sclose
 .text          0x0000000000834c20        0x0 c:/scratchdir/nios2eds/bin/gnu/h-x86_64-mingw32/bin/../lib/gcc/nios2-elf/5.3.0/../../../../../H-x86_64-mingw32/nios2-elf/lib/mno-hw-mul\libc.a(lib_a-strlen.o)
 .text.strlen   0x0000000000834c20       0x98 c:/scratchdir/nios2eds/bin/gnu/h-x86_64-mingw32/bin/../lib/gcc/nios2-elf/5.3.0/../../../../../H-x86_64-mingw32/nios2-elf/lib/mno-hw-mul\libc.a(lib_a-strlen.o)
                0x0000000000834c20                strlen
 .text          0x0000000000834cb8        0x0 c:/scratchdir/nios2eds/bin/gnu/h-x86_64-mingw32/bin/../lib/gcc/nios2-elf/5.3.0/../../../../../H-x86_64-mingw32/nios2-elf/lib/mno-hw-mul\libc.a(lib_a-strncmp.o)
 .text.strncmp  0x0000000000834cb8       0xd0 c:/scratchdir/nios2eds/bin/gnu/h-x86_64-mingw32/bin/../lib/gcc/nios2-elf/5.3.0/../../../../../H-x86_64-mingw32/nios2-elf/lib/mno-hw-mul\libc.a(lib_a-strncmp.o)
                0x0000000000834cb8                strncmp
 .text          0x0000000000834d88        0x0 c:/scratchdir/nios2eds/bin/gnu/h-x86_64-mingw32/bin/../lib/gcc/nios2-elf/5.3.0/../../../../../H-x86_64-mingw32/nios2-elf/lib/mno-hw-mul\libc.a(lib_a-strncpy.o)
 .text.strncpy  0x0000000000834d88       0xec c:/scratchdir/nios2eds/bin/gnu/h-x86_64-mingw32/bin/../lib/gcc/nios2-elf/5.3.0/../../../../../H-x86_64-mingw32/nios2-elf/lib/mno-hw-mul\libc.a(lib_a-strncpy.o)
                0x0000000000834d88                strncpy
 .text          0x0000000000834e74        0x0 c:/scratchdir/nios2eds/bin/gnu/h-x86_64-mingw32/bin/../lib/gcc/nios2-elf/5.3.0/../../../../../H-x86_64-mingw32/nios2-elf/lib/mno-hw-mul\libc.a(lib_a-svfprintf.o)
 .text.___svfprintf_internal_r
                0x0000000000834e74     0x22bc c:/scratchdir/nios2eds/bin/gnu/h-x86_64-mingw32/bin/../lib/gcc/nios2-elf/5.3.0/../../../../../H-x86_64-mingw32/nios2-elf/lib/mno-hw-mul\libc.a(lib_a-svfprintf.o)
                0x0000000000834e74                ___svfprintf_internal_r
 .text          0x0000000000837130        0x0 c:/scratchdir/nios2eds/bin/gnu/h-x86_64-mingw32/bin/../lib/gcc/nios2-elf/5.3.0/../../../../../H-x86_64-mingw32/nios2-elf/lib/mno-hw-mul\libc.a(lib_a-svfscanf.o)
 .text.__ssvfscanf_r
                0x0000000000837130     0x198c c:/scratchdir/nios2eds/bin/gnu/h-x86_64-mingw32/bin/../lib/gcc/nios2-elf/5.3.0/../../../../../H-x86_64-mingw32/nios2-elf/lib/mno-hw-mul\libc.a(lib_a-svfscanf.o)
                0x0000000000837130                __ssvfscanf_r
 .text          0x0000000000838abc        0x0 c:/scratchdir/nios2eds/bin/gnu/h-x86_64-mingw32/bin/../lib/gcc/nios2-elf/5.3.0/../../../../../H-x86_64-mingw32/nios2-elf/lib/mno-hw-mul\libc.a(lib_a-timesr.o)
 .text._times_r
                0x0000000000838abc        0x8 c:/scratchdir/nios2eds/bin/gnu/h-x86_64-mingw32/bin/../lib/gcc/nios2-elf/5.3.0/../../../../../H-x86_64-mingw32/nios2-elf/lib/mno-hw-mul\libc.a(lib_a-timesr.o)
                0x0000000000838abc                _times_r
 .text          0x0000000000838ac4        0x0 c:/scratchdir/nios2eds/bin/gnu/h-x86_64-mingw32/bin/../lib/gcc/nios2-elf/5.3.0/../../../../../H-x86_64-mingw32/nios2-elf/lib/mno-hw-mul\libc.a(lib_a-vfprintf.o)
 .text.___vfprintf_internal_r
                0x0000000000838ac4     0x22dc c:/scratchdir/nios2eds/bin/gnu/h-x86_64-mingw32/bin/../lib/gcc/nios2-elf/5.3.0/../../../../../H-x86_64-mingw32/nios2-elf/lib/mno-hw-mul\libc.a(lib_a-vfprintf.o)
                0x0000000000838ac4                ___vfprintf_internal_r
 .text.__vfprintf_internal
                0x000000000083ada0       0x1c c:/scratchdir/nios2eds/bin/gnu/h-x86_64-mingw32/bin/../lib/gcc/nios2-elf/5.3.0/../../../../../H-x86_64-mingw32/nios2-elf/lib/mno-hw-mul\libc.a(lib_a-vfprintf.o)
                0x000000000083ada0                __vfprintf_internal
 .text.__sbprintf
                0x000000000083adbc       0xbc c:/scratchdir/nios2eds/bin/gnu/h-x86_64-mingw32/bin/../lib/gcc/nios2-elf/5.3.0/../../../../../H-x86_64-mingw32/nios2-elf/lib/mno-hw-mul\libc.a(lib_a-vfprintf.o)
 .text          0x000000000083ae78        0x0 c:/scratchdir/nios2eds/bin/gnu/h-x86_64-mingw32/bin/../lib/gcc/nios2-elf/5.3.0/../../../../../H-x86_64-mingw32/nios2-elf/lib/mno-hw-mul\libc.a(lib_a-wbuf.o)
 .text.__swbuf_r
                0x000000000083ae78      0x140 c:/scratchdir/nios2eds/bin/gnu/h-x86_64-mingw32/bin/../lib/gcc/nios2-elf/5.3.0/../../../../../H-x86_64-mingw32/nios2-elf/lib/mno-hw-mul\libc.a(lib_a-wbuf.o)
                0x000000000083ae78                __swbuf_r
 .text.__swbuf  0x000000000083afb8       0x18 c:/scratchdir/nios2eds/bin/gnu/h-x86_64-mingw32/bin/../lib/gcc/nios2-elf/5.3.0/../../../../../H-x86_64-mingw32/nios2-elf/lib/mno-hw-mul\libc.a(lib_a-wbuf.o)
                0x000000000083afb8                __swbuf
 .text          0x000000000083afd0        0x0 c:/scratchdir/nios2eds/bin/gnu/h-x86_64-mingw32/bin/../lib/gcc/nios2-elf/5.3.0/../../../../../H-x86_64-mingw32/nios2-elf/lib/mno-hw-mul\libc.a(lib_a-writer.o)
 .text._write_r
                0x000000000083afd0       0x60 c:/scratchdir/nios2eds/bin/gnu/h-x86_64-mingw32/bin/../lib/gcc/nios2-elf/5.3.0/../../../../../H-x86_64-mingw32/nios2-elf/lib/mno-hw-mul\libc.a(lib_a-writer.o)
                0x000000000083afd0                _write_r
 .text          0x000000000083b030        0x0 c:/scratchdir/nios2eds/bin/gnu/h-x86_64-mingw32/bin/../lib/gcc/nios2-elf/5.3.0/../../../../../H-x86_64-mingw32/nios2-elf/lib/mno-hw-mul\libc.a(lib_a-wsetup.o)
 .text.__swsetup_r
                0x000000000083b030      0x154 c:/scratchdir/nios2eds/bin/gnu/h-x86_64-mingw32/bin/../lib/gcc/nios2-elf/5.3.0/../../../../../H-x86_64-mingw32/nios2-elf/lib/mno-hw-mul\libc.a(lib_a-wsetup.o)
                0x000000000083b030                __swsetup_r
 .text          0x000000000083b184        0x0 c:/scratchdir/nios2eds/bin/gnu/h-x86_64-mingw32/bin/../lib/gcc/nios2-elf/5.3.0/../../../../../H-x86_64-mingw32/nios2-elf/lib/mno-hw-mul\libc.a(closer.o)
 .text._close_r
                0x000000000083b184       0x54 c:/scratchdir/nios2eds/bin/gnu/h-x86_64-mingw32/bin/../lib/gcc/nios2-elf/5.3.0/../../../../../H-x86_64-mingw32/nios2-elf/lib/mno-hw-mul\libc.a(closer.o)
                0x000000000083b184                _close_r
 .text          0x000000000083b1d8        0x0 c:/scratchdir/nios2eds/bin/gnu/h-x86_64-mingw32/bin/../lib/gcc/nios2-elf/5.3.0/../../../../../H-x86_64-mingw32/nios2-elf/lib/mno-hw-mul\libc.a(lib_a-__call_atexit.o)
 .text.__call_exitprocs
                0x000000000083b1d8      0x180 c:/scratchdir/nios2eds/bin/gnu/h-x86_64-mingw32/bin/../lib/gcc/nios2-elf/5.3.0/../../../../../H-x86_64-mingw32/nios2-elf/lib/mno-hw-mul\libc.a(lib_a-__call_atexit.o)
                0x000000000083b1d8                __call_exitprocs
 .text          0x000000000083b358        0x0 c:/scratchdir/nios2eds/bin/gnu/h-x86_64-mingw32/bin/../lib/gcc/nios2-elf/5.3.0/../../../../../H-x86_64-mingw32/nios2-elf/lib/mno-hw-mul\libc.a(lib_a-ctype_.o)
 .text          0x000000000083b358        0x0 c:/scratchdir/nios2eds/bin/gnu/h-x86_64-mingw32/bin/../lib/gcc/nios2-elf/5.3.0/../../../../../H-x86_64-mingw32/nios2-elf/lib/mno-hw-mul\libc.a(lib_a-dtoa.o)
 .text.quorem   0x000000000083b358      0x228 c:/scratchdir/nios2eds/bin/gnu/h-x86_64-mingw32/bin/../lib/gcc/nios2-elf/5.3.0/../../../../../H-x86_64-mingw32/nios2-elf/lib/mno-hw-mul\libc.a(lib_a-dtoa.o)
 .text._dtoa_r  0x000000000083b580     0x1688 c:/scratchdir/nios2eds/bin/gnu/h-x86_64-mingw32/bin/../lib/gcc/nios2-elf/5.3.0/../../../../../H-x86_64-mingw32/nios2-elf/lib/mno-hw-mul\libc.a(lib_a-dtoa.o)
                0x000000000083b580                _dtoa_r
 .text          0x000000000083cc08        0x0 c:/scratchdir/nios2eds/bin/gnu/h-x86_64-mingw32/bin/../lib/gcc/nios2-elf/5.3.0/../../../../../H-x86_64-mingw32/nios2-elf/lib/mno-hw-mul\libc.a(lib_a-environ.o)
 .text          0x000000000083cc08        0x0 c:/scratchdir/nios2eds/bin/gnu/h-x86_64-mingw32/bin/../lib/gcc/nios2-elf/5.3.0/../../../../../H-x86_64-mingw32/nios2-elf/lib/mno-hw-mul\libc.a(lib_a-flags.o)
 .text.__sflags
                0x000000000083cc08       0xac c:/scratchdir/nios2eds/bin/gnu/h-x86_64-mingw32/bin/../lib/gcc/nios2-elf/5.3.0/../../../../../H-x86_64-mingw32/nios2-elf/lib/mno-hw-mul\libc.a(lib_a-flags.o)
                0x000000000083cc08                __sflags
 .text          0x000000000083ccb4        0x0 c:/scratchdir/nios2eds/bin/gnu/h-x86_64-mingw32/bin/../lib/gcc/nios2-elf/5.3.0/../../../../../H-x86_64-mingw32/nios2-elf/lib/mno-hw-mul\libc.a(lib_a-fvwrite.o)
 .text.__sfvwrite_r
                0x000000000083ccb4      0x4c8 c:/scratchdir/nios2eds/bin/gnu/h-x86_64-mingw32/bin/../lib/gcc/nios2-elf/5.3.0/../../../../../H-x86_64-mingw32/nios2-elf/lib/mno-hw-mul\libc.a(lib_a-fvwrite.o)
                0x000000000083ccb4                __sfvwrite_r
 .text          0x000000000083d17c        0x0 c:/scratchdir/nios2eds/bin/gnu/h-x86_64-mingw32/bin/../lib/gcc/nios2-elf/5.3.0/../../../../../H-x86_64-mingw32/nios2-elf/lib/mno-hw-mul\libc.a(lib_a-isattyr.o)
 .text._isatty_r
                0x000000000083d17c       0x54 c:/scratchdir/nios2eds/bin/gnu/h-x86_64-mingw32/bin/../lib/gcc/nios2-elf/5.3.0/../../../../../H-x86_64-mingw32/nios2-elf/lib/mno-hw-mul\libc.a(lib_a-isattyr.o)
                0x000000000083d17c                _isatty_r
 .text          0x000000000083d1d0        0x0 c:/scratchdir/nios2eds/bin/gnu/h-x86_64-mingw32/bin/../lib/gcc/nios2-elf/5.3.0/../../../../../H-x86_64-mingw32/nios2-elf/lib/mno-hw-mul\libc.a(lib_a-iswspace.o)
 .text.iswspace
                0x000000000083d1d0       0x30 c:/scratchdir/nios2eds/bin/gnu/h-x86_64-mingw32/bin/../lib/gcc/nios2-elf/5.3.0/../../../../../H-x86_64-mingw32/nios2-elf/lib/mno-hw-mul\libc.a(lib_a-iswspace.o)
                0x000000000083d1d0                iswspace
 .text          0x000000000083d200        0x0 c:/scratchdir/nios2eds/bin/gnu/h-x86_64-mingw32/bin/../lib/gcc/nios2-elf/5.3.0/../../../../../H-x86_64-mingw32/nios2-elf/lib/mno-hw-mul\libc.a(lib_a-locale.o)
 .text._setlocale_r
                0x000000000083d200       0x7c c:/scratchdir/nios2eds/bin/gnu/h-x86_64-mingw32/bin/../lib/gcc/nios2-elf/5.3.0/../../../../../H-x86_64-mingw32/nios2-elf/lib/mno-hw-mul\libc.a(lib_a-locale.o)
                0x000000000083d200                _setlocale_r
 .text.__locale_charset
                0x000000000083d27c        0xc c:/scratchdir/nios2eds/bin/gnu/h-x86_64-mingw32/bin/../lib/gcc/nios2-elf/5.3.0/../../../../../H-x86_64-mingw32/nios2-elf/lib/mno-hw-mul\libc.a(lib_a-locale.o)
                0x000000000083d27c                __locale_charset
 .text.__locale_mb_cur_max
                0x000000000083d288       0x10 c:/scratchdir/nios2eds/bin/gnu/h-x86_64-mingw32/bin/../lib/gcc/nios2-elf/5.3.0/../../../../../H-x86_64-mingw32/nios2-elf/lib/mno-hw-mul\libc.a(lib_a-locale.o)
                0x000000000083d288                __locale_mb_cur_max
 .text.__locale_msgcharset
                0x000000000083d298        0xc c:/scratchdir/nios2eds/bin/gnu/h-x86_64-mingw32/bin/../lib/gcc/nios2-elf/5.3.0/../../../../../H-x86_64-mingw32/nios2-elf/lib/mno-hw-mul\libc.a(lib_a-locale.o)
                0x000000000083d298                __locale_msgcharset
 .text.__locale_cjk_lang
                0x000000000083d2a4        0x8 c:/scratchdir/nios2eds/bin/gnu/h-x86_64-mingw32/bin/../lib/gcc/nios2-elf/5.3.0/../../../../../H-x86_64-mingw32/nios2-elf/lib/mno-hw-mul\libc.a(lib_a-locale.o)
                0x000000000083d2a4                __locale_cjk_lang
 .text._localeconv_r
                0x000000000083d2ac        0xc c:/scratchdir/nios2eds/bin/gnu/h-x86_64-mingw32/bin/../lib/gcc/nios2-elf/5.3.0/../../../../../H-x86_64-mingw32/nios2-elf/lib/mno-hw-mul\libc.a(lib_a-locale.o)
                0x000000000083d2ac                _localeconv_r
 .text.setlocale
                0x000000000083d2b8       0x18 c:/scratchdir/nios2eds/bin/gnu/h-x86_64-mingw32/bin/../lib/gcc/nios2-elf/5.3.0/../../../../../H-x86_64-mingw32/nios2-elf/lib/mno-hw-mul\libc.a(lib_a-locale.o)
                0x000000000083d2b8                setlocale
 .text.localeconv
                0x000000000083d2d0        0xc c:/scratchdir/nios2eds/bin/gnu/h-x86_64-mingw32/bin/../lib/gcc/nios2-elf/5.3.0/../../../../../H-x86_64-mingw32/nios2-elf/lib/mno-hw-mul\libc.a(lib_a-locale.o)
                0x000000000083d2d0                localeconv
 .text          0x000000000083d2dc        0x0 c:/scratchdir/nios2eds/bin/gnu/h-x86_64-mingw32/bin/../lib/gcc/nios2-elf/5.3.0/../../../../../H-x86_64-mingw32/nios2-elf/lib/mno-hw-mul\libc.a(lib_a-lseekr.o)
 .text._lseek_r
                0x000000000083d2dc       0x60 c:/scratchdir/nios2eds/bin/gnu/h-x86_64-mingw32/bin/../lib/gcc/nios2-elf/5.3.0/../../../../../H-x86_64-mingw32/nios2-elf/lib/mno-hw-mul\libc.a(lib_a-lseekr.o)
                0x000000000083d2dc                _lseek_r
 .text          0x000000000083d33c        0x0 c:/scratchdir/nios2eds/bin/gnu/h-x86_64-mingw32/bin/../lib/gcc/nios2-elf/5.3.0/../../../../../H-x86_64-mingw32/nios2-elf/lib/mno-hw-mul\libc.a(lib_a-mbrtowc.o)
 .text._mbrtowc_r
                0x000000000083d33c       0xac c:/scratchdir/nios2eds/bin/gnu/h-x86_64-mingw32/bin/../lib/gcc/nios2-elf/5.3.0/../../../../../H-x86_64-mingw32/nios2-elf/lib/mno-hw-mul\libc.a(lib_a-mbrtowc.o)
                0x000000000083d33c                _mbrtowc_r
 .text.mbrtowc  0x000000000083d3e8       0xd8 c:/scratchdir/nios2eds/bin/gnu/h-x86_64-mingw32/bin/../lib/gcc/nios2-elf/5.3.0/../../../../../H-x86_64-mingw32/nios2-elf/lib/mno-hw-mul\libc.a(lib_a-mbrtowc.o)
                0x000000000083d3e8                mbrtowc
 .text          0x000000000083d4c0        0x0 c:/scratchdir/nios2eds/bin/gnu/h-x86_64-mingw32/bin/../lib/gcc/nios2-elf/5.3.0/../../../../../H-x86_64-mingw32/nios2-elf/lib/mno-hw-mul\libc.a(lib_a-mbtowc_r.o)
 .text.__ascii_mbtowc
                0x000000000083d4c0       0x44 c:/scratchdir/nios2eds/bin/gnu/h-x86_64-mingw32/bin/../lib/gcc/nios2-elf/5.3.0/../../../../../H-x86_64-mingw32/nios2-elf/lib/mno-hw-mul\libc.a(lib_a-mbtowc_r.o)
                0x000000000083d4c0                __ascii_mbtowc
 .text._mbtowc_r
                0x000000000083d504       0x5c c:/scratchdir/nios2eds/bin/gnu/h-x86_64-mingw32/bin/../lib/gcc/nios2-elf/5.3.0/../../../../../H-x86_64-mingw32/nios2-elf/lib/mno-hw-mul\libc.a(lib_a-mbtowc_r.o)
                0x000000000083d504                _mbtowc_r
 .text          0x000000000083d560        0x0 c:/scratchdir/nios2eds/bin/gnu/h-x86_64-mingw32/bin/../lib/gcc/nios2-elf/5.3.0/../../../../../H-x86_64-mingw32/nios2-elf/lib/mno-hw-mul\libc.a(lib_a-memchr.o)
 .text.memchr   0x000000000083d560       0xe4 c:/scratchdir/nios2eds/bin/gnu/h-x86_64-mingw32/bin/../lib/gcc/nios2-elf/5.3.0/../../../../../H-x86_64-mingw32/nios2-elf/lib/mno-hw-mul\libc.a(lib_a-memchr.o)
                0x000000000083d560                memchr
 .text          0x000000000083d644        0x0 c:/scratchdir/nios2eds/bin/gnu/h-x86_64-mingw32/bin/../lib/gcc/nios2-elf/5.3.0/../../../../../H-x86_64-mingw32/nios2-elf/lib/mno-hw-mul\libc.a(lib_a-memmove.o)
 .text.memmove  0x000000000083d644      0x15c c:/scratchdir/nios2eds/bin/gnu/h-x86_64-mingw32/bin/../lib/gcc/nios2-elf/5.3.0/../../../../../H-x86_64-mingw32/nios2-elf/lib/mno-hw-mul\libc.a(lib_a-memmove.o)
                0x000000000083d644                memmove
 .text          0x000000000083d7a0        0x0 c:/scratchdir/nios2eds/bin/gnu/h-x86_64-mingw32/bin/../lib/gcc/nios2-elf/5.3.0/../../../../../H-x86_64-mingw32/nios2-elf/lib/mno-hw-mul\libc.a(lib_a-mprec.o)
 .text._Balloc  0x000000000083d7a0       0xa8 c:/scratchdir/nios2eds/bin/gnu/h-x86_64-mingw32/bin/../lib/gcc/nios2-elf/5.3.0/../../../../../H-x86_64-mingw32/nios2-elf/lib/mno-hw-mul\libc.a(lib_a-mprec.o)
                0x000000000083d7a0                _Balloc
 .text._Bfree   0x000000000083d848       0x28 c:/scratchdir/nios2eds/bin/gnu/h-x86_64-mingw32/bin/../lib/gcc/nios2-elf/5.3.0/../../../../../H-x86_64-mingw32/nios2-elf/lib/mno-hw-mul\libc.a(lib_a-mprec.o)
                0x000000000083d848                _Bfree
 .text.__multadd
                0x000000000083d870      0x148 c:/scratchdir/nios2eds/bin/gnu/h-x86_64-mingw32/bin/../lib/gcc/nios2-elf/5.3.0/../../../../../H-x86_64-mingw32/nios2-elf/lib/mno-hw-mul\libc.a(lib_a-mprec.o)
                0x000000000083d870                __multadd
 .text.__s2b    0x000000000083d9b8      0x104 c:/scratchdir/nios2eds/bin/gnu/h-x86_64-mingw32/bin/../lib/gcc/nios2-elf/5.3.0/../../../../../H-x86_64-mingw32/nios2-elf/lib/mno-hw-mul\libc.a(lib_a-mprec.o)
                0x000000000083d9b8                __s2b
 .text.__hi0bits
                0x000000000083dabc       0x68 c:/scratchdir/nios2eds/bin/gnu/h-x86_64-mingw32/bin/../lib/gcc/nios2-elf/5.3.0/../../../../../H-x86_64-mingw32/nios2-elf/lib/mno-hw-mul\libc.a(lib_a-mprec.o)
                0x000000000083dabc                __hi0bits
 .text.__lo0bits
                0x000000000083db24       0xb0 c:/scratchdir/nios2eds/bin/gnu/h-x86_64-mingw32/bin/../lib/gcc/nios2-elf/5.3.0/../../../../../H-x86_64-mingw32/nios2-elf/lib/mno-hw-mul\libc.a(lib_a-mprec.o)
                0x000000000083db24                __lo0bits
 .text.__i2b    0x000000000083dbd4       0x3c c:/scratchdir/nios2eds/bin/gnu/h-x86_64-mingw32/bin/../lib/gcc/nios2-elf/5.3.0/../../../../../H-x86_64-mingw32/nios2-elf/lib/mno-hw-mul\libc.a(lib_a-mprec.o)
                0x000000000083dbd4                __i2b
 .text.__multiply
                0x000000000083dc10      0x28c c:/scratchdir/nios2eds/bin/gnu/h-x86_64-mingw32/bin/../lib/gcc/nios2-elf/5.3.0/../../../../../H-x86_64-mingw32/nios2-elf/lib/mno-hw-mul\libc.a(lib_a-mprec.o)
                0x000000000083dc10                __multiply
 .text.__pow5mult
                0x000000000083de9c      0x140 c:/scratchdir/nios2eds/bin/gnu/h-x86_64-mingw32/bin/../lib/gcc/nios2-elf/5.3.0/../../../../../H-x86_64-mingw32/nios2-elf/lib/mno-hw-mul\libc.a(lib_a-mprec.o)
                0x000000000083de9c                __pow5mult
 .text.__lshift
                0x000000000083dfdc      0x148 c:/scratchdir/nios2eds/bin/gnu/h-x86_64-mingw32/bin/../lib/gcc/nios2-elf/5.3.0/../../../../../H-x86_64-mingw32/nios2-elf/lib/mno-hw-mul\libc.a(lib_a-mprec.o)
                0x000000000083dfdc                __lshift
 .text.__mcmp   0x000000000083e124       0x60 c:/scratchdir/nios2eds/bin/gnu/h-x86_64-mingw32/bin/../lib/gcc/nios2-elf/5.3.0/../../../../../H-x86_64-mingw32/nios2-elf/lib/mno-hw-mul\libc.a(lib_a-mprec.o)
                0x000000000083e124                __mcmp
 .text.__mdiff  0x000000000083e184      0x1fc c:/scratchdir/nios2eds/bin/gnu/h-x86_64-mingw32/bin/../lib/gcc/nios2-elf/5.3.0/../../../../../H-x86_64-mingw32/nios2-elf/lib/mno-hw-mul\libc.a(lib_a-mprec.o)
                0x000000000083e184                __mdiff
 .text.__ulp    0x000000000083e380       0x64 c:/scratchdir/nios2eds/bin/gnu/h-x86_64-mingw32/bin/../lib/gcc/nios2-elf/5.3.0/../../../../../H-x86_64-mingw32/nios2-elf/lib/mno-hw-mul\libc.a(lib_a-mprec.o)
                0x000000000083e380                __ulp
 .text.__b2d    0x000000000083e3e4      0x10c c:/scratchdir/nios2eds/bin/gnu/h-x86_64-mingw32/bin/../lib/gcc/nios2-elf/5.3.0/../../../../../H-x86_64-mingw32/nios2-elf/lib/mno-hw-mul\libc.a(lib_a-mprec.o)
                0x000000000083e3e4                __b2d
 .text.__d2b    0x000000000083e4f0      0x14c c:/scratchdir/nios2eds/bin/gnu/h-x86_64-mingw32/bin/../lib/gcc/nios2-elf/5.3.0/../../../../../H-x86_64-mingw32/nios2-elf/lib/mno-hw-mul\libc.a(lib_a-mprec.o)
                0x000000000083e4f0                __d2b
 .text.__ratio  0x000000000083e63c       0xa4 c:/scratchdir/nios2eds/bin/gnu/h-x86_64-mingw32/bin/../lib/gcc/nios2-elf/5.3.0/../../../../../H-x86_64-mingw32/nios2-elf/lib/mno-hw-mul\libc.a(lib_a-mprec.o)
                0x000000000083e63c                __ratio
 .text._mprec_log10
                0x000000000083e6e0       0x74 c:/scratchdir/nios2eds/bin/gnu/h-x86_64-mingw32/bin/../lib/gcc/nios2-elf/5.3.0/../../../../../H-x86_64-mingw32/nios2-elf/lib/mno-hw-mul\libc.a(lib_a-mprec.o)
                0x000000000083e6e0                _mprec_log10
 .text.__copybits
                0x000000000083e754       0x78 c:/scratchdir/nios2eds/bin/gnu/h-x86_64-mingw32/bin/../lib/gcc/nios2-elf/5.3.0/../../../../../H-x86_64-mingw32/nios2-elf/lib/mno-hw-mul\libc.a(lib_a-mprec.o)
                0x000000000083e754                __copybits
 .text.__any_on
                0x000000000083e7cc       0x8c c:/scratchdir/nios2eds/bin/gnu/h-x86_64-mingw32/bin/../lib/gcc/nios2-elf/5.3.0/../../../../../H-x86_64-mingw32/nios2-elf/lib/mno-hw-mul\libc.a(lib_a-mprec.o)
                0x000000000083e7cc                __any_on
 .text          0x000000000083e858        0x0 c:/scratchdir/nios2eds/bin/gnu/h-x86_64-mingw32/bin/../lib/gcc/nios2-elf/5.3.0/../../../../../H-x86_64-mingw32/nios2-elf/lib/mno-hw-mul\libc.a(lib_a-readr.o)
 .text._read_r  0x000000000083e858       0x60 c:/scratchdir/nios2eds/bin/gnu/h-x86_64-mingw32/bin/../lib/gcc/nios2-elf/5.3.0/../../../../../H-x86_64-mingw32/nios2-elf/lib/mno-hw-mul\libc.a(lib_a-readr.o)
                0x000000000083e858                _read_r
 .text          0x000000000083e8b8        0x0 c:/scratchdir/nios2eds/bin/gnu/h-x86_64-mingw32/bin/../lib/gcc/nios2-elf/5.3.0/../../../../../H-x86_64-mingw32/nios2-elf/lib/mno-hw-mul\libc.a(lib_a-reallocr.o)
 .text._realloc_r
                0x000000000083e8b8      0x564 c:/scratchdir/nios2eds/bin/gnu/h-x86_64-mingw32/bin/../lib/gcc/nios2-elf/5.3.0/../../../../../H-x86_64-mingw32/nios2-elf/lib/mno-hw-mul\libc.a(lib_a-reallocr.o)
                0x000000000083e8b8                _realloc_r
 .text          0x000000000083ee1c        0x0 c:/scratchdir/nios2eds/bin/gnu/h-x86_64-mingw32/bin/../lib/gcc/nios2-elf/5.3.0/../../../../../H-x86_64-mingw32/nios2-elf/lib/mno-hw-mul\libc.a(lib_a-s_fpclassify.o)
 .text.__fpclassifyd
                0x000000000083ee1c       0x74 c:/scratchdir/nios2eds/bin/gnu/h-x86_64-mingw32/bin/../lib/gcc/nios2-elf/5.3.0/../../../../../H-x86_64-mingw32/nios2-elf/lib/mno-hw-mul\libc.a(lib_a-s_fpclassify.o)
                0x000000000083ee1c                __fpclassifyd
 .text          0x000000000083ee90        0x0 c:/scratchdir/nios2eds/bin/gnu/h-x86_64-mingw32/bin/../lib/gcc/nios2-elf/5.3.0/../../../../../H-x86_64-mingw32/nios2-elf/lib/mno-hw-mul\libc.a(lib_a-sccl.o)
 .text.__sccl   0x000000000083ee90       0xd0 c:/scratchdir/nios2eds/bin/gnu/h-x86_64-mingw32/bin/../lib/gcc/nios2-elf/5.3.0/../../../../../H-x86_64-mingw32/nios2-elf/lib/mno-hw-mul\libc.a(lib_a-sccl.o)
                0x000000000083ee90                __sccl
 .text          0x000000000083ef60        0x0 c:/scratchdir/nios2eds/bin/gnu/h-x86_64-mingw32/bin/../lib/gcc/nios2-elf/5.3.0/../../../../../H-x86_64-mingw32/nios2-elf/lib/mno-hw-mul\libc.a(lib_a-sf_nan.o)
 .text.nanf     0x000000000083ef60        0x8 c:/scratchdir/nios2eds/bin/gnu/h-x86_64-mingw32/bin/../lib/gcc/nios2-elf/5.3.0/../../../../../H-x86_64-mingw32/nios2-elf/lib/mno-hw-mul\libc.a(lib_a-sf_nan.o)
                0x000000000083ef60                nanf
 .text          0x000000000083ef68        0x0 c:/scratchdir/nios2eds/bin/gnu/h-x86_64-mingw32/bin/../lib/gcc/nios2-elf/5.3.0/../../../../../H-x86_64-mingw32/nios2-elf/lib/mno-hw-mul\libc.a(lib_a-strcmp.o)
 .text.strcmp   0x000000000083ef68       0xdc c:/scratchdir/nios2eds/bin/gnu/h-x86_64-mingw32/bin/../lib/gcc/nios2-elf/5.3.0/../../../../../H-x86_64-mingw32/nios2-elf/lib/mno-hw-mul\libc.a(lib_a-strcmp.o)
                0x000000000083ef68                strcmp
 .text          0x000000000083f044        0x0 c:/scratchdir/nios2eds/bin/gnu/h-x86_64-mingw32/bin/../lib/gcc/nios2-elf/5.3.0/../../../../../H-x86_64-mingw32/nios2-elf/lib/mno-hw-mul\libc.a(lib_a-strtod.o)
 .text.sulp     0x000000000083f044       0x64 c:/scratchdir/nios2eds/bin/gnu/h-x86_64-mingw32/bin/../lib/gcc/nios2-elf/5.3.0/../../../../../H-x86_64-mingw32/nios2-elf/lib/mno-hw-mul\libc.a(lib_a-strtod.o)
 .text._strtod_r
                0x000000000083f0a8     0x15e4 c:/scratchdir/nios2eds/bin/gnu/h-x86_64-mingw32/bin/../lib/gcc/nios2-elf/5.3.0/../../../../../H-x86_64-mingw32/nios2-elf/lib/mno-hw-mul\libc.a(lib_a-strtod.o)
                0x000000000083f0a8                _strtod_r
 .text.strtod   0x000000000084068c       0x18 c:/scratchdir/nios2eds/bin/gnu/h-x86_64-mingw32/bin/../lib/gcc/nios2-elf/5.3.0/../../../../../H-x86_64-mingw32/nios2-elf/lib/mno-hw-mul\libc.a(lib_a-strtod.o)
                0x000000000084068c                strtod
 .text.strtof   0x00000000008406a4      0x100 c:/scratchdir/nios2eds/bin/gnu/h-x86_64-mingw32/bin/../lib/gcc/nios2-elf/5.3.0/../../../../../H-x86_64-mingw32/nios2-elf/lib/mno-hw-mul\libc.a(lib_a-strtod.o)
                0x00000000008406a4                strtof
 .text          0x00000000008407a4        0x0 c:/scratchdir/nios2eds/bin/gnu/h-x86_64-mingw32/bin/../lib/gcc/nios2-elf/5.3.0/../../../../../H-x86_64-mingw32/nios2-elf/lib/mno-hw-mul\libc.a(lib_a-strtol.o)
 .text._strtol_r
                0x00000000008407a4      0x258 c:/scratchdir/nios2eds/bin/gnu/h-x86_64-mingw32/bin/../lib/gcc/nios2-elf/5.3.0/../../../../../H-x86_64-mingw32/nios2-elf/lib/mno-hw-mul\libc.a(lib_a-strtol.o)
                0x00000000008407a4                _strtol_r
 .text.strtol   0x00000000008409fc       0x1c c:/scratchdir/nios2eds/bin/gnu/h-x86_64-mingw32/bin/../lib/gcc/nios2-elf/5.3.0/../../../../../H-x86_64-mingw32/nios2-elf/lib/mno-hw-mul\libc.a(lib_a-strtol.o)
                0x00000000008409fc                strtol
 .text          0x0000000000840a18        0x0 c:/scratchdir/nios2eds/bin/gnu/h-x86_64-mingw32/bin/../lib/gcc/nios2-elf/5.3.0/../../../../../H-x86_64-mingw32/nios2-elf/lib/mno-hw-mul\libc.a(lib_a-strtoll_r.o)
 .text._strtoll_r
                0x0000000000840a18      0x304 c:/scratchdir/nios2eds/bin/gnu/h-x86_64-mingw32/bin/../lib/gcc/nios2-elf/5.3.0/../../../../../H-x86_64-mingw32/nios2-elf/lib/mno-hw-mul\libc.a(lib_a-strtoll_r.o)
                0x0000000000840a18                _strtoll_r
 .text          0x0000000000840d1c        0x0 c:/scratchdir/nios2eds/bin/gnu/h-x86_64-mingw32/bin/../lib/gcc/nios2-elf/5.3.0/../../../../../H-x86_64-mingw32/nios2-elf/lib/mno-hw-mul\libc.a(lib_a-strtoul.o)
 .text._strtoul_r
                0x0000000000840d1c      0x278 c:/scratchdir/nios2eds/bin/gnu/h-x86_64-mingw32/bin/../lib/gcc/nios2-elf/5.3.0/../../../../../H-x86_64-mingw32/nios2-elf/lib/mno-hw-mul\libc.a(lib_a-strtoul.o)
                0x0000000000840d1c                _strtoul_r
 .text.strtoul  0x0000000000840f94       0x1c c:/scratchdir/nios2eds/bin/gnu/h-x86_64-mingw32/bin/../lib/gcc/nios2-elf/5.3.0/../../../../../H-x86_64-mingw32/nios2-elf/lib/mno-hw-mul\libc.a(lib_a-strtoul.o)
                0x0000000000840f94                strtoul
 .text          0x0000000000840fb0        0x0 c:/scratchdir/nios2eds/bin/gnu/h-x86_64-mingw32/bin/../lib/gcc/nios2-elf/5.3.0/../../../../../H-x86_64-mingw32/nios2-elf/lib/mno-hw-mul\libc.a(lib_a-strtoull_r.o)
 .text._strtoull_r
                0x0000000000840fb0      0x320 c:/scratchdir/nios2eds/bin/gnu/h-x86_64-mingw32/bin/../lib/gcc/nios2-elf/5.3.0/../../../../../H-x86_64-mingw32/nios2-elf/lib/mno-hw-mul\libc.a(lib_a-strtoull_r.o)
                0x0000000000840fb0                _strtoull_r
 .text          0x00000000008412d0        0x0 c:/scratchdir/nios2eds/bin/gnu/h-x86_64-mingw32/bin/../lib/gcc/nios2-elf/5.3.0/../../../../../H-x86_64-mingw32/nios2-elf/lib/mno-hw-mul\libc.a(lib_a-svfiprintf.o)
 .text.__ssprint_r
                0x00000000008412d0      0x1d0 c:/scratchdir/nios2eds/bin/gnu/h-x86_64-mingw32/bin/../lib/gcc/nios2-elf/5.3.0/../../../../../H-x86_64-mingw32/nios2-elf/lib/mno-hw-mul\libc.a(lib_a-svfiprintf.o)
                0x00000000008412d0                __ssprint_r
 .text.___svfiprintf_internal_r
                0x00000000008414a0     0x13a0 c:/scratchdir/nios2eds/bin/gnu/h-x86_64-mingw32/bin/../lib/gcc/nios2-elf/5.3.0/../../../../../H-x86_64-mingw32/nios2-elf/lib/mno-hw-mul\libc.a(lib_a-svfiprintf.o)
                0x00000000008414a0                ___svfiprintf_internal_r
 .text          0x0000000000842840        0x0 c:/scratchdir/nios2eds/bin/gnu/h-x86_64-mingw32/bin/../lib/gcc/nios2-elf/5.3.0/../../../../../H-x86_64-mingw32/nios2-elf/lib/mno-hw-mul\libc.a(lib_a-svfiscanf.o)
 .text._sungetc_r
                0x0000000000842840      0x108 c:/scratchdir/nios2eds/bin/gnu/h-x86_64-mingw32/bin/../lib/gcc/nios2-elf/5.3.0/../../../../../H-x86_64-mingw32/nios2-elf/lib/mno-hw-mul\libc.a(lib_a-svfiscanf.o)
                0x0000000000842840                _sungetc_r
 .text.__ssrefill_r
                0x0000000000842948       0x70 c:/scratchdir/nios2eds/bin/gnu/h-x86_64-mingw32/bin/../lib/gcc/nios2-elf/5.3.0/../../../../../H-x86_64-mingw32/nios2-elf/lib/mno-hw-mul\libc.a(lib_a-svfiscanf.o)
                0x0000000000842948                __ssrefill_r
 .text._sfread_r
                0x00000000008429b8      0x100 c:/scratchdir/nios2eds/bin/gnu/h-x86_64-mingw32/bin/../lib/gcc/nios2-elf/5.3.0/../../../../../H-x86_64-mingw32/nios2-elf/lib/mno-hw-mul\libc.a(lib_a-svfiscanf.o)
                0x00000000008429b8                _sfread_r
 .text.__ssvfiscanf_r
                0x0000000000842ab8     0x114c c:/scratchdir/nios2eds/bin/gnu/h-x86_64-mingw32/bin/../lib/gcc/nios2-elf/5.3.0/../../../../../H-x86_64-mingw32/nios2-elf/lib/mno-hw-mul\libc.a(lib_a-svfiscanf.o)
                0x0000000000842ab8                __ssvfiscanf_r
 .text          0x0000000000843c04        0x0 c:/scratchdir/nios2eds/bin/gnu/h-x86_64-mingw32/bin/../lib/gcc/nios2-elf/5.3.0/../../../../../H-x86_64-mingw32/nios2-elf/lib/mno-hw-mul\libc.a(lib_a-ungetc.o)
 .text.__submore
                0x0000000000843c04       0xd4 c:/scratchdir/nios2eds/bin/gnu/h-x86_64-mingw32/bin/../lib/gcc/nios2-elf/5.3.0/../../../../../H-x86_64-mingw32/nios2-elf/lib/mno-hw-mul\libc.a(lib_a-ungetc.o)
                0x0000000000843c04                __submore
 .text._ungetc_r
                0x0000000000843cd8      0x194 c:/scratchdir/nios2eds/bin/gnu/h-x86_64-mingw32/bin/../lib/gcc/nios2-elf/5.3.0/../../../../../H-x86_64-mingw32/nios2-elf/lib/mno-hw-mul\libc.a(lib_a-ungetc.o)
                0x0000000000843cd8                _ungetc_r
 .text.ungetc   0x0000000000843e6c       0x18 c:/scratchdir/nios2eds/bin/gnu/h-x86_64-mingw32/bin/../lib/gcc/nios2-elf/5.3.0/../../../../../H-x86_64-mingw32/nios2-elf/lib/mno-hw-mul\libc.a(lib_a-ungetc.o)
                0x0000000000843e6c                ungetc
 .text          0x0000000000843e84        0x0 c:/scratchdir/nios2eds/bin/gnu/h-x86_64-mingw32/bin/../lib/gcc/nios2-elf/5.3.0/../../../../../H-x86_64-mingw32/nios2-elf/lib/mno-hw-mul\libc.a(lib_a-vfiprintf.o)
 .text.__sprint_r.part.0
                0x0000000000843e84       0xfc c:/scratchdir/nios2eds/bin/gnu/h-x86_64-mingw32/bin/../lib/gcc/nios2-elf/5.3.0/../../../../../H-x86_64-mingw32/nios2-elf/lib/mno-hw-mul\libc.a(lib_a-vfiprintf.o)
 .text.__sprint_r
                0x0000000000843f80       0x18 c:/scratchdir/nios2eds/bin/gnu/h-x86_64-mingw32/bin/../lib/gcc/nios2-elf/5.3.0/../../../../../H-x86_64-mingw32/nios2-elf/lib/mno-hw-mul\libc.a(lib_a-vfiprintf.o)
                0x0000000000843f80                __sprint_r
 .text.___vfiprintf_internal_r
                0x0000000000843f98     0x150c c:/scratchdir/nios2eds/bin/gnu/h-x86_64-mingw32/bin/../lib/gcc/nios2-elf/5.3.0/../../../../../H-x86_64-mingw32/nios2-elf/lib/mno-hw-mul\libc.a(lib_a-vfiprintf.o)
                0x0000000000843f98                ___vfiprintf_internal_r
 .text.__vfiprintf_internal
                0x00000000008454a4       0x1c c:/scratchdir/nios2eds/bin/gnu/h-x86_64-mingw32/bin/../lib/gcc/nios2-elf/5.3.0/../../../../../H-x86_64-mingw32/nios2-elf/lib/mno-hw-mul\libc.a(lib_a-vfiprintf.o)
                0x00000000008454a4                __vfiprintf_internal
 .text.__sbprintf
                0x00000000008454c0       0xbc c:/scratchdir/nios2eds/bin/gnu/h-x86_64-mingw32/bin/../lib/gcc/nios2-elf/5.3.0/../../../../../H-x86_64-mingw32/nios2-elf/lib/mno-hw-mul\libc.a(lib_a-vfiprintf.o)
 .text          0x000000000084557c        0x0 c:/scratchdir/nios2eds/bin/gnu/h-x86_64-mingw32/bin/../lib/gcc/nios2-elf/5.3.0/../../../../../H-x86_64-mingw32/nios2-elf/lib/mno-hw-mul\libc.a(lib_a-callocr.o)
 .text._calloc_r
                0x000000000084557c       0xdc c:/scratchdir/nios2eds/bin/gnu/h-x86_64-mingw32/bin/../lib/gcc/nios2-elf/5.3.0/../../../../../H-x86_64-mingw32/nios2-elf/lib/mno-hw-mul\libc.a(lib_a-callocr.o)
                0x000000000084557c                _calloc_r
 .text          0x0000000000845658        0x0 c:/scratchdir/nios2eds/bin/gnu/h-x86_64-mingw32/bin/../lib/gcc/nios2-elf/5.3.0/../../../../../H-x86_64-mingw32/nios2-elf/lib/mno-hw-mul\libc.a(lib_a-fputwc.o)
 .text.__fputwc
                0x0000000000845658      0x164 c:/scratchdir/nios2eds/bin/gnu/h-x86_64-mingw32/bin/../lib/gcc/nios2-elf/5.3.0/../../../../../H-x86_64-mingw32/nios2-elf/lib/mno-hw-mul\libc.a(lib_a-fputwc.o)
                0x0000000000845658                __fputwc
 .text._fputwc_r
                0x00000000008457bc       0x24 c:/scratchdir/nios2eds/bin/gnu/h-x86_64-mingw32/bin/../lib/gcc/nios2-elf/5.3.0/../../../../../H-x86_64-mingw32/nios2-elf/lib/mno-hw-mul\libc.a(lib_a-fputwc.o)
                0x00000000008457bc                _fputwc_r
 .text.fputwc   0x00000000008457e0       0x80 c:/scratchdir/nios2eds/bin/gnu/h-x86_64-mingw32/bin/../lib/gcc/nios2-elf/5.3.0/../../../../../H-x86_64-mingw32/nios2-elf/lib/mno-hw-mul\libc.a(lib_a-fputwc.o)
                0x00000000008457e0                fputwc
 .text          0x0000000000845860        0x0 c:/scratchdir/nios2eds/bin/gnu/h-x86_64-mingw32/bin/../lib/gcc/nios2-elf/5.3.0/../../../../../H-x86_64-mingw32/nios2-elf/lib/mno-hw-mul\libc.a(lib_a-gdtoa-gethex.o)
 .text.rshift   0x0000000000845860      0x100 c:/scratchdir/nios2eds/bin/gnu/h-x86_64-mingw32/bin/../lib/gcc/nios2-elf/5.3.0/../../../../../H-x86_64-mingw32/nios2-elf/lib/mno-hw-mul\libc.a(lib_a-gdtoa-gethex.o)
 .text.__gethex
                0x0000000000845960      0x850 c:/scratchdir/nios2eds/bin/gnu/h-x86_64-mingw32/bin/../lib/gcc/nios2-elf/5.3.0/../../../../../H-x86_64-mingw32/nios2-elf/lib/mno-hw-mul\libc.a(lib_a-gdtoa-gethex.o)
                0x0000000000845960                __gethex
 .text          0x00000000008461b0        0x0 c:/scratchdir/nios2eds/bin/gnu/h-x86_64-mingw32/bin/../lib/gcc/nios2-elf/5.3.0/../../../../../H-x86_64-mingw32/nios2-elf/lib/mno-hw-mul\libc.a(lib_a-gdtoa-hexnan.o)
 .text.__hexnan
                0x00000000008461b0      0x25c c:/scratchdir/nios2eds/bin/gnu/h-x86_64-mingw32/bin/../lib/gcc/nios2-elf/5.3.0/../../../../../H-x86_64-mingw32/nios2-elf/lib/mno-hw-mul\libc.a(lib_a-gdtoa-hexnan.o)
                0x00000000008461b0                __hexnan
 .text          0x000000000084640c        0x0 c:/scratchdir/nios2eds/bin/gnu/h-x86_64-mingw32/bin/../lib/gcc/nios2-elf/5.3.0/../../../../../H-x86_64-mingw32/nios2-elf/lib/mno-hw-mul\libc.a(lib_a-wcrtomb.o)
 .text._wcrtomb_r
                0x000000000084640c       0x9c c:/scratchdir/nios2eds/bin/gnu/h-x86_64-mingw32/bin/../lib/gcc/nios2-elf/5.3.0/../../../../../H-x86_64-mingw32/nios2-elf/lib/mno-hw-mul\libc.a(lib_a-wcrtomb.o)
                0x000000000084640c                _wcrtomb_r
 .text.wcrtomb  0x00000000008464a8       0xc0 c:/scratchdir/nios2eds/bin/gnu/h-x86_64-mingw32/bin/../lib/gcc/nios2-elf/5.3.0/../../../../../H-x86_64-mingw32/nios2-elf/lib/mno-hw-mul\libc.a(lib_a-wcrtomb.o)
                0x00000000008464a8                wcrtomb
 .text          0x0000000000846568        0x0 c:/scratchdir/nios2eds/bin/gnu/h-x86_64-mingw32/bin/../lib/gcc/nios2-elf/5.3.0/../../../../../H-x86_64-mingw32/nios2-elf/lib/mno-hw-mul\libc.a(lib_a-wctomb_r.o)
 .text.__ascii_wctomb
                0x0000000000846568       0x30 c:/scratchdir/nios2eds/bin/gnu/h-x86_64-mingw32/bin/../lib/gcc/nios2-elf/5.3.0/../../../../../H-x86_64-mingw32/nios2-elf/lib/mno-hw-mul\libc.a(lib_a-wctomb_r.o)
                0x0000000000846568                __ascii_wctomb
 .text._wctomb_r
                0x0000000000846598       0x5c c:/scratchdir/nios2eds/bin/gnu/h-x86_64-mingw32/bin/../lib/gcc/nios2-elf/5.3.0/../../../../../H-x86_64-mingw32/nios2-elf/lib/mno-hw-mul\libc.a(lib_a-wctomb_r.o)
                0x0000000000846598                _wctomb_r
 .text          0x00000000008465f4      0x10c c:/scratchdir/nios2eds/bin/gnu/h-x86_64-mingw32/bin/../lib/gcc/nios2-elf/5.3.0/mno-hw-mul\libgcc.a(_muldi3.o)
                0x00000000008465f4                __muldi3
 .text          0x0000000000846700       0x74 c:/scratchdir/nios2eds/bin/gnu/h-x86_64-mingw32/bin/../lib/gcc/nios2-elf/5.3.0/mno-hw-mul\libgcc.a(_fixunsdfsi.o)
                0x0000000000846700                __fixunsdfsi
 .text          0x0000000000846774      0x5fc c:/scratchdir/nios2eds/bin/gnu/h-x86_64-mingw32/bin/../lib/gcc/nios2-elf/5.3.0/mno-hw-mul\libgcc.a(_udivdi3.o)
                0x0000000000846774                __udivdi3
 .text          0x0000000000846d70      0x5c4 c:/scratchdir/nios2eds/bin/gnu/h-x86_64-mingw32/bin/../lib/gcc/nios2-elf/5.3.0/mno-hw-mul\libgcc.a(_umoddi3.o)
                0x0000000000846d70                __umoddi3
 .text          0x0000000000847334       0x78 c:/scratchdir/nios2eds/bin/gnu/h-x86_64-mingw32/bin/../lib/gcc/nios2-elf/5.3.0/mno-hw-mul\libgcc.a(eqsf2.o)
                0x0000000000847334                __eqsf2
                0x0000000000847334                __nesf2
 .text          0x00000000008473ac       0xbc c:/scratchdir/nios2eds/bin/gnu/h-x86_64-mingw32/bin/../lib/gcc/nios2-elf/5.3.0/mno-hw-mul\libgcc.a(gesf2.o)
                0x00000000008473ac                __gesf2
                0x00000000008473ac                __gtsf2
 .text          0x0000000000847468       0xc8 c:/scratchdir/nios2eds/bin/gnu/h-x86_64-mingw32/bin/../lib/gcc/nios2-elf/5.3.0/mno-hw-mul\libgcc.a(lesf2.o)
                0x0000000000847468                __ltsf2
                0x0000000000847468                __lesf2
 .text          0x0000000000847530      0x8ac c:/scratchdir/nios2eds/bin/gnu/h-x86_64-mingw32/bin/../lib/gcc/nios2-elf/5.3.0/mno-hw-mul\libgcc.a(adddf3.o)
                0x0000000000847530                __adddf3
 .text          0x0000000000847ddc      0x9d0 c:/scratchdir/nios2eds/bin/gnu/h-x86_64-mingw32/bin/../lib/gcc/nios2-elf/5.3.0/mno-hw-mul\libgcc.a(divdf3.o)
                0x0000000000847ddc                __divdf3
 .text          0x00000000008487ac       0x88 c:/scratchdir/nios2eds/bin/gnu/h-x86_64-mingw32/bin/../lib/gcc/nios2-elf/5.3.0/mno-hw-mul\libgcc.a(eqdf2.o)
                0x00000000008487ac                __nedf2
                0x00000000008487ac                __eqdf2
 .text          0x0000000000848834       0xdc c:/scratchdir/nios2eds/bin/gnu/h-x86_64-mingw32/bin/../lib/gcc/nios2-elf/5.3.0/mno-hw-mul\libgcc.a(gedf2.o)
                0x0000000000848834                __gedf2
                0x0000000000848834                __gtdf2
 .text          0x0000000000848910       0xf4 c:/scratchdir/nios2eds/bin/gnu/h-x86_64-mingw32/bin/../lib/gcc/nios2-elf/5.3.0/mno-hw-mul\libgcc.a(ledf2.o)
                0x0000000000848910                __ledf2
                0x0000000000848910                __ltdf2
 .text          0x0000000000848a04      0x8fc c:/scratchdir/nios2eds/bin/gnu/h-x86_64-mingw32/bin/../lib/gcc/nios2-elf/5.3.0/mno-hw-mul\libgcc.a(subdf3.o)
                0x0000000000848a04                __subdf3
 .text          0x0000000000849300       0x80 c:/scratchdir/nios2eds/bin/gnu/h-x86_64-mingw32/bin/../lib/gcc/nios2-elf/5.3.0/mno-hw-mul\libgcc.a(fixdfsi.o)
                0x0000000000849300                __fixdfsi
 .text          0x0000000000849380       0xdc c:/scratchdir/nios2eds/bin/gnu/h-x86_64-mingw32/bin/../lib/gcc/nios2-elf/5.3.0/mno-hw-mul\libgcc.a(floatsidf.o)
                0x0000000000849380                __floatsidf
 .text          0x000000000084945c      0x114 ../WAT_TEST_bsp/\libucosii_bsp.a(alt_close.o)
                0x0000000000849498                close
 .text          0x0000000000849570       0x2c ../WAT_TEST_bsp/\libucosii_bsp.a(alt_dev.o)
 .text          0x000000000084959c        0x0 ../WAT_TEST_bsp/\libucosii_bsp.a(alt_errno.o)
 .text          0x000000000084959c       0x34 ../WAT_TEST_bsp/\libucosii_bsp.a(alt_exit.o)
                0x000000000084959c                _exit
 .text          0x00000000008495d0       0xf4 ../WAT_TEST_bsp/\libucosii_bsp.a(alt_fstat.o)
                0x000000000084960c                fstat
 .text          0x00000000008496c4      0x1b0 ../WAT_TEST_bsp/\libucosii_bsp.a(alt_iic.o)
                0x00000000008496c4                alt_ic_isr_register
                0x0000000000849714                alt_ic_irq_enable
                0x000000000084979c                alt_ic_irq_disable
                0x0000000000849828                alt_ic_irq_enabled
 .text          0x0000000000849874       0xf0 ../WAT_TEST_bsp/\libucosii_bsp.a(alt_iic_isr_register.o)
                0x0000000000849874                alt_iic_isr_register
 .text          0x0000000000849964        0x0 ../WAT_TEST_bsp/\libucosii_bsp.a(alt_irq_entry.o)
 .text          0x0000000000849964        0x0 ../WAT_TEST_bsp/\libucosii_bsp.a(alt_irq_handler.o)
 .text          0x0000000000849964        0x0 ../WAT_TEST_bsp/\libucosii_bsp.a(alt_irq_vars.o)
 .text          0x0000000000849964       0xe8 ../WAT_TEST_bsp/\libucosii_bsp.a(alt_isatty.o)
                0x00000000008499a0                isatty
 .text          0x0000000000849a4c      0x118 ../WAT_TEST_bsp/\libucosii_bsp.a(alt_lseek.o)
                0x0000000000849a88                lseek
 .text          0x0000000000849b64       0xbc ../WAT_TEST_bsp/\libucosii_bsp.a(alt_main.o)
                0x0000000000849b64                alt_main
 .text          0x0000000000849c20      0x284 ../WAT_TEST_bsp/\libucosii_bsp.a(alt_open.o)
                0x0000000000849d48                open
 .text          0x0000000000849ea4      0x140 ../WAT_TEST_bsp/\libucosii_bsp.a(alt_read.o)
                0x0000000000849ee0                read
 .text          0x0000000000849fe4       0x84 ../WAT_TEST_bsp/\libucosii_bsp.a(alt_release_fd.o)
                0x0000000000849fe4                alt_release_fd
 .text          0x000000000084a068       0xb0 ../WAT_TEST_bsp/\libucosii_bsp.a(alt_sbrk.o)
                0x000000000084a068                sbrk
 .text          0x000000000084a118       0xb4 ../WAT_TEST_bsp/\libucosii_bsp.a(alt_times.o)
                0x000000000084a154                times
 .text          0x000000000084a1cc      0x13c ../WAT_TEST_bsp/\libucosii_bsp.a(alt_write.o)
                0x000000000084a208                write
 .text          0x000000000084a308      0x124 ../WAT_TEST_bsp/\libucosii_bsp.a(alt_env_lock.o)
                0x000000000084a308                __env_lock
                0x000000000084a3cc                __env_unlock
 .text          0x000000000084a42c      0x1ec ../WAT_TEST_bsp/\libucosii_bsp.a(alt_malloc_lock.o)
                0x000000000084a42c                __malloc_lock
                0x000000000084a54c                __malloc_unlock
 .text          0x000000000084a618     0x2014 ../WAT_TEST_bsp/\libucosii_bsp.a(os_core.o)
                0x000000000084a618                OSEventNameGet
                0x000000000084a738                OSEventNameSet
                0x000000000084a878                OSEventPendMulti
                0x000000000084ae88                OSInit
                0x000000000084aee0                OSIntEnter
                0x000000000084af2c                OSIntExit
                0x000000000084b024                OSSchedLock
                0x000000000084b0b0                OSSchedUnlock
                0x000000000084b18c                OSStart
                0x000000000084b1fc                OSStatInit
                0x000000000084b2ac                OSTimeTick
                0x000000000084b4cc                OSVersion
                0x000000000084b4ec                OS_Dummy
                0x000000000084b50c                OS_EventTaskRdy
                0x000000000084b6a4                OS_EventTaskWait
                0x000000000084b7b4                OS_EventTaskWaitMulti
                0x000000000084b904                OS_EventTaskRemove
                0x000000000084b9bc                OS_EventTaskRemoveMulti
                0x000000000084babc                OS_EventWaitListInit
                0x000000000084be9c                OS_MemClr
                0x000000000084bef0                OS_MemCopy
                0x000000000084bf58                OS_Sched
                0x000000000084c09c                OS_StrCopy
                0x000000000084c110                OS_StrLen
                0x000000000084c164                OS_TaskIdle
                0x000000000084c1c0                OS_TaskStat
                0x000000000084c28c                OS_TaskStatStkChk
                0x000000000084c358                OS_TCBInit
 .text          0x000000000084c62c      0x190 ../WAT_TEST_bsp/\libucosii_bsp.a(os_dbg.o)
                0x000000000084c62c                OSDebugInit
 .text          0x000000000084c7bc     0x1714 ../WAT_TEST_bsp/\libucosii_bsp.a(os_flag.o)
                0x000000000084c7bc                OSFlagAccept
                0x000000000084cac4                OSFlagCreate
                0x000000000084cbcc                OSFlagDel
                0x000000000084ce14                OSFlagNameGet
                0x000000000084cf3c                OSFlagNameSet
                0x000000000084d088                OSFlagPend
                0x000000000084d640                OSFlagPendGetFlagsRdy
                0x000000000084d6a0                OSFlagPost
                0x000000000084da34                OSFlagQuery
                0x000000000084dc58                OS_FlagInit
                0x000000000084de2c                OS_FlagUnlink
 .text          0x000000000084ded0      0x760 ../WAT_TEST_bsp/\libucosii_bsp.a(os_mem.o)
                0x000000000084ded0                OSMemCreate
                0x000000000084e0a4                OSMemGet
                0x000000000084e194                OSMemNameGet
                0x000000000084e284                OSMemNameSet
                0x000000000084e398                OSMemPut
                0x000000000084e470                OSMemQuery
                0x000000000084e558                OS_MemInit
 .text          0x000000000084e630     0x1104 ../WAT_TEST_bsp/\libucosii_bsp.a(os_q.o)
                0x000000000084e630                OSQAccept
                0x000000000084e770                OSQCreate
                0x000000000084e91c                OSQDel
                0x000000000084eb9c                OSQFlush
                0x000000000084ec54                OSQPend
                0x000000000084eee0                OSQPendAbort
                0x000000000084f04c                OSQPost
                0x000000000084f1b4                OSQPostFront
                0x000000000084f324                OSQPostOpt
                0x000000000084f530                OSQQuery
                0x000000000084f68c                OS_QInit
 .text          0x000000000084f734      0xa60 ../WAT_TEST_bsp/\libucosii_bsp.a(os_sem.o)
                0x000000000084f734                OSSemAccept
                0x000000000084f7e4                OSSemCreate
                0x000000000084f8bc                OSSemDel
                0x000000000084fafc                OSSemPend
                0x000000000084fd08                OSSemPendAbort
                0x000000000084fe74                OSSemPost
                0x000000000084ff84                OSSemQuery
                0x0000000000850094                OSSemSet
 .text          0x0000000000850194     0x176c ../WAT_TEST_bsp/\libucosii_bsp.a(os_task.o)
                0x0000000000850194                OSTaskChangePrio
                0x0000000000850684                OSTaskCreate
                0x0000000000850830                OSTaskCreateExt
                0x0000000000850a14                OSTaskDel
                0x0000000000850d58                OSTaskDelReq
                0x0000000000850ea8                OSTaskNameGet
                0x0000000000851040                OSTaskNameSet
                0x00000000008511f4                OSTaskResume
                0x00000000008513c8                OSTaskStkChk
                0x0000000000851588                OSTaskSuspend
                0x000000000085176c                OSTaskQuery
                0x0000000000851890                OS_TaskStkClr
 .text          0x0000000000851900      0x510 ../WAT_TEST_bsp/\libucosii_bsp.a(os_time.o)
                0x0000000000851900                OSTimeDly
                0x0000000000851a04                OSTimeDlyHMSM
                0x0000000000851b80                OSTimeDlyResume
                0x0000000000851d54                OSTimeGet
                0x0000000000851db0                OSTimeSet
 .text          0x0000000000851e10      0x128 ../WAT_TEST_bsp/\libucosii_bsp.a(alt_sys_init.o)
                0x0000000000851e44                alt_irq_init
                0x0000000000851e7c                alt_sys_init
 .text          0x0000000000851f38      0xafc ../WAT_TEST_bsp/\libucosii_bsp.a(altera_avalon_epcs_flash_controller.o)
                0x0000000000851f6c                alt_epcs_flash_init
                0x00000000008524a4                alt_epcs_flash_write
                0x0000000000852704                alt_epcs_flash_get_info
                0x0000000000852824                alt_epcs_flash_erase_block
                0x000000000085289c                alt_epcs_flash_write_block
                0x000000000085299c                alt_epcs_flash_read
 .text          0x0000000000852a34      0x164 ../WAT_TEST_bsp/\libucosii_bsp.a(altera_avalon_jtag_uart_fd.o)
                0x0000000000852a34                altera_avalon_jtag_uart_read_fd
                0x0000000000852a94                altera_avalon_jtag_uart_write_fd
                0x0000000000852af4                altera_avalon_jtag_uart_close_fd
                0x0000000000852b44                altera_avalon_jtag_uart_ioctl_fd
 .text          0x0000000000852b98      0x558 ../WAT_TEST_bsp/\libucosii_bsp.a(altera_avalon_jtag_uart_init.o)
                0x0000000000852b98                altera_avalon_jtag_uart_init
                0x0000000000853088                altera_avalon_jtag_uart_close
 .text          0x00000000008530f0       0xf0 ../WAT_TEST_bsp/\libucosii_bsp.a(altera_avalon_jtag_uart_ioctl.o)
                0x00000000008530f0                altera_avalon_jtag_uart_ioctl
 .text          0x00000000008531e0      0x2bc ../WAT_TEST_bsp/\libucosii_bsp.a(altera_avalon_jtag_uart_read.o)
                0x00000000008531e0                altera_avalon_jtag_uart_read
 .text          0x000000000085349c      0x2c4 ../WAT_TEST_bsp/\libucosii_bsp.a(altera_avalon_jtag_uart_write.o)
                0x000000000085349c                altera_avalon_jtag_uart_write
 .text          0x0000000000853760       0xf4 ../WAT_TEST_bsp/\libucosii_bsp.a(altera_avalon_timer_sc.o)
                0x00000000008537d8                alt_avalon_timer_sc_init
 .text          0x0000000000853854      0x110 ../WAT_TEST_bsp/\libucosii_bsp.a(altera_avalon_uart_fd.o)
                0x0000000000853854                altera_avalon_uart_read_fd
                0x00000000008538b4                altera_avalon_uart_write_fd